[Licensing::Module] Trying to connect to existing licensing client channel...
Built from '6000.3/staging' branch; Version is '6000.3.13f1 (8c4f11e4fb20) revision 9195281'; Using compiler version '194234433'; Build Type 'Release'
OS: 'Windows 11  (10.0.26200) Core' Language: 'en' Physical Memory: 32347 MB
[Licensing::IpcConnector] Successfully connected to: "LicenseClient-zieli" at "2026-04-22T14:30:02.8116932Z"
BatchMode: 1, IsHumanControllingUs: 0, StartBugReporterOnCrash: 0, Is64bit: 1
System  architecture: x64
Process architecture: x64
Date: 2026-04-22T14:30:02Z

COMMAND LINE ARGUMENTS:
C:\Program Files\Unity\Hub\Editor\6000.3.13f1\Editor\Unity.exe
-adb2
-batchMode
-noUpm
-name
AssetImportWorker9
-projectPath
C:/Game Development/DisasterDiner
-logFile
Logs/AssetImportWorker9.log
-srvPort
63826
-licensingIpc
LicenseClient-zieli
-job-worker-count
7
-background-job-worker-count
8
-gc-helper-count
1
-name
AssetImport
Successfully changed project path to: C:/Game Development/DisasterDiner
C:/Game Development/DisasterDiner
[UnityMemory] Configuration Parameters - Can be set up in boot.config
    "memorysetup-temp-allocator-size-nav-mesh-worker=65536"
    "memorysetup-temp-allocator-size-audio-worker=65536"
    "memorysetup-temp-allocator-size-gfx=262144"
    "memorysetup-allocator-temp-initial-block-size-main=262144"
    "memorysetup-allocator-temp-initial-block-size-worker=262144"
    "memorysetup-temp-allocator-size-background-worker=32768"
    "memorysetup-temp-allocator-size-job-worker=262144"
    "memorysetup-temp-allocator-size-preload-manager=33554432"
    "memorysetup-temp-allocator-size-gi-baking-worker=262144"
    "memorysetup-temp-allocator-size-gi-baking-worker=262144"
    "memorysetup-temp-allocator-size-gi-baking-worker=262144"
    "memorysetup-temp-allocator-size-gi-baking-worker=262144"
    "memorysetup-temp-allocator-size-gi-baking-worker=262144"
    "memorysetup-bucket-allocator-granularity=16"
    "memorysetup-bucket-allocator-bucket-count=8"
    "memorysetup-bucket-allocator-block-size=33554432"
    "memorysetup-bucket-allocator-block-count=8"
    "memorysetup-main-allocator-block-size=16777216"
    "memorysetup-thread-allocator-block-size=16777216"
    "memorysetup-gfx-main-allocator-block-size=16777216"
    "memorysetup-gfx-thread-allocator-block-size=16777216"
    "memorysetup-cache-allocator-block-size=4194304"
    "memorysetup-typetree-allocator-block-size=2097152"
    "memorysetup-profiler-bucket-allocator-granularity=16"
    "memorysetup-profiler-bucket-allocator-bucket-count=8"
    "memorysetup-profiler-bucket-allocator-block-size=33554432"
    "memorysetup-profiler-bucket-allocator-block-count=8"
    "memorysetup-profiler-allocator-block-size=16777216"
    "memorysetup-profiler-editor-allocator-block-size=1048576"
    "memorysetup-temp-allocator-size-main=16777216"
    "memorysetup-job-temp-allocator-block-size=2097152"
    "memorysetup-job-temp-allocator-block-size-background=1048576"
    "memorysetup-job-temp-allocator-reduction-small-platforms=262144"
    "memorysetup-temp-allocator-size-cloud-worker=32768"
Player connection [39780]  Target information:

Player connection [39780]  * "[IP] 192.168.86.22 [Port] 0 [Flags] 2 [Guid] 3178506272 [EditorId] 3178506272 [Version] 1048832 [Id] WindowsEditor(7,Johns_PC) [Debug] 1 [PackageName] WindowsEditor [ProjectName] Editor" 

Player connection [39780] Host joined multi-casting on [225.0.0.222:54997]...
Player connection [39780] Host joined alternative multi-casting on [225.0.0.222:34997]...
JobSystem: Creating JobQueue using job-worker-count value 7
Input System module state changed to: Initialized.
[Physics::Module] Initialized fallback backend.
[Physics::Module] Id: 0xdecafbad
Library Redirect Path: Library/
[Physics::Module] Selected backend.
[Physics::Module] Name: PhysX
[Physics::Module] Id: 0xf2b8ea05
[Physics::Module] SDK Version: 4.1.2
[Physics::Module] Integration Version: 1.0.0
[Physics::Module] Threading Mode: Multi-Threaded
Refreshing native plugins compatible for Editor in 3.04 ms, found 4 plugins.
Preloading 0 native plugins for Editor in 0.00 ms.
Initialize engine version: 6000.3.13f1 (8c4f11e4fb20)
[Subsystems] Discovering subsystems at path C:/Program Files/Unity/Hub/Editor/6000.3.13f1/Editor/Data/Resources/UnitySubsystems
[Subsystems] Discovering subsystems at path C:/Game Development/DisasterDiner/Assets
GfxDevice: creating device client; kGfxThreadingModeNonThreaded
Direct3D:
    Version:  Direct3D 11.0 [level 11.1]
    Renderer: NVIDIA GeForce RTX 4070 SUPER (ID=0x2783)
    Vendor:   NVIDIA
    VRAM:     11999 MB
    Driver:   32.0.15.8157
Initialize mono
Mono path[0] = 'C:/Program Files/Unity/Hub/Editor/6000.3.13f1/Editor/Data/Managed'
Mono path[1] = 'C:/Program Files/Unity/Hub/Editor/6000.3.13f1/Editor/Data/MonoBleedingEdge/lib/mono/unityjit-win32'
Mono config path = 'C:/Program Files/Unity/Hub/Editor/6000.3.13f1/Editor/Data/MonoBleedingEdge/etc'
Using monoOptions --debugger-agent=transport=dt_socket,embedding=1,server=y,suspend=n,address=127.0.0.1:56048
Begin MonoManager ReloadAssembly
Registering precompiled unity dll's ...
Register platform support module: C:/Program Files/Unity/Hub/Editor/6000.3.13f1/Editor/Data/PlaybackEngines/WindowsStandaloneSupport/UnityEditor.WindowsStandalone.Extensions.dll
Registered in 0.001470 seconds.
- Loaded All Assemblies, in  0.303 seconds
[Licensing::Client] Error: HandshakeResponse reported an error:
	ResponseCode: 505
	ResponseStatus: Unsupported protocol version '1.18.1'.
[Licensing::Module] Error: Failed to handshake to channel: "LicenseClient-zieli"
[Licensing::IpcConnector] LicenseClient-zieli channel disconnected successfully.
[Licensing::IpcConnector] Successfully connected to: "LicenseClient-zieli-6000.3.13" at "2026-04-22T14:30:03.6701924Z"
Native extension for WindowsStandalone target not found
Package Manager log level set to [2]
[Package Manager] Failed to launch server process. Reason: Unity was launched with the -noUpm command-line argument
[Package Manager] Unable to send message (not connected to server process).
[Package Manager] Cannot connect to Unity Package Manager local server
ScheduleIndexationOnStartup MainProcess:False IndexOnStartup:True
Mono: successfully reloaded assembly
- Finished resetting the current domain, in  0.331 seconds
Domain Reload Profiling: 632ms
	BeginReloadAssembly (96ms)
		ExecutionOrderSort (0ms)
		DisableScriptedObjects (0ms)
		BackupInstance (0ms)
		ReleaseScriptingObjects (0ms)
		CreateAndSetChildDomain (0ms)
	RebuildCommonClasses (27ms)
	RebuildNativeTypeToScriptingClass (14ms)
	initialDomainReloadingComplete (37ms)
	LoadAllAssembliesAndSetupDomain (127ms)
		LoadAssemblies (93ms)
		RebuildTransferFunctionScriptingTraits (0ms)
		AnalyzeDomain (125ms)
			TypeCache.Refresh (123ms)
				TypeCache.ScanAssembly (113ms)
			BuildScriptInfoCaches (0ms)
			ResolveRequiredComponents (0ms)
	FinalizeReload (331ms)
		ReleaseScriptCaches (0ms)
		RebuildScriptCaches (0ms)
		SetupLoadedEditorAssemblies (287ms)
			LogAssemblyErrors (0ms)
			InitializePlatformSupportModulesInManaged (42ms)
			SetLoadedEditorAssemblies (3ms)
			BeforeProcessingInitializeOnLoad (69ms)
			ProcessInitializeOnLoadAttributes (111ms)
			ProcessInitializeOnLoadMethodAttributes (61ms)
			AfterProcessingInitializeOnLoad (0ms)
			EditorAssembliesLoaded (0ms)
		ExecutionOrderSort2 (0ms)
		AwakeInstancesAfterBackupRestoration (0ms)
========================================================================
Worker process is ready to serve import requests
Import Worker Mode flag is 0x00
Begin MonoManager ReloadAssembly
[Licensing::Module] Licensing is not yet initialized.
[Licensing::Client] Handshaking with LicensingClient:
  Version:                 1.18.1+9fbee8e
  Session Id:              3024318285524f1d8cf75383783a37b7
  Correlation Id:          0a93e7b546b02e57733dac467a30e5da
  External correlation Id: 8724406673294085936
  Machine Id:              a0OP954qVZmt5azPS5PrvPW5hTY=
[Licensing::Module] Successfully connected to LicensingClient on channel: "LicenseClient-zieli-6000.3.13" (connect: 0.00s, validation: 0.00s, handshake: 0.76s)
[Licensing::IpcConnector] Successfully connected to: "LicenseClient-zieli-6000.3.13-notifications" at "2026-04-22T14:30:04.435708Z"
[Licensing::Module] Licensing Background thread has ended after 1.62s
[Licensing::Module] Licensing is initialized (took 0.24s).
[Licensing::Client] Successfully resolved entitlement details
[Licensing::Module] License group:
  Id: 2475483376267-UnityPersXXXX
  Product: Unity Personal
  Type: Assigned
  Expiration: Unlimited
- Loaded All Assemblies, in  0.818 seconds
Refreshing native plugins compatible for Editor in 1.27 ms, found 4 plugins.
Native extension for WindowsStandalone target not found
[Package Manager] Failed to launch server process. Reason: Unity was launched with the -noUpm command-line argument
[Package Manager] Unable to send message (not connected to server process).
[Package Manager] Cannot connect to Unity Package Manager local server
Refreshing native plugins compatible for Editor in 1.38 ms, found 4 plugins.
[Package Manager] Failed to launch server process. Reason: Unity was launched with the -noUpm command-line argument
[Package Manager] Unable to send message (not connected to server process).
[Package Manager] Cannot connect to Unity Package Manager local server
ScheduleIndexationOnStartup MainProcess:False IndexOnStartup:True
Mono: successfully reloaded assembly
- Finished resetting the current domain, in  0.561 seconds
Domain Reload Profiling: 1376ms
	BeginReloadAssembly (367ms)
		ExecutionOrderSort (0ms)
		DisableScriptedObjects (4ms)
		BackupInstance (0ms)
		ReleaseScriptingObjects (0ms)
		CreateAndSetChildDomain (24ms)
	RebuildCommonClasses (28ms)
	RebuildNativeTypeToScriptingClass (9ms)
	initialDomainReloadingComplete (29ms)
	LoadAllAssembliesAndSetupDomain (381ms)
		LoadAssemblies (257ms)
		RebuildTransferFunctionScriptingTraits (0ms)
		AnalyzeDomain (192ms)
			TypeCache.Refresh (136ms)
				TypeCache.ScanAssembly (126ms)
			BuildScriptInfoCaches (45ms)
			ResolveRequiredComponents (8ms)
	FinalizeReload (561ms)
		ReleaseScriptCaches (0ms)
		RebuildScriptCaches (0ms)
		SetupLoadedEditorAssemblies (414ms)
			LogAssemblyErrors (0ms)
			InitializePlatformSupportModulesInManaged (1ms)
			SetLoadedEditorAssemblies (3ms)
			BeforeProcessingInitializeOnLoad (97ms)
			ProcessInitializeOnLoadAttributes (265ms)
			ProcessInitializeOnLoadMethodAttributes (44ms)
			AfterProcessingInitializeOnLoad (4ms)
			EditorAssembliesLoaded (0ms)
		ExecutionOrderSort2 (0ms)
		AwakeInstancesAfterBackupRestoration (7ms)
Launched and connected shader compiler UnityShaderCompiler.exe after 0.01 seconds
Refreshing native plugins compatible for Editor in 1.83 ms, found 4 plugins.
Preloading 0 native plugins for Editor in 0.00 ms.
Unloading 16 Unused Serialized files (Serialized files now loaded: 0)
Unloading 6447 unused Assets / (5.0 MB). Loaded Objects now: 7249.
Memory consumption went from 166.5 MB to 161.4 MB.
Total: 7.041200 ms (FindLiveObjects: 0.581300 ms CreateObjectMapping: 0.453300 ms MarkObjects: 3.716300 ms  DeleteObjects: 2.289200 ms)

========================================================================
Received Import Request.
  Time since last request: 61408.519595 seconds.
  path: Assets/Synty/PolygonShops/Models/SM_Bld_Base_Pillar_01.fbx
  artifactKey: Guid(b01dba646fbb8d64e8891da5d35aa492) Importer(815301076,1909f56bfc062723c751e8b465ee728b)
Start importing Assets/Synty/PolygonShops/Models/SM_Bld_Base_Pillar_01.fbx using Guid(b01dba646fbb8d64e8891da5d35aa492) Importer(815301076,1909f56bfc062723c751e8b465ee728b) (PreviewImporter) -> (artifact id: 'bf4e1da9029b2080a88c8dc8d9d02d47') in 0.3708334 seconds
Number of updated asset objects reloaded before import = 0Number of asset objects unloaded after import = 7

========================================================================
Received Import Request.
  Time since last request: 1.720376 seconds.
  path: Assets/Synty/PolygonShops/Prefabs/Characters/SM_Chr_Attendant_Male_01.prefab
  artifactKey: Guid(6ac436c1c8a10884d9ae778692082dd2) Importer(815301076,1909f56bfc062723c751e8b465ee728b)
Start importing Assets/Synty/PolygonShops/Prefabs/Characters/SM_Chr_Attendant_Male_01.prefab using Guid(6ac436c1c8a10884d9ae778692082dd2) Importer(815301076,1909f56bfc062723c751e8b465ee728b) (PreviewImporter) -> (artifact id: '1597fcccbf09e8c3fedde9853d533a4e') in 0.0496575 seconds
Number of updated asset objects reloaded before import = 0Number of asset objects unloaded after import = 175

========================================================================
Received Import Request.
  Time since last request: 0.000029 seconds.
  path: Assets/Synty/PolygonShops/Prefabs/Characters/SM_Chr_Musician_Male_01.prefab
  artifactKey: Guid(3abc9a9aa4b2f7c4393519c34b84d186) Importer(815301076,1909f56bfc062723c751e8b465ee728b)
Start importing Assets/Synty/PolygonShops/Prefabs/Characters/SM_Chr_Musician_Male_01.prefab using Guid(3abc9a9aa4b2f7c4393519c34b84d186) Importer(815301076,1909f56bfc062723c751e8b465ee728b) (PreviewImporter) -> (artifact id: '8abe828280d052ebecf49ae4668cf51b') in 0.0467058 seconds
Number of updated asset objects reloaded before import = 0Number of asset objects unloaded after import = 185

========================================================================
Received Import Request.
  Time since last request: 0.000034 seconds.
  path: Assets/Synty/PolygonShops/Prefabs/Characters/SM_Chr_Shopper_Male_01.prefab
  artifactKey: Guid(818204ab1f4867c438c4e8ce8eec7cef) Importer(815301076,1909f56bfc062723c751e8b465ee728b)
Start importing Assets/Synty/PolygonShops/Prefabs/Characters/SM_Chr_Shopper_Male_01.prefab using Guid(818204ab1f4867c438c4e8ce8eec7cef) Importer(815301076,1909f56bfc062723c751e8b465ee728b) (PreviewImporter) -> (artifact id: '3c52891021416ab0663443ba7d62a963') in 0.0413256 seconds
Number of updated asset objects reloaded before import = 0Number of asset objects unloaded after import = 180

========================================================================
Received Import Request.
  Time since last request: 0.000034 seconds.
  path: Assets/Synty/PolygonShops/Prefabs/Characters/SM_Chr_Worker_Female_01.prefab
  artifactKey: Guid(e8bdc2dd03e2f454f8b1629d55354c7c) Importer(815301076,1909f56bfc062723c751e8b465ee728b)
Start importing Assets/Synty/PolygonShops/Prefabs/Characters/SM_Chr_Worker_Female_01.prefab using Guid(e8bdc2dd03e2f454f8b1629d55354c7c) Importer(815301076,1909f56bfc062723c751e8b465ee728b) (PreviewImporter) -> (artifact id: '398d5d67c72a9a0c4123f0e18d026a9c') in 0.0354926 seconds
Number of updated asset objects reloaded before import = 0Number of asset objects unloaded after import = 175

========================================================================
Received Import Request.
  Time since last request: 0.000023 seconds.
  path: Assets/Synty/PolygonShops/Prefabs/Characters/SM_Chr_Shopper_Female_01.prefab
  artifactKey: Guid(3743746611f3b1b4fa60ff14e6a5ed0d) Importer(815301076,1909f56bfc062723c751e8b465ee728b)
Start importing Assets/Synty/PolygonShops/Prefabs/Characters/SM_Chr_Shopper_Female_01.prefab using Guid(3743746611f3b1b4fa60ff14e6a5ed0d) Importer(815301076,1909f56bfc062723c751e8b465ee728b) (PreviewImporter) -> (artifact id: 'ca4ef983de9c012a21982351952611e8') in 0.0384215 seconds
Number of updated asset objects reloaded before import = 0Number of asset objects unloaded after import = 175

========================================================================
Received Import Request.
  Time since last request: 0.000024 seconds.
  path: Assets/Synty/PolygonShops/Prefabs/Characters/SM_Chr_Hunter_Male_01.prefab
  artifactKey: Guid(a873d8350eff40743a6d1b19c977bce9) Importer(815301076,1909f56bfc062723c751e8b465ee728b)
Start importing Assets/Synty/PolygonShops/Prefabs/Characters/SM_Chr_Hunter_Male_01.prefab using Guid(a873d8350eff40743a6d1b19c977bce9) Importer(815301076,1909f56bfc062723c751e8b465ee728b) (PreviewImporter) -> (artifact id: '964cd28224d9e9ef8d244e6b912eacfd') in 0.0463356 seconds
Number of updated asset objects reloaded before import = 0Number of asset objects unloaded after import = 180

========================================================================
Received Import Request.
  Time since last request: 0.000037 seconds.
  path: Assets/Synty/PolygonShops/Prefabs/Characters/SM_Chr_Gym_Female_01.prefab
  artifactKey: Guid(1c5d565bb2ed99343b681ad194b997fc) Importer(815301076,1909f56bfc062723c751e8b465ee728b)
Start importing Assets/Synty/PolygonShops/Prefabs/Characters/SM_Chr_Gym_Female_01.prefab using Guid(1c5d565bb2ed99343b681ad194b997fc) Importer(815301076,1909f56bfc062723c751e8b465ee728b) (PreviewImporter) -> (artifact id: '442327928cde1ac73327c07c5ca0bddc') in 0.0292486 seconds
Number of updated asset objects reloaded before import = 0Number of asset objects unloaded after import = 175

========================================================================
Received Import Request.
  Time since last request: 1.040065 seconds.
  path: Assets/Synty/PolygonShops/Prefabs/Buildings/SM_Bld_Awning_01_Small.prefab
  artifactKey: Guid(98ca37c22d03aae43a2a1764567c808c) Importer(815301076,1909f56bfc062723c751e8b465ee728b)
Start importing Assets/Synty/PolygonShops/Prefabs/Buildings/SM_Bld_Awning_01_Small.prefab using Guid(98ca37c22d03aae43a2a1764567c808c) Importer(815301076,1909f56bfc062723c751e8b465ee728b) (PreviewImporter) -> (artifact id: '550ce52feff20ef0bdda923e82abe453') in 0.0167726 seconds
Number of updated asset objects reloaded before import = 0Number of asset objects unloaded after import = 17

========================================================================
Received Import Request.
  Time since last request: 0.000019 seconds.
  path: Assets/Synty/PolygonShops/Prefabs/Buildings/SM_Bld_Awning_02.prefab
  artifactKey: Guid(f95bcdd2ccb012c47a2b247d2d09c7e1) Importer(815301076,1909f56bfc062723c751e8b465ee728b)
Start importing Assets/Synty/PolygonShops/Prefabs/Buildings/SM_Bld_Awning_02.prefab using Guid(f95bcdd2ccb012c47a2b247d2d09c7e1) Importer(815301076,1909f56bfc062723c751e8b465ee728b) (PreviewImporter) -> (artifact id: '3d5fc20c3086a8022c5f60f287c98970') in 0.041935 seconds
Number of updated asset objects reloaded before import = 0Number of asset objects unloaded after import = 17

========================================================================
Received Import Request.
  Time since last request: 0.000017 seconds.
  path: Assets/Synty/PolygonShops/Prefabs/Buildings/SM_Bld_Base_Ceiling_01.prefab
  artifactKey: Guid(cb86ff90aa58b9248a284f30bd191a7d) Importer(815301076,1909f56bfc062723c751e8b465ee728b)
Start importing Assets/Synty/PolygonShops/Prefabs/Buildings/SM_Bld_Base_Ceiling_01.prefab using Guid(cb86ff90aa58b9248a284f30bd191a7d) Importer(815301076,1909f56bfc062723c751e8b465ee728b) (PreviewImporter) -> (artifact id: '5979a22d400142f866bf674c6c76d10d') in 0.0253842 seconds
Number of updated asset objects reloaded before import = 0Number of asset objects unloaded after import = 14

========================================================================
Received Import Request.
  Time since last request: 0.000030 seconds.
  path: Assets/Synty/PolygonShops/Prefabs/Buildings/SM_Bld_Awning_05.prefab
  artifactKey: Guid(61da14c4e646c0645a0147656c0e2a62) Importer(815301076,1909f56bfc062723c751e8b465ee728b)
Start importing Assets/Synty/PolygonShops/Prefabs/Buildings/SM_Bld_Awning_05.prefab using Guid(61da14c4e646c0645a0147656c0e2a62) Importer(815301076,1909f56bfc062723c751e8b465ee728b) (PreviewImporter) -> (artifact id: '70516e8ba1574289d5cb464b14aed816') in 0.0189028 seconds
Number of updated asset objects reloaded before import = 0Number of asset objects unloaded after import = 17

========================================================================
Received Import Request.
  Time since last request: 0.000031 seconds.
  path: Assets/Synty/PolygonShops/Prefabs/Buildings/SM_Bld_Base_Pillar_01.prefab
  artifactKey: Guid(1e181d149b6a0a549a74869a51374909) Importer(815301076,1909f56bfc062723c751e8b465ee728b)
Start importing Assets/Synty/PolygonShops/Prefabs/Buildings/SM_Bld_Base_Pillar_01.prefab using Guid(1e181d149b6a0a549a74869a51374909) Importer(815301076,1909f56bfc062723c751e8b465ee728b) (PreviewImporter) -> (artifact id: 'd6555471f9822a8649c14bf006803b74') in 0.0137871 seconds
Number of updated asset objects reloaded before import = 0Number of asset objects unloaded after import = 15

========================================================================
Received Import Request.
  Time since last request: 0.000035 seconds.
  path: Assets/Synty/PolygonShops/Prefabs/Buildings/SM_Bld_Balcony_Railing_Corner_02.prefab
  artifactKey: Guid(f7494185184495d40a812b9084f90ebd) Importer(815301076,1909f56bfc062723c751e8b465ee728b)
Start importing Assets/Synty/PolygonShops/Prefabs/Buildings/SM_Bld_Balcony_Railing_Corner_02.prefab using Guid(f7494185184495d40a812b9084f90ebd) Importer(815301076,1909f56bfc062723c751e8b465ee728b) (PreviewImporter) -> (artifact id: '74dcccd915690160c3342614e93256f8') in 0.0164049 seconds
Number of updated asset objects reloaded before import = 0Number of asset objects unloaded after import = 16

========================================================================
Received Import Request.
  Time since last request: 0.000026 seconds.
  path: Assets/Synty/PolygonShops/Prefabs/Buildings/SM_Bld_Balcony_Railing_01.prefab
  artifactKey: Guid(58564c6ff1b9b5540b2d2bc4f47b3ba0) Importer(815301076,1909f56bfc062723c751e8b465ee728b)
Start importing Assets/Synty/PolygonShops/Prefabs/Buildings/SM_Bld_Balcony_Railing_01.prefab using Guid(58564c6ff1b9b5540b2d2bc4f47b3ba0) Importer(815301076,1909f56bfc062723c751e8b465ee728b) (PreviewImporter) -> (artifact id: '7ec383412829c8e32f211d24e8617eb8') in 0.0175773 seconds
Number of updated asset objects reloaded before import = 0Number of asset objects unloaded after import = 16

========================================================================
Received Import Request.
  Time since last request: 0.000021 seconds.
  path: Assets/Synty/PolygonShops/Prefabs/Buildings/SM_Bld_Awning_05_Small.prefab
  artifactKey: Guid(7fbfcf0bee4ce9f41a75e7c6cdd605e1) Importer(815301076,1909f56bfc062723c751e8b465ee728b)
Start importing Assets/Synty/PolygonShops/Prefabs/Buildings/SM_Bld_Awning_05_Small.prefab using Guid(7fbfcf0bee4ce9f41a75e7c6cdd605e1) Importer(815301076,1909f56bfc062723c751e8b465ee728b) (PreviewImporter) -> (artifact id: '6ff1bc8b313b97f8617e24ba3929201a') in 0.0211078 seconds
Number of updated asset objects reloaded before import = 0Number of asset objects unloaded after import = 17

========================================================================
Received Import Request.
  Time since last request: 0.000025 seconds.
  path: Assets/Synty/PolygonShops/Prefabs/Buildings/SM_Bld_Awning_03_Small.prefab
  artifactKey: Guid(26ac282d84abaad4e883ecef47de7f2b) Importer(815301076,1909f56bfc062723c751e8b465ee728b)
Start importing Assets/Synty/PolygonShops/Prefabs/Buildings/SM_Bld_Awning_03_Small.prefab using Guid(26ac282d84abaad4e883ecef47de7f2b) Importer(815301076,1909f56bfc062723c751e8b465ee728b) (PreviewImporter) -> (artifact id: '487c425dae40d0109b80191e1e683eee') in 0.0181453 seconds
Number of updated asset objects reloaded before import = 0Number of asset objects unloaded after import = 17

========================================================================
Received Import Request.
  Time since last request: 0.000031 seconds.
  path: Assets/Synty/PolygonShops/Prefabs/Buildings/SM_Bld_Awning_03.prefab
  artifactKey: Guid(6aad02a92823e0c4db00ec0689c11bb7) Importer(815301076,1909f56bfc062723c751e8b465ee728b)
Start importing Assets/Synty/PolygonShops/Prefabs/Buildings/SM_Bld_Awning_03.prefab using Guid(6aad02a92823e0c4db00ec0689c11bb7) Importer(815301076,1909f56bfc062723c751e8b465ee728b) (PreviewImporter) -> (artifact id: 'ed01ba80c309847051e4e8ec71cc0476') in 0.016937 seconds
Number of updated asset objects reloaded before import = 0Number of asset objects unloaded after import = 17

========================================================================
Received Import Request.
  Time since last request: 0.000019 seconds.
  path: Assets/Synty/PolygonShops/Prefabs/Buildings/SM_Bld_Awning_04.prefab
  artifactKey: Guid(96474958c68f78f42848e28c820813ec) Importer(815301076,1909f56bfc062723c751e8b465ee728b)
Start importing Assets/Synty/PolygonShops/Prefabs/Buildings/SM_Bld_Awning_04.prefab using Guid(96474958c68f78f42848e28c820813ec) Importer(815301076,1909f56bfc062723c751e8b465ee728b) (PreviewImporter) -> (artifact id: '83bdb5956d757debd4dc073b773ab58a') in 0.0185667 seconds
Number of updated asset objects reloaded before import = 0Number of asset objects unloaded after import = 17

========================================================================
Received Import Request.
  Time since last request: 0.000026 seconds.
  path: Assets/Synty/PolygonShops/Prefabs/Buildings/SM_Bld_Awning_Large_01.prefab
  artifactKey: Guid(10e07ff09a7dffe448f41347f21e903d) Importer(815301076,1909f56bfc062723c751e8b465ee728b)
Start importing Assets/Synty/PolygonShops/Prefabs/Buildings/SM_Bld_Awning_Large_01.prefab using Guid(10e07ff09a7dffe448f41347f21e903d) Importer(815301076,1909f56bfc062723c751e8b465ee728b) (PreviewImporter) -> (artifact id: '3d312e799b3060526e3e8bf80976eb93') in 0.0168806 seconds
Number of updated asset objects reloaded before import = 0Number of asset objects unloaded after import = 18

========================================================================
Received Import Request.
  Time since last request: 0.000020 seconds.
  path: Assets/Synty/PolygonShops/Prefabs/Buildings/SM_Bld_Base_Pillar_03.prefab
  artifactKey: Guid(f58cabb586faad14284afad9fc312fb3) Importer(815301076,1909f56bfc062723c751e8b465ee728b)
Start importing Assets/Synty/PolygonShops/Prefabs/Buildings/SM_Bld_Base_Pillar_03.prefab using Guid(f58cabb586faad14284afad9fc312fb3) Importer(815301076,1909f56bfc062723c751e8b465ee728b) (PreviewImporter) -> (artifact id: '154d90858a5c755ccc73fe8229b6b4d8') in 0.0133673 seconds
Number of updated asset objects reloaded before import = 0Number of asset objects unloaded after import = 15

========================================================================
Received Import Request.
  Time since last request: 0.247929 seconds.
  path: Assets/Synty/PolygonShops/Prefabs/Buildings/SM_Bld_Base_Pillar_Half_05 (1).prefab
  artifactKey: Guid(8ff1366a0cf2b3944bb79b9b451c3f88) Importer(815301076,1909f56bfc062723c751e8b465ee728b)
Start importing Assets/Synty/PolygonShops/Prefabs/Buildings/SM_Bld_Base_Pillar_Half_05 (1).prefab using Guid(8ff1366a0cf2b3944bb79b9b451c3f88) Importer(815301076,1909f56bfc062723c751e8b465ee728b) (PreviewImporter) -> (artifact id: '03ea9a599866c44daa489be4b9fabb07') in 0.0182541 seconds
Number of updated asset objects reloaded before import = 0Number of asset objects unloaded after import = 15

========================================================================
Received Import Request.
  Time since last request: 0.002078 seconds.
  path: Assets/Synty/PolygonShops/Prefabs/Buildings/SM_Bld_Base_Stairs_02.prefab
  artifactKey: Guid(b4c717f745c8669489e14c516cd58205) Importer(815301076,1909f56bfc062723c751e8b465ee728b)
Start importing Assets/Synty/PolygonShops/Prefabs/Buildings/SM_Bld_Base_Stairs_02.prefab using Guid(b4c717f745c8669489e14c516cd58205) Importer(815301076,1909f56bfc062723c751e8b465ee728b) (PreviewImporter) -> (artifact id: '50656e001fcd7bc56833bf0e25e93f12') in 0.0272156 seconds
Number of updated asset objects reloaded before import = 0Number of asset objects unloaded after import = 16

========================================================================
Received Import Request.
  Time since last request: 0.261589 seconds.
  path: Assets/Synty/PolygonShops/Prefabs/Buildings/SM_Bld_Base_Wall_Door_01.prefab
  artifactKey: Guid(21e845a0ffc00a04fbe1215baa09ba9d) Importer(815301076,1909f56bfc062723c751e8b465ee728b)
Start importing Assets/Synty/PolygonShops/Prefabs/Buildings/SM_Bld_Base_Wall_Door_01.prefab using Guid(21e845a0ffc00a04fbe1215baa09ba9d) Importer(815301076,1909f56bfc062723c751e8b465ee728b) (PreviewImporter) -> (artifact id: '864c89a374d8172eba7513b691892a98') in 0.0230721 seconds
Number of updated asset objects reloaded before import = 0Number of asset objects unloaded after import = 19

========================================================================
Received Import Request.
  Time since last request: 0.000025 seconds.
  path: Assets/Synty/PolygonShops/Prefabs/Buildings/SM_Bld_Base_Wall_Door_Double_Large_01.prefab
  artifactKey: Guid(d8bcbebd9790a8447ae0695bb1add40a) Importer(815301076,1909f56bfc062723c751e8b465ee728b)
Start importing Assets/Synty/PolygonShops/Prefabs/Buildings/SM_Bld_Base_Wall_Door_Double_Large_01.prefab using Guid(d8bcbebd9790a8447ae0695bb1add40a) Importer(815301076,1909f56bfc062723c751e8b465ee728b) (PreviewImporter) -> (artifact id: '35375adfd4881207259c60324726a7ea') in 0.023157 seconds
Number of updated asset objects reloaded before import = 0Number of asset objects unloaded after import = 19

========================================================================
Received Import Request.
  Time since last request: 0.000026 seconds.
  path: Assets/Synty/PolygonShops/Prefabs/Buildings/SM_Bld_Base_Wall_Glass_01.prefab
  artifactKey: Guid(3fcdfce2d63275f45a04cc44288662c8) Importer(815301076,1909f56bfc062723c751e8b465ee728b)
Start importing Assets/Synty/PolygonShops/Prefabs/Buildings/SM_Bld_Base_Wall_Glass_01.prefab using Guid(3fcdfce2d63275f45a04cc44288662c8) Importer(815301076,1909f56bfc062723c751e8b465ee728b) (PreviewImporter) -> (artifact id: '9ce63927e21c7307d8b0bc158532377f') in 0.0230938 seconds
Number of updated asset objects reloaded before import = 0Number of asset objects unloaded after import = 22

========================================================================
Received Import Request.
  Time since last request: 0.000027 seconds.
  path: Assets/Synty/PolygonShops/Prefabs/Buildings/SM_Bld_Base_Wall_Glass_Half_01.prefab
  artifactKey: Guid(21ddb97205c987448b1301227ea3db82) Importer(815301076,1909f56bfc062723c751e8b465ee728b)
Start importing Assets/Synty/PolygonShops/Prefabs/Buildings/SM_Bld_Base_Wall_Glass_Half_01.prefab using Guid(21ddb97205c987448b1301227ea3db82) Importer(815301076,1909f56bfc062723c751e8b465ee728b) (PreviewImporter) -> (artifact id: 'a82caae3c45df38a0662b51e27323692') in 0.0243394 seconds
Number of updated asset objects reloaded before import = 0Number of asset objects unloaded after import = 22

========================================================================
Received Import Request.
  Time since last request: 0.000036 seconds.
  path: Assets/Synty/PolygonShops/Prefabs/Buildings/SM_Bld_Base_Wall_Half_02.prefab
  artifactKey: Guid(b69f56acf339dfc4a9c00a1c58a057d5) Importer(815301076,1909f56bfc062723c751e8b465ee728b)
Start importing Assets/Synty/PolygonShops/Prefabs/Buildings/SM_Bld_Base_Wall_Half_02.prefab using Guid(b69f56acf339dfc4a9c00a1c58a057d5) Importer(815301076,1909f56bfc062723c751e8b465ee728b) (PreviewImporter) -> (artifact id: 'c38bc9a4f7188ae7e3ae716f0f9190ad') in 0.0204178 seconds
Number of updated asset objects reloaded before import = 0Number of asset objects unloaded after import = 15

========================================================================
Received Import Request.
  Time since last request: 0.000020 seconds.
  path: Assets/Synty/PolygonShops/Prefabs/Buildings/SM_Bld_Base_Wall_Half_01.prefab
  artifactKey: Guid(129a028953e253d4ca2d40ccb14de684) Importer(815301076,1909f56bfc062723c751e8b465ee728b)
Start importing Assets/Synty/PolygonShops/Prefabs/Buildings/SM_Bld_Base_Wall_Half_01.prefab using Guid(129a028953e253d4ca2d40ccb14de684) Importer(815301076,1909f56bfc062723c751e8b465ee728b) (PreviewImporter) -> (artifact id: 'b5b99f40e3f9829a183b41a1a4784ff8') in 0.0186204 seconds
Number of updated asset objects reloaded before import = 0Number of asset objects unloaded after import = 15

========================================================================
Received Import Request.
  Time since last request: 0.022578 seconds.
  path: Assets/Synty/PolygonShops/Prefabs/Buildings/SM_Bld_Base_Wall_Window_01.prefab
  artifactKey: Guid(9059943838adb6a40927eca13cd96bf1) Importer(815301076,1909f56bfc062723c751e8b465ee728b)
Start importing Assets/Synty/PolygonShops/Prefabs/Buildings/SM_Bld_Base_Wall_Window_01.prefab using Guid(9059943838adb6a40927eca13cd96bf1) Importer(815301076,1909f56bfc062723c751e8b465ee728b) (PreviewImporter) -> (artifact id: 'f5e42379df12f0e481d4d8779c829df3') in 0.0216592 seconds
Number of updated asset objects reloaded before import = 0Number of asset objects unloaded after import = 24

========================================================================
Received Import Request.
  Time since last request: 0.000019 seconds.
  path: Assets/Synty/PolygonShops/Prefabs/Buildings/SM_Bld_Base_Wall_Window_Double_01.prefab
  artifactKey: Guid(50a9e76b571007a45aea3352faec78f1) Importer(815301076,1909f56bfc062723c751e8b465ee728b)
Start importing Assets/Synty/PolygonShops/Prefabs/Buildings/SM_Bld_Base_Wall_Window_Double_01.prefab using Guid(50a9e76b571007a45aea3352faec78f1) Importer(815301076,1909f56bfc062723c751e8b465ee728b) (PreviewImporter) -> (artifact id: '0aa53dc06f13b45c1e27f936dc116993') in 0.0219525 seconds
Number of updated asset objects reloaded before import = 0Number of asset objects unloaded after import = 24

========================================================================
Received Import Request.
  Time since last request: 0.000023 seconds.
  path: Assets/Synty/PolygonShops/Prefabs/Buildings/SM_Bld_Door_02.prefab
  artifactKey: Guid(81e37f03baf7eb742b77a37f7d5a27fd) Importer(815301076,1909f56bfc062723c751e8b465ee728b)
Start importing Assets/Synty/PolygonShops/Prefabs/Buildings/SM_Bld_Door_02.prefab using Guid(81e37f03baf7eb742b77a37f7d5a27fd) Importer(815301076,1909f56bfc062723c751e8b465ee728b) (PreviewImporter) -> (artifact id: '12c0543b7153886516bd2183c4b49e46') in 0.0235236 seconds
Number of updated asset objects reloaded before import = 0Number of asset objects unloaded after import = 22

========================================================================
Received Import Request.
  Time since last request: 0.000034 seconds.
  path: Assets/Synty/PolygonShops/Prefabs/Buildings/SM_Bld_Ground_Trim_Corner_01.prefab
  artifactKey: Guid(be4f45cf9291d69479293ff8da851926) Importer(815301076,1909f56bfc062723c751e8b465ee728b)
Start importing Assets/Synty/PolygonShops/Prefabs/Buildings/SM_Bld_Ground_Trim_Corner_01.prefab using Guid(be4f45cf9291d69479293ff8da851926) Importer(815301076,1909f56bfc062723c751e8b465ee728b) (PreviewImporter) -> (artifact id: '0bd57c57ba1732d4277a34a016342362') in 0.0238215 seconds
Number of updated asset objects reloaded before import = 0Number of asset objects unloaded after import = 16

========================================================================
Received Import Request.
  Time since last request: 0.000028 seconds.
  path: Assets/Synty/PolygonShops/Prefabs/Buildings/SM_Bld_Door_03.prefab
  artifactKey: Guid(7d8dcf9b98ba3114096ae417b06aed31) Importer(815301076,1909f56bfc062723c751e8b465ee728b)
Start importing Assets/Synty/PolygonShops/Prefabs/Buildings/SM_Bld_Door_03.prefab using Guid(7d8dcf9b98ba3114096ae417b06aed31) Importer(815301076,1909f56bfc062723c751e8b465ee728b) (PreviewImporter) -> (artifact id: 'cc6b4826278db06f6c97a72aa3ad9743') in 0.0257871 seconds
Number of updated asset objects reloaded before import = 0Number of asset objects unloaded after import = 22

========================================================================
Received Import Request.
  Time since last request: 0.000023 seconds.
  path: Assets/Synty/PolygonShops/Prefabs/Buildings/SM_Bld_ShopFront_02.prefab
  artifactKey: Guid(d3f4c59f28532874b9d61eab870e5373) Importer(815301076,1909f56bfc062723c751e8b465ee728b)
Start importing Assets/Synty/PolygonShops/Prefabs/Buildings/SM_Bld_ShopFront_02.prefab using Guid(d3f4c59f28532874b9d61eab870e5373) Importer(815301076,1909f56bfc062723c751e8b465ee728b) (PreviewImporter) -> (artifact id: 'f93b8fc4a8b1baa784525153f4c8a73f') in 0.0508303 seconds
Number of updated asset objects reloaded before import = 0Number of asset objects unloaded after import = 27

========================================================================
Received Import Request.
  Time since last request: 0.000021 seconds.
  path: Assets/Synty/PolygonShops/Prefabs/Buildings/SM_Bld_Fountain_01.prefab
  artifactKey: Guid(d7c252912d467cb4f9914b6326283830) Importer(815301076,1909f56bfc062723c751e8b465ee728b)
Start importing Assets/Synty/PolygonShops/Prefabs/Buildings/SM_Bld_Fountain_01.prefab using Guid(d7c252912d467cb4f9914b6326283830) Importer(815301076,1909f56bfc062723c751e8b465ee728b) (PreviewImporter) -> (artifact id: '3f99d1d232b5f66b563ce0eee32cd2a2') in 0.054451 seconds
Number of updated asset objects reloaded before import = 0Number of asset objects unloaded after import = 38

========================================================================
Received Import Request.
  Time since last request: 0.000030 seconds.
  path: Assets/Synty/PolygonShops/Prefabs/Buildings/SM_Bld_ShopFront_03.prefab
  artifactKey: Guid(f80b19920c187704ea8ef890c3640ee4) Importer(815301076,1909f56bfc062723c751e8b465ee728b)
Start importing Assets/Synty/PolygonShops/Prefabs/Buildings/SM_Bld_ShopFront_03.prefab using Guid(f80b19920c187704ea8ef890c3640ee4) Importer(815301076,1909f56bfc062723c751e8b465ee728b) (PreviewImporter) -> (artifact id: 'e3c97562fb838afee1bd8e3f015b0e47') in 0.0294316 seconds
Number of updated asset objects reloaded before import = 0Number of asset objects unloaded after import = 27

========================================================================
Received Import Request.
  Time since last request: 0.000019 seconds.
  path: Assets/Synty/PolygonShops/Prefabs/Buildings/SM_Bld_Escalator_Gap_01.prefab
  artifactKey: Guid(1274b51f3efa8f34081eab8cdb2cafe4) Importer(815301076,1909f56bfc062723c751e8b465ee728b)
Start importing Assets/Synty/PolygonShops/Prefabs/Buildings/SM_Bld_Escalator_Gap_01.prefab using Guid(1274b51f3efa8f34081eab8cdb2cafe4) Importer(815301076,1909f56bfc062723c751e8b465ee728b) (PreviewImporter) -> (artifact id: 'bbfc7f8767192821418b9181f3914d5c') in 0.023526 seconds
Number of updated asset objects reloaded before import = 0Number of asset objects unloaded after import = 17

========================================================================
Received Import Request.
  Time since last request: 0.000023 seconds.
  path: Assets/Synty/PolygonShops/Prefabs/Buildings/SM_Bld_ShopFront_05.prefab
  artifactKey: Guid(0e5d4b501edfe0b409d5e5174a9888cf) Importer(815301076,1909f56bfc062723c751e8b465ee728b)
Start importing Assets/Synty/PolygonShops/Prefabs/Buildings/SM_Bld_ShopFront_05.prefab using Guid(0e5d4b501edfe0b409d5e5174a9888cf) Importer(815301076,1909f56bfc062723c751e8b465ee728b) (PreviewImporter) -> (artifact id: '73de7828996d01120ad906a7590006c5') in 0.024112 seconds
Number of updated asset objects reloaded before import = 0Number of asset objects unloaded after import = 27

========================================================================
Received Import Request.
  Time since last request: 0.000022 seconds.
  path: Assets/Synty/PolygonShops/Prefabs/Buildings/SM_Bld_Ground_Trim_01.prefab
  artifactKey: Guid(e6499c70454a3e646acc1e7eee258817) Importer(815301076,1909f56bfc062723c751e8b465ee728b)
Start importing Assets/Synty/PolygonShops/Prefabs/Buildings/SM_Bld_Ground_Trim_01.prefab using Guid(e6499c70454a3e646acc1e7eee258817) Importer(815301076,1909f56bfc062723c751e8b465ee728b) (PreviewImporter) -> (artifact id: 'b0ebdf763792adcd978424e1580ee1e4') in 0.032989 seconds
Number of updated asset objects reloaded before import = 0Number of asset objects unloaded after import = 16

========================================================================
Received Import Request.
  Time since last request: 5.236356 seconds.
  path: Assets/Synty/PolygonShops/Prefabs/Buildings/SM_Bld_Shopfront_Door_05.prefab
  artifactKey: Guid(d332f521018ef9a4ba5bb4e6e5c71b65) Importer(815301076,1909f56bfc062723c751e8b465ee728b)
Start importing Assets/Synty/PolygonShops/Prefabs/Buildings/SM_Bld_Shopfront_Door_05.prefab using Guid(d332f521018ef9a4ba5bb4e6e5c71b65) Importer(815301076,1909f56bfc062723c751e8b465ee728b) (PreviewImporter) -> (artifact id: '185b8732eaf22192c203b72359a61d07') in 0.025558 seconds
Number of updated asset objects reloaded before import = 0Number of asset objects unloaded after import = 22

========================================================================
Received Import Request.
  Time since last request: 0.056297 seconds.
  path: Assets/Synty/PolygonShops/Prefabs/Buildings/SM_Bld_Trim_Wall_Block_01.prefab
  artifactKey: Guid(b5c669ff8419e344bae4ba827b61a69f) Importer(815301076,1909f56bfc062723c751e8b465ee728b)
Start importing Assets/Synty/PolygonShops/Prefabs/Buildings/SM_Bld_Trim_Wall_Block_01.prefab using Guid(b5c669ff8419e344bae4ba827b61a69f) Importer(815301076,1909f56bfc062723c751e8b465ee728b) (PreviewImporter) -> (artifact id: '4799e612478dba46603b078b43a35a94') in 0.0266951 seconds
Number of updated asset objects reloaded before import = 0Number of asset objects unloaded after import = 16

========================================================================
Received Import Request.
  Time since last request: 3.386266 seconds.
  path: Assets/Synty/PolygonShops/Prefabs/Buildings/SM_Bld_Trim_Wall_High_01_Pillar_05.prefab
  artifactKey: Guid(be39de39cabda334d86f422953945dff) Importer(815301076,1909f56bfc062723c751e8b465ee728b)
Start importing Assets/Synty/PolygonShops/Prefabs/Buildings/SM_Bld_Trim_Wall_High_01_Pillar_05.prefab using Guid(be39de39cabda334d86f422953945dff) Importer(815301076,1909f56bfc062723c751e8b465ee728b) (PreviewImporter) -> (artifact id: 'ff675cdaffc43c3b5f010a0bc0f717b8') in 0.0188238 seconds
Number of updated asset objects reloaded before import = 0Number of asset objects unloaded after import = 15

========================================================================
Received Import Request.
  Time since last request: 0.595218 seconds.
  path: Assets/Synty/PolygonShops/Prefabs/Buildings/SM_Bld_Trim_Wall_High_03_Pillar_02.prefab
  artifactKey: Guid(e701f6d6cffbde7438833313f72e5756) Importer(815301076,1909f56bfc062723c751e8b465ee728b)
Start importing Assets/Synty/PolygonShops/Prefabs/Buildings/SM_Bld_Trim_Wall_High_03_Pillar_02.prefab using Guid(e701f6d6cffbde7438833313f72e5756) Importer(815301076,1909f56bfc062723c751e8b465ee728b) (PreviewImporter) -> (artifact id: '1c5bbf8c24f37d4ea4e558be576edb1a') in 0.0177963 seconds
Number of updated asset objects reloaded before import = 0Number of asset objects unloaded after import = 15

========================================================================
Received Import Request.
  Time since last request: 1.239234 seconds.
  path: Assets/Synty/PolygonShops/Prefabs/Buildings/SM_Bld_Trim_Wall_Low_01_Pillar_04.prefab
  artifactKey: Guid(17167fbb6c07e964494a87d28d5ada03) Importer(815301076,1909f56bfc062723c751e8b465ee728b)
Start importing Assets/Synty/PolygonShops/Prefabs/Buildings/SM_Bld_Trim_Wall_Low_01_Pillar_04.prefab using Guid(17167fbb6c07e964494a87d28d5ada03) Importer(815301076,1909f56bfc062723c751e8b465ee728b) (PreviewImporter) -> (artifact id: '78e749992e631992e7ad3cd6312f8853') in 0.0211608 seconds
Number of updated asset objects reloaded before import = 0Number of asset objects unloaded after import = 15

========================================================================
Received Import Request.
  Time since last request: 0.000030 seconds.
  path: Assets/Synty/PolygonShops/Prefabs/Buildings/SM_Bld_Trim_Wall_Low_02_Pillar_02.prefab
  artifactKey: Guid(5af598acb1d14364cb5192666c6c2000) Importer(815301076,1909f56bfc062723c751e8b465ee728b)
Start importing Assets/Synty/PolygonShops/Prefabs/Buildings/SM_Bld_Trim_Wall_Low_02_Pillar_02.prefab using Guid(5af598acb1d14364cb5192666c6c2000) Importer(815301076,1909f56bfc062723c751e8b465ee728b) (PreviewImporter) -> (artifact id: 'fb371f00a0d1be453bd7e8caaaa425e3') in 0.0231975 seconds
Number of updated asset objects reloaded before import = 0Number of asset objects unloaded after import = 15

========================================================================
Received Import Request.
  Time since last request: 0.298246 seconds.
  path: Assets/Synty/PolygonShops/Prefabs/Buildings/SM_Bld_Trim_Wall_Low_03.prefab
  artifactKey: Guid(4e33345afa4bf3c4c99da0a450d1fae4) Importer(815301076,1909f56bfc062723c751e8b465ee728b)
Start importing Assets/Synty/PolygonShops/Prefabs/Buildings/SM_Bld_Trim_Wall_Low_03.prefab using Guid(4e33345afa4bf3c4c99da0a450d1fae4) Importer(815301076,1909f56bfc062723c751e8b465ee728b) (PreviewImporter) -> (artifact id: '67aca7dc4e6291ff1eb3b9c9d834d4f4') in 0.017535 seconds
Number of updated asset objects reloaded before import = 0Number of asset objects unloaded after import = 15

========================================================================
Received Import Request.
  Time since last request: 0.213285 seconds.
  path: Assets/Synty/PolygonShops/Prefabs/Buildings/SM_Bld_Wall_ATM_01.prefab
  artifactKey: Guid(57be3c04745512742bd338bf420d00dc) Importer(815301076,1909f56bfc062723c751e8b465ee728b)
Start importing Assets/Synty/PolygonShops/Prefabs/Buildings/SM_Bld_Wall_ATM_01.prefab using Guid(57be3c04745512742bd338bf420d00dc) Importer(815301076,1909f56bfc062723c751e8b465ee728b) (PreviewImporter) -> (artifact id: '454c764ee114041122874053a49e88d7') in 0.024034 seconds
Number of updated asset objects reloaded before import = 0Number of asset objects unloaded after import = 18

========================================================================
Received Import Request.
  Time since last request: 0.000022 seconds.
  path: Assets/Synty/PolygonShops/Prefabs/Buildings/SM_Bld_Wall_Glass_Blank_01.prefab
  artifactKey: Guid(cbc619be9a4fa834db6a19f33ccc2af6) Importer(815301076,1909f56bfc062723c751e8b465ee728b)
Start importing Assets/Synty/PolygonShops/Prefabs/Buildings/SM_Bld_Wall_Glass_Blank_01.prefab using Guid(cbc619be9a4fa834db6a19f33ccc2af6) Importer(815301076,1909f56bfc062723c751e8b465ee728b) (PreviewImporter) -> (artifact id: '23e6128d5dd82e697dad8f68e2b787f7') in 0.0239959 seconds
Number of updated asset objects reloaded before import = 0Number of asset objects unloaded after import = 22

========================================================================
Received Import Request.
  Time since last request: 0.004845 seconds.
  path: Assets/Synty/PolygonShops/Prefabs/Buildings/SM_Bld_Wall_Shutter_03.prefab
  artifactKey: Guid(76ba3170e3aeaf44782ce8c471358b49) Importer(815301076,1909f56bfc062723c751e8b465ee728b)
Start importing Assets/Synty/PolygonShops/Prefabs/Buildings/SM_Bld_Wall_Shutter_03.prefab using Guid(76ba3170e3aeaf44782ce8c471358b49) Importer(815301076,1909f56bfc062723c751e8b465ee728b) (PreviewImporter) -> (artifact id: '66d2683b924ede0153efea58414ffbd0') in 0.0461953 seconds
Number of updated asset objects reloaded before import = 0Number of asset objects unloaded after import = 24

========================================================================
Received Import Request.
  Time since last request: 0.000026 seconds.
  path: Assets/Synty/PolygonShops/Prefabs/Buildings/SM_Bld_Wall_Window_Drive_Thru_02.prefab
  artifactKey: Guid(aac2914ba806de24e90975f3434b8a30) Importer(815301076,1909f56bfc062723c751e8b465ee728b)
Start importing Assets/Synty/PolygonShops/Prefabs/Buildings/SM_Bld_Wall_Window_Drive_Thru_02.prefab using Guid(aac2914ba806de24e90975f3434b8a30) Importer(815301076,1909f56bfc062723c751e8b465ee728b) (PreviewImporter) -> (artifact id: '69cfbf84ffedaed8bff0d39eb6d217e1') in 0.0238859 seconds
Number of updated asset objects reloaded before import = 0Number of asset objects unloaded after import = 34

========================================================================
Received Import Request.
  Time since last request: 0.000020 seconds.
  path: Assets/Synty/PolygonShops/Prefabs/Buildings/SM_Bld_Window_Poster_Inside_01.prefab
  artifactKey: Guid(eebf719107310534da5bead200354d76) Importer(815301076,1909f56bfc062723c751e8b465ee728b)
Start importing Assets/Synty/PolygonShops/Prefabs/Buildings/SM_Bld_Window_Poster_Inside_01.prefab using Guid(eebf719107310534da5bead200354d76) Importer(815301076,1909f56bfc062723c751e8b465ee728b) (PreviewImporter) -> (artifact id: '10e8cd3767389238dea798e9f016bd3f') in 0.0341848 seconds
Number of updated asset objects reloaded before import = 0Number of asset objects unloaded after import = 15

========================================================================
Received Import Request.
  Time since last request: 2.414605 seconds.
  path: Assets/Synty/PolygonShops/Prefabs/Buildings/SM_Bld_Window_Poster_Outside_Group_01.prefab
  artifactKey: Guid(622525a321d280548871ccbea5492e04) Importer(815301076,1909f56bfc062723c751e8b465ee728b)
Start importing Assets/Synty/PolygonShops/Prefabs/Buildings/SM_Bld_Window_Poster_Outside_Group_01.prefab using Guid(622525a321d280548871ccbea5492e04) Importer(815301076,1909f56bfc062723c751e8b465ee728b) (PreviewImporter) -> (artifact id: 'ba6da7781c7990deccd53c854d88151c') in 0.0263406 seconds
Number of updated asset objects reloaded before import = 0Number of asset objects unloaded after import = 15

========================================================================
Received Import Request.
  Time since last request: 23.598815 seconds.
  path: Assets/Synty/PolygonShops/Prefabs/Food/SM_Prop_Food_Avocado_Half_01.prefab
  artifactKey: Guid(345bf11b6746e2b408f34b7a5efe5fb0) Importer(815301076,1909f56bfc062723c751e8b465ee728b)
Start importing Assets/Synty/PolygonShops/Prefabs/Food/SM_Prop_Food_Avocado_Half_01.prefab using Guid(345bf11b6746e2b408f34b7a5efe5fb0) Importer(815301076,1909f56bfc062723c751e8b465ee728b) (PreviewImporter) -> (artifact id: '8aafdf934f3945bbe7273feae2b84236') in 0.0241363 seconds
Number of updated asset objects reloaded before import = 0Number of asset objects unloaded after import = 17

========================================================================
Received Import Request.
  Time since last request: 0.000019 seconds.
  path: Assets/Synty/PolygonShops/Prefabs/Food/SM_Prop_Food_Bacon_Burnt_01.prefab
  artifactKey: Guid(9c8fdc22b3a247c479d1c6760f69ea4d) Importer(815301076,1909f56bfc062723c751e8b465ee728b)
Start importing Assets/Synty/PolygonShops/Prefabs/Food/SM_Prop_Food_Bacon_Burnt_01.prefab using Guid(9c8fdc22b3a247c479d1c6760f69ea4d) Importer(815301076,1909f56bfc062723c751e8b465ee728b) (PreviewImporter) -> (artifact id: 'c0574671d5ba6de11424dc659a49765b') in 0.0227919 seconds
Number of updated asset objects reloaded before import = 0Number of asset objects unloaded after import = 17

========================================================================
Received Import Request.
  Time since last request: 0.000023 seconds.
  path: Assets/Synty/PolygonShops/Prefabs/Food/SM_Prop_Food_Bun_01.prefab
  artifactKey: Guid(b17f9b2301a1c6a4db0985f6b88d5c5d) Importer(815301076,1909f56bfc062723c751e8b465ee728b)
Start importing Assets/Synty/PolygonShops/Prefabs/Food/SM_Prop_Food_Bun_01.prefab using Guid(b17f9b2301a1c6a4db0985f6b88d5c5d) Importer(815301076,1909f56bfc062723c751e8b465ee728b) (PreviewImporter) -> (artifact id: 'e378f2fc959ae879b3f6ddf63cfe5e8c') in 0.0306772 seconds
Number of updated asset objects reloaded before import = 0Number of asset objects unloaded after import = 17

========================================================================
Received Import Request.
  Time since last request: 0.000021 seconds.
  path: Assets/Synty/PolygonShops/Prefabs/Food/SM_Prop_Food_Banana_Bunch_01.prefab
  artifactKey: Guid(22f005af12c8ef2498f52750d2db91d2) Importer(815301076,1909f56bfc062723c751e8b465ee728b)
Start importing Assets/Synty/PolygonShops/Prefabs/Food/SM_Prop_Food_Banana_Bunch_01.prefab using Guid(22f005af12c8ef2498f52750d2db91d2) Importer(815301076,1909f56bfc062723c751e8b465ee728b) (PreviewImporter) -> (artifact id: '6b0a6c636828f7ba16ad0041db4f6208') in 0.0327614 seconds
Number of updated asset objects reloaded before import = 0Number of asset objects unloaded after import = 17

========================================================================
Received Import Request.
  Time since last request: 0.000027 seconds.
  path: Assets/Synty/PolygonShops/Prefabs/Food/SM_Prop_Food_Bagel_Cut_01.prefab
  artifactKey: Guid(cb62eec0108318e4c928505a247109ed) Importer(815301076,1909f56bfc062723c751e8b465ee728b)
Start importing Assets/Synty/PolygonShops/Prefabs/Food/SM_Prop_Food_Bagel_Cut_01.prefab using Guid(cb62eec0108318e4c928505a247109ed) Importer(815301076,1909f56bfc062723c751e8b465ee728b) (PreviewImporter) -> (artifact id: '072d8056b0ab81bdcf93cd49f4ab4df8') in 0.0362528 seconds
Number of updated asset objects reloaded before import = 0Number of asset objects unloaded after import = 17

========================================================================
Received Import Request.
  Time since last request: 0.000023 seconds.
  path: Assets/Synty/PolygonShops/Prefabs/Food/SM_Prop_Food_Bagel_03.prefab
  artifactKey: Guid(ba0739c60aefd214d909755c08db36a0) Importer(815301076,1909f56bfc062723c751e8b465ee728b)
Start importing Assets/Synty/PolygonShops/Prefabs/Food/SM_Prop_Food_Bagel_03.prefab using Guid(ba0739c60aefd214d909755c08db36a0) Importer(815301076,1909f56bfc062723c751e8b465ee728b) (PreviewImporter) -> (artifact id: '7528f4579a3435ff172a97ac64b7cf61') in 0.0414384 seconds
Number of updated asset objects reloaded before import = 0Number of asset objects unloaded after import = 17

========================================================================
Received Import Request.
  Time since last request: 0.401607 seconds.
  path: Assets/Synty/PolygonShops/Prefabs/Food/SM_Prop_Food_Burger_03.prefab
  artifactKey: Guid(f1bebf39a0ea91144a31c0bb0aa4457c) Importer(815301076,1909f56bfc062723c751e8b465ee728b)
Start importing Assets/Synty/PolygonShops/Prefabs/Food/SM_Prop_Food_Burger_03.prefab using Guid(f1bebf39a0ea91144a31c0bb0aa4457c) Importer(815301076,1909f56bfc062723c751e8b465ee728b) (PreviewImporter) -> (artifact id: '23f6665c2db7f3a31caeca019771af53') in 0.0298328 seconds
Number of updated asset objects reloaded before import = 0Number of asset objects unloaded after import = 17

========================================================================
Received Import Request.
  Time since last request: 22.448809 seconds.
  path: Assets/Synty/PolygonShops/Prefabs/Food/SM_Prop_Food_Chicken_Pile_01.prefab
  artifactKey: Guid(ecd4a0777d9f43b4ab31163daa3fd5c8) Importer(815301076,1909f56bfc062723c751e8b465ee728b)
Start importing Assets/Synty/PolygonShops/Prefabs/Food/SM_Prop_Food_Chicken_Pile_01.prefab using Guid(ecd4a0777d9f43b4ab31163daa3fd5c8) Importer(815301076,1909f56bfc062723c751e8b465ee728b) (PreviewImporter) -> (artifact id: '105004b78d942ce9832bb7566dee807a') in 0.0255747 seconds
Number of updated asset objects reloaded before import = 0Number of asset objects unloaded after import = 17

========================================================================
Received Import Request.
  Time since last request: 0.000021 seconds.
  path: Assets/Synty/PolygonShops/Prefabs/Food/SM_Prop_Food_Chicken_Whole_Cooked_01.prefab
  artifactKey: Guid(844f53f19ece77443b37856e8a85e958) Importer(815301076,1909f56bfc062723c751e8b465ee728b)
Start importing Assets/Synty/PolygonShops/Prefabs/Food/SM_Prop_Food_Chicken_Whole_Cooked_01.prefab using Guid(844f53f19ece77443b37856e8a85e958) Importer(815301076,1909f56bfc062723c751e8b465ee728b) (PreviewImporter) -> (artifact id: '78f61e8e7ec3313396d018731f67c1bd') in 0.0417039 seconds
Number of updated asset objects reloaded before import = 0Number of asset objects unloaded after import = 17

========================================================================
Received Import Request.
  Time since last request: 34.506043 seconds.
  path: Assets/Synty/PolygonShops/Prefabs/Food/SM_Prop_Food_Egg_Cooked_01.prefab
  artifactKey: Guid(1ac97f6c205ac224ca5b9ddaf914cd09) Importer(815301076,1909f56bfc062723c751e8b465ee728b)
Start importing Assets/Synty/PolygonShops/Prefabs/Food/SM_Prop_Food_Egg_Cooked_01.prefab using Guid(1ac97f6c205ac224ca5b9ddaf914cd09) Importer(815301076,1909f56bfc062723c751e8b465ee728b) (PreviewImporter) -> (artifact id: '9bb40af1fe11469341360a3c133047f8') in 0.0261723 seconds
Number of updated asset objects reloaded before import = 0Number of asset objects unloaded after import = 17

========================================================================
Received Import Request.
  Time since last request: 0.242298 seconds.
  path: Assets/Synty/PolygonShops/Prefabs/Food/SM_Prop_Food_Fish_Fillet_02.prefab
  artifactKey: Guid(fa72b7891f11f73429a04ccc46365c9b) Importer(815301076,1909f56bfc062723c751e8b465ee728b)
Start importing Assets/Synty/PolygonShops/Prefabs/Food/SM_Prop_Food_Fish_Fillet_02.prefab using Guid(fa72b7891f11f73429a04ccc46365c9b) Importer(815301076,1909f56bfc062723c751e8b465ee728b) (PreviewImporter) -> (artifact id: '792c5c90bee3c4723a3c67f17a49ba80') in 0.0220457 seconds
Number of updated asset objects reloaded before import = 0Number of asset objects unloaded after import = 17

========================================================================
Received Import Request.
  Time since last request: 0.000035 seconds.
  path: Assets/Synty/PolygonShops/Prefabs/Food/SM_Prop_Food_Fish_Steak_01.prefab
  artifactKey: Guid(cd0e28d2f030a3542a5b9fc3ccb2d810) Importer(815301076,1909f56bfc062723c751e8b465ee728b)
Start importing Assets/Synty/PolygonShops/Prefabs/Food/SM_Prop_Food_Fish_Steak_01.prefab using Guid(cd0e28d2f030a3542a5b9fc3ccb2d810) Importer(815301076,1909f56bfc062723c751e8b465ee728b) (PreviewImporter) -> (artifact id: 'baa6c46cb382b4cfb14e5e08e9bc2230') in 0.0218086 seconds
Number of updated asset objects reloaded before import = 0Number of asset objects unloaded after import = 17

========================================================================
Received Import Request.
  Time since last request: 0.000021 seconds.
  path: Assets/Synty/PolygonShops/Prefabs/Food/SM_Prop_Food_Fish_Steak_03.prefab
  artifactKey: Guid(4902fcf43e551d343b641f006b4a4393) Importer(815301076,1909f56bfc062723c751e8b465ee728b)
Start importing Assets/Synty/PolygonShops/Prefabs/Food/SM_Prop_Food_Fish_Steak_03.prefab using Guid(4902fcf43e551d343b641f006b4a4393) Importer(815301076,1909f56bfc062723c751e8b465ee728b) (PreviewImporter) -> (artifact id: 'cb2a02cce9c3df697e9eb5a4e1f28cd7') in 0.0226015 seconds
Number of updated asset objects reloaded before import = 0Number of asset objects unloaded after import = 17

========================================================================
Received Import Request.
  Time since last request: 0.000028 seconds.
  path: Assets/Synty/PolygonShops/Prefabs/Food/SM_Prop_Food_Fries_Cooked_01.prefab
  artifactKey: Guid(a98f2c439ef4e634a8ecf8e1c8f3bc59) Importer(815301076,1909f56bfc062723c751e8b465ee728b)
Start importing Assets/Synty/PolygonShops/Prefabs/Food/SM_Prop_Food_Fries_Cooked_01.prefab using Guid(a98f2c439ef4e634a8ecf8e1c8f3bc59) Importer(815301076,1909f56bfc062723c751e8b465ee728b) (PreviewImporter) -> (artifact id: 'df1738acb51a7c68c114884e428c4b84') in 0.02433 seconds
Number of updated asset objects reloaded before import = 0Number of asset objects unloaded after import = 17

========================================================================
Received Import Request.
  Time since last request: 0.000029 seconds.
  path: Assets/Synty/PolygonShops/Prefabs/Food/SM_Prop_Food_Fries_Burnt_01.prefab
  artifactKey: Guid(0c4e404e061769c43af8d8b605ab49b2) Importer(815301076,1909f56bfc062723c751e8b465ee728b)
Start importing Assets/Synty/PolygonShops/Prefabs/Food/SM_Prop_Food_Fries_Burnt_01.prefab using Guid(0c4e404e061769c43af8d8b605ab49b2) Importer(815301076,1909f56bfc062723c751e8b465ee728b) (PreviewImporter) -> (artifact id: 'aa8feb9e47844700d93e57e166cd0884') in 0.02455 seconds
Number of updated asset objects reloaded before import = 0Number of asset objects unloaded after import = 17

========================================================================
Received Import Request.
  Time since last request: 3.349011 seconds.
  path: Assets/Synty/PolygonShops/Prefabs/Food/SM_Prop_Food_Lamington_01.prefab
  artifactKey: Guid(a025215eb99ebd54d85caaf3739f2060) Importer(815301076,1909f56bfc062723c751e8b465ee728b)
Start importing Assets/Synty/PolygonShops/Prefabs/Food/SM_Prop_Food_Lamington_01.prefab using Guid(a025215eb99ebd54d85caaf3739f2060) Importer(815301076,1909f56bfc062723c751e8b465ee728b) (PreviewImporter) -> (artifact id: '04a2f074391cd32d65173720dca179fa') in 0.027291 seconds
Number of updated asset objects reloaded before import = 0Number of asset objects unloaded after import = 17

========================================================================
Received Import Request.
  Time since last request: 0.319092 seconds.
  path: Assets/Synty/PolygonShops/Prefabs/Food/SM_Prop_Food_Luncheon_Slice_02.prefab
  artifactKey: Guid(e8bab8c59f0e2764bbc098d6bccf51d3) Importer(815301076,1909f56bfc062723c751e8b465ee728b)
Start importing Assets/Synty/PolygonShops/Prefabs/Food/SM_Prop_Food_Luncheon_Slice_02.prefab using Guid(e8bab8c59f0e2764bbc098d6bccf51d3) Importer(815301076,1909f56bfc062723c751e8b465ee728b) (PreviewImporter) -> (artifact id: '0aa697daa8912991dafc3ef0ed966426') in 0.0221557 seconds
Number of updated asset objects reloaded before import = 0Number of asset objects unloaded after import = 17

========================================================================
Received Import Request.
  Time since last request: 0.000022 seconds.
  path: Assets/Synty/PolygonShops/Prefabs/Food/SM_Prop_Food_Meat_Patty_Raw_01.prefab
  artifactKey: Guid(61144bdd21903cb41b361ea7fe7730f5) Importer(815301076,1909f56bfc062723c751e8b465ee728b)
Start importing Assets/Synty/PolygonShops/Prefabs/Food/SM_Prop_Food_Meat_Patty_Raw_01.prefab using Guid(61144bdd21903cb41b361ea7fe7730f5) Importer(815301076,1909f56bfc062723c751e8b465ee728b) (PreviewImporter) -> (artifact id: 'd26c2bae43aad3fff7574b21964028c5') in 0.0236198 seconds
Number of updated asset objects reloaded before import = 0Number of asset objects unloaded after import = 17

========================================================================
Received Import Request.
  Time since last request: 0.315914 seconds.
  path: Assets/Synty/PolygonShops/Prefabs/Food/SM_Prop_Food_Napkins_01.prefab
  artifactKey: Guid(86ee06836ab78cc41b50dde2e87b571d) Importer(815301076,1909f56bfc062723c751e8b465ee728b)
Start importing Assets/Synty/PolygonShops/Prefabs/Food/SM_Prop_Food_Napkins_01.prefab using Guid(86ee06836ab78cc41b50dde2e87b571d) Importer(815301076,1909f56bfc062723c751e8b465ee728b) (PreviewImporter) -> (artifact id: 'b5cf073cdedca33cfab6db9e395682ae') in 0.0227505 seconds
Number of updated asset objects reloaded before import = 0Number of asset objects unloaded after import = 17

========================================================================
Received Import Request.
  Time since last request: 0.000043 seconds.
  path: Assets/Synty/PolygonShops/Prefabs/Food/SM_Prop_Food_Onion_Cooked_02.prefab
  artifactKey: Guid(242ffbdc8f1a1714b9381dba04ccbe3f) Importer(815301076,1909f56bfc062723c751e8b465ee728b)
Start importing Assets/Synty/PolygonShops/Prefabs/Food/SM_Prop_Food_Onion_Cooked_02.prefab using Guid(242ffbdc8f1a1714b9381dba04ccbe3f) Importer(815301076,1909f56bfc062723c751e8b465ee728b) (PreviewImporter) -> (artifact id: '479a19fcfb10d57aa22af2e1bac67d4f') in 0.0244197 seconds
Number of updated asset objects reloaded before import = 0Number of asset objects unloaded after import = 17

========================================================================
Received Import Request.
  Time since last request: 0.444874 seconds.
  path: Assets/Synty/PolygonShops/Prefabs/Food/SM_Prop_Food_Onion_Slice_01.prefab
  artifactKey: Guid(e4e8f595d18166c46bae3f4a94521e4a) Importer(815301076,1909f56bfc062723c751e8b465ee728b)
Start importing Assets/Synty/PolygonShops/Prefabs/Food/SM_Prop_Food_Onion_Slice_01.prefab using Guid(e4e8f595d18166c46bae3f4a94521e4a) Importer(815301076,1909f56bfc062723c751e8b465ee728b) (PreviewImporter) -> (artifact id: '02640826849f771456e59428c070181f') in 0.0231949 seconds
Number of updated asset objects reloaded before import = 0Number of asset objects unloaded after import = 17

========================================================================
Received Import Request.
  Time since last request: 6.406675 seconds.
  path: Assets/Synty/PolygonShops/Prefabs/Food/SM_Prop_Food_Oven_Tray_02.prefab
  artifactKey: Guid(95d2c8122401db74bac1e869ab397e22) Importer(815301076,1909f56bfc062723c751e8b465ee728b)
Start importing Assets/Synty/PolygonShops/Prefabs/Food/SM_Prop_Food_Oven_Tray_02.prefab using Guid(95d2c8122401db74bac1e869ab397e22) Importer(815301076,1909f56bfc062723c751e8b465ee728b) (PreviewImporter) -> (artifact id: '1146ea36bb3bf80c949031766c9b3493') in 0.0240215 seconds
Number of updated asset objects reloaded before import = 0Number of asset objects unloaded after import = 17

========================================================================
Received Import Request.
  Time since last request: 0.000025 seconds.
  path: Assets/Synty/PolygonShops/Prefabs/Food/SM_Prop_Food_Pancake_01.prefab
  artifactKey: Guid(8e9149bd4f13dd84995a13c8f7c94ba6) Importer(815301076,1909f56bfc062723c751e8b465ee728b)
Start importing Assets/Synty/PolygonShops/Prefabs/Food/SM_Prop_Food_Pancake_01.prefab using Guid(8e9149bd4f13dd84995a13c8f7c94ba6) Importer(815301076,1909f56bfc062723c751e8b465ee728b) (PreviewImporter) -> (artifact id: '0e5108b6b67f9fe5ce78c13caba14d83') in 0.0237326 seconds
Number of updated asset objects reloaded before import = 0Number of asset objects unloaded after import = 17

========================================================================
Received Import Request.
  Time since last request: 1.597218 seconds.
  path: Assets/Synty/PolygonShops/Prefabs/Food/SM_Prop_Food_Pizza_Burnt_04.prefab
  artifactKey: Guid(ddf043484ac79f946aef9981569fdc8b) Importer(815301076,1909f56bfc062723c751e8b465ee728b)
Start importing Assets/Synty/PolygonShops/Prefabs/Food/SM_Prop_Food_Pizza_Burnt_04.prefab using Guid(ddf043484ac79f946aef9981569fdc8b) Importer(815301076,1909f56bfc062723c751e8b465ee728b) (PreviewImporter) -> (artifact id: '971d7c1cf3fc376e66030526689263ec') in 0.0262386 seconds
Number of updated asset objects reloaded before import = 0Number of asset objects unloaded after import = 17

========================================================================
Received Import Request.
  Time since last request: 1.113454 seconds.
  path: Assets/Synty/PolygonShops/Prefabs/Food/SM_Prop_Food_Pizza_Raw_01.prefab
  artifactKey: Guid(66c602367dc40734cbdc119f8940bfd4) Importer(815301076,1909f56bfc062723c751e8b465ee728b)
Start importing Assets/Synty/PolygonShops/Prefabs/Food/SM_Prop_Food_Pizza_Raw_01.prefab using Guid(66c602367dc40734cbdc119f8940bfd4) Importer(815301076,1909f56bfc062723c751e8b465ee728b) (PreviewImporter) -> (artifact id: '195b0bdbcf9f67774f6ee913b40996f5') in 0.0327144 seconds
Number of updated asset objects reloaded before import = 0Number of asset objects unloaded after import = 17

========================================================================
Received Import Request.
  Time since last request: 0.781891 seconds.
  path: Assets/Synty/PolygonShops/Prefabs/Food/SM_Prop_Food_Pizza_Raw_07.prefab
  artifactKey: Guid(4106240e8c3e2e24e9ba29b09224f1b8) Importer(815301076,1909f56bfc062723c751e8b465ee728b)
Start importing Assets/Synty/PolygonShops/Prefabs/Food/SM_Prop_Food_Pizza_Raw_07.prefab using Guid(4106240e8c3e2e24e9ba29b09224f1b8) Importer(815301076,1909f56bfc062723c751e8b465ee728b) (PreviewImporter) -> (artifact id: 'efcc045a19b0d281168a1b925f4fdc20') in 0.0253077 seconds
Number of updated asset objects reloaded before import = 0Number of asset objects unloaded after import = 17

========================================================================
Received Import Request.
  Time since last request: 0.417555 seconds.
  path: Assets/Synty/PolygonShops/Prefabs/Food/SM_Prop_Food_Pizza_Slice_07.prefab
  artifactKey: Guid(0da22def142b34549b094d57b6051082) Importer(815301076,1909f56bfc062723c751e8b465ee728b)
Start importing Assets/Synty/PolygonShops/Prefabs/Food/SM_Prop_Food_Pizza_Slice_07.prefab using Guid(0da22def142b34549b094d57b6051082) Importer(815301076,1909f56bfc062723c751e8b465ee728b) (PreviewImporter) -> (artifact id: '731bc5c9ca793ba380bb5a0de4167cd2') in 0.0228806 seconds
Number of updated asset objects reloaded before import = 0Number of asset objects unloaded after import = 17

========================================================================
Received Import Request.
  Time since last request: 0.328848 seconds.
  path: Assets/Synty/PolygonShops/Prefabs/Food/SM_Prop_Food_Quiche_01_Cut.prefab
  artifactKey: Guid(aaa0da738d92a7c4dadb0a3830eb39e4) Importer(815301076,1909f56bfc062723c751e8b465ee728b)
Start importing Assets/Synty/PolygonShops/Prefabs/Food/SM_Prop_Food_Quiche_01_Cut.prefab using Guid(aaa0da738d92a7c4dadb0a3830eb39e4) Importer(815301076,1909f56bfc062723c751e8b465ee728b) (PreviewImporter) -> (artifact id: '7895dd0a7f1a9b1f59b2147dfeb888d4') in 0.0234437 seconds
Number of updated asset objects reloaded before import = 0Number of asset objects unloaded after import = 17

========================================================================
Received Import Request.
  Time since last request: 0.000019 seconds.
  path: Assets/Synty/PolygonShops/Prefabs/Food/SM_Prop_Food_Quiche_02.prefab
  artifactKey: Guid(2fc143893be167e40a50908e8f83f320) Importer(815301076,1909f56bfc062723c751e8b465ee728b)
Start importing Assets/Synty/PolygonShops/Prefabs/Food/SM_Prop_Food_Quiche_02.prefab using Guid(2fc143893be167e40a50908e8f83f320) Importer(815301076,1909f56bfc062723c751e8b465ee728b) (PreviewImporter) -> (artifact id: '5ad120c6c4001e01edd9d09a3021d5bf') in 0.019708 seconds
Number of updated asset objects reloaded before import = 0Number of asset objects unloaded after import = 17

========================================================================
Received Import Request.
  Time since last request: 0.252590 seconds.
  path: Assets/Synty/PolygonShops/Prefabs/Food/SM_Prop_Food_Ribs_Small_Cooked_01.prefab
  artifactKey: Guid(b7c72ff334a2d424d83a9851addc1e8e) Importer(815301076,1909f56bfc062723c751e8b465ee728b)
Start importing Assets/Synty/PolygonShops/Prefabs/Food/SM_Prop_Food_Ribs_Small_Cooked_01.prefab using Guid(b7c72ff334a2d424d83a9851addc1e8e) Importer(815301076,1909f56bfc062723c751e8b465ee728b) (PreviewImporter) -> (artifact id: '5939b6d29876ac139968ab6a2308768f') in 0.0216557 seconds
Number of updated asset objects reloaded before import = 0Number of asset objects unloaded after import = 17

========================================================================
Received Import Request.
  Time since last request: 0.000042 seconds.
  path: Assets/Synty/PolygonShops/Prefabs/Food/SM_Prop_Food_Salad_01.prefab
  artifactKey: Guid(38fc4f8b50e555141833c07f64ae2c32) Importer(815301076,1909f56bfc062723c751e8b465ee728b)
Start importing Assets/Synty/PolygonShops/Prefabs/Food/SM_Prop_Food_Salad_01.prefab using Guid(38fc4f8b50e555141833c07f64ae2c32) Importer(815301076,1909f56bfc062723c751e8b465ee728b) (PreviewImporter) -> (artifact id: 'bc3219f825da8f7d213c894be2669b43') in 0.0236015 seconds
Number of updated asset objects reloaded before import = 0Number of asset objects unloaded after import = 17

========================================================================
Received Import Request.
  Time since last request: 0.000027 seconds.
  path: Assets/Synty/PolygonShops/Prefabs/Food/SM_Prop_Food_Sandwich_01.prefab
  artifactKey: Guid(0e434636a1f4eda4faf8ccc2088f2eb1) Importer(815301076,1909f56bfc062723c751e8b465ee728b)
Start importing Assets/Synty/PolygonShops/Prefabs/Food/SM_Prop_Food_Sandwich_01.prefab using Guid(0e434636a1f4eda4faf8ccc2088f2eb1) Importer(815301076,1909f56bfc062723c751e8b465ee728b) (PreviewImporter) -> (artifact id: 'e1d4451b43365ef6b00b0bfd67495186') in 0.0246141 seconds
Number of updated asset objects reloaded before import = 0Number of asset objects unloaded after import = 17

========================================================================
Received Import Request.
  Time since last request: 0.000024 seconds.
  path: Assets/Synty/PolygonShops/Prefabs/Food/SM_Prop_Food_Sandwich_Half_01.prefab
  artifactKey: Guid(0b56fd80ec78640418e18f6af06db820) Importer(815301076,1909f56bfc062723c751e8b465ee728b)
Start importing Assets/Synty/PolygonShops/Prefabs/Food/SM_Prop_Food_Sandwich_Half_01.prefab using Guid(0b56fd80ec78640418e18f6af06db820) Importer(815301076,1909f56bfc062723c751e8b465ee728b) (PreviewImporter) -> (artifact id: 'df6922c1e862466305c8c8ca8356a9b8') in 0.0226078 seconds
Number of updated asset objects reloaded before import = 0Number of asset objects unloaded after import = 17

========================================================================
Received Import Request.
  Time since last request: 0.000031 seconds.
  path: Assets/Synty/PolygonShops/Prefabs/Food/SM_Prop_Food_Sandwich_02.prefab
  artifactKey: Guid(bdfeac848406a984b981a73e7bbcef6a) Importer(815301076,1909f56bfc062723c751e8b465ee728b)
Start importing Assets/Synty/PolygonShops/Prefabs/Food/SM_Prop_Food_Sandwich_02.prefab using Guid(bdfeac848406a984b981a73e7bbcef6a) Importer(815301076,1909f56bfc062723c751e8b465ee728b) (PreviewImporter) -> (artifact id: 'ce5138e03b3c22a46e014f251d99620f') in 0.022884 seconds
Number of updated asset objects reloaded before import = 0Number of asset objects unloaded after import = 17

========================================================================
Received Import Request.
  Time since last request: 0.000021 seconds.
  path: Assets/Synty/PolygonShops/Prefabs/Food/SM_Prop_Food_Sauce_Packet_01.prefab
  artifactKey: Guid(775494a0b7409774b94344c62c1e4852) Importer(815301076,1909f56bfc062723c751e8b465ee728b)
Start importing Assets/Synty/PolygonShops/Prefabs/Food/SM_Prop_Food_Sauce_Packet_01.prefab using Guid(775494a0b7409774b94344c62c1e4852) Importer(815301076,1909f56bfc062723c751e8b465ee728b) (PreviewImporter) -> (artifact id: '12335b1dd0a1c4b0045161ae874d760e') in 0.0213151 seconds
Number of updated asset objects reloaded before import = 0Number of asset objects unloaded after import = 17

========================================================================
Received Import Request.
  Time since last request: 0.268193 seconds.
  path: Assets/Synty/PolygonShops/Prefabs/Food/SM_Prop_Food_Sausage_Burnt_01.prefab
  artifactKey: Guid(1302544e96308494880781939ca9a419) Importer(815301076,1909f56bfc062723c751e8b465ee728b)
Start importing Assets/Synty/PolygonShops/Prefabs/Food/SM_Prop_Food_Sausage_Burnt_01.prefab using Guid(1302544e96308494880781939ca9a419) Importer(815301076,1909f56bfc062723c751e8b465ee728b) (PreviewImporter) -> (artifact id: 'ed5b64cba570e0d6bd0223cad134c273') in 0.0223571 seconds
Number of updated asset objects reloaded before import = 0Number of asset objects unloaded after import = 17

========================================================================
Received Import Request.
  Time since last request: 0.000047 seconds.
  path: Assets/Synty/PolygonShops/Prefabs/Food/SM_Prop_Food_Sausage_Roll_01.prefab
  artifactKey: Guid(ddd5a99a3e9455a4a898056c78eab686) Importer(815301076,1909f56bfc062723c751e8b465ee728b)
Start importing Assets/Synty/PolygonShops/Prefabs/Food/SM_Prop_Food_Sausage_Roll_01.prefab using Guid(ddd5a99a3e9455a4a898056c78eab686) Importer(815301076,1909f56bfc062723c751e8b465ee728b) (PreviewImporter) -> (artifact id: '080d3012d5166e2d38c87ae1b8eca713') in 0.0229688 seconds
Number of updated asset objects reloaded before import = 0Number of asset objects unloaded after import = 17

========================================================================
Received Import Request.
  Time since last request: 0.000030 seconds.
  path: Assets/Synty/PolygonShops/Prefabs/Food/SM_Prop_Food_Sushi_01.prefab
  artifactKey: Guid(e33fde0f2ad3ba84595d289e2924016c) Importer(815301076,1909f56bfc062723c751e8b465ee728b)
Start importing Assets/Synty/PolygonShops/Prefabs/Food/SM_Prop_Food_Sushi_01.prefab using Guid(e33fde0f2ad3ba84595d289e2924016c) Importer(815301076,1909f56bfc062723c751e8b465ee728b) (PreviewImporter) -> (artifact id: '67290bc1488dffaba4825008cda4f90e') in 0.0223106 seconds
Number of updated asset objects reloaded before import = 0Number of asset objects unloaded after import = 17

========================================================================
Received Import Request.
  Time since last request: 1.583004 seconds.
  path: Assets/Synty/PolygonShops/Prefabs/Food/SM_Prop_Food_Tomato_Slice_01.prefab
  artifactKey: Guid(1e7460b02bfed0942a67e16a39e51587) Importer(815301076,1909f56bfc062723c751e8b465ee728b)
Start importing Assets/Synty/PolygonShops/Prefabs/Food/SM_Prop_Food_Tomato_Slice_01.prefab using Guid(1e7460b02bfed0942a67e16a39e51587) Importer(815301076,1909f56bfc062723c751e8b465ee728b) (PreviewImporter) -> (artifact id: '234111cb1196b780fef132d84705ea7d') in 0.0286094 seconds
Number of updated asset objects reloaded before import = 0Number of asset objects unloaded after import = 17

========================================================================
Received Import Request.
  Time since last request: 0.427474 seconds.
  path: Assets/Synty/PolygonShops/Prefabs/Food/SM_Prop_Food_Tray_01_Food_05.prefab
  artifactKey: Guid(08d8b05cf134ff74a907b107caae9048) Importer(815301076,1909f56bfc062723c751e8b465ee728b)
Start importing Assets/Synty/PolygonShops/Prefabs/Food/SM_Prop_Food_Tray_01_Food_05.prefab using Guid(08d8b05cf134ff74a907b107caae9048) Importer(815301076,1909f56bfc062723c751e8b465ee728b) (PreviewImporter) -> (artifact id: 'd0e75257c799f2a48095486b481209d7') in 0.0267762 seconds
Number of updated asset objects reloaded before import = 0Number of asset objects unloaded after import = 17

Editor requested this worker to shutdown with reason: Scaling down because of idle timeout
AssetImportWorker is now disconnected from the server
Process exiting
Exiting without the bug reporter. Application will terminate with return code 0