[Licensing::Module] Trying to connect to existing licensing client channel...
Built from '6000.3/staging' branch; Version is '6000.3.13f1 (8c4f11e4fb20) revision 9195281'; Using compiler version '194234433'; Build Type 'Release'
OS: 'Windows 11  (10.0.26200) Core' Language: 'en' Physical Memory: 32347 MB
[Licensing::IpcConnector] Successfully connected to: "LicenseClient-zieli" at "2026-04-21T22:32:49.4082387Z"
BatchMode: 1, IsHumanControllingUs: 0, StartBugReporterOnCrash: 0, Is64bit: 1
System  architecture: x64
Process architecture: x64
Date: 2026-04-21T22:32:49Z

COMMAND LINE ARGUMENTS:
C:\Program Files\Unity\Hub\Editor\6000.3.13f1\Editor\Unity.exe
-adb2
-batchMode
-noUpm
-name
AssetImportWorker22
-projectPath
C:/Game Development/DisasterDiner
-logFile
Logs/AssetImportWorker22.log
-srvPort
60058
-licensingIpc
LicenseClient-zieli
-job-worker-count
7
-background-job-worker-count
8
-gc-helper-count
1
-name
AssetImport
Successfully changed project path to: C:/Game Development/DisasterDiner
C:/Game Development/DisasterDiner
[UnityMemory] Configuration Parameters - Can be set up in boot.config
    "memorysetup-temp-allocator-size-nav-mesh-worker=65536"
    "memorysetup-temp-allocator-size-audio-worker=65536"
    "memorysetup-temp-allocator-size-gfx=262144"
    "memorysetup-allocator-temp-initial-block-size-main=262144"
    "memorysetup-allocator-temp-initial-block-size-worker=262144"
    "memorysetup-temp-allocator-size-background-worker=32768"
    "memorysetup-temp-allocator-size-job-worker=262144"
    "memorysetup-temp-allocator-size-preload-manager=33554432"
    "memorysetup-temp-allocator-size-gi-baking-worker=262144"
    "memorysetup-temp-allocator-size-gi-baking-worker=262144"
    "memorysetup-temp-allocator-size-gi-baking-worker=262144"
    "memorysetup-temp-allocator-size-gi-baking-worker=262144"
    "memorysetup-temp-allocator-size-gi-baking-worker=262144"
    "memorysetup-bucket-allocator-granularity=16"
    "memorysetup-bucket-allocator-bucket-count=8"
    "memorysetup-bucket-allocator-block-size=33554432"
    "memorysetup-bucket-allocator-block-count=8"
    "memorysetup-main-allocator-block-size=16777216"
    "memorysetup-thread-allocator-block-size=16777216"
    "memorysetup-gfx-main-allocator-block-size=16777216"
    "memorysetup-gfx-thread-allocator-block-size=16777216"
    "memorysetup-cache-allocator-block-size=4194304"
    "memorysetup-typetree-allocator-block-size=2097152"
    "memorysetup-profiler-bucket-allocator-granularity=16"
    "memorysetup-profiler-bucket-allocator-bucket-count=8"
    "memorysetup-profiler-bucket-allocator-block-size=33554432"
    "memorysetup-profiler-bucket-allocator-block-count=8"
    "memorysetup-profiler-allocator-block-size=16777216"
    "memorysetup-profiler-editor-allocator-block-size=1048576"
    "memorysetup-temp-allocator-size-main=16777216"
    "memorysetup-job-temp-allocator-block-size=2097152"
    "memorysetup-job-temp-allocator-block-size-background=1048576"
    "memorysetup-job-temp-allocator-reduction-small-platforms=262144"
    "memorysetup-temp-allocator-size-cloud-worker=32768"
Player connection [10432]  Target information:

Player connection [10432]  * "[IP] 192.168.86.22 [Port] 0 [Flags] 2 [Guid] 2672561226 [EditorId] 2672561226 [Version] 1048832 [Id] WindowsEditor(7,Johns_PC) [Debug] 1 [PackageName] WindowsEditor [ProjectName] Editor" 

Player connection [10432] Host joined multi-casting on [225.0.0.222:54997]...
Player connection [10432] Host joined alternative multi-casting on [225.0.0.222:34997]...
JobSystem: Creating JobQueue using job-worker-count value 7
Input System module state changed to: Initialized.
[Physics::Module] Initialized fallback backend.
[Physics::Module] Id: 0xdecafbad
Library Redirect Path: Library/
[Physics::Module] Selected backend.
[Physics::Module] Name: PhysX
[Physics::Module] Id: 0xf2b8ea05
[Physics::Module] SDK Version: 4.1.2
[Physics::Module] Integration Version: 1.0.0
[Physics::Module] Threading Mode: Multi-Threaded
Refreshing native plugins compatible for Editor in 3.88 ms, found 4 plugins.
Preloading 0 native plugins for Editor in 0.00 ms.
Initialize engine version: 6000.3.13f1 (8c4f11e4fb20)
[Subsystems] Discovering subsystems at path C:/Program Files/Unity/Hub/Editor/6000.3.13f1/Editor/Data/Resources/UnitySubsystems
[Subsystems] Discovering subsystems at path C:/Game Development/DisasterDiner/Assets
GfxDevice: creating device client; kGfxThreadingModeNonThreaded
Direct3D:
    Version:  Direct3D 11.0 [level 11.1]
    Renderer: NVIDIA GeForce RTX 4070 SUPER (ID=0x2783)
    Vendor:   NVIDIA
    VRAM:     11999 MB
    Driver:   32.0.15.8157
Initialize mono
Mono path[0] = 'C:/Program Files/Unity/Hub/Editor/6000.3.13f1/Editor/Data/Managed'
Mono path[1] = 'C:/Program Files/Unity/Hub/Editor/6000.3.13f1/Editor/Data/MonoBleedingEdge/lib/mono/unityjit-win32'
Mono config path = 'C:/Program Files/Unity/Hub/Editor/6000.3.13f1/Editor/Data/MonoBleedingEdge/etc'
Using monoOptions --debugger-agent=transport=dt_socket,embedding=1,server=y,suspend=n,address=127.0.0.1:56080
Begin MonoManager ReloadAssembly
Registering precompiled unity dll's ...
Register platform support module: C:/Program Files/Unity/Hub/Editor/6000.3.13f1/Editor/Data/PlaybackEngines/WindowsStandaloneSupport/UnityEditor.WindowsStandalone.Extensions.dll
Registered in 0.001560 seconds.
- Loaded All Assemblies, in  0.393 seconds
[Licensing::Client] Error: HandshakeResponse reported an error:
	ResponseCode: 505
	ResponseStatus: Unsupported protocol version '1.18.1'.
[Licensing::Module] Error: Failed to handshake to channel: "LicenseClient-zieli"
[Licensing::IpcConnector] LicenseClient-zieli channel disconnected successfully.
[Licensing::IpcConnector] Successfully connected to: "LicenseClient-zieli-6000.3.13" at "2026-04-21T22:32:50.3809739Z"
Native extension for WindowsStandalone target not found
Package Manager log level set to [2]
[Package Manager] Failed to launch server process. Reason: Unity was launched with the -noUpm command-line argument
[Package Manager] Unable to send message (not connected to server process).
[Package Manager] Cannot connect to Unity Package Manager local server
ScheduleIndexationOnStartup MainProcess:False IndexOnStartup:True
Mono: successfully reloaded assembly
- Finished resetting the current domain, in  0.410 seconds
Domain Reload Profiling: 800ms
	BeginReloadAssembly (120ms)
		ExecutionOrderSort (0ms)
		DisableScriptedObjects (0ms)
		BackupInstance (0ms)
		ReleaseScriptingObjects (0ms)
		CreateAndSetChildDomain (1ms)
	RebuildCommonClasses (33ms)
	RebuildNativeTypeToScriptingClass (13ms)
	initialDomainReloadingComplete (43ms)
	LoadAllAssembliesAndSetupDomain (181ms)
		LoadAssemblies (117ms)
		RebuildTransferFunctionScriptingTraits (0ms)
		AnalyzeDomain (178ms)
			TypeCache.Refresh (177ms)
				TypeCache.ScanAssembly (163ms)
			BuildScriptInfoCaches (0ms)
			ResolveRequiredComponents (0ms)
	FinalizeReload (410ms)
		ReleaseScriptCaches (0ms)
		RebuildScriptCaches (0ms)
		SetupLoadedEditorAssemblies (354ms)
			LogAssemblyErrors (0ms)
			InitializePlatformSupportModulesInManaged (57ms)
			SetLoadedEditorAssemblies (5ms)
			BeforeProcessingInitializeOnLoad (79ms)
			ProcessInitializeOnLoadAttributes (138ms)
			ProcessInitializeOnLoadMethodAttributes (75ms)
			AfterProcessingInitializeOnLoad (0ms)
			EditorAssembliesLoaded (0ms)
		ExecutionOrderSort2 (0ms)
		AwakeInstancesAfterBackupRestoration (0ms)
========================================================================
Worker process is ready to serve import requests
Import Worker Mode flag is 0x00
Begin MonoManager ReloadAssembly
[Licensing::Module] Licensing is not yet initialized.
[Licensing::Client] Handshaking with LicensingClient:
  Version:                 1.18.1+9fbee8e
  Session Id:              322cba5092ff4d0293f06f3b00ff9797
  Correlation Id:          2b999b7551c4f1abd27547e4a7907d59
  External correlation Id: 3895028837861545924
  Machine Id:              a0OP954qVZmt5azPS5PrvPW5hTY=
[Licensing::Module] Successfully connected to LicensingClient on channel: "LicenseClient-zieli-6000.3.13" (connect: 0.00s, validation: 0.00s, handshake: 0.91s)
[Licensing::IpcConnector] Successfully connected to: "LicenseClient-zieli-6000.3.13-notifications" at "2026-04-21T22:32:51.2954467Z"
[Licensing::Module] Licensing Background thread has ended after 1.89s
[Licensing::Module] Licensing is initialized (took 0.27s).
[Licensing::Client] Successfully resolved entitlement details
[Licensing::Module] License group:
  Id: 2475483376267-UnityPersXXXX
  Product: Unity Personal
  Type: Assigned
  Expiration: Unlimited
- Loaded All Assemblies, in  0.987 seconds
Refreshing native plugins compatible for Editor in 1.52 ms, found 4 plugins.
Native extension for WindowsStandalone target not found
[Package Manager] Failed to launch server process. Reason: Unity was launched with the -noUpm command-line argument
[Package Manager] Unable to send message (not connected to server process).
[Package Manager] Cannot connect to Unity Package Manager local server
Refreshing native plugins compatible for Editor in 1.35 ms, found 4 plugins.
[Package Manager] Failed to launch server process. Reason: Unity was launched with the -noUpm command-line argument
[Package Manager] Unable to send message (not connected to server process).
[Package Manager] Cannot connect to Unity Package Manager local server
ScheduleIndexationOnStartup MainProcess:False IndexOnStartup:True
Mono: successfully reloaded assembly
- Finished resetting the current domain, in  0.587 seconds
Domain Reload Profiling: 1568ms
	BeginReloadAssembly (420ms)
		ExecutionOrderSort (0ms)
		DisableScriptedObjects (4ms)
		BackupInstance (0ms)
		ReleaseScriptingObjects (0ms)
		CreateAndSetChildDomain (26ms)
	RebuildCommonClasses (43ms)
	RebuildNativeTypeToScriptingClass (13ms)
	initialDomainReloadingComplete (43ms)
	LoadAllAssembliesAndSetupDomain (461ms)
		LoadAssemblies (330ms)
		RebuildTransferFunctionScriptingTraits (0ms)
		AnalyzeDomain (212ms)
			TypeCache.Refresh (158ms)
				TypeCache.ScanAssembly (147ms)
			BuildScriptInfoCaches (43ms)
			ResolveRequiredComponents (7ms)
	FinalizeReload (588ms)
		ReleaseScriptCaches (0ms)
		RebuildScriptCaches (0ms)
		SetupLoadedEditorAssemblies (427ms)
			LogAssemblyErrors (0ms)
			InitializePlatformSupportModulesInManaged (1ms)
			SetLoadedEditorAssemblies (3ms)
			BeforeProcessingInitializeOnLoad (98ms)
			ProcessInitializeOnLoadAttributes (269ms)
			ProcessInitializeOnLoadMethodAttributes (49ms)
			AfterProcessingInitializeOnLoad (6ms)
			EditorAssembliesLoaded (0ms)
		ExecutionOrderSort2 (0ms)
		AwakeInstancesAfterBackupRestoration (7ms)
Launched and connected shader compiler UnityShaderCompiler.exe after 0.01 seconds
Refreshing native plugins compatible for Editor in 1.66 ms, found 4 plugins.
Preloading 0 native plugins for Editor in 0.00 ms.
Unloading 16 Unused Serialized files (Serialized files now loaded: 0)
Unloading 6447 unused Assets / (4.9 MB). Loaded Objects now: 7244.
Memory consumption went from 156.9 MB to 152.0 MB.
Total: 6.528700 ms (FindLiveObjects: 0.545800 ms CreateObjectMapping: 0.328000 ms MarkObjects: 3.783500 ms  DeleteObjects: 1.870100 ms)

========================================================================
Received Import Request.
  Time since last request: 3791.548386 seconds.
  path: Assets/Synty/PolygonApocalypse/Prefabs/Environment/SM_Env_Sidewalk_Merger_01.prefab
  artifactKey: Guid(ee8c123782bc78b41bbf1211d731eb70) Importer(815301076,1909f56bfc062723c751e8b465ee728b)
Start importing Assets/Synty/PolygonApocalypse/Prefabs/Environment/SM_Env_Sidewalk_Merger_01.prefab using Guid(ee8c123782bc78b41bbf1211d731eb70) Importer(815301076,1909f56bfc062723c751e8b465ee728b) (PreviewImporter) -> (artifact id: '47da9e24729737b03243ad577495bcc0') in 0.406089 seconds
Number of updated asset objects reloaded before import = 0Number of asset objects unloaded after import = 19

========================================================================
Received Import Request.
  Time since last request: 0.516503 seconds.
  path: Assets/Scenes/SampleScene.unity
  artifactKey: Guid(99c9720ab356a0642a771bea13969a05) Importer(2089858483,b0f066a214c2f5e87bad3c948f4d605d)
Start importing Assets/Scenes/SampleScene.unity using Guid(99c9720ab356a0642a771bea13969a05) Importer(2089858483,b0f066a214c2f5e87bad3c948f4d605d) (ScriptedImporter) -> (artifact id: '633572d7afa257952515b1511edc59ed') in 0.0432113 seconds
Number of updated asset objects reloaded before import = 0Number of asset objects unloaded after import = 1

========================================================================
Received Import Request.
  Time since last request: 19.149389 seconds.
  path: Assets/Synty/PolygonApocalypse/Prefabs/Environment/SM_Env_Sidewalk_Corner_08.prefab
  artifactKey: Guid(bbc1e794dd42fb54b8db75d36778aab7) Importer(815301076,1909f56bfc062723c751e8b465ee728b)
Start importing Assets/Synty/PolygonApocalypse/Prefabs/Environment/SM_Env_Sidewalk_Corner_08.prefab using Guid(bbc1e794dd42fb54b8db75d36778aab7) Importer(815301076,1909f56bfc062723c751e8b465ee728b) (PreviewImporter) -> (artifact id: '8e999e8e6f27ec3bff9d39da82ba4387') in 0.1183501 seconds
Number of updated asset objects reloaded before import = 0Number of asset objects unloaded after import = 19

========================================================================
Received Import Request.
  Time since last request: 0.187494 seconds.
  path: Assets/Synty/PolygonApocalypse/Prefabs/Environment/SM_Env_Sidewalk_Corner_04.prefab
  artifactKey: Guid(e1f70d0b300a7ef41ab1b5dffa5bc6e2) Importer(815301076,1909f56bfc062723c751e8b465ee728b)
Start importing Assets/Synty/PolygonApocalypse/Prefabs/Environment/SM_Env_Sidewalk_Corner_04.prefab using Guid(e1f70d0b300a7ef41ab1b5dffa5bc6e2) Importer(815301076,1909f56bfc062723c751e8b465ee728b) (PreviewImporter) -> (artifact id: 'f012dda7e5fd17ba18e6bdeff46e2ca0') in 0.098866 seconds
Number of updated asset objects reloaded before import = 0Number of asset objects unloaded after import = 19

========================================================================
Received Import Request.
  Time since last request: 69.743179 seconds.
  path: Assets/Scenes/SampleScene.unity
  artifactKey: Guid(99c9720ab356a0642a771bea13969a05) Importer(2089858483,b0f066a214c2f5e87bad3c948f4d605d)
Start importing Assets/Scenes/SampleScene.unity using Guid(99c9720ab356a0642a771bea13969a05) Importer(2089858483,b0f066a214c2f5e87bad3c948f4d605d) (ScriptedImporter) -> (artifact id: 'a495c69296b4877496c4cd6e8609eb7d') in 0.0096619 seconds
Number of updated asset objects reloaded before import = 0Number of asset objects unloaded after import = 1

========================================================================
Received Import Request.
  Time since last request: 88.892761 seconds.
  path: Assets/Scenes/SampleScene.unity
  artifactKey: Guid(99c9720ab356a0642a771bea13969a05) Importer(2089858483,b0f066a214c2f5e87bad3c948f4d605d)
Start importing Assets/Scenes/SampleScene.unity using Guid(99c9720ab356a0642a771bea13969a05) Importer(2089858483,b0f066a214c2f5e87bad3c948f4d605d) (ScriptedImporter) -> (artifact id: '5804fb58e3df21746e3ca499b1e8eb0e') in 0.0102143 seconds
Number of updated asset objects reloaded before import = 0Number of asset objects unloaded after import = 1

========================================================================
Received Import Request.
  Time since last request: 50.542770 seconds.
  path: Assets/Scenes/SampleScene.unity
  artifactKey: Guid(99c9720ab356a0642a771bea13969a05) Importer(2089858483,b0f066a214c2f5e87bad3c948f4d605d)
Start importing Assets/Scenes/SampleScene.unity using Guid(99c9720ab356a0642a771bea13969a05) Importer(2089858483,b0f066a214c2f5e87bad3c948f4d605d) (ScriptedImporter) -> (artifact id: '978f0a3ccc04666a54a4b23479dd64c1') in 0.0116261 seconds
Number of updated asset objects reloaded before import = 0Number of asset objects unloaded after import = 1

========================================================================
Received Import Request.
  Time since last request: 9.202499 seconds.
  path: Assets/Synty/PolygonApocalypse/Prefabs/Vehicles/SM_Veh_Ambulance_01.prefab
  artifactKey: Guid(23df9b66f37ce374088d8822ba2fe4b4) Importer(815301076,1909f56bfc062723c751e8b465ee728b)
Start importing Assets/Synty/PolygonApocalypse/Prefabs/Vehicles/SM_Veh_Ambulance_01.prefab using Guid(23df9b66f37ce374088d8822ba2fe4b4) Importer(815301076,1909f56bfc062723c751e8b465ee728b) (PreviewImporter) -> (artifact id: 'debdf0d49f211e70c75827e876775ecb') in 0.0550301 seconds
Number of updated asset objects reloaded before import = 0Number of asset objects unloaded after import = 97

========================================================================
Received Import Request.
  Time since last request: 0.000024 seconds.
  path: Assets/Synty/PolygonApocalypse/Prefabs/Vehicles/SM_Veh_BigRig_Trailer_Tanker_Damaged_01.prefab
  artifactKey: Guid(1f098958311da814eb80bf0a6c359aa9) Importer(815301076,1909f56bfc062723c751e8b465ee728b)
Start importing Assets/Synty/PolygonApocalypse/Prefabs/Vehicles/SM_Veh_BigRig_Trailer_Tanker_Damaged_01.prefab using Guid(1f098958311da814eb80bf0a6c359aa9) Importer(815301076,1909f56bfc062723c751e8b465ee728b) (PreviewImporter) -> (artifact id: '9072ab73f506ef6c0bbc19f1651d1508') in 0.0237711 seconds
Number of updated asset objects reloaded before import = 0Number of asset objects unloaded after import = 16

========================================================================
Received Import Request.
  Time since last request: 0.000029 seconds.
  path: Assets/Synty/PolygonApocalypse/Prefabs/Vehicles/SM_Veh_Muscle_01.prefab
  artifactKey: Guid(142475bf32587464f86a974127ca5f1c) Importer(815301076,1909f56bfc062723c751e8b465ee728b)
Start importing Assets/Synty/PolygonApocalypse/Prefabs/Vehicles/SM_Veh_Muscle_01.prefab using Guid(142475bf32587464f86a974127ca5f1c) Importer(815301076,1909f56bfc062723c751e8b465ee728b) (PreviewImporter) -> (artifact id: 'dab5fb8d58cc363d8f041c0492fe5da7') in 0.0297402 seconds
Number of updated asset objects reloaded before import = 0Number of asset objects unloaded after import = 82

========================================================================
Received Import Request.
  Time since last request: 0.000027 seconds.
  path: Assets/Synty/PolygonApocalypse/Prefabs/Vehicles/SM_Veh_Ute_01.prefab
  artifactKey: Guid(0ecf00181b469b2438043da6adbb8de7) Importer(815301076,1909f56bfc062723c751e8b465ee728b)
Start importing Assets/Synty/PolygonApocalypse/Prefabs/Vehicles/SM_Veh_Ute_01.prefab using Guid(0ecf00181b469b2438043da6adbb8de7) Importer(815301076,1909f56bfc062723c751e8b465ee728b) (PreviewImporter) -> (artifact id: '96629b70687727aa8e358a4fba30cbd0') in 0.03231 seconds
Number of updated asset objects reloaded before import = 0Number of asset objects unloaded after import = 89

========================================================================
Received Import Request.
  Time since last request: 0.000027 seconds.
  path: Assets/Synty/PolygonApocalypse/Prefabs/Vehicles/SM_Veh_NewsVan_01.prefab
  artifactKey: Guid(3f7bfd9d8ed0e494fb30060acd925091) Importer(815301076,1909f56bfc062723c751e8b465ee728b)
Start importing Assets/Synty/PolygonApocalypse/Prefabs/Vehicles/SM_Veh_NewsVan_01.prefab using Guid(3f7bfd9d8ed0e494fb30060acd925091) Importer(815301076,1909f56bfc062723c751e8b465ee728b) (PreviewImporter) -> (artifact id: 'deb3d97cfdd9ce384de51b6465e5f207') in 0.0319851 seconds
Number of updated asset objects reloaded before import = 0Number of asset objects unloaded after import = 102

========================================================================
Received Import Request.
  Time since last request: 0.000023 seconds.
  path: Assets/Synty/PolygonApocalypse/Prefabs/Vehicles/SM_Veh_HotRod_01.prefab
  artifactKey: Guid(ac9102f1356132243931a01c705f2f8a) Importer(815301076,1909f56bfc062723c751e8b465ee728b)
Start importing Assets/Synty/PolygonApocalypse/Prefabs/Vehicles/SM_Veh_HotRod_01.prefab using Guid(ac9102f1356132243931a01c705f2f8a) Importer(815301076,1909f56bfc062723c751e8b465ee728b) (PreviewImporter) -> (artifact id: '73dbd5beb8d2825b0036b68025c69d48') in 0.0266303 seconds
Number of updated asset objects reloaded before import = 0Number of asset objects unloaded after import = 92

========================================================================
Received Import Request.
  Time since last request: 0.000030 seconds.
  path: Assets/Synty/PolygonApocalypse/Prefabs/Vehicles/SM_Veh_Motorbike_01.prefab
  artifactKey: Guid(4d8b266a25d81e342a65a40c39c6a6ac) Importer(815301076,1909f56bfc062723c751e8b465ee728b)
Start importing Assets/Synty/PolygonApocalypse/Prefabs/Vehicles/SM_Veh_Motorbike_01.prefab using Guid(4d8b266a25d81e342a65a40c39c6a6ac) Importer(815301076,1909f56bfc062723c751e8b465ee728b) (PreviewImporter) -> (artifact id: 'd107134d9b635306550ae109e5b967ec') in 0.0232957 seconds
Number of updated asset objects reloaded before import = 0Number of asset objects unloaded after import = 43

========================================================================
Received Import Request.
  Time since last request: 0.000022 seconds.
  path: Assets/Synty/PolygonApocalypse/Prefabs/Vehicles/SM_Veh_Motorbike_Apoco_01.prefab
  artifactKey: Guid(32684c090c48c8b40bfc7d8845741599) Importer(815301076,1909f56bfc062723c751e8b465ee728b)
Start importing Assets/Synty/PolygonApocalypse/Prefabs/Vehicles/SM_Veh_Motorbike_Apoco_01.prefab using Guid(32684c090c48c8b40bfc7d8845741599) Importer(815301076,1909f56bfc062723c751e8b465ee728b) (PreviewImporter) -> (artifact id: 'feb3ee4153c6cd55113c07102b257f5c') in 0.023324 seconds
Number of updated asset objects reloaded before import = 0Number of asset objects unloaded after import = 43

========================================================================
Received Import Request.
  Time since last request: 0.000022 seconds.
  path: Assets/Synty/PolygonApocalypse/Prefabs/Vehicles/SM_Veh_BigRig_Trailer_Logs_Frame_01.prefab
  artifactKey: Guid(a4f85c042b455cd4699aa88e19190818) Importer(815301076,1909f56bfc062723c751e8b465ee728b)
Start importing Assets/Synty/PolygonApocalypse/Prefabs/Vehicles/SM_Veh_BigRig_Trailer_Logs_Frame_01.prefab using Guid(a4f85c042b455cd4699aa88e19190818) Importer(815301076,1909f56bfc062723c751e8b465ee728b) (PreviewImporter) -> (artifact id: '99a498fadeb528107ee8a08ae870445f') in 0.0240216 seconds
Number of updated asset objects reloaded before import = 0Number of asset objects unloaded after import = 22

========================================================================
Received Import Request.
  Time since last request: 0.000021 seconds.
  path: Assets/Synty/PolygonApocalypse/Prefabs/Vehicles/SM_Veh_Caravan_01.prefab
  artifactKey: Guid(d3e137c6224f93445a3c8efa136c1800) Importer(815301076,1909f56bfc062723c751e8b465ee728b)
Start importing Assets/Synty/PolygonApocalypse/Prefabs/Vehicles/SM_Veh_Caravan_01.prefab using Guid(d3e137c6224f93445a3c8efa136c1800) Importer(815301076,1909f56bfc062723c751e8b465ee728b) (PreviewImporter) -> (artifact id: 'a4908acdfb26b4b2c57fa0d9eb142bcc') in 0.0264862 seconds
Number of updated asset objects reloaded before import = 0Number of asset objects unloaded after import = 55

========================================================================
Received Import Request.
  Time since last request: 0.000028 seconds.
  path: Assets/Synty/PolygonApocalypse/Prefabs/Vehicles/SM_Veh_BigRig_Trailer_Logs_01.prefab
  artifactKey: Guid(bc96db6e4f8175149a0b3576ad1da370) Importer(815301076,1909f56bfc062723c751e8b465ee728b)
Start importing Assets/Synty/PolygonApocalypse/Prefabs/Vehicles/SM_Veh_BigRig_Trailer_Logs_01.prefab using Guid(bc96db6e4f8175149a0b3576ad1da370) Importer(815301076,1909f56bfc062723c751e8b465ee728b) (PreviewImporter) -> (artifact id: '9f5d5bbed675ce920cc176a889cbc6f3') in 0.0249045 seconds
Number of updated asset objects reloaded before import = 0Number of asset objects unloaded after import = 16

========================================================================
Received Import Request.
  Time since last request: 32.416844 seconds.
  path: Assets/Synty/PolygonApocalypse/Prefabs/Vehicles/SM_Veh_Ambulance_01.prefab
  artifactKey: Guid(23df9b66f37ce374088d8822ba2fe4b4) Importer(815301076,1909f56bfc062723c751e8b465ee728b)
Start importing Assets/Synty/PolygonApocalypse/Prefabs/Vehicles/SM_Veh_Ambulance_01.prefab using Guid(23df9b66f37ce374088d8822ba2fe4b4) Importer(815301076,1909f56bfc062723c751e8b465ee728b) (PreviewImporter) -> (artifact id: '92a4f56a9e031fc6830d101e7db58960') in 0.0195015 seconds
Number of updated asset objects reloaded before import = 0Number of asset objects unloaded after import = 97

========================================================================
Received Import Request.
  Time since last request: 0.000020 seconds.
  path: Assets/Synty/PolygonApocalypse/Prefabs/Vehicles/SM_Veh_Ute_01.prefab
  artifactKey: Guid(0ecf00181b469b2438043da6adbb8de7) Importer(815301076,1909f56bfc062723c751e8b465ee728b)
Start importing Assets/Synty/PolygonApocalypse/Prefabs/Vehicles/SM_Veh_Ute_01.prefab using Guid(0ecf00181b469b2438043da6adbb8de7) Importer(815301076,1909f56bfc062723c751e8b465ee728b) (PreviewImporter) -> (artifact id: '16b5504b71bd198a7207c065d962962e') in 0.012929 seconds
Number of updated asset objects reloaded before import = 0Number of asset objects unloaded after import = 89

========================================================================
Received Import Request.
  Time since last request: 0.000029 seconds.
  path: Assets/Synty/PolygonApocalypse/Prefabs/Vehicles/SM_Veh_Camper_01.prefab
  artifactKey: Guid(62708f4ef55dc8944aba4c0986f5194e) Importer(815301076,1909f56bfc062723c751e8b465ee728b)
Start importing Assets/Synty/PolygonApocalypse/Prefabs/Vehicles/SM_Veh_Camper_01.prefab using Guid(62708f4ef55dc8944aba4c0986f5194e) Importer(815301076,1909f56bfc062723c751e8b465ee728b) (PreviewImporter) -> (artifact id: '5b4ae99dab846d680a86285f1082958a') in 0.020233 seconds
Number of updated asset objects reloaded before import = 0Number of asset objects unloaded after import = 89

========================================================================
Received Import Request.
  Time since last request: 0.000018 seconds.
  path: Assets/Synty/PolygonApocalypse/Prefabs/Vehicles/SM_Veh_Prison_Bus_01.prefab
  artifactKey: Guid(fe5ed12131487254b846805388248640) Importer(815301076,1909f56bfc062723c751e8b465ee728b)
Start importing Assets/Synty/PolygonApocalypse/Prefabs/Vehicles/SM_Veh_Prison_Bus_01.prefab using Guid(fe5ed12131487254b846805388248640) Importer(815301076,1909f56bfc062723c751e8b465ee728b) (PreviewImporter) -> (artifact id: '35fb7239fc25fd6b2db3947da1140c3d') in 0.0167793 seconds
Number of updated asset objects reloaded before import = 0Number of asset objects unloaded after import = 84

========================================================================
Received Import Request.
  Time since last request: 0.000018 seconds.
  path: Assets/Synty/PolygonApocalypse/Prefabs/Vehicles/SM_Veh_HotRod_01.prefab
  artifactKey: Guid(ac9102f1356132243931a01c705f2f8a) Importer(815301076,1909f56bfc062723c751e8b465ee728b)
Start importing Assets/Synty/PolygonApocalypse/Prefabs/Vehicles/SM_Veh_HotRod_01.prefab using Guid(ac9102f1356132243931a01c705f2f8a) Importer(815301076,1909f56bfc062723c751e8b465ee728b) (PreviewImporter) -> (artifact id: '1182f14aa53743811164553dfbb910c2') in 0.0142229 seconds
Number of updated asset objects reloaded before import = 0Number of asset objects unloaded after import = 92

========================================================================
Received Import Request.
  Time since last request: 0.672325 seconds.
  path: Assets/Synty/PolygonApocalypse/Materials/Misc/Vehicle_Glass_01.mat
  artifactKey: Guid(569d56bd8be49434a947c7238e1bf4e9) Importer(2089858483,b0f066a214c2f5e87bad3c948f4d605d)
Start importing Assets/Synty/PolygonApocalypse/Materials/Misc/Vehicle_Glass_01.mat using Guid(569d56bd8be49434a947c7238e1bf4e9) Importer(2089858483,b0f066a214c2f5e87bad3c948f4d605d) (ScriptedImporter) -> (artifact id: '4236d007ab7b1b31d3ca074222f9f337') in 0.0274915 seconds
Number of updated asset objects reloaded before import = 0Number of asset objects unloaded after import = 7

========================================================================
Received Import Request.
  Time since last request: 99.933176 seconds.
  path: Assets/Scenes/SampleScene.unity
  artifactKey: Guid(99c9720ab356a0642a771bea13969a05) Importer(2089858483,b0f066a214c2f5e87bad3c948f4d605d)
Start importing Assets/Scenes/SampleScene.unity using Guid(99c9720ab356a0642a771bea13969a05) Importer(2089858483,b0f066a214c2f5e87bad3c948f4d605d) (ScriptedImporter) -> (artifact id: '109dadc4826b40d6804fc5f3cb2b8554') in 0.0107365 seconds
Number of updated asset objects reloaded before import = 0Number of asset objects unloaded after import = 1

========================================================================
Received Import Request.
  Time since last request: 37.389331 seconds.
  path: Assets/Scenes/SampleScene.unity
  artifactKey: Guid(99c9720ab356a0642a771bea13969a05) Importer(2089858483,b0f066a214c2f5e87bad3c948f4d605d)
Start importing Assets/Scenes/SampleScene.unity using Guid(99c9720ab356a0642a771bea13969a05) Importer(2089858483,b0f066a214c2f5e87bad3c948f4d605d) (ScriptedImporter) -> (artifact id: '4f69ed0428752996f3e17ac29bf21df1') in 0.010306 seconds
Number of updated asset objects reloaded before import = 0Number of asset objects unloaded after import = 1

========================================================================
Received Import Request.
  Time since last request: 149.200490 seconds.
  path: Assets/Synty/PolygonApocalypse/Prefabs/Scenes/Demo_City_Standard_RenderPipeline
  artifactKey: Guid(1cfc9a8ad201cdd41bc0f63cd8159270) Importer(2089858483,b0f066a214c2f5e87bad3c948f4d605d)
Start importing Assets/Synty/PolygonApocalypse/Prefabs/Scenes/Demo_City_Standard_RenderPipeline using Guid(1cfc9a8ad201cdd41bc0f63cd8159270) Importer(2089858483,b0f066a214c2f5e87bad3c948f4d605d) (ScriptedImporter) -> (artifact id: '50088d23f12b78dbb89f71b240eee462') in 0.0099386 seconds
Number of updated asset objects reloaded before import = 0Number of asset objects unloaded after import = 1

========================================================================
Received Import Request.
  Time since last request: 0.000021 seconds.
  path: Assets/Synty/PolygonApocalypse/Prefabs/Scenes/Demo_Bunker.unity
  artifactKey: Guid(9a9343b6258d265478953ae557b53a7f) Importer(2089858483,b0f066a214c2f5e87bad3c948f4d605d)
Start importing Assets/Synty/PolygonApocalypse/Prefabs/Scenes/Demo_Bunker.unity using Guid(9a9343b6258d265478953ae557b53a7f) Importer(2089858483,b0f066a214c2f5e87bad3c948f4d605d) (ScriptedImporter) -> (artifact id: '6d41d7d92f445f3d2b0626cde535443e') in 0.0191549 seconds
Number of updated asset objects reloaded before import = 0Number of asset objects unloaded after import = 1

========================================================================
Received Import Request.
  Time since last request: 0.000028 seconds.
  path: Assets/Synty/PolygonApocalypse/Prefabs/Scenes/Demo_Building_Interior_Dressing/PolygonApocalypse_URP_GlobalVol_Dressing.asset
  artifactKey: Guid(d921fb0c19e90b04e8237b80dd0465e5) Importer(2089858483,b0f066a214c2f5e87bad3c948f4d605d)
Start importing Assets/Synty/PolygonApocalypse/Prefabs/Scenes/Demo_Building_Interior_Dressing/PolygonApocalypse_URP_GlobalVol_Dressing.asset using Guid(d921fb0c19e90b04e8237b80dd0465e5) Importer(2089858483,b0f066a214c2f5e87bad3c948f4d605d) (ScriptedImporter) -> (artifact id: 'e8f2b9488af65f3cfed3c4bb5006ff5a') in 0.0123209 seconds
Number of updated asset objects reloaded before import = 0Number of asset objects unloaded after import = 5

========================================================================
Received Import Request.
  Time since last request: 0.000036 seconds.
  path: Assets/Synty/PolygonApocalypse/Prefabs/Scenes/Demo_City_Universal_RenderPipelineSettings.lighting
  artifactKey: Guid(b4e0d23396bf7744eb03573cc88124f2) Importer(2089858483,b0f066a214c2f5e87bad3c948f4d605d)
Start importing Assets/Synty/PolygonApocalypse/Prefabs/Scenes/Demo_City_Universal_RenderPipelineSettings.lighting using Guid(b4e0d23396bf7744eb03573cc88124f2) Importer(2089858483,b0f066a214c2f5e87bad3c948f4d605d) (ScriptedImporter) -> (artifact id: 'cb4abc195569f2ff134d4824fc4898e0') in 0.0305411 seconds
Number of updated asset objects reloaded before import = 0Number of asset objects unloaded after import = 1

========================================================================
Received Import Request.
  Time since last request: 0.000024 seconds.
  path: Assets/Synty/PolygonApocalypse/Prefabs/Scenes/Demo_Building_Interior_Dressing/PolygonApocalypse_URP_GlobalVol_Demo.asset
  artifactKey: Guid(ff9b2155200083c4d8be2ebe7f875ee7) Importer(2089858483,b0f066a214c2f5e87bad3c948f4d605d)
Start importing Assets/Synty/PolygonApocalypse/Prefabs/Scenes/Demo_Building_Interior_Dressing/PolygonApocalypse_URP_GlobalVol_Demo.asset using Guid(ff9b2155200083c4d8be2ebe7f875ee7) Importer(2089858483,b0f066a214c2f5e87bad3c948f4d605d) (ScriptedImporter) -> (artifact id: '771d3791b9f57ed7be7e71c3244db4f8') in 0.0111102 seconds
Number of updated asset objects reloaded before import = 0Number of asset objects unloaded after import = 5

========================================================================
Received Import Request.
  Time since last request: 0.000030 seconds.
  path: Assets/Synty/PolygonApocalypse/Prefabs/Scenes/Demo_City_Universal_RenderPipeline.unity
  artifactKey: Guid(9ca7bdae70c06a546aa612594f2f6ace) Importer(2089858483,b0f066a214c2f5e87bad3c948f4d605d)
Start importing Assets/Synty/PolygonApocalypse/Prefabs/Scenes/Demo_City_Universal_RenderPipeline.unity using Guid(9ca7bdae70c06a546aa612594f2f6ace) Importer(2089858483,b0f066a214c2f5e87bad3c948f4d605d) (ScriptedImporter) -> (artifact id: '56b97e714f53a04d4b15409610a26721') in 0.1586637 seconds
Number of updated asset objects reloaded before import = 0Number of asset objects unloaded after import = 1

========================================================================
Received Import Request.
  Time since last request: 0.000030 seconds.
  path: Assets/Synty/PolygonApocalypse/Prefabs/Scenes/Demo_Building_Interior_DressingSettings.lighting
  artifactKey: Guid(3fb6c81904406b94aafd7bdabe3f1a70) Importer(2089858483,b0f066a214c2f5e87bad3c948f4d605d)
Start importing Assets/Synty/PolygonApocalypse/Prefabs/Scenes/Demo_Building_Interior_DressingSettings.lighting using Guid(3fb6c81904406b94aafd7bdabe3f1a70) Importer(2089858483,b0f066a214c2f5e87bad3c948f4d605d) (ScriptedImporter) -> (artifact id: 'dec20df5c80a42fb5ea2df99e3e5048e') in 0.0108586 seconds
Number of updated asset objects reloaded before import = 0Number of asset objects unloaded after import = 1

========================================================================
Received Import Request.
  Time since last request: 0.000036 seconds.
  path: Assets/Synty/PolygonApocalypse/Prefabs/Scenes
  artifactKey: Guid(17bf61293d9a7e8448479c96a71222b3) Importer(2089858483,b0f066a214c2f5e87bad3c948f4d605d)
Start importing Assets/Synty/PolygonApocalypse/Prefabs/Scenes using Guid(17bf61293d9a7e8448479c96a71222b3) Importer(2089858483,b0f066a214c2f5e87bad3c948f4d605d) (ScriptedImporter) -> (artifact id: '491011071bb290d58d6fabf03abd2c9f') in 0.009177 seconds
Number of updated asset objects reloaded before import = 0Number of asset objects unloaded after import = 1

========================================================================
Received Import Request.
  Time since last request: 5.425632 seconds.
  path: Assets/Synty/PolygonApocalypse/Prefabs/Props/SM_Prop_Aircon_01.prefab
  artifactKey: Guid(770da13b005310b4a85e34b5e7efb20f) Importer(815301076,1909f56bfc062723c751e8b465ee728b)
Start importing Assets/Synty/PolygonApocalypse/Prefabs/Props/SM_Prop_Aircon_01.prefab using Guid(770da13b005310b4a85e34b5e7efb20f) Importer(815301076,1909f56bfc062723c751e8b465ee728b) (PreviewImporter) -> (artifact id: '053d487f7113c3108e678380b9977bb9') in 0.0358015 seconds
Number of updated asset objects reloaded before import = 0Number of asset objects unloaded after import = 18

========================================================================
Received Import Request.
  Time since last request: 0.000029 seconds.
  path: Assets/Synty/PolygonApocalypse/Prefabs/Props/SM_Prop_Ammo_Box_Open_01.prefab
  artifactKey: Guid(7c5f95bf549ddfb43982f6c79702544d) Importer(815301076,1909f56bfc062723c751e8b465ee728b)
Start importing Assets/Synty/PolygonApocalypse/Prefabs/Props/SM_Prop_Ammo_Box_Open_01.prefab using Guid(7c5f95bf549ddfb43982f6c79702544d) Importer(815301076,1909f56bfc062723c751e8b465ee728b) (PreviewImporter) -> (artifact id: '0cd916333eeeab38eb5e5a8ba27132cc') in 0.0338119 seconds
Number of updated asset objects reloaded before import = 0Number of asset objects unloaded after import = 24

========================================================================
Received Import Request.
  Time since last request: 0.000041 seconds.
  path: Assets/Synty/PolygonApocalypse/Prefabs/Props/SM_Prop_Barrel_Old_01.prefab
  artifactKey: Guid(46b7bcd01c72c9148b72bd322a02225c) Importer(815301076,1909f56bfc062723c751e8b465ee728b)
Start importing Assets/Synty/PolygonApocalypse/Prefabs/Props/SM_Prop_Barrel_Old_01.prefab using Guid(46b7bcd01c72c9148b72bd322a02225c) Importer(815301076,1909f56bfc062723c751e8b465ee728b) (PreviewImporter) -> (artifact id: '0550dea464e5a257ae62d4d4d0b90e81') in 0.0300091 seconds
Number of updated asset objects reloaded before import = 0Number of asset objects unloaded after import = 18

========================================================================
Received Import Request.
  Time since last request: 0.000028 seconds.
  path: Assets/Synty/PolygonApocalypse/Prefabs/Props/SM_Prop_Barricade_02.prefab
  artifactKey: Guid(f2a09aca249a5974f939302e6e692654) Importer(815301076,1909f56bfc062723c751e8b465ee728b)
Start importing Assets/Synty/PolygonApocalypse/Prefabs/Props/SM_Prop_Barricade_02.prefab using Guid(f2a09aca249a5974f939302e6e692654) Importer(815301076,1909f56bfc062723c751e8b465ee728b) (PreviewImporter) -> (artifact id: '80325beb3cec363f8d2c59361811a402') in 0.0392987 seconds
Number of updated asset objects reloaded before import = 0Number of asset objects unloaded after import = 18

========================================================================
Received Import Request.
  Time since last request: 0.000024 seconds.
  path: Assets/Synty/PolygonApocalypse/Prefabs/Props/SM_Prop_Barricade_05.prefab
  artifactKey: Guid(da19dd3950955ac42b1374693e1d9bd4) Importer(815301076,1909f56bfc062723c751e8b465ee728b)
Start importing Assets/Synty/PolygonApocalypse/Prefabs/Props/SM_Prop_Barricade_05.prefab using Guid(da19dd3950955ac42b1374693e1d9bd4) Importer(815301076,1909f56bfc062723c751e8b465ee728b) (PreviewImporter) -> (artifact id: '38629193628c585fa172123c16b96ca4') in 0.0322743 seconds
Number of updated asset objects reloaded before import = 0Number of asset objects unloaded after import = 18

========================================================================
Received Import Request.
  Time since last request: 0.000033 seconds.
  path: Assets/Synty/PolygonApocalypse/Prefabs/Props/SM_Prop_Barricade_06.prefab
  artifactKey: Guid(d28a4891033f70e43a28c7f98b426711) Importer(815301076,1909f56bfc062723c751e8b465ee728b)
Start importing Assets/Synty/PolygonApocalypse/Prefabs/Props/SM_Prop_Barricade_06.prefab using Guid(d28a4891033f70e43a28c7f98b426711) Importer(815301076,1909f56bfc062723c751e8b465ee728b) (PreviewImporter) -> (artifact id: '40f42670aaa973a8b9c37494f5ea4aac') in 0.0425344 seconds
Number of updated asset objects reloaded before import = 0Number of asset objects unloaded after import = 18

========================================================================
Received Import Request.
  Time since last request: 0.000047 seconds.
  path: Assets/Synty/PolygonApocalypse/Prefabs/Props/SM_Prop_Barricade_10.prefab
  artifactKey: Guid(58456d9137896fd4b91208aee9409ade) Importer(815301076,1909f56bfc062723c751e8b465ee728b)
Start importing Assets/Synty/PolygonApocalypse/Prefabs/Props/SM_Prop_Barricade_10.prefab using Guid(58456d9137896fd4b91208aee9409ade) Importer(815301076,1909f56bfc062723c751e8b465ee728b) (PreviewImporter) -> (artifact id: '86ec1963cdf18e8c77f321380ec12368') in 0.0376588 seconds
Number of updated asset objects reloaded before import = 0Number of asset objects unloaded after import = 18

========================================================================
Received Import Request.
  Time since last request: 0.000024 seconds.
  path: Assets/Synty/PolygonApocalypse/Prefabs/Props/SM_Prop_Barricade_Concrete_01.prefab
  artifactKey: Guid(15d904bf0b8e0e9419f3ada3b06408ca) Importer(815301076,1909f56bfc062723c751e8b465ee728b)
Start importing Assets/Synty/PolygonApocalypse/Prefabs/Props/SM_Prop_Barricade_Concrete_01.prefab using Guid(15d904bf0b8e0e9419f3ada3b06408ca) Importer(815301076,1909f56bfc062723c751e8b465ee728b) (PreviewImporter) -> (artifact id: '7789762fcad992842dd3ae306d408895') in 0.0374355 seconds
Number of updated asset objects reloaded before import = 0Number of asset objects unloaded after import = 18

========================================================================
Received Import Request.
  Time since last request: 0.000034 seconds.
  path: Assets/Synty/PolygonApocalypse/Prefabs/Props/SM_Prop_Barricade_12.prefab
  artifactKey: Guid(5d77e066c961a134d984c1505bb6ae6b) Importer(815301076,1909f56bfc062723c751e8b465ee728b)
Start importing Assets/Synty/PolygonApocalypse/Prefabs/Props/SM_Prop_Barricade_12.prefab using Guid(5d77e066c961a134d984c1505bb6ae6b) Importer(815301076,1909f56bfc062723c751e8b465ee728b) (PreviewImporter) -> (artifact id: 'c2a144632a0b12e14387e12b93de334d') in 0.0312384 seconds
Number of updated asset objects reloaded before import = 0Number of asset objects unloaded after import = 18

========================================================================
Received Import Request.
  Time since last request: 0.000028 seconds.
  path: Assets/Synty/PolygonApocalypse/Prefabs/Props/SM_Prop_Barricade_08.prefab
  artifactKey: Guid(0d873b83cb9ab8c4cbfba136e9b48cc0) Importer(815301076,1909f56bfc062723c751e8b465ee728b)
Start importing Assets/Synty/PolygonApocalypse/Prefabs/Props/SM_Prop_Barricade_08.prefab using Guid(0d873b83cb9ab8c4cbfba136e9b48cc0) Importer(815301076,1909f56bfc062723c751e8b465ee728b) (PreviewImporter) -> (artifact id: '099b9b9b3aff21f37ffbeaab6619eba9') in 0.0319054 seconds
Number of updated asset objects reloaded before import = 0Number of asset objects unloaded after import = 18

========================================================================
Received Import Request.
  Time since last request: 0.000056 seconds.
  path: Assets/Synty/PolygonApocalypse/Prefabs/Props/SM_Prop_Barrel_Coloured_01.prefab
  artifactKey: Guid(408a269eab4673c4a9d74010e3f61298) Importer(815301076,1909f56bfc062723c751e8b465ee728b)
Start importing Assets/Synty/PolygonApocalypse/Prefabs/Props/SM_Prop_Barrel_Coloured_01.prefab using Guid(408a269eab4673c4a9d74010e3f61298) Importer(815301076,1909f56bfc062723c751e8b465ee728b) (PreviewImporter) -> (artifact id: 'a8f87a1f3cc1de65ffaed5292714b161') in 0.0280224 seconds
Number of updated asset objects reloaded before import = 0Number of asset objects unloaded after import = 18

========================================================================
Received Import Request.
  Time since last request: 0.000053 seconds.
  path: Assets/Synty/PolygonApocalypse/Prefabs/Props/SM_Prop_BarrelStack_01_Tarp.prefab
  artifactKey: Guid(cd691f82a53984940afc9e1693468b55) Importer(815301076,1909f56bfc062723c751e8b465ee728b)
Start importing Assets/Synty/PolygonApocalypse/Prefabs/Props/SM_Prop_BarrelStack_01_Tarp.prefab using Guid(cd691f82a53984940afc9e1693468b55) Importer(815301076,1909f56bfc062723c751e8b465ee728b) (PreviewImporter) -> (artifact id: '9d97adbd75c5239d3237ee9b1179d88b') in 0.038749 seconds
Number of updated asset objects reloaded before import = 0Number of asset objects unloaded after import = 18

========================================================================
Received Import Request.
  Time since last request: 0.000054 seconds.
  path: Assets/Synty/PolygonApocalypse/Prefabs/Props/SM_Prop_Backetball_Hoop_02.prefab
  artifactKey: Guid(037cd4f189d0ea846bd33b8739434ed3) Importer(815301076,1909f56bfc062723c751e8b465ee728b)
Start importing Assets/Synty/PolygonApocalypse/Prefabs/Props/SM_Prop_Backetball_Hoop_02.prefab using Guid(037cd4f189d0ea846bd33b8739434ed3) Importer(815301076,1909f56bfc062723c751e8b465ee728b) (PreviewImporter) -> (artifact id: '42de43502bed10d70bcab9ba573082bd') in 0.0374346 seconds
Number of updated asset objects reloaded before import = 0Number of asset objects unloaded after import = 22

========================================================================
Received Import Request.
  Time since last request: 0.000034 seconds.
  path: Assets/Synty/PolygonApocalypse/Prefabs/Props/SM_Prop_Barricade_01.prefab
  artifactKey: Guid(b092211bc2fc70a44b2d0923759d5c16) Importer(815301076,1909f56bfc062723c751e8b465ee728b)
Start importing Assets/Synty/PolygonApocalypse/Prefabs/Props/SM_Prop_Barricade_01.prefab using Guid(b092211bc2fc70a44b2d0923759d5c16) Importer(815301076,1909f56bfc062723c751e8b465ee728b) (PreviewImporter) -> (artifact id: 'c9df3aaa3d994c0a5c2062f35169c825') in 0.0372208 seconds
Number of updated asset objects reloaded before import = 0Number of asset objects unloaded after import = 18

========================================================================
Received Import Request.
  Time since last request: 0.037820 seconds.
  path: Assets/Synty/PolygonApocalypse/Prefabs/Vehicles/Attachments/SM_Veh_Attach_Aerial_01.prefab
  artifactKey: Guid(14672e0eb3b5bda419dafa02f3cec992) Importer(815301076,1909f56bfc062723c751e8b465ee728b)
Start importing Assets/Synty/PolygonApocalypse/Prefabs/Vehicles/Attachments/SM_Veh_Attach_Aerial_01.prefab using Guid(14672e0eb3b5bda419dafa02f3cec992) Importer(815301076,1909f56bfc062723c751e8b465ee728b) (PreviewImporter) -> (artifact id: 'ad8141b611115d32cf543b7f8bd270af') in 0.0221487 seconds
Number of updated asset objects reloaded before import = 0Number of asset objects unloaded after import = 16

========================================================================
Received Import Request.
  Time since last request: 0.000024 seconds.
  path: Assets/Synty/PolygonApocalypse/Prefabs/Vehicles/Attachments/SM_Veh_Attach_Bumper_03.prefab
  artifactKey: Guid(b36a7b80c2dda6440b90b156829d4ebf) Importer(815301076,1909f56bfc062723c751e8b465ee728b)
Start importing Assets/Synty/PolygonApocalypse/Prefabs/Vehicles/Attachments/SM_Veh_Attach_Bumper_03.prefab using Guid(b36a7b80c2dda6440b90b156829d4ebf) Importer(815301076,1909f56bfc062723c751e8b465ee728b) (PreviewImporter) -> (artifact id: '8db3532e8e046de914e9f1386d81bdce') in 0.0213339 seconds
Number of updated asset objects reloaded before import = 0Number of asset objects unloaded after import = 16

========================================================================
Received Import Request.
  Time since last request: 0.000020 seconds.
  path: Assets/Synty/PolygonApocalypse/Prefabs/Vehicles/Attachments/SM_Veh_Attach_Bumper_08.prefab
  artifactKey: Guid(bd2111187663dea4f888f6c1b838d6e3) Importer(815301076,1909f56bfc062723c751e8b465ee728b)
Start importing Assets/Synty/PolygonApocalypse/Prefabs/Vehicles/Attachments/SM_Veh_Attach_Bumper_08.prefab using Guid(bd2111187663dea4f888f6c1b838d6e3) Importer(815301076,1909f56bfc062723c751e8b465ee728b) (PreviewImporter) -> (artifact id: 'a0648253f80a6a105e5423e832e7be18') in 0.0192188 seconds
Number of updated asset objects reloaded before import = 0Number of asset objects unloaded after import = 16

========================================================================
Received Import Request.
  Time since last request: 0.000024 seconds.
  path: Assets/Synty/PolygonApocalypse/Prefabs/Vehicles/Attachments/SM_Veh_Attach_Bumper_11.prefab
  artifactKey: Guid(e01aa07694c922e47acd697a69461f8e) Importer(815301076,1909f56bfc062723c751e8b465ee728b)
Start importing Assets/Synty/PolygonApocalypse/Prefabs/Vehicles/Attachments/SM_Veh_Attach_Bumper_11.prefab using Guid(e01aa07694c922e47acd697a69461f8e) Importer(815301076,1909f56bfc062723c751e8b465ee728b) (PreviewImporter) -> (artifact id: '8838ab08583e06c35066156ac4860e6b') in 0.0181648 seconds
Number of updated asset objects reloaded before import = 0Number of asset objects unloaded after import = 16

========================================================================
Received Import Request.
  Time since last request: 0.000038 seconds.
  path: Assets/Synty/PolygonApocalypse/Prefabs/Vehicles/Attachments/SM_Veh_Attach_Plating_02.prefab
  artifactKey: Guid(3b9c8e5fb894da94da6e1a036e378986) Importer(815301076,1909f56bfc062723c751e8b465ee728b)
Start importing Assets/Synty/PolygonApocalypse/Prefabs/Vehicles/Attachments/SM_Veh_Attach_Plating_02.prefab using Guid(3b9c8e5fb894da94da6e1a036e378986) Importer(815301076,1909f56bfc062723c751e8b465ee728b) (PreviewImporter) -> (artifact id: '69045e43e13b153dac00add5c95443ec') in 0.0193387 seconds
Number of updated asset objects reloaded before import = 0Number of asset objects unloaded after import = 16

========================================================================
Received Import Request.
  Time since last request: 0.000029 seconds.
  path: Assets/Synty/PolygonApocalypse/Prefabs/Vehicles/Attachments/SM_Veh_Attach_Plating_15.prefab
  artifactKey: Guid(499f915693eb3e5438afecdd08c5a3c8) Importer(815301076,1909f56bfc062723c751e8b465ee728b)
Start importing Assets/Synty/PolygonApocalypse/Prefabs/Vehicles/Attachments/SM_Veh_Attach_Plating_15.prefab using Guid(499f915693eb3e5438afecdd08c5a3c8) Importer(815301076,1909f56bfc062723c751e8b465ee728b) (PreviewImporter) -> (artifact id: '5bd7aeb0f697e296863bef0f783661a6') in 0.0214596 seconds
Number of updated asset objects reloaded before import = 0Number of asset objects unloaded after import = 16

========================================================================
Received Import Request.
  Time since last request: 0.000024 seconds.
  path: Assets/Synty/PolygonApocalypse/Prefabs/Vehicles/Attachments/SM_Veh_Attach_Intake_01.prefab
  artifactKey: Guid(0014c5be71de957428533bb159c41ee6) Importer(815301076,1909f56bfc062723c751e8b465ee728b)
Start importing Assets/Synty/PolygonApocalypse/Prefabs/Vehicles/Attachments/SM_Veh_Attach_Intake_01.prefab using Guid(0014c5be71de957428533bb159c41ee6) Importer(815301076,1909f56bfc062723c751e8b465ee728b) (PreviewImporter) -> (artifact id: 'ce166023293a233d43e65c4a6e8e6ea3') in 0.0231718 seconds
Number of updated asset objects reloaded before import = 0Number of asset objects unloaded after import = 26

========================================================================
Received Import Request.
  Time since last request: 0.000025 seconds.
  path: Assets/Synty/PolygonApocalypse/Prefabs/Vehicles/Attachments/SM_Veh_Attach_Plating_11.prefab
  artifactKey: Guid(a2ed64a9a81ebfd47addb490db62d34c) Importer(815301076,1909f56bfc062723c751e8b465ee728b)
Start importing Assets/Synty/PolygonApocalypse/Prefabs/Vehicles/Attachments/SM_Veh_Attach_Plating_11.prefab using Guid(a2ed64a9a81ebfd47addb490db62d34c) Importer(815301076,1909f56bfc062723c751e8b465ee728b) (PreviewImporter) -> (artifact id: '255e03c0334aa620fcca91ade1f19f0c') in 0.0202827 seconds
Number of updated asset objects reloaded before import = 0Number of asset objects unloaded after import = 16

========================================================================
Received Import Request.
  Time since last request: 0.000047 seconds.
  path: Assets/Synty/PolygonApocalypse/Prefabs/Vehicles/Attachments/SM_Veh_Attach_Mirror_01.prefab
  artifactKey: Guid(62ae75d5dea89ac4f896a38fd8a74f06) Importer(815301076,1909f56bfc062723c751e8b465ee728b)
Start importing Assets/Synty/PolygonApocalypse/Prefabs/Vehicles/Attachments/SM_Veh_Attach_Mirror_01.prefab using Guid(62ae75d5dea89ac4f896a38fd8a74f06) Importer(815301076,1909f56bfc062723c751e8b465ee728b) (PreviewImporter) -> (artifact id: '96f861c1af05729be1c6a21e7513b8e1') in 0.0205927 seconds
Number of updated asset objects reloaded before import = 0Number of asset objects unloaded after import = 16

========================================================================
Received Import Request.
  Time since last request: 0.000028 seconds.
  path: Assets/Synty/PolygonApocalypse/Prefabs/Vehicles/Attachments/SM_Veh_Attach_Plating_10.prefab
  artifactKey: Guid(1894a7be16725d548b9bdef2abe3101c) Importer(815301076,1909f56bfc062723c751e8b465ee728b)
Start importing Assets/Synty/PolygonApocalypse/Prefabs/Vehicles/Attachments/SM_Veh_Attach_Plating_10.prefab using Guid(1894a7be16725d548b9bdef2abe3101c) Importer(815301076,1909f56bfc062723c751e8b465ee728b) (PreviewImporter) -> (artifact id: '64763fe19556172cd5cf0ea2499ef4b3') in 0.0203955 seconds
Number of updated asset objects reloaded before import = 0Number of asset objects unloaded after import = 16

========================================================================
Received Import Request.
  Time since last request: 0.000023 seconds.
  path: Assets/Synty/PolygonApocalypse/Prefabs/Vehicles/Attachments/SM_Veh_Attach_Lights_04.prefab
  artifactKey: Guid(d532079b236ca0e4e8a113a8b1094ce0) Importer(815301076,1909f56bfc062723c751e8b465ee728b)
Start importing Assets/Synty/PolygonApocalypse/Prefabs/Vehicles/Attachments/SM_Veh_Attach_Lights_04.prefab using Guid(d532079b236ca0e4e8a113a8b1094ce0) Importer(815301076,1909f56bfc062723c751e8b465ee728b) (PreviewImporter) -> (artifact id: 'f31abc3665883aaf8c27a4ffee520caf') in 0.0221089 seconds
Number of updated asset objects reloaded before import = 0Number of asset objects unloaded after import = 16

========================================================================
Received Import Request.
  Time since last request: 0.000027 seconds.
  path: Assets/Synty/PolygonApocalypse/Prefabs/Vehicles/Attachments/SM_Veh_Attach_Plating_08.prefab
  artifactKey: Guid(edcd7b8acae5b9e4ba2d7b14c0f41ff8) Importer(815301076,1909f56bfc062723c751e8b465ee728b)
Start importing Assets/Synty/PolygonApocalypse/Prefabs/Vehicles/Attachments/SM_Veh_Attach_Plating_08.prefab using Guid(edcd7b8acae5b9e4ba2d7b14c0f41ff8) Importer(815301076,1909f56bfc062723c751e8b465ee728b) (PreviewImporter) -> (artifact id: '78dee3ac6a8f230fd6c5ca204c3d6d81') in 0.0185583 seconds
Number of updated asset objects reloaded before import = 0Number of asset objects unloaded after import = 16

========================================================================
Received Import Request.
  Time since last request: 0.543787 seconds.
  path: Assets/Synty/PolygonApocalypse/Prefabs/Vehicles/Attachments/SM_Veh_Attach_Plating_17.prefab
  artifactKey: Guid(a7b8d0d9ed0999149974573df30e446d) Importer(815301076,1909f56bfc062723c751e8b465ee728b)
Start importing Assets/Synty/PolygonApocalypse/Prefabs/Vehicles/Attachments/SM_Veh_Attach_Plating_17.prefab using Guid(a7b8d0d9ed0999149974573df30e446d) Importer(815301076,1909f56bfc062723c751e8b465ee728b) (PreviewImporter) -> (artifact id: '1d7f2a6f2ce7d0aa779a7c329cd69c8d') in 0.0205922 seconds
Number of updated asset objects reloaded before import = 0Number of asset objects unloaded after import = 16

========================================================================
Received Import Request.
  Time since last request: 0.359894 seconds.
  path: Assets/Synty/PolygonApocalypse/Prefabs/Vehicles/Attachments/SM_Veh_Attach_Plating_21.prefab
  artifactKey: Guid(c516f4b6bb032384b830d81df08f47a5) Importer(815301076,1909f56bfc062723c751e8b465ee728b)
Start importing Assets/Synty/PolygonApocalypse/Prefabs/Vehicles/Attachments/SM_Veh_Attach_Plating_21.prefab using Guid(c516f4b6bb032384b830d81df08f47a5) Importer(815301076,1909f56bfc062723c751e8b465ee728b) (PreviewImporter) -> (artifact id: '7e651d5cafbdf602cc4f73372e8605f5') in 0.0193551 seconds
Number of updated asset objects reloaded before import = 0Number of asset objects unloaded after import = 16

========================================================================
Received Import Request.
  Time since last request: 0.006222 seconds.
  path: Assets/Synty/PolygonApocalypse/Prefabs/Vehicles/Attachments/SM_Veh_Attach_Plating_25.prefab
  artifactKey: Guid(d9b9d6ba593609949bd79c05a0afc867) Importer(815301076,1909f56bfc062723c751e8b465ee728b)
Start importing Assets/Synty/PolygonApocalypse/Prefabs/Vehicles/Attachments/SM_Veh_Attach_Plating_25.prefab using Guid(d9b9d6ba593609949bd79c05a0afc867) Importer(815301076,1909f56bfc062723c751e8b465ee728b) (PreviewImporter) -> (artifact id: 'ff3df9421025d850a7fdb224a116aef9') in 0.0199393 seconds
Number of updated asset objects reloaded before import = 0Number of asset objects unloaded after import = 16

========================================================================
Received Import Request.
  Time since last request: 0.257200 seconds.
  path: Assets/Synty/PolygonApocalypse/Prefabs/Vehicles/Attachments/SM_Veh_Attach_Plating_29.prefab
  artifactKey: Guid(69c648feff8bfdd4b8c753bdd3397ec7) Importer(815301076,1909f56bfc062723c751e8b465ee728b)
Start importing Assets/Synty/PolygonApocalypse/Prefabs/Vehicles/Attachments/SM_Veh_Attach_Plating_29.prefab using Guid(69c648feff8bfdd4b8c753bdd3397ec7) Importer(815301076,1909f56bfc062723c751e8b465ee728b) (PreviewImporter) -> (artifact id: '3a9e410e067c241c0883127bf1c02e14') in 0.0187264 seconds
Number of updated asset objects reloaded before import = 0Number of asset objects unloaded after import = 18

========================================================================
Received Import Request.
  Time since last request: 0.000019 seconds.
  path: Assets/Synty/PolygonApocalypse/Prefabs/Vehicles/Attachments/SM_Veh_Attach_Plating_33.prefab
  artifactKey: Guid(ceb7acbbbc6f7154c81e0324a486dfa8) Importer(815301076,1909f56bfc062723c751e8b465ee728b)
Start importing Assets/Synty/PolygonApocalypse/Prefabs/Vehicles/Attachments/SM_Veh_Attach_Plating_33.prefab using Guid(ceb7acbbbc6f7154c81e0324a486dfa8) Importer(815301076,1909f56bfc062723c751e8b465ee728b) (PreviewImporter) -> (artifact id: '1c56b08a03b10e36b7af04403ccc4e15') in 0.0190204 seconds
Number of updated asset objects reloaded before import = 0Number of asset objects unloaded after import = 16

========================================================================
Received Import Request.
  Time since last request: 0.000023 seconds.
  path: Assets/Synty/PolygonApocalypse/Prefabs/Vehicles/Attachments/SM_Veh_Attach_Plating_37.prefab
  artifactKey: Guid(a2a7efe7a8052de49a858aca56080c48) Importer(815301076,1909f56bfc062723c751e8b465ee728b)
Start importing Assets/Synty/PolygonApocalypse/Prefabs/Vehicles/Attachments/SM_Veh_Attach_Plating_37.prefab using Guid(a2a7efe7a8052de49a858aca56080c48) Importer(815301076,1909f56bfc062723c751e8b465ee728b) (PreviewImporter) -> (artifact id: 'b465bf489de98a36919b543535e0a279') in 0.0184089 seconds
Number of updated asset objects reloaded before import = 0Number of asset objects unloaded after import = 16

========================================================================
Received Import Request.
  Time since last request: 0.216901 seconds.
  path: Assets/Synty/PolygonApocalypse/Prefabs/Vehicles/Attachments/SM_Veh_Attach_Plating_41.prefab
  artifactKey: Guid(05b8e886ae0faf243be925c0a4141d31) Importer(815301076,1909f56bfc062723c751e8b465ee728b)
Start importing Assets/Synty/PolygonApocalypse/Prefabs/Vehicles/Attachments/SM_Veh_Attach_Plating_41.prefab using Guid(05b8e886ae0faf243be925c0a4141d31) Importer(815301076,1909f56bfc062723c751e8b465ee728b) (PreviewImporter) -> (artifact id: 'b3c5c1651cabe7473408a840600814e6') in 0.021791 seconds
Number of updated asset objects reloaded before import = 0Number of asset objects unloaded after import = 16

========================================================================
Received Import Request.
  Time since last request: 0.000020 seconds.
  path: Assets/Synty/PolygonApocalypse/Prefabs/Vehicles/Attachments/SM_Veh_Attach_Pully_01.prefab
  artifactKey: Guid(774996433395e594db308d6cd0480297) Importer(815301076,1909f56bfc062723c751e8b465ee728b)
Start importing Assets/Synty/PolygonApocalypse/Prefabs/Vehicles/Attachments/SM_Veh_Attach_Pully_01.prefab using Guid(774996433395e594db308d6cd0480297) Importer(815301076,1909f56bfc062723c751e8b465ee728b) (PreviewImporter) -> (artifact id: 'cca35a77fc171da0749f1491a8072517') in 0.0203896 seconds
Number of updated asset objects reloaded before import = 0Number of asset objects unloaded after import = 16

========================================================================
Received Import Request.
  Time since last request: 0.000021 seconds.
  path: Assets/Synty/PolygonApocalypse/Prefabs/Vehicles/Attachments/SM_Veh_Attach_Spikes_02.prefab
  artifactKey: Guid(936be5aa1edbb86439dc355d874f66ec) Importer(815301076,1909f56bfc062723c751e8b465ee728b)
Start importing Assets/Synty/PolygonApocalypse/Prefabs/Vehicles/Attachments/SM_Veh_Attach_Spikes_02.prefab using Guid(936be5aa1edbb86439dc355d874f66ec) Importer(815301076,1909f56bfc062723c751e8b465ee728b) (PreviewImporter) -> (artifact id: 'e8107420c305f3dbdb810c1e6d96bf59') in 0.0215556 seconds
Number of updated asset objects reloaded before import = 0Number of asset objects unloaded after import = 16

========================================================================
Received Import Request.
  Time since last request: 0.193298 seconds.
  path: Assets/Synty/PolygonApocalypse/Prefabs/Vehicles/Attachments/SM_Veh_Attach_Spikes_03.prefab
  artifactKey: Guid(970465564d63ed34e82f18a7ebec4dee) Importer(815301076,1909f56bfc062723c751e8b465ee728b)
Start importing Assets/Synty/PolygonApocalypse/Prefabs/Vehicles/Attachments/SM_Veh_Attach_Spikes_03.prefab using Guid(970465564d63ed34e82f18a7ebec4dee) Importer(815301076,1909f56bfc062723c751e8b465ee728b) (PreviewImporter) -> (artifact id: 'e54972dfd6a53a5c8cc98dde7068af71') in 0.0206948 seconds
Number of updated asset objects reloaded before import = 0Number of asset objects unloaded after import = 16

========================================================================
Received Import Request.
  Time since last request: 0.000028 seconds.
  path: Assets/Synty/PolygonApocalypse/Prefabs/Vehicles/Attachments/SM_Veh_Attach_Step_01.prefab
  artifactKey: Guid(405d87247d867e940845c15a761c59f4) Importer(815301076,1909f56bfc062723c751e8b465ee728b)
Start importing Assets/Synty/PolygonApocalypse/Prefabs/Vehicles/Attachments/SM_Veh_Attach_Step_01.prefab using Guid(405d87247d867e940845c15a761c59f4) Importer(815301076,1909f56bfc062723c751e8b465ee728b) (PreviewImporter) -> (artifact id: '4389ea5b8c78fe2c9ff2772822a584d2') in 0.019461 seconds
Number of updated asset objects reloaded before import = 0Number of asset objects unloaded after import = 16

Editor requested this worker to shutdown with reason: Scaling down because of idle timeout
AssetImportWorker is now disconnected from the server
Process exiting
Exiting without the bug reporter. Application will terminate with return code 0