[Licensing::Module] Trying to connect to existing licensing client channel...
[Licensing::IpcConnector] Successfully connected to: "LicenseClient-zieli" at "2026-04-22T01:14:56.1025338Z"
Built from '6000.3/staging' branch; Version is '6000.3.13f1 (8c4f11e4fb20) revision 9195281'; Using compiler version '194234433'; Build Type 'Release'
OS: 'Windows 11  (10.0.26200) Core' Language: 'en' Physical Memory: 32347 MB
BatchMode: 1, IsHumanControllingUs: 0, StartBugReporterOnCrash: 0, Is64bit: 1
System  architecture: x64
Process architecture: x64
Date: 2026-04-22T01:14:56Z

COMMAND LINE ARGUMENTS:
C:\Program Files\Unity\Hub\Editor\6000.3.13f1\Editor\Unity.exe
-adb2
-batchMode
-noUpm
-name
AssetImportWorker37
-projectPath
C:/Game Development/DisasterDiner
-logFile
Logs/AssetImportWorker37.log
-srvPort
60058
-licensingIpc
LicenseClient-zieli
-job-worker-count
7
-background-job-worker-count
8
-gc-helper-count
1
-name
AssetImport
Successfully changed project path to: C:/Game Development/DisasterDiner
C:/Game Development/DisasterDiner
[UnityMemory] Configuration Parameters - Can be set up in boot.config
    "memorysetup-temp-allocator-size-nav-mesh-worker=65536"
    "memorysetup-temp-allocator-size-audio-worker=65536"
    "memorysetup-temp-allocator-size-gfx=262144"
    "memorysetup-allocator-temp-initial-block-size-main=262144"
    "memorysetup-allocator-temp-initial-block-size-worker=262144"
    "memorysetup-temp-allocator-size-background-worker=32768"
    "memorysetup-temp-allocator-size-job-worker=262144"
    "memorysetup-temp-allocator-size-preload-manager=33554432"
    "memorysetup-temp-allocator-size-gi-baking-worker=262144"
    "memorysetup-temp-allocator-size-gi-baking-worker=262144"
    "memorysetup-temp-allocator-size-gi-baking-worker=262144"
    "memorysetup-temp-allocator-size-gi-baking-worker=262144"
    "memorysetup-temp-allocator-size-gi-baking-worker=262144"
    "memorysetup-bucket-allocator-granularity=16"
    "memorysetup-bucket-allocator-bucket-count=8"
    "memorysetup-bucket-allocator-block-size=33554432"
    "memorysetup-bucket-allocator-block-count=8"
    "memorysetup-main-allocator-block-size=16777216"
    "memorysetup-thread-allocator-block-size=16777216"
    "memorysetup-gfx-main-allocator-block-size=16777216"
    "memorysetup-gfx-thread-allocator-block-size=16777216"
    "memorysetup-cache-allocator-block-size=4194304"
    "memorysetup-typetree-allocator-block-size=2097152"
    "memorysetup-profiler-bucket-allocator-granularity=16"
    "memorysetup-profiler-bucket-allocator-bucket-count=8"
    "memorysetup-profiler-bucket-allocator-block-size=33554432"
    "memorysetup-profiler-bucket-allocator-block-count=8"
    "memorysetup-profiler-allocator-block-size=16777216"
    "memorysetup-profiler-editor-allocator-block-size=1048576"
    "memorysetup-temp-allocator-size-main=16777216"
    "memorysetup-job-temp-allocator-block-size=2097152"
    "memorysetup-job-temp-allocator-block-size-background=1048576"
    "memorysetup-job-temp-allocator-reduction-small-platforms=262144"
    "memorysetup-temp-allocator-size-cloud-worker=32768"
Player connection [36388]  Target information:

Player connection [36388]  * "[IP] 192.168.86.22 [Port] 0 [Flags] 2 [Guid] 2096964020 [EditorId] 2096964020 [Version] 1048832 [Id] WindowsEditor(7,Johns_PC) [Debug] 1 [PackageName] WindowsEditor [ProjectName] Editor" 

Player connection [36388] Host joined multi-casting on [225.0.0.222:54997]...
Player connection [36388] Host joined alternative multi-casting on [225.0.0.222:34997]...
JobSystem: Creating JobQueue using job-worker-count value 7
Input System module state changed to: Initialized.
[Physics::Module] Initialized fallback backend.
[Physics::Module] Id: 0xdecafbad
Library Redirect Path: Library/
[Physics::Module] Selected backend.
[Physics::Module] Name: PhysX
[Physics::Module] Id: 0xf2b8ea05
[Physics::Module] SDK Version: 4.1.2
[Physics::Module] Integration Version: 1.0.0
[Physics::Module] Threading Mode: Multi-Threaded
Refreshing native plugins compatible for Editor in 4.14 ms, found 4 plugins.
Preloading 0 native plugins for Editor in 0.00 ms.
Initialize engine version: 6000.3.13f1 (8c4f11e4fb20)
[Subsystems] Discovering subsystems at path C:/Program Files/Unity/Hub/Editor/6000.3.13f1/Editor/Data/Resources/UnitySubsystems
[Subsystems] Discovering subsystems at path C:/Game Development/DisasterDiner/Assets
GfxDevice: creating device client; kGfxThreadingModeNonThreaded
Direct3D:
    Version:  Direct3D 11.0 [level 11.1]
    Renderer: NVIDIA GeForce RTX 4070 SUPER (ID=0x2783)
    Vendor:   NVIDIA
    VRAM:     11999 MB
    Driver:   32.0.15.8157
Initialize mono
Mono path[0] = 'C:/Program Files/Unity/Hub/Editor/6000.3.13f1/Editor/Data/Managed'
Mono path[1] = 'C:/Program Files/Unity/Hub/Editor/6000.3.13f1/Editor/Data/MonoBleedingEdge/lib/mono/unityjit-win32'
Mono config path = 'C:/Program Files/Unity/Hub/Editor/6000.3.13f1/Editor/Data/MonoBleedingEdge/etc'
Using monoOptions --debugger-agent=transport=dt_socket,embedding=1,server=y,suspend=n,address=127.0.0.1:56440
Begin MonoManager ReloadAssembly
Registering precompiled unity dll's ...
Register platform support module: C:/Program Files/Unity/Hub/Editor/6000.3.13f1/Editor/Data/PlaybackEngines/WindowsStandaloneSupport/UnityEditor.WindowsStandalone.Extensions.dll
Registered in 0.001802 seconds.
- Loaded All Assemblies, in  0.397 seconds
[Licensing::Client] Error: HandshakeResponse reported an error:
	ResponseCode: 505
	ResponseStatus: Unsupported protocol version '1.18.1'.
[Licensing::Module] Error: Failed to handshake to channel: "LicenseClient-zieli"
[Licensing::IpcConnector] LicenseClient-zieli channel disconnected successfully.
[Licensing::IpcConnector] Successfully connected to: "LicenseClient-zieli-6000.3.13" at "2026-04-22T01:14:57.1885248Z"
Native extension for WindowsStandalone target not found
Package Manager log level set to [2]
[Package Manager] Failed to launch server process. Reason: Unity was launched with the -noUpm command-line argument
[Package Manager] Unable to send message (not connected to server process).
[Package Manager] Cannot connect to Unity Package Manager local server
ScheduleIndexationOnStartup MainProcess:False IndexOnStartup:True
Mono: successfully reloaded assembly
- Finished resetting the current domain, in  0.370 seconds
Domain Reload Profiling: 765ms
	BeginReloadAssembly (150ms)
		ExecutionOrderSort (0ms)
		DisableScriptedObjects (0ms)
		BackupInstance (0ms)
		ReleaseScriptingObjects (0ms)
		CreateAndSetChildDomain (1ms)
	RebuildCommonClasses (38ms)
	RebuildNativeTypeToScriptingClass (11ms)
	initialDomainReloadingComplete (49ms)
	LoadAllAssembliesAndSetupDomain (146ms)
		LoadAssemblies (146ms)
		RebuildTransferFunctionScriptingTraits (0ms)
		AnalyzeDomain (143ms)
			TypeCache.Refresh (142ms)
				TypeCache.ScanAssembly (131ms)
			BuildScriptInfoCaches (0ms)
			ResolveRequiredComponents (0ms)
	FinalizeReload (370ms)
		ReleaseScriptCaches (0ms)
		RebuildScriptCaches (0ms)
		SetupLoadedEditorAssemblies (322ms)
			LogAssemblyErrors (0ms)
			InitializePlatformSupportModulesInManaged (48ms)
			SetLoadedEditorAssemblies (4ms)
			BeforeProcessingInitializeOnLoad (85ms)
			ProcessInitializeOnLoadAttributes (114ms)
			ProcessInitializeOnLoadMethodAttributes (71ms)
			AfterProcessingInitializeOnLoad (0ms)
			EditorAssembliesLoaded (0ms)
		ExecutionOrderSort2 (0ms)
		AwakeInstancesAfterBackupRestoration (0ms)
========================================================================
Worker process is ready to serve import requests
Import Worker Mode flag is 0x00
Begin MonoManager ReloadAssembly
[Licensing::Module] Licensing is not yet initialized.
[Licensing::Client] Handshaking with LicensingClient:
  Version:                 1.18.1+9fbee8e
  Session Id:              375c3b02be8a4445b4508af2f7c007a8
  Correlation Id:          2b999b7551c4f1abd27547e4a7907d59
  External correlation Id: 8237509767486000096
  Machine Id:              a0OP954qVZmt5azPS5PrvPW5hTY=
[Licensing::Module] Successfully connected to LicensingClient on channel: "LicenseClient-zieli-6000.3.13" (connect: 0.00s, validation: 0.00s, handshake: 0.85s)
[Licensing::IpcConnector] Successfully connected to: "LicenseClient-zieli-6000.3.13-notifications" at "2026-04-22T01:14:58.0363996Z"
[Licensing::Module] Licensing Background thread has ended after 1.93s
[Licensing::Module] Licensing is initialized (took 0.23s).
[Licensing::Client] Successfully resolved entitlement details
[Licensing::Module] License group:
  Id: 2475483376267-UnityPersXXXX
  Product: Unity Personal
  Type: Assigned
  Expiration: Unlimited
- Loaded All Assemblies, in  0.902 seconds
Refreshing native plugins compatible for Editor in 1.64 ms, found 4 plugins.
Native extension for WindowsStandalone target not found
[Package Manager] Failed to launch server process. Reason: Unity was launched with the -noUpm command-line argument
[Package Manager] Unable to send message (not connected to server process).
[Package Manager] Cannot connect to Unity Package Manager local server
Refreshing native plugins compatible for Editor in 1.65 ms, found 4 plugins.
[Package Manager] Failed to launch server process. Reason: Unity was launched with the -noUpm command-line argument
[Package Manager] Unable to send message (not connected to server process).
[Package Manager] Cannot connect to Unity Package Manager local server
ScheduleIndexationOnStartup MainProcess:False IndexOnStartup:True
Mono: successfully reloaded assembly
- Finished resetting the current domain, in  0.716 seconds
Domain Reload Profiling: 1614ms
	BeginReloadAssembly (371ms)
		ExecutionOrderSort (0ms)
		DisableScriptedObjects (4ms)
		BackupInstance (0ms)
		ReleaseScriptingObjects (0ms)
		CreateAndSetChildDomain (28ms)
	RebuildCommonClasses (29ms)
	RebuildNativeTypeToScriptingClass (11ms)
	initialDomainReloadingComplete (32ms)
	LoadAllAssembliesAndSetupDomain (456ms)
		LoadAssemblies (320ms)
		RebuildTransferFunctionScriptingTraits (0ms)
		AnalyzeDomain (213ms)
			TypeCache.Refresh (152ms)
				TypeCache.ScanAssembly (142ms)
			BuildScriptInfoCaches (48ms)
			ResolveRequiredComponents (10ms)
	FinalizeReload (716ms)
		ReleaseScriptCaches (0ms)
		RebuildScriptCaches (0ms)
		SetupLoadedEditorAssemblies (542ms)
			LogAssemblyErrors (0ms)
			InitializePlatformSupportModulesInManaged (2ms)
			SetLoadedEditorAssemblies (3ms)
			BeforeProcessingInitializeOnLoad (102ms)
			ProcessInitializeOnLoadAttributes (355ms)
			ProcessInitializeOnLoadMethodAttributes (73ms)
			AfterProcessingInitializeOnLoad (7ms)
			EditorAssembliesLoaded (0ms)
		ExecutionOrderSort2 (0ms)
		AwakeInstancesAfterBackupRestoration (9ms)
Launched and connected shader compiler UnityShaderCompiler.exe after 0.01 seconds
Refreshing native plugins compatible for Editor in 2.86 ms, found 4 plugins.
Preloading 0 native plugins for Editor in 0.00 ms.
Unloading 16 Unused Serialized files (Serialized files now loaded: 0)
Unloading 6447 unused Assets / (4.9 MB). Loaded Objects now: 7245.
Memory consumption went from 155.8 MB to 150.9 MB.
Total: 11.304700 ms (FindLiveObjects: 1.023700 ms CreateObjectMapping: 1.013700 ms MarkObjects: 6.432800 ms  DeleteObjects: 2.832700 ms)

========================================================================
Received Prepare
Begin MonoManager ReloadAssembly
[Licensing::Client] Successfully resolved entitlement details
- Loaded All Assemblies, in  0.710 seconds
Refreshing native plugins compatible for Editor in 1.26 ms, found 4 plugins.
Native extension for WindowsStandalone target not found
[Package Manager] Failed to launch server process. Reason: Unity was launched with the -noUpm command-line argument
[Package Manager] Unable to send message (not connected to server process).
[Package Manager] Cannot connect to Unity Package Manager local server
[Package Manager] Failed to launch server process. Reason: Unity was launched with the -noUpm command-line argument
[Package Manager] Unable to send message (not connected to server process).
[Package Manager] Cannot connect to Unity Package Manager local server
ScheduleIndexationOnStartup MainProcess:False IndexOnStartup:True
Mono: successfully reloaded assembly
- Finished resetting the current domain, in  0.684 seconds
Domain Reload Profiling: 1395ms
	BeginReloadAssembly (209ms)
		ExecutionOrderSort (0ms)
		DisableScriptedObjects (6ms)
		BackupInstance (0ms)
		ReleaseScriptingObjects (0ms)
		CreateAndSetChildDomain (48ms)
	RebuildCommonClasses (38ms)
	RebuildNativeTypeToScriptingClass (11ms)
	initialDomainReloadingComplete (29ms)
	LoadAllAssembliesAndSetupDomain (423ms)
		LoadAssemblies (329ms)
		RebuildTransferFunctionScriptingTraits (0ms)
		AnalyzeDomain (187ms)
			TypeCache.Refresh (6ms)
				TypeCache.ScanAssembly (0ms)
			BuildScriptInfoCaches (167ms)
			ResolveRequiredComponents (10ms)
	FinalizeReload (685ms)
		ReleaseScriptCaches (0ms)
		RebuildScriptCaches (0ms)
		SetupLoadedEditorAssemblies (508ms)
			LogAssemblyErrors (0ms)
			InitializePlatformSupportModulesInManaged (2ms)
			SetLoadedEditorAssemblies (3ms)
			BeforeProcessingInitializeOnLoad (130ms)
			ProcessInitializeOnLoadAttributes (302ms)
			ProcessInitializeOnLoadMethodAttributes (62ms)
			AfterProcessingInitializeOnLoad (8ms)
			EditorAssembliesLoaded (0ms)
		ExecutionOrderSort2 (0ms)
		AwakeInstancesAfterBackupRestoration (17ms)
Refreshing native plugins compatible for Editor in 1.99 ms, found 4 plugins.
Preloading 0 native plugins for Editor in 0.00 ms.
Unloading 16 Unused Serialized files (Serialized files now loaded: 0)
Unloading 6443 unused Assets / (4.9 MB). Loaded Objects now: 7261.
Memory consumption went from 164.2 MB to 159.3 MB.
Total: 7.605700 ms (FindLiveObjects: 0.590700 ms CreateObjectMapping: 0.324500 ms MarkObjects: 4.081300 ms  DeleteObjects: 2.607800 ms)

Prepare: number of updated asset objects reloaded= 0
========================================================================
Received Import Request.
  Time since last request: 13594.309533 seconds.
  path: Assets/Synty/PolygonShops/Prefabs/Props/SM_Prop_Kitchen_Grill_01.prefab
  artifactKey: Guid(df0b1ef151197b54e83dd6105193ef2b) Importer(815301076,1909f56bfc062723c751e8b465ee728b)
Start importing Assets/Synty/PolygonShops/Prefabs/Props/SM_Prop_Kitchen_Grill_01.prefab using Guid(df0b1ef151197b54e83dd6105193ef2b) Importer(815301076,1909f56bfc062723c751e8b465ee728b) (PreviewImporter) -> (artifact id: '31484c80d56679bec282bfac9abb6b28') in 0.4732223 seconds
Number of updated asset objects reloaded before import = 0Number of asset objects unloaded after import = 47

========================================================================
Received Import Request.
  Time since last request: 0.000029 seconds.
  path: Assets/Synty/PolygonShops/Models/Collision/Convex/SM_Prop_Kitchen_Grill_01_Convex.asset
  artifactKey: Guid(5501f4d2a32e3544586037d4a560cef9) Importer(815301076,1909f56bfc062723c751e8b465ee728b)
Start importing Assets/Synty/PolygonShops/Models/Collision/Convex/SM_Prop_Kitchen_Grill_01_Convex.asset using Guid(5501f4d2a32e3544586037d4a560cef9) Importer(815301076,1909f56bfc062723c751e8b465ee728b) (PreviewImporter) -> (artifact id: '8c8c75add41de8e49a06ba40fff66d26') in 0.027328 seconds
Number of updated asset objects reloaded before import = 0Number of asset objects unloaded after import = 2

========================================================================
Received Import Request.
  Time since last request: 1131.698030 seconds.
  path: Assets/Synty/PolygonApocalypse/Prefabs/Environment/SM_Env_Motorway_Bridge_Edge_02.prefab
  artifactKey: Guid(511a81cc50c8ab04984ef889ff92a996) Importer(815301076,1909f56bfc062723c751e8b465ee728b)
Start importing Assets/Synty/PolygonApocalypse/Prefabs/Environment/SM_Env_Motorway_Bridge_Edge_02.prefab using Guid(511a81cc50c8ab04984ef889ff92a996) Importer(815301076,1909f56bfc062723c751e8b465ee728b) (PreviewImporter) -> (artifact id: '7a33dbc77d9bfe620942933c55bd7a03') in 0.0464732 seconds
Number of updated asset objects reloaded before import = 0Number of asset objects unloaded after import = 16

========================================================================
Received Import Request.
  Time since last request: 0.000037 seconds.
  path: Assets/Synty/PolygonApocalypse/Prefabs/Environment/SM_Env_Motorway_Edge_Destroyed_03.prefab
  artifactKey: Guid(1d53b78776de6d841b572be71170becb) Importer(815301076,1909f56bfc062723c751e8b465ee728b)
Start importing Assets/Synty/PolygonApocalypse/Prefabs/Environment/SM_Env_Motorway_Edge_Destroyed_03.prefab using Guid(1d53b78776de6d841b572be71170becb) Importer(815301076,1909f56bfc062723c751e8b465ee728b) (PreviewImporter) -> (artifact id: '9780bb375d35415698547d48ec489da9') in 0.0309557 seconds
Number of updated asset objects reloaded before import = 0Number of asset objects unloaded after import = 16

========================================================================
Received Import Request.
  Time since last request: 0.000034 seconds.
  path: Assets/Synty/PolygonApocalypse/Prefabs/Environment/SM_Env_Motorway_Edge_Destroyed_02.prefab
  artifactKey: Guid(1197e8259ed76ab45afc47924e5289c0) Importer(815301076,1909f56bfc062723c751e8b465ee728b)
Start importing Assets/Synty/PolygonApocalypse/Prefabs/Environment/SM_Env_Motorway_Edge_Destroyed_02.prefab using Guid(1197e8259ed76ab45afc47924e5289c0) Importer(815301076,1909f56bfc062723c751e8b465ee728b) (PreviewImporter) -> (artifact id: '1e5050b30f2e79340181fdda7db4ab72') in 0.033654 seconds
Number of updated asset objects reloaded before import = 0Number of asset objects unloaded after import = 16

========================================================================
Received Import Request.
  Time since last request: 0.000034 seconds.
  path: Assets/Synty/PolygonApocalypse/Prefabs/Environment/SM_Env_Motorway_Middle_01.prefab
  artifactKey: Guid(91b0b22ee842234428f33c3997e8d783) Importer(815301076,1909f56bfc062723c751e8b465ee728b)
Start importing Assets/Synty/PolygonApocalypse/Prefabs/Environment/SM_Env_Motorway_Middle_01.prefab using Guid(91b0b22ee842234428f33c3997e8d783) Importer(815301076,1909f56bfc062723c751e8b465ee728b) (PreviewImporter) -> (artifact id: '8985ec57affd9dbdb9c516a0ed7fac56') in 0.0297405 seconds
Number of updated asset objects reloaded before import = 0Number of asset objects unloaded after import = 16

========================================================================
Received Import Request.
  Time since last request: 0.355330 seconds.
  path: Assets/Synty/PolygonApocalypse/Prefabs/Environment/SM_Env_Motorway_Middle_Destroyed_02.prefab
  artifactKey: Guid(387b0e0bb10e273469a3fb4e65bb2ad0) Importer(815301076,1909f56bfc062723c751e8b465ee728b)
Start importing Assets/Synty/PolygonApocalypse/Prefabs/Environment/SM_Env_Motorway_Middle_Destroyed_02.prefab using Guid(387b0e0bb10e273469a3fb4e65bb2ad0) Importer(815301076,1909f56bfc062723c751e8b465ee728b) (PreviewImporter) -> (artifact id: 'b6e61e7431e4a9c19237e17925a12353') in 0.0303299 seconds
Number of updated asset objects reloaded before import = 0Number of asset objects unloaded after import = 16

========================================================================
Received Import Request.
  Time since last request: 0.000039 seconds.
  path: Assets/Synty/PolygonApocalypse/Prefabs/Environment/SM_Env_Motorway_Ramp_Middle_01.prefab
  artifactKey: Guid(da5e251365382944595115ac1d2d6761) Importer(815301076,1909f56bfc062723c751e8b465ee728b)
Start importing Assets/Synty/PolygonApocalypse/Prefabs/Environment/SM_Env_Motorway_Ramp_Middle_01.prefab using Guid(da5e251365382944595115ac1d2d6761) Importer(815301076,1909f56bfc062723c751e8b465ee728b) (PreviewImporter) -> (artifact id: '42bad10c48faa329288d4a7b81aa5f04') in 0.0323814 seconds
Number of updated asset objects reloaded before import = 0Number of asset objects unloaded after import = 16

========================================================================
Received Import Request.
  Time since last request: 0.000039 seconds.
  path: Assets/Synty/PolygonApocalypse/Prefabs/Environment/SM_Env_Motorway_Tunnel_Middle_02.prefab
  artifactKey: Guid(332f273da5105c1418f50a00b6cc3559) Importer(815301076,1909f56bfc062723c751e8b465ee728b)
Start importing Assets/Synty/PolygonApocalypse/Prefabs/Environment/SM_Env_Motorway_Tunnel_Middle_02.prefab using Guid(332f273da5105c1418f50a00b6cc3559) Importer(815301076,1909f56bfc062723c751e8b465ee728b) (PreviewImporter) -> (artifact id: 'd6139ff20f8558c696539d0a8ab93a5f') in 0.0282206 seconds
Number of updated asset objects reloaded before import = 0Number of asset objects unloaded after import = 16

========================================================================
Received Import Request.
  Time since last request: 0.000027 seconds.
  path: Assets/Synty/PolygonApocalypse/Prefabs/Environment/SM_Env_Road_Arrow_02.prefab
  artifactKey: Guid(0cf96502e6f53f34894dce4e02d81842) Importer(815301076,1909f56bfc062723c751e8b465ee728b)
Start importing Assets/Synty/PolygonApocalypse/Prefabs/Environment/SM_Env_Road_Arrow_02.prefab using Guid(0cf96502e6f53f34894dce4e02d81842) Importer(815301076,1909f56bfc062723c751e8b465ee728b) (PreviewImporter) -> (artifact id: '96c002bdee17a75771a4b7869016f8d3') in 0.0258434 seconds
Number of updated asset objects reloaded before import = 0Number of asset objects unloaded after import = 15

========================================================================
Received Import Request.
  Time since last request: 0.000026 seconds.
  path: Assets/Synty/PolygonApocalypse/Prefabs/Environment/SM_Env_Road_YellowLines_01.prefab
  artifactKey: Guid(47f6a2feb2be4cf4689c07e18d4826d2) Importer(815301076,1909f56bfc062723c751e8b465ee728b)
Start importing Assets/Synty/PolygonApocalypse/Prefabs/Environment/SM_Env_Road_YellowLines_01.prefab using Guid(47f6a2feb2be4cf4689c07e18d4826d2) Importer(815301076,1909f56bfc062723c751e8b465ee728b) (PreviewImporter) -> (artifact id: '0f3e21609be4dfdbc0564a205835bd9a') in 0.0318463 seconds
Number of updated asset objects reloaded before import = 0Number of asset objects unloaded after import = 15

========================================================================
Received Import Request.
  Time since last request: 0.000027 seconds.
  path: Assets/Synty/PolygonApocalypse/Prefabs/Environment/SM_Env_RoadPiece_Damaged_05.prefab
  artifactKey: Guid(7e9825cd254f39645a79f850d8fdacfa) Importer(815301076,1909f56bfc062723c751e8b465ee728b)
Start importing Assets/Synty/PolygonApocalypse/Prefabs/Environment/SM_Env_RoadPiece_Damaged_05.prefab using Guid(7e9825cd254f39645a79f850d8fdacfa) Importer(815301076,1909f56bfc062723c751e8b465ee728b) (PreviewImporter) -> (artifact id: '53f1ffa3751791d2046681b08fe6dac6') in 0.0329713 seconds
Number of updated asset objects reloaded before import = 0Number of asset objects unloaded after import = 16

========================================================================
Received Import Request.
  Time since last request: 0.000042 seconds.
  path: Assets/Synty/PolygonApocalypse/Prefabs/Environment/SM_Env_Road_ParkingLines_01.prefab
  artifactKey: Guid(eb35e3ea53f08df48b661d439cd3208c) Importer(815301076,1909f56bfc062723c751e8b465ee728b)
Start importing Assets/Synty/PolygonApocalypse/Prefabs/Environment/SM_Env_Road_ParkingLines_01.prefab using Guid(eb35e3ea53f08df48b661d439cd3208c) Importer(815301076,1909f56bfc062723c751e8b465ee728b) (PreviewImporter) -> (artifact id: '5303cc6d7d5fdc3d9dda62f814d60786') in 0.0326642 seconds
Number of updated asset objects reloaded before import = 0Number of asset objects unloaded after import = 15

========================================================================
Received Import Request.
  Time since last request: 0.000030 seconds.
  path: Assets/Synty/PolygonApocalypse/Prefabs/Environment/SM_Env_Road_02.prefab
  artifactKey: Guid(7e7337e2a0d2a58458a0a37884551a1f) Importer(815301076,1909f56bfc062723c751e8b465ee728b)
Start importing Assets/Synty/PolygonApocalypse/Prefabs/Environment/SM_Env_Road_02.prefab using Guid(7e7337e2a0d2a58458a0a37884551a1f) Importer(815301076,1909f56bfc062723c751e8b465ee728b) (PreviewImporter) -> (artifact id: '16bdd9eaf0594b1f76324ab09fb65489') in 0.0282216 seconds
Number of updated asset objects reloaded before import = 0Number of asset objects unloaded after import = 15

========================================================================
Received Import Request.
  Time since last request: 0.000031 seconds.
  path: Assets/Synty/PolygonApocalypse/Prefabs/Environment/SM_Env_RoadPiece_Damaged_01.prefab
  artifactKey: Guid(974ab4ab5090b1a4b98992c7e5f563ff) Importer(815301076,1909f56bfc062723c751e8b465ee728b)
Start importing Assets/Synty/PolygonApocalypse/Prefabs/Environment/SM_Env_RoadPiece_Damaged_01.prefab using Guid(974ab4ab5090b1a4b98992c7e5f563ff) Importer(815301076,1909f56bfc062723c751e8b465ee728b) (PreviewImporter) -> (artifact id: '53b6325b52161db5e0fbf78a2322d576') in 0.0330136 seconds
Number of updated asset objects reloaded before import = 0Number of asset objects unloaded after import = 16

========================================================================
Received Import Request.
  Time since last request: 0.000032 seconds.
  path: Assets/Synty/PolygonApocalypse/Prefabs/Environment/SM_Env_Motorway_Tunnel_Destroyed_Middle_01.prefab
  artifactKey: Guid(67b952e9f1417de40934adf8a835ce79) Importer(815301076,1909f56bfc062723c751e8b465ee728b)
Start importing Assets/Synty/PolygonApocalypse/Prefabs/Environment/SM_Env_Motorway_Tunnel_Destroyed_Middle_01.prefab using Guid(67b952e9f1417de40934adf8a835ce79) Importer(815301076,1909f56bfc062723c751e8b465ee728b) (PreviewImporter) -> (artifact id: '14674c6f7ce87215f5e208f92eb382a2') in 0.028623 seconds
Number of updated asset objects reloaded before import = 0Number of asset objects unloaded after import = 16

========================================================================
Received Import Request.
  Time since last request: 0.000037 seconds.
  path: Assets/Synty/PolygonApocalypse/Prefabs/Environment/SM_Env_RoadPiece_Damaged_08.prefab
  artifactKey: Guid(45252a51c3eb77b40a0342cbdbd71205) Importer(815301076,1909f56bfc062723c751e8b465ee728b)
Start importing Assets/Synty/PolygonApocalypse/Prefabs/Environment/SM_Env_RoadPiece_Damaged_08.prefab using Guid(45252a51c3eb77b40a0342cbdbd71205) Importer(815301076,1909f56bfc062723c751e8b465ee728b) (PreviewImporter) -> (artifact id: '5dc010c24535772dc8827c0279ac7d58') in 0.0271233 seconds
Number of updated asset objects reloaded before import = 0Number of asset objects unloaded after import = 16

========================================================================
Received Import Request.
  Time since last request: 0.000027 seconds.
  path: Assets/Synty/PolygonApocalypse/Prefabs/Environment/SM_Env_RoadPiece_Damaged_07.prefab
  artifactKey: Guid(ab1d571f6ffdb0c48ab7f521f137168e) Importer(815301076,1909f56bfc062723c751e8b465ee728b)
Start importing Assets/Synty/PolygonApocalypse/Prefabs/Environment/SM_Env_RoadPiece_Damaged_07.prefab using Guid(ab1d571f6ffdb0c48ab7f521f137168e) Importer(815301076,1909f56bfc062723c751e8b465ee728b) (PreviewImporter) -> (artifact id: 'e82487ef06fea39ec80f19b7c22c9212') in 0.0257422 seconds
Number of updated asset objects reloaded before import = 0Number of asset objects unloaded after import = 14

========================================================================
Received Import Request.
  Time since last request: 0.000026 seconds.
  path: Assets/Synty/PolygonApocalypse/Prefabs/Environment/SM_Env_Motorway_Ramp_Edge_02.prefab
  artifactKey: Guid(3ef0e8a5c55135d4c8074fbaa905c100) Importer(815301076,1909f56bfc062723c751e8b465ee728b)
Start importing Assets/Synty/PolygonApocalypse/Prefabs/Environment/SM_Env_Motorway_Ramp_Edge_02.prefab using Guid(3ef0e8a5c55135d4c8074fbaa905c100) Importer(815301076,1909f56bfc062723c751e8b465ee728b) (PreviewImporter) -> (artifact id: 'ce6c14fa81e0d98b304088937d53b7b2') in 0.0299655 seconds
Number of updated asset objects reloaded before import = 0Number of asset objects unloaded after import = 16

========================================================================
Received Import Request.
  Time since last request: 0.000033 seconds.
  path: Assets/Synty/PolygonApocalypse/Prefabs/Environment/SM_Env_Road_Crossing_02.prefab
  artifactKey: Guid(7e72b6341abf7a043bc11e88e1d67523) Importer(815301076,1909f56bfc062723c751e8b465ee728b)
Start importing Assets/Synty/PolygonApocalypse/Prefabs/Environment/SM_Env_Road_Crossing_02.prefab using Guid(7e72b6341abf7a043bc11e88e1d67523) Importer(815301076,1909f56bfc062723c751e8b465ee728b) (PreviewImporter) -> (artifact id: '3c5472098c94d9cf93630d920ab3f424') in 0.0295546 seconds
Number of updated asset objects reloaded before import = 0Number of asset objects unloaded after import = 15

========================================================================
Received Import Request.
  Time since last request: 0.000035 seconds.
  path: Assets/Synty/PolygonApocalypse/Prefabs/Environment/SM_Env_Road_Parking_01.prefab
  artifactKey: Guid(262b2728dcacca944b3c37c263f628f4) Importer(815301076,1909f56bfc062723c751e8b465ee728b)
Start importing Assets/Synty/PolygonApocalypse/Prefabs/Environment/SM_Env_Road_Parking_01.prefab using Guid(262b2728dcacca944b3c37c263f628f4) Importer(815301076,1909f56bfc062723c751e8b465ee728b) (PreviewImporter) -> (artifact id: 'f6f050fdfdf8b8c7b35bb92edf3633ee') in 0.0269021 seconds
Number of updated asset objects reloaded before import = 0Number of asset objects unloaded after import = 15

========================================================================
Received Import Request.
  Time since last request: 0.000029 seconds.
  path: Assets/Synty/PolygonApocalypse/Prefabs/Environment/SM_Env_Road_Median_02.prefab
  artifactKey: Guid(e9d13e38137bdec40bda1b32718e60d5) Importer(815301076,1909f56bfc062723c751e8b465ee728b)
Start importing Assets/Synty/PolygonApocalypse/Prefabs/Environment/SM_Env_Road_Median_02.prefab using Guid(e9d13e38137bdec40bda1b32718e60d5) Importer(815301076,1909f56bfc062723c751e8b465ee728b) (PreviewImporter) -> (artifact id: 'fe0687716cdbaba63efca7637cf9e0e4') in 0.0298754 seconds
Number of updated asset objects reloaded before import = 0Number of asset objects unloaded after import = 15

========================================================================
Received Import Request.
  Time since last request: 0.000043 seconds.
  path: Assets/Synty/PolygonApocalypse/Prefabs/Environment/SM_Env_Motorway_Tunnel_Edge_02.prefab
  artifactKey: Guid(62a54f84a2999e04a877bbc1ee7f35d1) Importer(815301076,1909f56bfc062723c751e8b465ee728b)
Start importing Assets/Synty/PolygonApocalypse/Prefabs/Environment/SM_Env_Motorway_Tunnel_Edge_02.prefab using Guid(62a54f84a2999e04a877bbc1ee7f35d1) Importer(815301076,1909f56bfc062723c751e8b465ee728b) (PreviewImporter) -> (artifact id: '9027b60b1c8125a0a1c080bc93d484f4') in 0.0264921 seconds
Number of updated asset objects reloaded before import = 0Number of asset objects unloaded after import = 14

========================================================================
Received Import Request.
  Time since last request: 0.000024 seconds.
  path: Assets/Synty/PolygonApocalypse/Prefabs/Environment/SM_Env_Road_Crossing_01.prefab
  artifactKey: Guid(a0cc4396a69600f488a66499d0a11472) Importer(815301076,1909f56bfc062723c751e8b465ee728b)
Start importing Assets/Synty/PolygonApocalypse/Prefabs/Environment/SM_Env_Road_Crossing_01.prefab using Guid(a0cc4396a69600f488a66499d0a11472) Importer(815301076,1909f56bfc062723c751e8b465ee728b) (PreviewImporter) -> (artifact id: '1783d3aa329e08a13720cdb0a0fd626f') in 0.0263203 seconds
Number of updated asset objects reloaded before import = 0Number of asset objects unloaded after import = 15

========================================================================
Received Import Request.
  Time since last request: 0.000038 seconds.
  path: Assets/Synty/PolygonApocalypse/Prefabs/Environment/SM_Env_Road_01.prefab
  artifactKey: Guid(f8a48f8be2524674799f72b2d14af8e9) Importer(815301076,1909f56bfc062723c751e8b465ee728b)
Start importing Assets/Synty/PolygonApocalypse/Prefabs/Environment/SM_Env_Road_01.prefab using Guid(f8a48f8be2524674799f72b2d14af8e9) Importer(815301076,1909f56bfc062723c751e8b465ee728b) (PreviewImporter) -> (artifact id: 'e974cc315c1b10e2197b7ab19e1446fe') in 0.0261883 seconds
Number of updated asset objects reloaded before import = 0Number of asset objects unloaded after import = 15

========================================================================
Received Import Request.
  Time since last request: 0.000029 seconds.
  path: Assets/Synty/PolygonApocalypse/Prefabs/Environment/SM_Env_Motorway_Tunnel_Destroyed_Right_01.prefab
  artifactKey: Guid(64f6f84c59d13f84d8ec62623fe2d92d) Importer(815301076,1909f56bfc062723c751e8b465ee728b)
Start importing Assets/Synty/PolygonApocalypse/Prefabs/Environment/SM_Env_Motorway_Tunnel_Destroyed_Right_01.prefab using Guid(64f6f84c59d13f84d8ec62623fe2d92d) Importer(815301076,1909f56bfc062723c751e8b465ee728b) (PreviewImporter) -> (artifact id: '3e15013a3c7ce8e1409bf07da79fba21') in 0.02675 seconds
Number of updated asset objects reloaded before import = 0Number of asset objects unloaded after import = 16

========================================================================
Received Import Request.
  Time since last request: 0.000027 seconds.
  path: Assets/Synty/PolygonApocalypse/Prefabs/Environment/SM_Env_Road_BridgeRamp_01.prefab
  artifactKey: Guid(9a06ce65f2d433849b37290a0855e038) Importer(815301076,1909f56bfc062723c751e8b465ee728b)
Start importing Assets/Synty/PolygonApocalypse/Prefabs/Environment/SM_Env_Road_BridgeRamp_01.prefab using Guid(9a06ce65f2d433849b37290a0855e038) Importer(815301076,1909f56bfc062723c751e8b465ee728b) (PreviewImporter) -> (artifact id: '4c3a86382d37cb2b1fde2f658921bf4c') in 0.0598795 seconds
Number of updated asset objects reloaded before import = 0Number of asset objects unloaded after import = 20

========================================================================
Received Import Request.
  Time since last request: 0.000024 seconds.
  path: Assets/Synty/PolygonApocalypse/Prefabs/Environment/SM_Env_Motorway_Ramp_Edge_Destroyed_01.prefab
  artifactKey: Guid(bb0410c64d168274f99a7ce2afe4e10f) Importer(815301076,1909f56bfc062723c751e8b465ee728b)
Start importing Assets/Synty/PolygonApocalypse/Prefabs/Environment/SM_Env_Motorway_Ramp_Edge_Destroyed_01.prefab using Guid(bb0410c64d168274f99a7ce2afe4e10f) Importer(815301076,1909f56bfc062723c751e8b465ee728b) (PreviewImporter) -> (artifact id: '7156a781adc7ca19694fa0e76560fb3b') in 0.0318309 seconds
Number of updated asset objects reloaded before import = 0Number of asset objects unloaded after import = 16

========================================================================
Received Import Request.
  Time since last request: 0.000037 seconds.
  path: Assets/Synty/PolygonApocalypse/Prefabs/Environment/SM_Env_RoadPiece_Damaged_02.prefab
  artifactKey: Guid(ac022a22e89bea54e94158e749cdc65b) Importer(815301076,1909f56bfc062723c751e8b465ee728b)
Start importing Assets/Synty/PolygonApocalypse/Prefabs/Environment/SM_Env_RoadPiece_Damaged_02.prefab using Guid(ac022a22e89bea54e94158e749cdc65b) Importer(815301076,1909f56bfc062723c751e8b465ee728b) (PreviewImporter) -> (artifact id: '470b305594cbe3711da7f809167e00d6') in 0.0319242 seconds
Number of updated asset objects reloaded before import = 0Number of asset objects unloaded after import = 16

========================================================================
Received Import Request.
  Time since last request: 202.737852 seconds.
  path: Assets/Synty/PolygonApocalypse/Models/SM_Prop_Gaspump_Burnt_01.fbx
  artifactKey: Guid(b43e783db1ec8d14789a0b433b1e3ae9) Importer(815301076,1909f56bfc062723c751e8b465ee728b)
Start importing Assets/Synty/PolygonApocalypse/Models/SM_Prop_Gaspump_Burnt_01.fbx using Guid(b43e783db1ec8d14789a0b433b1e3ae9) Importer(815301076,1909f56bfc062723c751e8b465ee728b) (PreviewImporter) -> (artifact id: 'f8acc258a14b44233982396463041f19') in 0.0212577 seconds
Number of updated asset objects reloaded before import = 0Number of asset objects unloaded after import = 7

========================================================================
Received Import Request.
  Time since last request: 0.000031 seconds.
  path: Assets/Synty/PolygonApocalypse/Prefabs/Props/SM_Prop_Gaspump_Burnt_01.prefab
  artifactKey: Guid(ae9b60113fa775b4d955fa2cded71311) Importer(815301076,1909f56bfc062723c751e8b465ee728b)
Start importing Assets/Synty/PolygonApocalypse/Prefabs/Props/SM_Prop_Gaspump_Burnt_01.prefab using Guid(ae9b60113fa775b4d955fa2cded71311) Importer(815301076,1909f56bfc062723c751e8b465ee728b) (PreviewImporter) -> (artifact id: '5658dfb638a884dfdcc7161e9071b402') in 0.0386255 seconds
Number of updated asset objects reloaded before import = 0Number of asset objects unloaded after import = 18

========================================================================
Received Import Request.
  Time since last request: 0.000041 seconds.
  path: Assets/Synty/PolygonApocalypse/Models/Convex/SM_Prop_Gaspump_Burnt_01_Convex.asset
  artifactKey: Guid(324a28da618df904fb2ca3b561be45bc) Importer(815301076,1909f56bfc062723c751e8b465ee728b)
Start importing Assets/Synty/PolygonApocalypse/Models/Convex/SM_Prop_Gaspump_Burnt_01_Convex.asset using Guid(324a28da618df904fb2ca3b561be45bc) Importer(815301076,1909f56bfc062723c751e8b465ee728b) (PreviewImporter) -> (artifact id: 'cf14cc408da1bcc7e2372e9c41b49391') in 0.0213745 seconds
Number of updated asset objects reloaded before import = 0Number of asset objects unloaded after import = 2

========================================================================
Received Import Request.
  Time since last request: 0.000026 seconds.
  path: Assets/Synty/PolygonApocalypse/Models/Convex/SM_Prop_Gaspump_Cover_Burnt_01_Convex 1.asset
  artifactKey: Guid(81bcee394bc43cd4fb1a0a599c8ca623) Importer(815301076,1909f56bfc062723c751e8b465ee728b)
Start importing Assets/Synty/PolygonApocalypse/Models/Convex/SM_Prop_Gaspump_Cover_Burnt_01_Convex 1.asset using Guid(81bcee394bc43cd4fb1a0a599c8ca623) Importer(815301076,1909f56bfc062723c751e8b465ee728b) (PreviewImporter) -> (artifact id: 'a024d81cf583ca9f3227d8fc6c018497') in 0.0309875 seconds
Number of updated asset objects reloaded before import = 0Number of asset objects unloaded after import = 4

========================================================================
Received Import Request.
  Time since last request: 0.000019 seconds.
  path: Assets/Synty/PolygonApocalypse/Models/Convex/SM_Prop_Gaspump_Cover_Burnt_01_Convex 3.asset
  artifactKey: Guid(4a4a7f03e3ba3ea4b8fc0059644eb304) Importer(815301076,1909f56bfc062723c751e8b465ee728b)
Start importing Assets/Synty/PolygonApocalypse/Models/Convex/SM_Prop_Gaspump_Cover_Burnt_01_Convex 3.asset using Guid(4a4a7f03e3ba3ea4b8fc0059644eb304) Importer(815301076,1909f56bfc062723c751e8b465ee728b) (PreviewImporter) -> (artifact id: '0350b95ef32e9482de5bab47699ecf0b') in 0.0300089 seconds
Number of updated asset objects reloaded before import = 0Number of asset objects unloaded after import = 4

========================================================================
Received Import Request.
  Time since last request: 0.000027 seconds.
  path: Assets/Synty/PolygonApocalypse/Prefabs/Props/SM_Prop_Gaspump_Cover_Burnt_01.prefab
  artifactKey: Guid(f774d5f3d43de6f4d8a26a77734edebd) Importer(815301076,1909f56bfc062723c751e8b465ee728b)
Start importing Assets/Synty/PolygonApocalypse/Prefabs/Props/SM_Prop_Gaspump_Cover_Burnt_01.prefab using Guid(f774d5f3d43de6f4d8a26a77734edebd) Importer(815301076,1909f56bfc062723c751e8b465ee728b) (PreviewImporter) -> (artifact id: '6b70b27361e50e4cb48d698c24e75707') in 0.030792 seconds
Number of updated asset objects reloaded before import = 0Number of asset objects unloaded after import = 33

========================================================================
Received Import Request.
  Time since last request: 0.000044 seconds.
  path: Assets/Synty/PolygonApocalypse/Models/Collision/SM_Prop_Gaspump_Cover_01_Collision.fbx
  artifactKey: Guid(de9ab9eae9e82b140af6251ca6ba0c3d) Importer(815301076,1909f56bfc062723c751e8b465ee728b)
Start importing Assets/Synty/PolygonApocalypse/Models/Collision/SM_Prop_Gaspump_Cover_01_Collision.fbx using Guid(de9ab9eae9e82b140af6251ca6ba0c3d) Importer(815301076,1909f56bfc062723c751e8b465ee728b) (PreviewImporter) -> (artifact id: 'c35feff6e02bf22665c426b988f23736') in 0.0158611 seconds
Number of updated asset objects reloaded before import = 0Number of asset objects unloaded after import = 7

========================================================================
Received Import Request.
  Time since last request: 0.000019 seconds.
  path: Assets/Synty/PolygonApocalypse/Models/Collision/SM_Prop_Gaspump_Cover_Burnt_01_Collision.fbx
  artifactKey: Guid(9927e6c35c603d44bbd2ced819ea38d7) Importer(815301076,1909f56bfc062723c751e8b465ee728b)
Start importing Assets/Synty/PolygonApocalypse/Models/Collision/SM_Prop_Gaspump_Cover_Burnt_01_Collision.fbx using Guid(9927e6c35c603d44bbd2ced819ea38d7) Importer(815301076,1909f56bfc062723c751e8b465ee728b) (PreviewImporter) -> (artifact id: 'bdfbbbc875b5ea939e2c6fa9a77f8567') in 0.0157986 seconds
Number of updated asset objects reloaded before import = 0Number of asset objects unloaded after import = 7

========================================================================
Received Import Request.
  Time since last request: 0.000024 seconds.
  path: Assets/Synty/PolygonApocalypse/Models/Convex/SM_Prop_Gaspump_Cover_01_Convex.asset
  artifactKey: Guid(f1f5506d47eaa2c4fad369f0529e46a2) Importer(815301076,1909f56bfc062723c751e8b465ee728b)
Start importing Assets/Synty/PolygonApocalypse/Models/Convex/SM_Prop_Gaspump_Cover_01_Convex.asset using Guid(f1f5506d47eaa2c4fad369f0529e46a2) Importer(815301076,1909f56bfc062723c751e8b465ee728b) (PreviewImporter) -> (artifact id: '96684acd2126f15b7f0012029aa87d1c') in 0.019027 seconds
Number of updated asset objects reloaded before import = 0Number of asset objects unloaded after import = 2

========================================================================
Received Import Request.
  Time since last request: 0.000043 seconds.
  path: Assets/Synty/PolygonApocalypse/Models/Convex/SM_Prop_Gaspump_Cover_01_Convex 1.asset
  artifactKey: Guid(801f32091fecc3b4ab6c3663273b3bba) Importer(815301076,1909f56bfc062723c751e8b465ee728b)
Start importing Assets/Synty/PolygonApocalypse/Models/Convex/SM_Prop_Gaspump_Cover_01_Convex 1.asset using Guid(801f32091fecc3b4ab6c3663273b3bba) Importer(815301076,1909f56bfc062723c751e8b465ee728b) (PreviewImporter) -> (artifact id: '1bbc9e405ec549b1bfb30f8cf74b59ea') in 0.0274734 seconds
Number of updated asset objects reloaded before import = 0Number of asset objects unloaded after import = 4

========================================================================
Received Import Request.
  Time since last request: 0.574088 seconds.
  path: Assets/Synty/PolygonApocalypse/Models/Convex/SM_Prop_Gaspump_Base_01_Convex 2.asset
  artifactKey: Guid(3056e028f92685548a6d80cf8c963e52) Importer(815301076,1909f56bfc062723c751e8b465ee728b)
Start importing Assets/Synty/PolygonApocalypse/Models/Convex/SM_Prop_Gaspump_Base_01_Convex 2.asset using Guid(3056e028f92685548a6d80cf8c963e52) Importer(815301076,1909f56bfc062723c751e8b465ee728b) (PreviewImporter) -> (artifact id: '3bd13874b6dcaa178d175659c2d5e8e2') in 0.0347631 seconds
Number of updated asset objects reloaded before import = 0Number of asset objects unloaded after import = 6

========================================================================
Received Import Request.
  Time since last request: 0.000029 seconds.
  path: Assets/Synty/PolygonApocalypse/Models/Convex/SM_Prop_Gaspump_01_Convex.asset
  artifactKey: Guid(adea82cabe817bd4abca9aae18ccb1c3) Importer(815301076,1909f56bfc062723c751e8b465ee728b)
Start importing Assets/Synty/PolygonApocalypse/Models/Convex/SM_Prop_Gaspump_01_Convex.asset using Guid(adea82cabe817bd4abca9aae18ccb1c3) Importer(815301076,1909f56bfc062723c751e8b465ee728b) (PreviewImporter) -> (artifact id: 'fb84b0e2a94851fdd9747f9e0aa83d53') in 0.0182333 seconds
Number of updated asset objects reloaded before import = 0Number of asset objects unloaded after import = 2

========================================================================
Received Import Request.
  Time since last request: 0.000035 seconds.
  path: Assets/Synty/PolygonApocalypse/Prefabs/Props/SM_Prop_Gaspump_01.prefab
  artifactKey: Guid(47da375f113338e47b5357cdd6284614) Importer(815301076,1909f56bfc062723c751e8b465ee728b)
Start importing Assets/Synty/PolygonApocalypse/Prefabs/Props/SM_Prop_Gaspump_01.prefab using Guid(47da375f113338e47b5357cdd6284614) Importer(815301076,1909f56bfc062723c751e8b465ee728b) (PreviewImporter) -> (artifact id: '5b0986c3536a289ecb7e0b6bebe35fce') in 0.0275726 seconds
Number of updated asset objects reloaded before import = 0Number of asset objects unloaded after import = 18

========================================================================
Received Import Request.
  Time since last request: 0.000054 seconds.
  path: Assets/Synty/PolygonApocalypse/Models/SM_Chr_Attach_GasMask_01.fbx
  artifactKey: Guid(14348611c2564cd49b41660c45f342e7) Importer(815301076,1909f56bfc062723c751e8b465ee728b)
Start importing Assets/Synty/PolygonApocalypse/Models/SM_Chr_Attach_GasMask_01.fbx using Guid(14348611c2564cd49b41660c45f342e7) Importer(815301076,1909f56bfc062723c751e8b465ee728b) (PreviewImporter) -> (artifact id: '406e804dde4eff359acbf2c16565378a') in 0.025559 seconds
Number of updated asset objects reloaded before import = 0Number of asset objects unloaded after import = 12

========================================================================
Received Import Request.
  Time since last request: 0.000031 seconds.
  path: Assets/Synty/PolygonApocalypse/Prefabs/Props/SM_Prop_GasCan_01.prefab
  artifactKey: Guid(aa9d0fceec1d4814aa3e38892faa08a0) Importer(815301076,1909f56bfc062723c751e8b465ee728b)
Start importing Assets/Synty/PolygonApocalypse/Prefabs/Props/SM_Prop_GasCan_01.prefab using Guid(aa9d0fceec1d4814aa3e38892faa08a0) Importer(815301076,1909f56bfc062723c751e8b465ee728b) (PreviewImporter) -> (artifact id: 'e7a7e20ec78a5d434df490fc6ea546a9') in 0.0295567 seconds
Number of updated asset objects reloaded before import = 0Number of asset objects unloaded after import = 18

========================================================================
Received Import Request.
  Time since last request: 0.000027 seconds.
  path: Assets/Synty/PolygonApocalypse/Models/SM_Prop_Gaspump_01.fbx
  artifactKey: Guid(135979dfda340dc4d80475ee4512087c) Importer(815301076,1909f56bfc062723c751e8b465ee728b)
Start importing Assets/Synty/PolygonApocalypse/Models/SM_Prop_Gaspump_01.fbx using Guid(135979dfda340dc4d80475ee4512087c) Importer(815301076,1909f56bfc062723c751e8b465ee728b) (PreviewImporter) -> (artifact id: '7b6ec7096f78be8b05d8c0b00dc053c6') in 0.018917 seconds
Number of updated asset objects reloaded before import = 0Number of asset objects unloaded after import = 7

========================================================================
Received Import Request.
  Time since last request: 0.000039 seconds.
  path: Assets/Synty/PolygonApocalypse/Models/Convex/SM_Prop_GasCan_01_Convex.asset
  artifactKey: Guid(5e0f0565fb93de74fa18a5c2e4bb06ab) Importer(815301076,1909f56bfc062723c751e8b465ee728b)
Start importing Assets/Synty/PolygonApocalypse/Models/Convex/SM_Prop_GasCan_01_Convex.asset using Guid(5e0f0565fb93de74fa18a5c2e4bb06ab) Importer(815301076,1909f56bfc062723c751e8b465ee728b) (PreviewImporter) -> (artifact id: '9bcfc6fa4aa04bb4d40f82ffc4b104ec') in 0.0191612 seconds
Number of updated asset objects reloaded before import = 0Number of asset objects unloaded after import = 2

========================================================================
Received Import Request.
  Time since last request: 0.000022 seconds.
  path: Assets/Synty/PolygonApocalypse/Models/SM_Prop_GasCan_01.fbx
  artifactKey: Guid(7c28d164a49104d459484cb40d70b53f) Importer(815301076,1909f56bfc062723c751e8b465ee728b)
Start importing Assets/Synty/PolygonApocalypse/Models/SM_Prop_GasCan_01.fbx using Guid(7c28d164a49104d459484cb40d70b53f) Importer(815301076,1909f56bfc062723c751e8b465ee728b) (PreviewImporter) -> (artifact id: '8f03115c11d095a2253b89cbc0d950a5') in 0.0189354 seconds
Number of updated asset objects reloaded before import = 0Number of asset objects unloaded after import = 7

========================================================================
Received Import Request.
  Time since last request: 6.661904 seconds.
  path: Assets/Synty/PolygonShops/Models/SM_Prop_Clothes_Eyewear_Stand_01.fbx
  artifactKey: Guid(9a1e52551a52d0841b592332280f7f06) Importer(815301076,1909f56bfc062723c751e8b465ee728b)
Start importing Assets/Synty/PolygonShops/Models/SM_Prop_Clothes_Eyewear_Stand_01.fbx using Guid(9a1e52551a52d0841b592332280f7f06) Importer(815301076,1909f56bfc062723c751e8b465ee728b) (PreviewImporter) -> (artifact id: 'de5efc0e65a776b393e3493d4974e49b') in 0.0326307 seconds
Number of updated asset objects reloaded before import = 0Number of asset objects unloaded after import = 17

========================================================================
Received Import Request.
  Time since last request: 0.000019 seconds.
  path: Assets/Synty/PolygonGeneric/Models/Base/SM_Bld_Base_Stair_Quarter_01.fbx
  artifactKey: Guid(473e6de1cbedaad48b69eb0e73bc029b) Importer(815301076,1909f56bfc062723c751e8b465ee728b)
Start importing Assets/Synty/PolygonGeneric/Models/Base/SM_Bld_Base_Stair_Quarter_01.fbx using Guid(473e6de1cbedaad48b69eb0e73bc029b) Importer(815301076,1909f56bfc062723c751e8b465ee728b) (PreviewImporter) -> (artifact id: '054a0d3476603876b5d03615065f9229') in 0.0187302 seconds
Number of updated asset objects reloaded before import = 0Number of asset objects unloaded after import = 7

========================================================================
Received Import Request.
  Time since last request: 0.000023 seconds.
  path: Assets/Synty/PolygonShops/Models/SM_Bld_Base_Pillar_Metal_02.fbx
  artifactKey: Guid(9a24f29f43bcbd1409a4996a4428f64a) Importer(815301076,1909f56bfc062723c751e8b465ee728b)
Start importing Assets/Synty/PolygonShops/Models/SM_Bld_Base_Pillar_Metal_02.fbx using Guid(9a24f29f43bcbd1409a4996a4428f64a) Importer(815301076,1909f56bfc062723c751e8b465ee728b) (PreviewImporter) -> (artifact id: 'eea438fdfc59b9649341d27b32e28621') in 0.0144917 seconds
Number of updated asset objects reloaded before import = 0Number of asset objects unloaded after import = 7

========================================================================
Received Import Request.
  Time since last request: 0.000028 seconds.
  path: Assets/Synty/PolygonShops/Models/SM_Bld_Base_Pillar_Metal_01.fbx
  artifactKey: Guid(a587bb6596e2f1d4681fb70ac0c9b6d5) Importer(815301076,1909f56bfc062723c751e8b465ee728b)
Start importing Assets/Synty/PolygonShops/Models/SM_Bld_Base_Pillar_Metal_01.fbx using Guid(a587bb6596e2f1d4681fb70ac0c9b6d5) Importer(815301076,1909f56bfc062723c751e8b465ee728b) (PreviewImporter) -> (artifact id: '8cbd2cf4f134e133f78eea2a787c3704') in 0.0167654 seconds
Number of updated asset objects reloaded before import = 0Number of asset objects unloaded after import = 7

========================================================================
Received Import Request.
  Time since last request: 0.000023 seconds.
  path: Assets/Synty/PolygonShops/Prefabs/Buildings/SM_Bld_Base_Pillar_Metal_01.prefab
  artifactKey: Guid(fd2387484f95ae547a27c847e7e5ec09) Importer(815301076,1909f56bfc062723c751e8b465ee728b)
Start importing Assets/Synty/PolygonShops/Prefabs/Buildings/SM_Bld_Base_Pillar_Metal_01.prefab using Guid(fd2387484f95ae547a27c847e7e5ec09) Importer(815301076,1909f56bfc062723c751e8b465ee728b) (PreviewImporter) -> (artifact id: '046c3ad11dfffad83a7cdfc4ac151422') in 0.0215126 seconds
Number of updated asset objects reloaded before import = 0Number of asset objects unloaded after import = 17

========================================================================
Received Import Request.
  Time since last request: 0.000024 seconds.
  path: Assets/Synty/PolygonGeneric/Models/Base/SM_Bld_Base_Stair_Half_01.fbx
  artifactKey: Guid(22e4209ab351d594e8d3191fcdcaef78) Importer(815301076,1909f56bfc062723c751e8b465ee728b)
Start importing Assets/Synty/PolygonGeneric/Models/Base/SM_Bld_Base_Stair_Half_01.fbx using Guid(22e4209ab351d594e8d3191fcdcaef78) Importer(815301076,1909f56bfc062723c751e8b465ee728b) (PreviewImporter) -> (artifact id: '61509ef17e592132e8d6ab84df8f6bcd') in 0.014999 seconds
Number of updated asset objects reloaded before import = 0Number of asset objects unloaded after import = 7

========================================================================
Received Import Request.
  Time since last request: 0.000017 seconds.
  path: Assets/Synty/PolygonShops/Models/SK_Cable_01.fbx
  artifactKey: Guid(809694dd6fad5a848aadc55fcd676a58) Importer(815301076,1909f56bfc062723c751e8b465ee728b)
Start importing Assets/Synty/PolygonShops/Models/SK_Cable_01.fbx using Guid(809694dd6fad5a848aadc55fcd676a58) Importer(815301076,1909f56bfc062723c751e8b465ee728b) (PreviewImporter) -> (artifact id: '3e93449716b451d93a1bf60f8f5c4373') in 0.0277917 seconds
Number of updated asset objects reloaded before import = 0Number of asset objects unloaded after import = 14

========================================================================
Received Import Request.
  Time since last request: 0.159353 seconds.
  path: Assets/Synty/PolygonApocalypse/Prefabs/Props/SM_Prop_Decontamination_Shower_01.prefab
  artifactKey: Guid(adf6416d3b9f5e04ba093f382230b361) Importer(815301076,1909f56bfc062723c751e8b465ee728b)
Start importing Assets/Synty/PolygonApocalypse/Prefabs/Props/SM_Prop_Decontamination_Shower_01.prefab using Guid(adf6416d3b9f5e04ba093f382230b361) Importer(815301076,1909f56bfc062723c751e8b465ee728b) (PreviewImporter) -> (artifact id: '0a9558fe4ee114ce095aa6619ad253fa') in 0.03474 seconds
Number of updated asset objects reloaded before import = 0Number of asset objects unloaded after import = 18

========================================================================
Received Import Request.
  Time since last request: 0.000023 seconds.
  path: Assets/Synty/PolygonShops/Prefabs/Props/SM_Prop_Gym_Fitness_Tampoline_01.prefab
  artifactKey: Guid(0f44b020d0801584f81f2165cfa79e7b) Importer(815301076,1909f56bfc062723c751e8b465ee728b)
Start importing Assets/Synty/PolygonShops/Prefabs/Props/SM_Prop_Gym_Fitness_Tampoline_01.prefab using Guid(0f44b020d0801584f81f2165cfa79e7b) Importer(815301076,1909f56bfc062723c751e8b465ee728b) (PreviewImporter) -> (artifact id: '8e6bbe7eca2d1f6dde3ceadd2b331ca1') in 0.0172176 seconds
Number of updated asset objects reloaded before import = 0Number of asset objects unloaded after import = 17

========================================================================
Received Import Request.
  Time since last request: 0.921292 seconds.
  path: Assets/Synty/PolygonApocalypse/Models/SM_Bld_WaterTank_01.fbx
  artifactKey: Guid(2b8b2f6e62818ca40812c54c364b4f4f) Importer(815301076,1909f56bfc062723c751e8b465ee728b)
Start importing Assets/Synty/PolygonApocalypse/Models/SM_Bld_WaterTank_01.fbx using Guid(2b8b2f6e62818ca40812c54c364b4f4f) Importer(815301076,1909f56bfc062723c751e8b465ee728b) (PreviewImporter) -> (artifact id: '37eb8bd5bcb1aeac23687186ea59d34a') in 0.0181257 seconds
Number of updated asset objects reloaded before import = 0Number of asset objects unloaded after import = 7

========================================================================
Received Import Request.
  Time since last request: 0.000019 seconds.
  path: Assets/Synty/PolygonApocalypse/Models/SM_Prop_TankTrap_01.fbx
  artifactKey: Guid(adc767cf7ba65664d8923564030f1aaa) Importer(815301076,1909f56bfc062723c751e8b465ee728b)
Start importing Assets/Synty/PolygonApocalypse/Models/SM_Prop_TankTrap_01.fbx using Guid(adc767cf7ba65664d8923564030f1aaa) Importer(815301076,1909f56bfc062723c751e8b465ee728b) (PreviewImporter) -> (artifact id: 'acabe722830b39dd0df1b27ecd639743') in 0.0148226 seconds
Number of updated asset objects reloaded before import = 0Number of asset objects unloaded after import = 7

========================================================================
Received Import Request.
  Time since last request: 0.000032 seconds.
  path: Assets/Synty/PolygonApocalypse/Models/Convex/SM_Prop_TankTrap_01_Convex.asset
  artifactKey: Guid(e4da47b4773d0b14280315eff4d810d0) Importer(815301076,1909f56bfc062723c751e8b465ee728b)
Start importing Assets/Synty/PolygonApocalypse/Models/Convex/SM_Prop_TankTrap_01_Convex.asset using Guid(e4da47b4773d0b14280315eff4d810d0) Importer(815301076,1909f56bfc062723c751e8b465ee728b) (PreviewImporter) -> (artifact id: '315f6e9d50599a17a54eb5f86d995c9a') in 0.0160002 seconds
Number of updated asset objects reloaded before import = 0Number of asset objects unloaded after import = 2

========================================================================
Received Import Request.
  Time since last request: 39.524150 seconds.
  path: Assets/Synty/PolygonApocalypse/Models/Convex/SM_Env_StormCanal_Pipe_01_Convex.asset
  artifactKey: Guid(aa11e805c7b051947b445965ed90172e) Importer(815301076,1909f56bfc062723c751e8b465ee728b)
Start importing Assets/Synty/PolygonApocalypse/Models/Convex/SM_Env_StormCanal_Pipe_01_Convex.asset using Guid(aa11e805c7b051947b445965ed90172e) Importer(815301076,1909f56bfc062723c751e8b465ee728b) (PreviewImporter) -> (artifact id: '72e5fbabcaeb69f5b12caafbc2c3cf00') in 0.015596 seconds
Number of updated asset objects reloaded before import = 0Number of asset objects unloaded after import = 2

========================================================================
Received Import Request.
  Time since last request: 0.000035 seconds.
  path: Assets/Synty/PolygonGeneric/Models/SM_Gen_Bld_Pipe_Cap_01.fbx
  artifactKey: Guid(90901e473d656c447930f5a2f559f6d1) Importer(815301076,1909f56bfc062723c751e8b465ee728b)
Start importing Assets/Synty/PolygonGeneric/Models/SM_Gen_Bld_Pipe_Cap_01.fbx using Guid(90901e473d656c447930f5a2f559f6d1) Importer(815301076,1909f56bfc062723c751e8b465ee728b) (PreviewImporter) -> (artifact id: '28adfeb28be7dfa6f7dc24f627034580') in 0.0153073 seconds
Number of updated asset objects reloaded before import = 0Number of asset objects unloaded after import = 7

========================================================================
Received Import Request.
  Time since last request: 0.000022 seconds.
  path: Assets/Synty/PolygonGeneric/Models/SM_Gen_Bld_Pipe_Straight_03.fbx
  artifactKey: Guid(d692ca05e77d9c148b66c08bee9bd9cd) Importer(815301076,1909f56bfc062723c751e8b465ee728b)
Start importing Assets/Synty/PolygonGeneric/Models/SM_Gen_Bld_Pipe_Straight_03.fbx using Guid(d692ca05e77d9c148b66c08bee9bd9cd) Importer(815301076,1909f56bfc062723c751e8b465ee728b) (PreviewImporter) -> (artifact id: '3b690f8c879375611e370ae3cfe1ea1c') in 0.0149468 seconds
Number of updated asset objects reloaded before import = 0Number of asset objects unloaded after import = 7

========================================================================
Received Import Request.
  Time since last request: 0.000034 seconds.
  path: Assets/Synty/PolygonGeneric/Models/SM_Gen_Bld_Pipe_Corner_02.fbx
  artifactKey: Guid(e6309b0a92408184c9c5c1f25f59c35a) Importer(815301076,1909f56bfc062723c751e8b465ee728b)
Start importing Assets/Synty/PolygonGeneric/Models/SM_Gen_Bld_Pipe_Corner_02.fbx using Guid(e6309b0a92408184c9c5c1f25f59c35a) Importer(815301076,1909f56bfc062723c751e8b465ee728b) (PreviewImporter) -> (artifact id: 'd4cddc28a3e6c7408fb781bd80a81f55') in 0.0165707 seconds
Number of updated asset objects reloaded before import = 0Number of asset objects unloaded after import = 7

========================================================================
Received Import Request.
  Time since last request: 41.273023 seconds.
  path: Assets/Synty/PolygonShops/Prefabs/Props/SM_Prop_BigPipe_02.prefab
  artifactKey: Guid(2a0ee6d20f305ee40bfcc7e91f43cffe) Importer(815301076,1909f56bfc062723c751e8b465ee728b)
Start importing Assets/Synty/PolygonShops/Prefabs/Props/SM_Prop_BigPipe_02.prefab using Guid(2a0ee6d20f305ee40bfcc7e91f43cffe) Importer(815301076,1909f56bfc062723c751e8b465ee728b) (PreviewImporter) -> (artifact id: '5cd78a2df1d06567e566c8e5aa5bc5f9') in 0.015447 seconds
Number of updated asset objects reloaded before import = 0Number of asset objects unloaded after import = 17

========================================================================
Received Import Request.
  Time since last request: 0.016374 seconds.
  path: Assets/Synty/PolygonShops/Models/Collision/Convex/SM_Prop_BigPipe_02_Convex.asset
  artifactKey: Guid(e68d64a577e904a42a82cad56207911e) Importer(815301076,1909f56bfc062723c751e8b465ee728b)
Start importing Assets/Synty/PolygonShops/Models/Collision/Convex/SM_Prop_BigPipe_02_Convex.asset using Guid(e68d64a577e904a42a82cad56207911e) Importer(815301076,1909f56bfc062723c751e8b465ee728b) (PreviewImporter) -> (artifact id: '10447a0760aa5af3d4c26aefc9d1f34a') in 0.0107474 seconds
Number of updated asset objects reloaded before import = 0Number of asset objects unloaded after import = 2

========================================================================
Received Import Request.
  Time since last request: 0.000024 seconds.
  path: Assets/Synty/PolygonShops/Models/Collision/Convex/SM_Prop_BigPipe_Connector_01_Convex.asset
  artifactKey: Guid(ffd094612c663e749b8ecc1d015e577c) Importer(815301076,1909f56bfc062723c751e8b465ee728b)
Start importing Assets/Synty/PolygonShops/Models/Collision/Convex/SM_Prop_BigPipe_Connector_01_Convex.asset using Guid(ffd094612c663e749b8ecc1d015e577c) Importer(815301076,1909f56bfc062723c751e8b465ee728b) (PreviewImporter) -> (artifact id: '1d34872f01188ce848afb1bcc17c050a') in 0.0105489 seconds
Number of updated asset objects reloaded before import = 0Number of asset objects unloaded after import = 2

========================================================================
Received Import Request.
  Time since last request: 0.286036 seconds.
  path: Assets/Synty/PolygonShops/Models/Collision/Convex/SM_Prop_BigPipe_Corner_01_Convex.asset
  artifactKey: Guid(f2cfc97570c839f4bae1bac9a293705e) Importer(815301076,1909f56bfc062723c751e8b465ee728b)
Start importing Assets/Synty/PolygonShops/Models/Collision/Convex/SM_Prop_BigPipe_Corner_01_Convex.asset using Guid(f2cfc97570c839f4bae1bac9a293705e) Importer(815301076,1909f56bfc062723c751e8b465ee728b) (PreviewImporter) -> (artifact id: 'a8e0d4f53f0014d32c8ca4fe85929b70') in 0.0110071 seconds
Number of updated asset objects reloaded before import = 0Number of asset objects unloaded after import = 2

========================================================================
Received Import Request.
  Time since last request: 0.044497 seconds.
  path: Assets/Synty/PolygonApocalypse/Models/Convex/SM_Prop_Bunker_WallPipe_01_Convex.asset
  artifactKey: Guid(13e4984d3cf67a14da3e3ac0635f5acb) Importer(815301076,1909f56bfc062723c751e8b465ee728b)
Start importing Assets/Synty/PolygonApocalypse/Models/Convex/SM_Prop_Bunker_WallPipe_01_Convex.asset using Guid(13e4984d3cf67a14da3e3ac0635f5acb) Importer(815301076,1909f56bfc062723c751e8b465ee728b) (PreviewImporter) -> (artifact id: '316aac491cf629ae7b2817e7513430d5') in 0.0202919 seconds
Number of updated asset objects reloaded before import = 0Number of asset objects unloaded after import = 2

========================================================================
Received Import Request.
  Time since last request: 0.446722 seconds.
  path: Assets/Synty/PolygonApocalypse/Models/Convex/SM_Prop_Pipe_Large_01_Convex.asset
  artifactKey: Guid(a51b21520ed88584b9908560a3c0ccba) Importer(815301076,1909f56bfc062723c751e8b465ee728b)
Start importing Assets/Synty/PolygonApocalypse/Models/Convex/SM_Prop_Pipe_Large_01_Convex.asset using Guid(a51b21520ed88584b9908560a3c0ccba) Importer(815301076,1909f56bfc062723c751e8b465ee728b) (PreviewImporter) -> (artifact id: 'fe5934388221ff576623d232ae3349fb') in 0.021191 seconds
Number of updated asset objects reloaded before import = 0Number of asset objects unloaded after import = 2

========================================================================
Received Import Request.
  Time since last request: 0.006287 seconds.
  path: Assets/Synty/PolygonApocalypse/Models/Convex/SM_Prop_Pipe_Large_01_Tarp_Convex.asset
  artifactKey: Guid(c908d6d20fc30ed44b428bfd9e9b1422) Importer(815301076,1909f56bfc062723c751e8b465ee728b)
Start importing Assets/Synty/PolygonApocalypse/Models/Convex/SM_Prop_Pipe_Large_01_Tarp_Convex.asset using Guid(c908d6d20fc30ed44b428bfd9e9b1422) Importer(815301076,1909f56bfc062723c751e8b465ee728b) (PreviewImporter) -> (artifact id: '9c01bf125bed19e59c5e4eb2955ee20f') in 0.0174364 seconds
Number of updated asset objects reloaded before import = 0Number of asset objects unloaded after import = 2

========================================================================
Received Import Request.
  Time since last request: 0.675648 seconds.
  path: Assets/Synty/PolygonApocalypse/Models/Convex/SM_Prop_Pipe_Valve_01_Convex.asset
  artifactKey: Guid(e776e2cf82c3f684fad5474e35d0ec01) Importer(815301076,1909f56bfc062723c751e8b465ee728b)
Start importing Assets/Synty/PolygonApocalypse/Models/Convex/SM_Prop_Pipe_Valve_01_Convex.asset using Guid(e776e2cf82c3f684fad5474e35d0ec01) Importer(815301076,1909f56bfc062723c751e8b465ee728b) (PreviewImporter) -> (artifact id: 'bccf413747360cc97b3ddc73cb110648') in 0.0174699 seconds
Number of updated asset objects reloaded before import = 0Number of asset objects unloaded after import = 2

========================================================================
Received Import Request.
  Time since last request: 0.002007 seconds.
  path: Assets/Synty/PolygonApocalypse/Models/Convex/SM_Prop_Pipe_Valve_02_Convex.asset
  artifactKey: Guid(e9eb634528f5d244d9d0b1e590e63a1a) Importer(815301076,1909f56bfc062723c751e8b465ee728b)
Start importing Assets/Synty/PolygonApocalypse/Models/Convex/SM_Prop_Pipe_Valve_02_Convex.asset using Guid(e9eb634528f5d244d9d0b1e590e63a1a) Importer(815301076,1909f56bfc062723c751e8b465ee728b) (PreviewImporter) -> (artifact id: '1c827ef1907c095bdf5e1bb1654d2cfa') in 0.0179419 seconds
Number of updated asset objects reloaded before import = 0Number of asset objects unloaded after import = 2

========================================================================
Received Import Request.
  Time since last request: 0.018226 seconds.
  path: Assets/Synty/PolygonApocalypse/Models/Convex/SM_Prop_Pipes_01_Convex.asset
  artifactKey: Guid(6a3d014444da968499239c5cab0d65fe) Importer(815301076,1909f56bfc062723c751e8b465ee728b)
Start importing Assets/Synty/PolygonApocalypse/Models/Convex/SM_Prop_Pipes_01_Convex.asset using Guid(6a3d014444da968499239c5cab0d65fe) Importer(815301076,1909f56bfc062723c751e8b465ee728b) (PreviewImporter) -> (artifact id: '66280a46b972f362c988a299c0117872') in 0.0196655 seconds
Number of updated asset objects reloaded before import = 0Number of asset objects unloaded after import = 2

========================================================================
Received Import Request.
  Time since last request: 0.327363 seconds.
  path: Assets/Synty/PolygonApocalypse/Models/Convex/SM_Prop_Pipes_Rusted_01_Convex.asset
  artifactKey: Guid(ca4a8e7f5afa9e9498fe531998accefe) Importer(815301076,1909f56bfc062723c751e8b465ee728b)
Start importing Assets/Synty/PolygonApocalypse/Models/Convex/SM_Prop_Pipes_Rusted_01_Convex.asset using Guid(ca4a8e7f5afa9e9498fe531998accefe) Importer(815301076,1909f56bfc062723c751e8b465ee728b) (PreviewImporter) -> (artifact id: 'c37902991787e638fa39f269e557ec69') in 0.0191638 seconds
Number of updated asset objects reloaded before import = 0Number of asset objects unloaded after import = 2

========================================================================
Received Import Request.
  Time since last request: 9.003468 seconds.
  path: Assets/Synty/PolygonApocalypse/Models/Convex/SM_Prop_Pipes_Rusted_02_Convex.asset
  artifactKey: Guid(4ddfeaa099812934d8a4fd293cf392dc) Importer(815301076,1909f56bfc062723c751e8b465ee728b)
Start importing Assets/Synty/PolygonApocalypse/Models/Convex/SM_Prop_Pipes_Rusted_02_Convex.asset using Guid(4ddfeaa099812934d8a4fd293cf392dc) Importer(815301076,1909f56bfc062723c751e8b465ee728b) (PreviewImporter) -> (artifact id: 'f18e6e60d9b28c6f7327ddf68adcf166') in 0.0175599 seconds
Number of updated asset objects reloaded before import = 0Number of asset objects unloaded after import = 2

========================================================================
Received Import Request.
  Time since last request: 0.000017 seconds.
  path: Assets/Synty/PolygonApocalypse/Models/Convex/SM_Prop_Pipes_Valves_01_Convex.asset
  artifactKey: Guid(6b3eb14d643e20d429259691bbe83279) Importer(815301076,1909f56bfc062723c751e8b465ee728b)
Start importing Assets/Synty/PolygonApocalypse/Models/Convex/SM_Prop_Pipes_Valves_01_Convex.asset using Guid(6b3eb14d643e20d429259691bbe83279) Importer(815301076,1909f56bfc062723c751e8b465ee728b) (PreviewImporter) -> (artifact id: '935720a03875bc499bc963876ba2d016') in 0.0161683 seconds
Number of updated asset objects reloaded before import = 0Number of asset objects unloaded after import = 2

========================================================================
Received Import Request.
  Time since last request: 0.004937 seconds.
  path: Assets/Synty/PolygonShops/Models/Collision/Convex/SM_Prop_SmallPipe_01_Convex.asset
  artifactKey: Guid(dd787b86ea8e9b04fac5af2b194c781e) Importer(815301076,1909f56bfc062723c751e8b465ee728b)
Start importing Assets/Synty/PolygonShops/Models/Collision/Convex/SM_Prop_SmallPipe_01_Convex.asset using Guid(dd787b86ea8e9b04fac5af2b194c781e) Importer(815301076,1909f56bfc062723c751e8b465ee728b) (PreviewImporter) -> (artifact id: '8a6cf8f3e5717507fc1b685b64f6c3f7') in 0.0157398 seconds
Number of updated asset objects reloaded before import = 0Number of asset objects unloaded after import = 2

========================================================================
Received Import Request.
  Time since last request: 0.000026 seconds.
  path: Assets/Synty/PolygonShops/Models/Collision/Convex/SM_Prop_SmallPipe_Corner_01_Convex.asset
  artifactKey: Guid(41debd71df69ae743a15ad288e4d0bda) Importer(815301076,1909f56bfc062723c751e8b465ee728b)
Start importing Assets/Synty/PolygonShops/Models/Collision/Convex/SM_Prop_SmallPipe_Corner_01_Convex.asset using Guid(41debd71df69ae743a15ad288e4d0bda) Importer(815301076,1909f56bfc062723c751e8b465ee728b) (PreviewImporter) -> (artifact id: '887ce848b6bc0011533222c0908e3073') in 0.0101051 seconds
Number of updated asset objects reloaded before import = 0Number of asset objects unloaded after import = 2

========================================================================
Received Import Request.
  Time since last request: 0.361383 seconds.
  path: Assets/Synty/PolygonShops/Models/Collision/Convex/SM_Prop_Wall_Pipe_01_Convex.asset
  artifactKey: Guid(d0db5d4d30aa671469b36adab9003598) Importer(815301076,1909f56bfc062723c751e8b465ee728b)
Start importing Assets/Synty/PolygonShops/Models/Collision/Convex/SM_Prop_Wall_Pipe_01_Convex.asset using Guid(d0db5d4d30aa671469b36adab9003598) Importer(815301076,1909f56bfc062723c751e8b465ee728b) (PreviewImporter) -> (artifact id: 'aa4034db30161fa3e4bcf8a974b8cdb2') in 0.0132025 seconds
Number of updated asset objects reloaded before import = 0Number of asset objects unloaded after import = 2

========================================================================
Received Import Request.
  Time since last request: 0.004122 seconds.
  path: Assets/Synty/PolygonShops/Models/Collision/Convex/SM_Prop_Wall_Pipe_02_Convex.asset
  artifactKey: Guid(b92bf495857d2db428efaf670d1a992a) Importer(815301076,1909f56bfc062723c751e8b465ee728b)
Start importing Assets/Synty/PolygonShops/Models/Collision/Convex/SM_Prop_Wall_Pipe_02_Convex.asset using Guid(b92bf495857d2db428efaf670d1a992a) Importer(815301076,1909f56bfc062723c751e8b465ee728b) (PreviewImporter) -> (artifact id: '33b997a4a078718b061d9f80dbb91f1b') in 0.0102602 seconds
Number of updated asset objects reloaded before import = 0Number of asset objects unloaded after import = 2

========================================================================
Received Import Request.
  Time since last request: 28.442709 seconds.
  path: Assets/Synty/PolygonApocalypse/Models/Convex/SM_Veh_Attach_Pipe_01_Convex.asset
  artifactKey: Guid(331bf2ec39bc33546843a351e0caa113) Importer(815301076,1909f56bfc062723c751e8b465ee728b)
Start importing Assets/Synty/PolygonApocalypse/Models/Convex/SM_Veh_Attach_Pipe_01_Convex.asset using Guid(331bf2ec39bc33546843a351e0caa113) Importer(815301076,1909f56bfc062723c751e8b465ee728b) (PreviewImporter) -> (artifact id: 'babd665957078892c8957a88cef33a09') in 0.0168193 seconds
Number of updated asset objects reloaded before import = 0Number of asset objects unloaded after import = 2

========================================================================
Received Import Request.
  Time since last request: 0.000434 seconds.
  path: Assets/Synty/PolygonApocalypse/Models/Convex/SM_Veh_Attach_Pipe_02_Convex.asset
  artifactKey: Guid(d6471b22f738c54478d2d263c4d83d69) Importer(815301076,1909f56bfc062723c751e8b465ee728b)
Start importing Assets/Synty/PolygonApocalypse/Models/Convex/SM_Veh_Attach_Pipe_02_Convex.asset using Guid(d6471b22f738c54478d2d263c4d83d69) Importer(815301076,1909f56bfc062723c751e8b465ee728b) (PreviewImporter) -> (artifact id: 'ee8d6d14d9ff031a80333a7c259bed74') in 0.0186073 seconds
Number of updated asset objects reloaded before import = 0Number of asset objects unloaded after import = 2

========================================================================
Received Import Request.
  Time since last request: 0.046228 seconds.
  path: Assets/Synty/PolygonApocalypse/Models/Convex/SM_Wep_PipeBomb_01_Convex.asset
  artifactKey: Guid(dc10564a6019c284da398ee70a234402) Importer(815301076,1909f56bfc062723c751e8b465ee728b)
Start importing Assets/Synty/PolygonApocalypse/Models/Convex/SM_Wep_PipeBomb_01_Convex.asset using Guid(dc10564a6019c284da398ee70a234402) Importer(815301076,1909f56bfc062723c751e8b465ee728b) (PreviewImporter) -> (artifact id: '27a39a7498244ea77163ba1a04289dcc') in 0.0177791 seconds
Number of updated asset objects reloaded before import = 0Number of asset objects unloaded after import = 2

Editor requested this worker to shutdown with reason: Scaling down because of idle timeout
AssetImportWorker is now disconnected from the server
Process exiting
Exiting without the bug reporter. Application will terminate with return code 0