[Licensing::Module] Trying to connect to existing licensing client channel...
Built from '6000.3/staging' branch; Version is '6000.3.13f1 (8c4f11e4fb20) revision 9195281'; Using compiler version '194234433'; Build Type 'Release'
OS: 'Windows 11  (10.0.26200) Core' Language: 'en' Physical Memory: 32347 MB
[Licensing::IpcConnector] Successfully connected to: "LicenseClient-zieli" at "2026-04-21T22:37:19.070248Z"
BatchMode: 1, IsHumanControllingUs: 0, StartBugReporterOnCrash: 0, Is64bit: 1
System  architecture: x64
Process architecture: x64
Date: 2026-04-21T22:37:19Z

COMMAND LINE ARGUMENTS:
C:\Program Files\Unity\Hub\Editor\6000.3.13f1\Editor\Unity.exe
-adb2
-batchMode
-noUpm
-name
AssetImportWorker25
-projectPath
C:/Game Development/DisasterDiner
-logFile
Logs/AssetImportWorker25.log
-srvPort
60058
-licensingIpc
LicenseClient-zieli
-job-worker-count
7
-background-job-worker-count
8
-gc-helper-count
1
-name
AssetImport
Successfully changed project path to: C:/Game Development/DisasterDiner
C:/Game Development/DisasterDiner
[UnityMemory] Configuration Parameters - Can be set up in boot.config
    "memorysetup-temp-allocator-size-nav-mesh-worker=65536"
    "memorysetup-temp-allocator-size-audio-worker=65536"
    "memorysetup-temp-allocator-size-gfx=262144"
    "memorysetup-allocator-temp-initial-block-size-main=262144"
    "memorysetup-allocator-temp-initial-block-size-worker=262144"
    "memorysetup-temp-allocator-size-background-worker=32768"
    "memorysetup-temp-allocator-size-job-worker=262144"
    "memorysetup-temp-allocator-size-preload-manager=33554432"
    "memorysetup-temp-allocator-size-gi-baking-worker=262144"
    "memorysetup-temp-allocator-size-gi-baking-worker=262144"
    "memorysetup-temp-allocator-size-gi-baking-worker=262144"
    "memorysetup-temp-allocator-size-gi-baking-worker=262144"
    "memorysetup-temp-allocator-size-gi-baking-worker=262144"
    "memorysetup-bucket-allocator-granularity=16"
    "memorysetup-bucket-allocator-bucket-count=8"
    "memorysetup-bucket-allocator-block-size=33554432"
    "memorysetup-bucket-allocator-block-count=8"
    "memorysetup-main-allocator-block-size=16777216"
    "memorysetup-thread-allocator-block-size=16777216"
    "memorysetup-gfx-main-allocator-block-size=16777216"
    "memorysetup-gfx-thread-allocator-block-size=16777216"
    "memorysetup-cache-allocator-block-size=4194304"
    "memorysetup-typetree-allocator-block-size=2097152"
    "memorysetup-profiler-bucket-allocator-granularity=16"
    "memorysetup-profiler-bucket-allocator-bucket-count=8"
    "memorysetup-profiler-bucket-allocator-block-size=33554432"
    "memorysetup-profiler-bucket-allocator-block-count=8"
    "memorysetup-profiler-allocator-block-size=16777216"
    "memorysetup-profiler-editor-allocator-block-size=1048576"
    "memorysetup-temp-allocator-size-main=16777216"
    "memorysetup-job-temp-allocator-block-size=2097152"
    "memorysetup-job-temp-allocator-block-size-background=1048576"
    "memorysetup-job-temp-allocator-reduction-small-platforms=262144"
    "memorysetup-temp-allocator-size-cloud-worker=32768"
Player connection [21100]  Target information:

Player connection [21100]  * "[IP] 192.168.86.22 [Port] 0 [Flags] 2 [Guid] 592657683 [EditorId] 592657683 [Version] 1048832 [Id] WindowsEditor(7,Johns_PC) [Debug] 1 [PackageName] WindowsEditor [ProjectName] Editor" 

Player connection [21100] Host joined multi-casting on [225.0.0.222:54997]...
Player connection [21100] Host joined alternative multi-casting on [225.0.0.222:34997]...
JobSystem: Creating JobQueue using job-worker-count value 7
Input System module state changed to: Initialized.
[Physics::Module] Initialized fallback backend.
[Physics::Module] Id: 0xdecafbad
Library Redirect Path: Library/
[Physics::Module] Selected backend.
[Physics::Module] Name: PhysX
[Physics::Module] Id: 0xf2b8ea05
[Physics::Module] SDK Version: 4.1.2
[Physics::Module] Integration Version: 1.0.0
[Physics::Module] Threading Mode: Multi-Threaded
Refreshing native plugins compatible for Editor in 2.98 ms, found 4 plugins.
Preloading 0 native plugins for Editor in 0.00 ms.
Initialize engine version: 6000.3.13f1 (8c4f11e4fb20)
[Subsystems] Discovering subsystems at path C:/Program Files/Unity/Hub/Editor/6000.3.13f1/Editor/Data/Resources/UnitySubsystems
[Subsystems] Discovering subsystems at path C:/Game Development/DisasterDiner/Assets
GfxDevice: creating device client; kGfxThreadingModeNonThreaded
Direct3D:
    Version:  Direct3D 11.0 [level 11.1]
    Renderer: NVIDIA GeForce RTX 4070 SUPER (ID=0x2783)
    Vendor:   NVIDIA
    VRAM:     11999 MB
    Driver:   32.0.15.8157
Initialize mono
Mono path[0] = 'C:/Program Files/Unity/Hub/Editor/6000.3.13f1/Editor/Data/Managed'
Mono path[1] = 'C:/Program Files/Unity/Hub/Editor/6000.3.13f1/Editor/Data/MonoBleedingEdge/lib/mono/unityjit-win32'
Mono config path = 'C:/Program Files/Unity/Hub/Editor/6000.3.13f1/Editor/Data/MonoBleedingEdge/etc'
Using monoOptions --debugger-agent=transport=dt_socket,embedding=1,server=y,suspend=n,address=127.0.0.1:56352
Begin MonoManager ReloadAssembly
Registering precompiled unity dll's ...
Register platform support module: C:/Program Files/Unity/Hub/Editor/6000.3.13f1/Editor/Data/PlaybackEngines/WindowsStandaloneSupport/UnityEditor.WindowsStandalone.Extensions.dll
Registered in 0.001255 seconds.
- Loaded All Assemblies, in  0.363 seconds
Native extension for WindowsStandalone target not found
[Licensing::Client] Error: HandshakeResponse reported an error:
	ResponseCode: 505
	ResponseStatus: Unsupported protocol version '1.18.1'.
[Licensing::Module] Error: Failed to handshake to channel: "LicenseClient-zieli"
[Licensing::IpcConnector] LicenseClient-zieli channel disconnected successfully.
[Licensing::IpcConnector] Successfully connected to: "LicenseClient-zieli-6000.3.13" at "2026-04-21T22:37:20.0550667Z"
Package Manager log level set to [2]
[Package Manager] Failed to launch server process. Reason: Unity was launched with the -noUpm command-line argument
[Package Manager] Unable to send message (not connected to server process).
[Package Manager] Cannot connect to Unity Package Manager local server
ScheduleIndexationOnStartup MainProcess:False IndexOnStartup:True
Mono: successfully reloaded assembly
- Finished resetting the current domain, in  0.317 seconds
Domain Reload Profiling: 679ms
	BeginReloadAssembly (125ms)
		ExecutionOrderSort (0ms)
		DisableScriptedObjects (0ms)
		BackupInstance (0ms)
		ReleaseScriptingObjects (0ms)
		CreateAndSetChildDomain (1ms)
	RebuildCommonClasses (37ms)
	RebuildNativeTypeToScriptingClass (15ms)
	initialDomainReloadingComplete (38ms)
	LoadAllAssembliesAndSetupDomain (147ms)
		LoadAssemblies (121ms)
		RebuildTransferFunctionScriptingTraits (0ms)
		AnalyzeDomain (144ms)
			TypeCache.Refresh (143ms)
				TypeCache.ScanAssembly (130ms)
			BuildScriptInfoCaches (0ms)
			ResolveRequiredComponents (0ms)
	FinalizeReload (317ms)
		ReleaseScriptCaches (0ms)
		RebuildScriptCaches (0ms)
		SetupLoadedEditorAssemblies (276ms)
			LogAssemblyErrors (0ms)
			InitializePlatformSupportModulesInManaged (40ms)
			SetLoadedEditorAssemblies (3ms)
			BeforeProcessingInitializeOnLoad (65ms)
			ProcessInitializeOnLoadAttributes (107ms)
			ProcessInitializeOnLoadMethodAttributes (61ms)
			AfterProcessingInitializeOnLoad (0ms)
			EditorAssembliesLoaded (0ms)
		ExecutionOrderSort2 (0ms)
		AwakeInstancesAfterBackupRestoration (0ms)
========================================================================
Worker process is ready to serve import requests
Import Worker Mode flag is 0x00
Begin MonoManager ReloadAssembly
[Licensing::Module] Licensing is not yet initialized.
[Licensing::Client] Handshaking with LicensingClient:
  Version:                 1.18.1+9fbee8e
  Session Id:              7ddd19630b5447b3864fde38e7c47b95
  Correlation Id:          2b999b7551c4f1abd27547e4a7907d59
  External correlation Id: 48723650792697989
  Machine Id:              a0OP954qVZmt5azPS5PrvPW5hTY=
[Licensing::Module] Successfully connected to LicensingClient on channel: "LicenseClient-zieli-6000.3.13" (connect: 0.00s, validation: 0.00s, handshake: 0.79s)
[Licensing::IpcConnector] Successfully connected to: "LicenseClient-zieli-6000.3.13-notifications" at "2026-04-21T22:37:20.8417831Z"
[Licensing::Module] Licensing Background thread has ended after 1.77s
[Licensing::Module] Licensing is initialized (took 0.30s).
[Licensing::Client] Successfully resolved entitlement details
[Licensing::Module] License group:
  Id: 2475483376267-UnityPersXXXX
  Product: Unity Personal
  Type: Assigned
  Expiration: Unlimited
- Loaded All Assemblies, in  0.907 seconds
Refreshing native plugins compatible for Editor in 1.13 ms, found 4 plugins.
Native extension for WindowsStandalone target not found
[Package Manager] Failed to launch server process. Reason: Unity was launched with the -noUpm command-line argument
[Package Manager] Unable to send message (not connected to server process).
[Package Manager] Cannot connect to Unity Package Manager local server
Refreshing native plugins compatible for Editor in 1.56 ms, found 4 plugins.
[Package Manager] Failed to launch server process. Reason: Unity was launched with the -noUpm command-line argument
[Package Manager] Unable to send message (not connected to server process).
[Package Manager] Cannot connect to Unity Package Manager local server
ScheduleIndexationOnStartup MainProcess:False IndexOnStartup:True
Mono: successfully reloaded assembly
- Finished resetting the current domain, in  0.569 seconds
Domain Reload Profiling: 1472ms
	BeginReloadAssembly (432ms)
		ExecutionOrderSort (0ms)
		DisableScriptedObjects (5ms)
		BackupInstance (0ms)
		ReleaseScriptingObjects (0ms)
		CreateAndSetChildDomain (26ms)
	RebuildCommonClasses (26ms)
	RebuildNativeTypeToScriptingClass (11ms)
	initialDomainReloadingComplete (30ms)
	LoadAllAssembliesAndSetupDomain (404ms)
		LoadAssemblies (278ms)
		RebuildTransferFunctionScriptingTraits (0ms)
		AnalyzeDomain (195ms)
			TypeCache.Refresh (137ms)
				TypeCache.ScanAssembly (124ms)
			BuildScriptInfoCaches (47ms)
			ResolveRequiredComponents (8ms)
	FinalizeReload (569ms)
		ReleaseScriptCaches (0ms)
		RebuildScriptCaches (0ms)
		SetupLoadedEditorAssemblies (419ms)
			LogAssemblyErrors (0ms)
			InitializePlatformSupportModulesInManaged (1ms)
			SetLoadedEditorAssemblies (2ms)
			BeforeProcessingInitializeOnLoad (99ms)
			ProcessInitializeOnLoadAttributes (263ms)
			ProcessInitializeOnLoadMethodAttributes (47ms)
			AfterProcessingInitializeOnLoad (6ms)
			EditorAssembliesLoaded (0ms)
		ExecutionOrderSort2 (0ms)
		AwakeInstancesAfterBackupRestoration (6ms)
Launched and connected shader compiler UnityShaderCompiler.exe after 0.01 seconds
Refreshing native plugins compatible for Editor in 1.30 ms, found 4 plugins.
Preloading 0 native plugins for Editor in 0.00 ms.
Unloading 16 Unused Serialized files (Serialized files now loaded: 0)
Unloading 6447 unused Assets / (3.9 MB). Loaded Objects now: 7244.
Memory consumption went from 158.8 MB to 154.9 MB.
Total: 6.602500 ms (FindLiveObjects: 0.620900 ms CreateObjectMapping: 0.230100 ms MarkObjects: 4.262500 ms  DeleteObjects: 1.488100 ms)

========================================================================
Received Import Request.
  Time since last request: 4063.968600 seconds.
  path: Assets/Synty/PolygonApocalypse/Prefabs/Vehicles/SM_Veh_Army_Truck_01.prefab
  artifactKey: Guid(0450a127987e4124aa4c55845a477bf0) Importer(815301076,1909f56bfc062723c751e8b465ee728b)
Start importing Assets/Synty/PolygonApocalypse/Prefabs/Vehicles/SM_Veh_Army_Truck_01.prefab using Guid(0450a127987e4124aa4c55845a477bf0) Importer(815301076,1909f56bfc062723c751e8b465ee728b) (PreviewImporter) -> (artifact id: '6bd0ee72c458382a9d0c31ff9636400d') in 0.4187391 seconds
Number of updated asset objects reloaded before import = 0Number of asset objects unloaded after import = 97

========================================================================
Received Import Request.
  Time since last request: 0.501820 seconds.
  path: Assets/Scenes/SampleScene.unity
  artifactKey: Guid(99c9720ab356a0642a771bea13969a05) Importer(2089858483,b0f066a214c2f5e87bad3c948f4d605d)
Start importing Assets/Scenes/SampleScene.unity using Guid(99c9720ab356a0642a771bea13969a05) Importer(2089858483,b0f066a214c2f5e87bad3c948f4d605d) (ScriptedImporter) -> (artifact id: '2658eb9e068f36cb9b43dbe5eefd5655') in 0.0400837 seconds
Number of updated asset objects reloaded before import = 0Number of asset objects unloaded after import = 1

========================================================================
Received Import Request.
  Time since last request: 286.612365 seconds.
  path: Assets/Synty/PolygonApocalypse/Prefabs/Scenes/Demo_Building_Interior_Dressing
  artifactKey: Guid(356d044c389375b43b7a8973b60a5dfb) Importer(2089858483,b0f066a214c2f5e87bad3c948f4d605d)
Start importing Assets/Synty/PolygonApocalypse/Prefabs/Scenes/Demo_Building_Interior_Dressing using Guid(356d044c389375b43b7a8973b60a5dfb) Importer(2089858483,b0f066a214c2f5e87bad3c948f4d605d) (ScriptedImporter) -> (artifact id: '58bc7d0c2e3b3c060a615a8673e95fb3') in 0.0096448 seconds
Number of updated asset objects reloaded before import = 0Number of asset objects unloaded after import = 1

========================================================================
Received Import Request.
  Time since last request: 0.000026 seconds.
  path: Assets/Synty/PolygonApocalypse/Prefabs/Scenes/Demo_City_Standard_RenderPipeline/PolygonApocalypse_URP_GlobalVol_Demo.asset
  artifactKey: Guid(d832d7dc096060a4cbd4643b2a55db5c) Importer(2089858483,b0f066a214c2f5e87bad3c948f4d605d)
Start importing Assets/Synty/PolygonApocalypse/Prefabs/Scenes/Demo_City_Standard_RenderPipeline/PolygonApocalypse_URP_GlobalVol_Demo.asset using Guid(d832d7dc096060a4cbd4643b2a55db5c) Importer(2089858483,b0f066a214c2f5e87bad3c948f4d605d) (ScriptedImporter) -> (artifact id: '873579b8a69e3014cd2c169e38c39aa1') in 0.0368093 seconds
Number of updated asset objects reloaded before import = 0Number of asset objects unloaded after import = 7

========================================================================
Received Import Request.
  Time since last request: 0.000035 seconds.
  path: Assets/Synty/PolygonApocalypse/Prefabs/Scenes/Demo_City_Standard_RenderPipeline.unity
  artifactKey: Guid(cf7c677bbb7aac345a7c35e4f1b92a36) Importer(2089858483,b0f066a214c2f5e87bad3c948f4d605d)
Start importing Assets/Synty/PolygonApocalypse/Prefabs/Scenes/Demo_City_Standard_RenderPipeline.unity using Guid(cf7c677bbb7aac345a7c35e4f1b92a36) Importer(2089858483,b0f066a214c2f5e87bad3c948f4d605d) (ScriptedImporter) -> (artifact id: '639af943e5014bce9f36d8df8f33a82d') in 0.1848552 seconds
Number of updated asset objects reloaded before import = 0Number of asset objects unloaded after import = 1

========================================================================
Received Import Request.
  Time since last request: 0.000043 seconds.
  path: Assets/Synty/PolygonApocalypse/Prefabs/Scenes/Demo_BunkerSettings.lighting
  artifactKey: Guid(1bdc30d67e46a3a4bb833b18bff8bc70) Importer(2089858483,b0f066a214c2f5e87bad3c948f4d605d)
Start importing Assets/Synty/PolygonApocalypse/Prefabs/Scenes/Demo_BunkerSettings.lighting using Guid(1bdc30d67e46a3a4bb833b18bff8bc70) Importer(2089858483,b0f066a214c2f5e87bad3c948f4d605d) (ScriptedImporter) -> (artifact id: 'ffc6badd82daa01631252a919d4842ff') in 0.0219281 seconds
Number of updated asset objects reloaded before import = 0Number of asset objects unloaded after import = 1

========================================================================
Received Import Request.
  Time since last request: 0.000026 seconds.
  path: Assets/Synty/PolygonApocalypse/Prefabs/Scenes/Demo_Building_Interior_Dressing.unity
  artifactKey: Guid(713388c557c3dd84297afc8b4a7d8be7) Importer(2089858483,b0f066a214c2f5e87bad3c948f4d605d)
Start importing Assets/Synty/PolygonApocalypse/Prefabs/Scenes/Demo_Building_Interior_Dressing.unity using Guid(713388c557c3dd84297afc8b4a7d8be7) Importer(2089858483,b0f066a214c2f5e87bad3c948f4d605d) (ScriptedImporter) -> (artifact id: '42142d553ce20788b689f2f49186970e') in 0.0463269 seconds
Number of updated asset objects reloaded before import = 0Number of asset objects unloaded after import = 1

========================================================================
Received Import Request.
  Time since last request: 0.000026 seconds.
  path: Assets/Synty/PolygonApocalypse/Prefabs/Scenes/Overview.unity
  artifactKey: Guid(7cf3a6c59d0c7c7449dfcc6f92b3fcf1) Importer(2089858483,b0f066a214c2f5e87bad3c948f4d605d)
Start importing Assets/Synty/PolygonApocalypse/Prefabs/Scenes/Overview.unity using Guid(7cf3a6c59d0c7c7449dfcc6f92b3fcf1) Importer(2089858483,b0f066a214c2f5e87bad3c948f4d605d) (ScriptedImporter) -> (artifact id: '357352b20349a5363523f0340199ab04') in 0.1336155 seconds
Number of updated asset objects reloaded before import = 0Number of asset objects unloaded after import = 1

========================================================================
Received Import Request.
  Time since last request: 5.362034 seconds.
  path: Assets/Synty/PolygonApocalypse/Prefabs/Props/SM_Prop_Aircon_02.prefab
  artifactKey: Guid(34af46480b3ab2644b4749482043cc69) Importer(815301076,1909f56bfc062723c751e8b465ee728b)
Start importing Assets/Synty/PolygonApocalypse/Prefabs/Props/SM_Prop_Aircon_02.prefab using Guid(34af46480b3ab2644b4749482043cc69) Importer(815301076,1909f56bfc062723c751e8b465ee728b) (PreviewImporter) -> (artifact id: 'b321258a5676881bfd78ad68fd1de3fb') in 0.0522955 seconds
Number of updated asset objects reloaded before import = 0Number of asset objects unloaded after import = 18

========================================================================
Received Import Request.
  Time since last request: 0.000027 seconds.
  path: Assets/Synty/PolygonApocalypse/Prefabs/Props/SM_Prop_Bandit_Skull_01.prefab
  artifactKey: Guid(344cff1e1d3fd184a98b87920ac0d570) Importer(815301076,1909f56bfc062723c751e8b465ee728b)
Start importing Assets/Synty/PolygonApocalypse/Prefabs/Props/SM_Prop_Bandit_Skull_01.prefab using Guid(344cff1e1d3fd184a98b87920ac0d570) Importer(815301076,1909f56bfc062723c751e8b465ee728b) (PreviewImporter) -> (artifact id: 'eaf4f5b5a2ae9c687b5f859cb71fbb32') in 0.0470265 seconds
Number of updated asset objects reloaded before import = 0Number of asset objects unloaded after import = 18

========================================================================
Received Import Request.
  Time since last request: 0.000090 seconds.
  path: Assets/Synty/PolygonApocalypse/Prefabs/Props/SM_Prop_Barrel_Nuke_01.prefab
  artifactKey: Guid(b0fe48a0043aa464c81ce5b7a4a903f6) Importer(815301076,1909f56bfc062723c751e8b465ee728b)
Start importing Assets/Synty/PolygonApocalypse/Prefabs/Props/SM_Prop_Barrel_Nuke_01.prefab using Guid(b0fe48a0043aa464c81ce5b7a4a903f6) Importer(815301076,1909f56bfc062723c751e8b465ee728b) (PreviewImporter) -> (artifact id: '14b592fc7988749fbda73bf3ea8a7b7e') in 0.0325123 seconds
Number of updated asset objects reloaded before import = 0Number of asset objects unloaded after import = 18

========================================================================
Received Import Request.
  Time since last request: 0.000088 seconds.
  path: Assets/Synty/PolygonApocalypse/Prefabs/Props/SM_Prop_Barricade_04.prefab
  artifactKey: Guid(153407ee883a9814aab1f6ec6f77586c) Importer(815301076,1909f56bfc062723c751e8b465ee728b)
Start importing Assets/Synty/PolygonApocalypse/Prefabs/Props/SM_Prop_Barricade_04.prefab using Guid(153407ee883a9814aab1f6ec6f77586c) Importer(815301076,1909f56bfc062723c751e8b465ee728b) (PreviewImporter) -> (artifact id: '1ac2127cd6d83690c1ddcf627abd90c1') in 0.0375693 seconds
Number of updated asset objects reloaded before import = 0Number of asset objects unloaded after import = 18

========================================================================
Received Import Request.
  Time since last request: 0.000025 seconds.
  path: Assets/Synty/PolygonApocalypse/Prefabs/Props/SM_Prop_Barricade_09.prefab
  artifactKey: Guid(4811d457668746e409ec85bfeb05a2f2) Importer(815301076,1909f56bfc062723c751e8b465ee728b)
Start importing Assets/Synty/PolygonApocalypse/Prefabs/Props/SM_Prop_Barricade_09.prefab using Guid(4811d457668746e409ec85bfeb05a2f2) Importer(815301076,1909f56bfc062723c751e8b465ee728b) (PreviewImporter) -> (artifact id: '5a1f12b17e39cdf2867f5ee96420034b') in 0.0343473 seconds
Number of updated asset objects reloaded before import = 0Number of asset objects unloaded after import = 18

========================================================================
Received Import Request.
  Time since last request: 0.000042 seconds.
  path: Assets/Synty/PolygonApocalypse/Prefabs/Props/SM_Prop_BarrelStack_01.prefab
  artifactKey: Guid(70fb46fb4d63e3340b0f223f24a9af39) Importer(815301076,1909f56bfc062723c751e8b465ee728b)
Start importing Assets/Synty/PolygonApocalypse/Prefabs/Props/SM_Prop_BarrelStack_01.prefab using Guid(70fb46fb4d63e3340b0f223f24a9af39) Importer(815301076,1909f56bfc062723c751e8b465ee728b) (PreviewImporter) -> (artifact id: '4f6e366c907cbcaddbc5f26d2583c4bc') in 0.060213 seconds
Number of updated asset objects reloaded before import = 0Number of asset objects unloaded after import = 18

========================================================================
Received Import Request.
  Time since last request: 0.000052 seconds.
  path: Assets/Synty/PolygonApocalypse/Prefabs/Props/SM_Prop_Barricade_11.prefab
  artifactKey: Guid(2e87660a05b01ee4480ea23f8b3d2c3b) Importer(815301076,1909f56bfc062723c751e8b465ee728b)
Start importing Assets/Synty/PolygonApocalypse/Prefabs/Props/SM_Prop_Barricade_11.prefab using Guid(2e87660a05b01ee4480ea23f8b3d2c3b) Importer(815301076,1909f56bfc062723c751e8b465ee728b) (PreviewImporter) -> (artifact id: 'b1aa22a400b78e0f76be0572f3f6edf4') in 0.037178 seconds
Number of updated asset objects reloaded before import = 0Number of asset objects unloaded after import = 18

========================================================================
Received Import Request.
  Time since last request: 0.000057 seconds.
  path: Assets/Synty/PolygonApocalypse/Prefabs/Props/SM_Prop_BarrelStack_02.prefab
  artifactKey: Guid(3942d04f71c806e47869062034bb6e78) Importer(815301076,1909f56bfc062723c751e8b465ee728b)
Start importing Assets/Synty/PolygonApocalypse/Prefabs/Props/SM_Prop_BarrelStack_02.prefab using Guid(3942d04f71c806e47869062034bb6e78) Importer(815301076,1909f56bfc062723c751e8b465ee728b) (PreviewImporter) -> (artifact id: '91257e5e54d9457302ae11c35122999e') in 0.0396203 seconds
Number of updated asset objects reloaded before import = 0Number of asset objects unloaded after import = 18

========================================================================
Received Import Request.
  Time since last request: 0.000025 seconds.
  path: Assets/Synty/PolygonApocalypse/Prefabs/Props/SM_Prop_Barrel_Nuke_02.prefab
  artifactKey: Guid(1f3ac758532a8534e8af7eb2e2369b0a) Importer(815301076,1909f56bfc062723c751e8b465ee728b)
Start importing Assets/Synty/PolygonApocalypse/Prefabs/Props/SM_Prop_Barrel_Nuke_02.prefab using Guid(1f3ac758532a8534e8af7eb2e2369b0a) Importer(815301076,1909f56bfc062723c751e8b465ee728b) (PreviewImporter) -> (artifact id: 'd2b9510289081454cd25dabda1953829') in 0.0406406 seconds
Number of updated asset objects reloaded before import = 0Number of asset objects unloaded after import = 18

========================================================================
Received Import Request.
  Time since last request: 0.000028 seconds.
  path: Assets/Synty/PolygonApocalypse/Prefabs/Props/SM_Prop_Barricade_03.prefab
  artifactKey: Guid(474baa0ee53e7a741be271a429aa7d8c) Importer(815301076,1909f56bfc062723c751e8b465ee728b)
Start importing Assets/Synty/PolygonApocalypse/Prefabs/Props/SM_Prop_Barricade_03.prefab using Guid(474baa0ee53e7a741be271a429aa7d8c) Importer(815301076,1909f56bfc062723c751e8b465ee728b) (PreviewImporter) -> (artifact id: '397d1da197945d72ad0dd3df6953682c') in 0.0393921 seconds
Number of updated asset objects reloaded before import = 0Number of asset objects unloaded after import = 18

========================================================================
Received Import Request.
  Time since last request: 0.000066 seconds.
  path: Assets/Synty/PolygonApocalypse/Prefabs/Props/SM_Prop_Barrel_Water_01.prefab
  artifactKey: Guid(46811183dfd86f843b4fd9934f288d43) Importer(815301076,1909f56bfc062723c751e8b465ee728b)
Start importing Assets/Synty/PolygonApocalypse/Prefabs/Props/SM_Prop_Barrel_Water_01.prefab using Guid(46811183dfd86f843b4fd9934f288d43) Importer(815301076,1909f56bfc062723c751e8b465ee728b) (PreviewImporter) -> (artifact id: '785f60305a64b892486ce03a1e1b7488') in 0.04126 seconds
Number of updated asset objects reloaded before import = 0Number of asset objects unloaded after import = 18

========================================================================
Received Import Request.
  Time since last request: 0.000031 seconds.
  path: Assets/Synty/PolygonApocalypse/Prefabs/Props/SM_Prop_Anvil_01.prefab
  artifactKey: Guid(863cb837e9ee6c44ebfffd705dcd1f5f) Importer(815301076,1909f56bfc062723c751e8b465ee728b)
Start importing Assets/Synty/PolygonApocalypse/Prefabs/Props/SM_Prop_Anvil_01.prefab using Guid(863cb837e9ee6c44ebfffd705dcd1f5f) Importer(815301076,1909f56bfc062723c751e8b465ee728b) (PreviewImporter) -> (artifact id: 'a1fe19acdb2c56ba6eec4dbca6f644fe') in 0.0373513 seconds
Number of updated asset objects reloaded before import = 0Number of asset objects unloaded after import = 18

========================================================================
Received Import Request.
  Time since last request: 0.000021 seconds.
  path: Assets/Synty/PolygonApocalypse/Prefabs/Props/SM_Prop_BabyCot_01.prefab
  artifactKey: Guid(6f21dce42fa91d9478155362e65cdaeb) Importer(815301076,1909f56bfc062723c751e8b465ee728b)
Start importing Assets/Synty/PolygonApocalypse/Prefabs/Props/SM_Prop_BabyCot_01.prefab using Guid(6f21dce42fa91d9478155362e65cdaeb) Importer(815301076,1909f56bfc062723c751e8b465ee728b) (PreviewImporter) -> (artifact id: '1e4dc0aea02ca91659fac1d6a49c3338') in 0.0362383 seconds
Number of updated asset objects reloaded before import = 0Number of asset objects unloaded after import = 18

========================================================================
Received Import Request.
  Time since last request: 0.068799 seconds.
  path: Assets/Synty/PolygonApocalypse/Prefabs/Vehicles/Attachments/SM_Veh_Attach_Aerial_02.prefab
  artifactKey: Guid(a67d3b2248096794d8f859579969600e) Importer(815301076,1909f56bfc062723c751e8b465ee728b)
Start importing Assets/Synty/PolygonApocalypse/Prefabs/Vehicles/Attachments/SM_Veh_Attach_Aerial_02.prefab using Guid(a67d3b2248096794d8f859579969600e) Importer(815301076,1909f56bfc062723c751e8b465ee728b) (PreviewImporter) -> (artifact id: 'c5aea626230dcdc9a2a032db7b67439e') in 0.0231543 seconds
Number of updated asset objects reloaded before import = 0Number of asset objects unloaded after import = 16

========================================================================
Received Import Request.
  Time since last request: 0.000021 seconds.
  path: Assets/Synty/PolygonApocalypse/Prefabs/Vehicles/Attachments/SM_Veh_Attach_Bumper_04.prefab
  artifactKey: Guid(461367d4dc403d843bcc3ffa2fc4f307) Importer(815301076,1909f56bfc062723c751e8b465ee728b)
Start importing Assets/Synty/PolygonApocalypse/Prefabs/Vehicles/Attachments/SM_Veh_Attach_Bumper_04.prefab using Guid(461367d4dc403d843bcc3ffa2fc4f307) Importer(815301076,1909f56bfc062723c751e8b465ee728b) (PreviewImporter) -> (artifact id: '85c62c4fc3ae22db66dc1372bc979112') in 0.0214553 seconds
Number of updated asset objects reloaded before import = 0Number of asset objects unloaded after import = 16

========================================================================
Received Import Request.
  Time since last request: 0.000022 seconds.
  path: Assets/Synty/PolygonApocalypse/Prefabs/Vehicles/Attachments/SM_Veh_Attach_Bumper_12.prefab
  artifactKey: Guid(9cff19c7a5720d04caade3a265cd203c) Importer(815301076,1909f56bfc062723c751e8b465ee728b)
Start importing Assets/Synty/PolygonApocalypse/Prefabs/Vehicles/Attachments/SM_Veh_Attach_Bumper_12.prefab using Guid(9cff19c7a5720d04caade3a265cd203c) Importer(815301076,1909f56bfc062723c751e8b465ee728b) (PreviewImporter) -> (artifact id: '44b824a8467a8c0ec5c92d6865ba0bac') in 0.0238698 seconds
Number of updated asset objects reloaded before import = 0Number of asset objects unloaded after import = 16

========================================================================
Received Import Request.
  Time since last request: 0.000024 seconds.
  path: Assets/Synty/PolygonApocalypse/Prefabs/Vehicles/Attachments/SM_Veh_Attach_Intake_03.prefab
  artifactKey: Guid(e9011f94ccfe92c47995d75e95a2ceda) Importer(815301076,1909f56bfc062723c751e8b465ee728b)
Start importing Assets/Synty/PolygonApocalypse/Prefabs/Vehicles/Attachments/SM_Veh_Attach_Intake_03.prefab using Guid(e9011f94ccfe92c47995d75e95a2ceda) Importer(815301076,1909f56bfc062723c751e8b465ee728b) (PreviewImporter) -> (artifact id: 'ec8cfbde377976e55fdb814affc7dff2') in 0.0183509 seconds
Number of updated asset objects reloaded before import = 0Number of asset objects unloaded after import = 16

========================================================================
Received Import Request.
  Time since last request: 0.000039 seconds.
  path: Assets/Synty/PolygonApocalypse/Prefabs/Vehicles/Attachments/SM_Veh_Attach_Plating_01.prefab
  artifactKey: Guid(44e6895ba5da26a4b9c17f16428d7750) Importer(815301076,1909f56bfc062723c751e8b465ee728b)
Start importing Assets/Synty/PolygonApocalypse/Prefabs/Vehicles/Attachments/SM_Veh_Attach_Plating_01.prefab using Guid(44e6895ba5da26a4b9c17f16428d7750) Importer(815301076,1909f56bfc062723c751e8b465ee728b) (PreviewImporter) -> (artifact id: '45852152aa44675e2821c62f9f992b89') in 0.0214321 seconds
Number of updated asset objects reloaded before import = 0Number of asset objects unloaded after import = 16

========================================================================
Received Import Request.
  Time since last request: 0.000022 seconds.
  path: Assets/Synty/PolygonApocalypse/Prefabs/Vehicles/Attachments/SM_Veh_Attach_Plating_14.prefab
  artifactKey: Guid(bd3be8cd54ca6fd42a647685287facb5) Importer(815301076,1909f56bfc062723c751e8b465ee728b)
Start importing Assets/Synty/PolygonApocalypse/Prefabs/Vehicles/Attachments/SM_Veh_Attach_Plating_14.prefab using Guid(bd3be8cd54ca6fd42a647685287facb5) Importer(815301076,1909f56bfc062723c751e8b465ee728b) (PreviewImporter) -> (artifact id: '1b19a6d43af51ac1def510ac3e9e1ad4') in 0.0212831 seconds
Number of updated asset objects reloaded before import = 0Number of asset objects unloaded after import = 16

========================================================================
Received Import Request.
  Time since last request: 0.000026 seconds.
  path: Assets/Synty/PolygonApocalypse/Prefabs/Vehicles/Attachments/SM_Veh_Attach_Gas_01.prefab
  artifactKey: Guid(621f2914db81fd5408d9349d0e0b453b) Importer(815301076,1909f56bfc062723c751e8b465ee728b)
Start importing Assets/Synty/PolygonApocalypse/Prefabs/Vehicles/Attachments/SM_Veh_Attach_Gas_01.prefab using Guid(621f2914db81fd5408d9349d0e0b453b) Importer(815301076,1909f56bfc062723c751e8b465ee728b) (PreviewImporter) -> (artifact id: '9a1d853a47685ae2fa0e813362613cba') in 0.0194948 seconds
Number of updated asset objects reloaded before import = 0Number of asset objects unloaded after import = 16

========================================================================
Received Import Request.
  Time since last request: 0.000018 seconds.
  path: Assets/Synty/PolygonApocalypse/Prefabs/Vehicles/Attachments/SM_Veh_Attach_Plating_13.prefab
  artifactKey: Guid(865ced21167c9d547a65cb5b0bcf450a) Importer(815301076,1909f56bfc062723c751e8b465ee728b)
Start importing Assets/Synty/PolygonApocalypse/Prefabs/Vehicles/Attachments/SM_Veh_Attach_Plating_13.prefab using Guid(865ced21167c9d547a65cb5b0bcf450a) Importer(815301076,1909f56bfc062723c751e8b465ee728b) (PreviewImporter) -> (artifact id: '5b8a0bd229b96db3dd0851c28dc945b2') in 0.019886 seconds
Number of updated asset objects reloaded before import = 0Number of asset objects unloaded after import = 16

========================================================================
Received Import Request.
  Time since last request: 0.000435 seconds.
  path: Assets/Synty/PolygonApocalypse/Prefabs/Vehicles/Attachments/SM_Veh_Attach_Lights_02.prefab
  artifactKey: Guid(fcdf0afe255cce94187e96c5363318bd) Importer(815301076,1909f56bfc062723c751e8b465ee728b)
Start importing Assets/Synty/PolygonApocalypse/Prefabs/Vehicles/Attachments/SM_Veh_Attach_Lights_02.prefab using Guid(fcdf0afe255cce94187e96c5363318bd) Importer(815301076,1909f56bfc062723c751e8b465ee728b) (PreviewImporter) -> (artifact id: 'f762e5f286dc84454d522cf419bf90a8') in 0.0210591 seconds
Number of updated asset objects reloaded before import = 0Number of asset objects unloaded after import = 16

========================================================================
Received Import Request.
  Time since last request: 0.000024 seconds.
  path: Assets/Synty/PolygonApocalypse/Prefabs/Vehicles/Attachments/SM_Veh_Attach_Plating_12.prefab
  artifactKey: Guid(c10d625960ee5b34cabc31c3795aac02) Importer(815301076,1909f56bfc062723c751e8b465ee728b)
Start importing Assets/Synty/PolygonApocalypse/Prefabs/Vehicles/Attachments/SM_Veh_Attach_Plating_12.prefab using Guid(c10d625960ee5b34cabc31c3795aac02) Importer(815301076,1909f56bfc062723c751e8b465ee728b) (PreviewImporter) -> (artifact id: '9fa6667c585dfb0fd45a19ba7f67b3bd') in 0.0216902 seconds
Number of updated asset objects reloaded before import = 0Number of asset objects unloaded after import = 16

========================================================================
Received Import Request.
  Time since last request: 0.000023 seconds.
  path: Assets/Synty/PolygonApocalypse/Prefabs/Vehicles/Attachments/SM_Veh_Attach_Bumper_09.prefab
  artifactKey: Guid(c0876bc787191d44892d14e4821b3143) Importer(815301076,1909f56bfc062723c751e8b465ee728b)
Start importing Assets/Synty/PolygonApocalypse/Prefabs/Vehicles/Attachments/SM_Veh_Attach_Bumper_09.prefab using Guid(c0876bc787191d44892d14e4821b3143) Importer(815301076,1909f56bfc062723c751e8b465ee728b) (PreviewImporter) -> (artifact id: 'd1a3550b30534fd816e7a26eae106bd3') in 0.0200487 seconds
Number of updated asset objects reloaded before import = 0Number of asset objects unloaded after import = 16

========================================================================
Received Import Request.
  Time since last request: 0.604265 seconds.
  path: Assets/Synty/PolygonApocalypse/Prefabs/Vehicles/Attachments/SM_Veh_Attach_Plating_18.prefab
  artifactKey: Guid(8699fab08f8ca414682f324b4cf2359b) Importer(815301076,1909f56bfc062723c751e8b465ee728b)
Start importing Assets/Synty/PolygonApocalypse/Prefabs/Vehicles/Attachments/SM_Veh_Attach_Plating_18.prefab using Guid(8699fab08f8ca414682f324b4cf2359b) Importer(815301076,1909f56bfc062723c751e8b465ee728b) (PreviewImporter) -> (artifact id: '2d48a65b134d9d9fb3f59ced619791c9') in 0.0239644 seconds
Number of updated asset objects reloaded before import = 0Number of asset objects unloaded after import = 16

========================================================================
Received Import Request.
  Time since last request: 0.358361 seconds.
  path: Assets/Synty/PolygonApocalypse/Prefabs/Vehicles/Attachments/SM_Veh_Attach_Plating_22.prefab
  artifactKey: Guid(556f67ca7a618e243aa696e42ea2bc25) Importer(815301076,1909f56bfc062723c751e8b465ee728b)
Start importing Assets/Synty/PolygonApocalypse/Prefabs/Vehicles/Attachments/SM_Veh_Attach_Plating_22.prefab using Guid(556f67ca7a618e243aa696e42ea2bc25) Importer(815301076,1909f56bfc062723c751e8b465ee728b) (PreviewImporter) -> (artifact id: 'dcd55403551efc0ff99878bdaf0b0724') in 0.0234851 seconds
Number of updated asset objects reloaded before import = 0Number of asset objects unloaded after import = 16

========================================================================
Received Import Request.
  Time since last request: 0.004815 seconds.
  path: Assets/Synty/PolygonApocalypse/Prefabs/Vehicles/Attachments/SM_Veh_Attach_Plating_26.prefab
  artifactKey: Guid(8aaf8d2768a32ab43833ba4ad6802520) Importer(815301076,1909f56bfc062723c751e8b465ee728b)
Start importing Assets/Synty/PolygonApocalypse/Prefabs/Vehicles/Attachments/SM_Veh_Attach_Plating_26.prefab using Guid(8aaf8d2768a32ab43833ba4ad6802520) Importer(815301076,1909f56bfc062723c751e8b465ee728b) (PreviewImporter) -> (artifact id: 'f454993cf10d745f947f6f7d7599e03f') in 0.0219785 seconds
Number of updated asset objects reloaded before import = 0Number of asset objects unloaded after import = 16

========================================================================
Received Import Request.
  Time since last request: 0.258464 seconds.
  path: Assets/Synty/PolygonApocalypse/Prefabs/Vehicles/Attachments/SM_Veh_Attach_Plating_30.prefab
  artifactKey: Guid(22441b0479e72b94596d3a59956c9703) Importer(815301076,1909f56bfc062723c751e8b465ee728b)
Start importing Assets/Synty/PolygonApocalypse/Prefabs/Vehicles/Attachments/SM_Veh_Attach_Plating_30.prefab using Guid(22441b0479e72b94596d3a59956c9703) Importer(815301076,1909f56bfc062723c751e8b465ee728b) (PreviewImporter) -> (artifact id: '9016330918a7ad66eba9e131df045a84') in 0.0210627 seconds
Number of updated asset objects reloaded before import = 0Number of asset objects unloaded after import = 16

========================================================================
Received Import Request.
  Time since last request: 0.000019 seconds.
  path: Assets/Synty/PolygonApocalypse/Prefabs/Vehicles/Attachments/SM_Veh_Attach_Plating_34.prefab
  artifactKey: Guid(37a461b575aa7364696cd339ccda19e1) Importer(815301076,1909f56bfc062723c751e8b465ee728b)
Start importing Assets/Synty/PolygonApocalypse/Prefabs/Vehicles/Attachments/SM_Veh_Attach_Plating_34.prefab using Guid(37a461b575aa7364696cd339ccda19e1) Importer(815301076,1909f56bfc062723c751e8b465ee728b) (PreviewImporter) -> (artifact id: '5b46600372cd896b3e6379f6fbeca0e6') in 0.0200266 seconds
Number of updated asset objects reloaded before import = 0Number of asset objects unloaded after import = 16

========================================================================
Received Import Request.
  Time since last request: 0.000027 seconds.
  path: Assets/Synty/PolygonApocalypse/Prefabs/Vehicles/Attachments/SM_Veh_Attach_Plating_38.prefab
  artifactKey: Guid(ccea79b268f7ebf429d745043733afb7) Importer(815301076,1909f56bfc062723c751e8b465ee728b)
Start importing Assets/Synty/PolygonApocalypse/Prefabs/Vehicles/Attachments/SM_Veh_Attach_Plating_38.prefab using Guid(ccea79b268f7ebf429d745043733afb7) Importer(815301076,1909f56bfc062723c751e8b465ee728b) (PreviewImporter) -> (artifact id: '1ce966721519848f520754996cfaa9a0') in 0.0203671 seconds
Number of updated asset objects reloaded before import = 0Number of asset objects unloaded after import = 16

========================================================================
Received Import Request.
  Time since last request: 0.216246 seconds.
  path: Assets/Synty/PolygonApocalypse/Prefabs/Vehicles/Attachments/SM_Veh_Attach_Plating_42.prefab
  artifactKey: Guid(1d3e30810b7bf5941a73885ac1b20c2d) Importer(815301076,1909f56bfc062723c751e8b465ee728b)
Start importing Assets/Synty/PolygonApocalypse/Prefabs/Vehicles/Attachments/SM_Veh_Attach_Plating_42.prefab using Guid(1d3e30810b7bf5941a73885ac1b20c2d) Importer(815301076,1909f56bfc062723c751e8b465ee728b) (PreviewImporter) -> (artifact id: 'f319d365a6afd2c451e057a20f9cc87d') in 0.0274656 seconds
Number of updated asset objects reloaded before import = 0Number of asset objects unloaded after import = 16

========================================================================
Received Import Request.
  Time since last request: 0.000023 seconds.
  path: Assets/Synty/PolygonApocalypse/Prefabs/Vehicles/Attachments/SM_Veh_Attach_Roof_Props_01.prefab
  artifactKey: Guid(1b14b8e14eb429e49a3aaacbc2f0e48e) Importer(815301076,1909f56bfc062723c751e8b465ee728b)
Start importing Assets/Synty/PolygonApocalypse/Prefabs/Vehicles/Attachments/SM_Veh_Attach_Roof_Props_01.prefab using Guid(1b14b8e14eb429e49a3aaacbc2f0e48e) Importer(815301076,1909f56bfc062723c751e8b465ee728b) (PreviewImporter) -> (artifact id: '9c6b879e659d3dd1df32afb0aea94a46') in 0.0220009 seconds
Number of updated asset objects reloaded before import = 0Number of asset objects unloaded after import = 16

========================================================================
Received Import Request.
  Time since last request: 0.000020 seconds.
  path: Assets/Synty/PolygonApocalypse/Prefabs/Vehicles/Attachments/SM_Veh_Attach_Scoop_03.prefab
  artifactKey: Guid(32d269c9842108b4cbe644688a8b2521) Importer(815301076,1909f56bfc062723c751e8b465ee728b)
Start importing Assets/Synty/PolygonApocalypse/Prefabs/Vehicles/Attachments/SM_Veh_Attach_Scoop_03.prefab using Guid(32d269c9842108b4cbe644688a8b2521) Importer(815301076,1909f56bfc062723c751e8b465ee728b) (PreviewImporter) -> (artifact id: '011b22d002710d214327fb0750a13160') in 0.0227689 seconds
Number of updated asset objects reloaded before import = 0Number of asset objects unloaded after import = 16

========================================================================
Received Import Request.
  Time since last request: 0.189566 seconds.
  path: Assets/Synty/PolygonApocalypse/Prefabs/Vehicles/Attachments/SM_Veh_Attach_Spoiler_01.prefab
  artifactKey: Guid(7c60a5d224365054796426277bdf6304) Importer(815301076,1909f56bfc062723c751e8b465ee728b)
Start importing Assets/Synty/PolygonApocalypse/Prefabs/Vehicles/Attachments/SM_Veh_Attach_Spoiler_01.prefab using Guid(7c60a5d224365054796426277bdf6304) Importer(815301076,1909f56bfc062723c751e8b465ee728b) (PreviewImporter) -> (artifact id: '12ad6330a50600cd9370c02858d62fa1') in 0.0222188 seconds
Number of updated asset objects reloaded before import = 0Number of asset objects unloaded after import = 16

========================================================================
Received Import Request.
  Time since last request: 0.000028 seconds.
  path: Assets/Synty/PolygonApocalypse/Prefabs/Vehicles/Attachments/SM_Veh_Attach_TowHook_01.prefab
  artifactKey: Guid(3e118edb64e4f8446a78b7eed3b5b4a6) Importer(815301076,1909f56bfc062723c751e8b465ee728b)
Start importing Assets/Synty/PolygonApocalypse/Prefabs/Vehicles/Attachments/SM_Veh_Attach_TowHook_01.prefab using Guid(3e118edb64e4f8446a78b7eed3b5b4a6) Importer(815301076,1909f56bfc062723c751e8b465ee728b) (PreviewImporter) -> (artifact id: '5c1c3f8dc809553747a6084468f0728d') in 0.0201319 seconds
Number of updated asset objects reloaded before import = 0Number of asset objects unloaded after import = 16

Editor requested this worker to shutdown with reason: Scaling down because of idle timeout
AssetImportWorker is now disconnected from the server
Process exiting
Exiting without the bug reporter. Application will terminate with return code 0