[Licensing::Module] Trying to connect to existing licensing client channel...
Built from '6000.3/staging' branch; Version is '6000.3.13f1 (8c4f11e4fb20) revision 9195281'; Using compiler version '194234433'; Build Type 'Release'
OS: 'Windows 11  (10.0.26200) Core' Language: 'en' Physical Memory: 32347 MB
BatchMode: 1, IsHumanControllingUs: 0, StartBugReporterOnCrash: 0, Is64bit: 1
System  architecture: x64
Process architecture: x64
Date: 2026-04-22T01:39:00Z
[Licensing::IpcConnector] Successfully connected to: "LicenseClient-zieli" at "2026-04-22T01:39:00.2588253Z"

COMMAND LINE ARGUMENTS:
C:\Program Files\Unity\Hub\Editor\6000.3.13f1\Editor\Unity.exe
-adb2
-batchMode
-noUpm
-name
AssetImportWorker42
-projectPath
C:/Game Development/DisasterDiner
-logFile
Logs/AssetImportWorker42.log
-srvPort
60058
-licensingIpc
LicenseClient-zieli
-job-worker-count
7
-background-job-worker-count
8
-gc-helper-count
1
-name
AssetImport
Successfully changed project path to: C:/Game Development/DisasterDiner
C:/Game Development/DisasterDiner
[UnityMemory] Configuration Parameters - Can be set up in boot.config
    "memorysetup-temp-allocator-size-nav-mesh-worker=65536"
    "memorysetup-temp-allocator-size-audio-worker=65536"
    "memorysetup-temp-allocator-size-gfx=262144"
    "memorysetup-allocator-temp-initial-block-size-main=262144"
    "memorysetup-allocator-temp-initial-block-size-worker=262144"
    "memorysetup-temp-allocator-size-background-worker=32768"
    "memorysetup-temp-allocator-size-job-worker=262144"
    "memorysetup-temp-allocator-size-preload-manager=33554432"
    "memorysetup-temp-allocator-size-gi-baking-worker=262144"
    "memorysetup-temp-allocator-size-gi-baking-worker=262144"
    "memorysetup-temp-allocator-size-gi-baking-worker=262144"
    "memorysetup-temp-allocator-size-gi-baking-worker=262144"
    "memorysetup-temp-allocator-size-gi-baking-worker=262144"
    "memorysetup-bucket-allocator-granularity=16"
    "memorysetup-bucket-allocator-bucket-count=8"
    "memorysetup-bucket-allocator-block-size=33554432"
    "memorysetup-bucket-allocator-block-count=8"
    "memorysetup-main-allocator-block-size=16777216"
    "memorysetup-thread-allocator-block-size=16777216"
    "memorysetup-gfx-main-allocator-block-size=16777216"
    "memorysetup-gfx-thread-allocator-block-size=16777216"
    "memorysetup-cache-allocator-block-size=4194304"
    "memorysetup-typetree-allocator-block-size=2097152"
    "memorysetup-profiler-bucket-allocator-granularity=16"
    "memorysetup-profiler-bucket-allocator-bucket-count=8"
    "memorysetup-profiler-bucket-allocator-block-size=33554432"
    "memorysetup-profiler-bucket-allocator-block-count=8"
    "memorysetup-profiler-allocator-block-size=16777216"
    "memorysetup-profiler-editor-allocator-block-size=1048576"
    "memorysetup-temp-allocator-size-main=16777216"
    "memorysetup-job-temp-allocator-block-size=2097152"
    "memorysetup-job-temp-allocator-block-size-background=1048576"
    "memorysetup-job-temp-allocator-reduction-small-platforms=262144"
    "memorysetup-temp-allocator-size-cloud-worker=32768"
Player connection [46812]  Target information:

Player connection [46812]  * "[IP] 192.168.86.22 [Port] 0 [Flags] 2 [Guid] 1298705075 [EditorId] 1298705075 [Version] 1048832 [Id] WindowsEditor(7,Johns_PC) [Debug] 1 [PackageName] WindowsEditor [ProjectName] Editor" 

Player connection [46812] Host joined multi-casting on [225.0.0.222:54997]...
Player connection [46812] Host joined alternative multi-casting on [225.0.0.222:34997]...
JobSystem: Creating JobQueue using job-worker-count value 7
Input System module state changed to: Initialized.
[Physics::Module] Initialized fallback backend.
[Physics::Module] Id: 0xdecafbad
Library Redirect Path: Library/
[Physics::Module] Selected backend.
[Physics::Module] Name: PhysX
[Physics::Module] Id: 0xf2b8ea05
[Physics::Module] SDK Version: 4.1.2
[Physics::Module] Integration Version: 1.0.0
[Physics::Module] Threading Mode: Multi-Threaded
Refreshing native plugins compatible for Editor in 3.39 ms, found 4 plugins.
Preloading 0 native plugins for Editor in 0.00 ms.
Initialize engine version: 6000.3.13f1 (8c4f11e4fb20)
[Subsystems] Discovering subsystems at path C:/Program Files/Unity/Hub/Editor/6000.3.13f1/Editor/Data/Resources/UnitySubsystems
[Subsystems] Discovering subsystems at path C:/Game Development/DisasterDiner/Assets
GfxDevice: creating device client; kGfxThreadingModeNonThreaded
Direct3D:
    Version:  Direct3D 11.0 [level 11.1]
    Renderer: NVIDIA GeForce RTX 4070 SUPER (ID=0x2783)
    Vendor:   NVIDIA
    VRAM:     11999 MB
    Driver:   32.0.15.8157
Initialize mono
Mono path[0] = 'C:/Program Files/Unity/Hub/Editor/6000.3.13f1/Editor/Data/Managed'
Mono path[1] = 'C:/Program Files/Unity/Hub/Editor/6000.3.13f1/Editor/Data/MonoBleedingEdge/lib/mono/unityjit-win32'
Mono config path = 'C:/Program Files/Unity/Hub/Editor/6000.3.13f1/Editor/Data/MonoBleedingEdge/etc'
Using monoOptions --debugger-agent=transport=dt_socket,embedding=1,server=y,suspend=n,address=127.0.0.1:56756
Begin MonoManager ReloadAssembly
Registering precompiled unity dll's ...
Register platform support module: C:/Program Files/Unity/Hub/Editor/6000.3.13f1/Editor/Data/PlaybackEngines/WindowsStandaloneSupport/UnityEditor.WindowsStandalone.Extensions.dll
Registered in 0.001288 seconds.
- Loaded All Assemblies, in  0.335 seconds
[Licensing::Client] Error: HandshakeResponse reported an error:
	ResponseCode: 505
	ResponseStatus: Unsupported protocol version '1.18.1'.
[Licensing::Module] Error: Failed to handshake to channel: "LicenseClient-zieli"
[Licensing::IpcConnector] LicenseClient-zieli channel disconnected successfully.
[Licensing::IpcConnector] Successfully connected to: "LicenseClient-zieli-6000.3.13" at "2026-04-22T01:39:01.2898881Z"
Native extension for WindowsStandalone target not found
Package Manager log level set to [2]
[Package Manager] Failed to launch server process. Reason: Unity was launched with the -noUpm command-line argument
[Package Manager] Unable to send message (not connected to server process).
[Package Manager] Cannot connect to Unity Package Manager local server
ScheduleIndexationOnStartup MainProcess:False IndexOnStartup:True
Mono: successfully reloaded assembly
- Finished resetting the current domain, in  0.414 seconds
Domain Reload Profiling: 746ms
	BeginReloadAssembly (105ms)
		ExecutionOrderSort (0ms)
		DisableScriptedObjects (0ms)
		BackupInstance (0ms)
		ReleaseScriptingObjects (0ms)
		CreateAndSetChildDomain (1ms)
	RebuildCommonClasses (37ms)
	RebuildNativeTypeToScriptingClass (12ms)
	initialDomainReloadingComplete (38ms)
	LoadAllAssembliesAndSetupDomain (139ms)
		LoadAssemblies (102ms)
		RebuildTransferFunctionScriptingTraits (0ms)
		AnalyzeDomain (136ms)
			TypeCache.Refresh (134ms)
				TypeCache.ScanAssembly (123ms)
			BuildScriptInfoCaches (0ms)
			ResolveRequiredComponents (0ms)
	FinalizeReload (415ms)
		ReleaseScriptCaches (0ms)
		RebuildScriptCaches (0ms)
		SetupLoadedEditorAssemblies (366ms)
			LogAssemblyErrors (0ms)
			InitializePlatformSupportModulesInManaged (48ms)
			SetLoadedEditorAssemblies (4ms)
			BeforeProcessingInitializeOnLoad (73ms)
			ProcessInitializeOnLoadAttributes (160ms)
			ProcessInitializeOnLoadMethodAttributes (81ms)
			AfterProcessingInitializeOnLoad (0ms)
			EditorAssembliesLoaded (0ms)
		ExecutionOrderSort2 (0ms)
		AwakeInstancesAfterBackupRestoration (0ms)
========================================================================
Worker process is ready to serve import requests
Import Worker Mode flag is 0x00
Begin MonoManager ReloadAssembly
[Licensing::Module] Licensing is not yet initialized.
[Licensing::Client] Handshaking with LicensingClient:
  Version:                 1.18.1+9fbee8e
  Session Id:              accbca96dc3d4e269091b89872058f87
  Correlation Id:          2b999b7551c4f1abd27547e4a7907d59
  External correlation Id: 4281828215944908113
  Machine Id:              a0OP954qVZmt5azPS5PrvPW5hTY=
[Licensing::Module] Successfully connected to LicensingClient on channel: "LicenseClient-zieli-6000.3.13" (connect: 0.00s, validation: 0.00s, handshake: 0.97s)
[Licensing::IpcConnector] Successfully connected to: "LicenseClient-zieli-6000.3.13-notifications" at "2026-04-22T01:39:02.2652422Z"
[Licensing::Module] Licensing Background thread has ended after 2.01s
[Licensing::Module] Licensing is initialized (took 0.27s).
[Licensing::Client] Successfully resolved entitlement details
[Licensing::Module] License group:
  Id: 2475483376267-UnityPersXXXX
  Product: Unity Personal
  Type: Assigned
  Expiration: Unlimited
- Loaded All Assemblies, in  0.908 seconds
Refreshing native plugins compatible for Editor in 1.41 ms, found 4 plugins.
Native extension for WindowsStandalone target not found
[Package Manager] Failed to launch server process. Reason: Unity was launched with the -noUpm command-line argument
[Package Manager] Unable to send message (not connected to server process).
[Package Manager] Cannot connect to Unity Package Manager local server
Refreshing native plugins compatible for Editor in 1.79 ms, found 4 plugins.
[Package Manager] Failed to launch server process. Reason: Unity was launched with the -noUpm command-line argument
[Package Manager] Unable to send message (not connected to server process).
[Package Manager] Cannot connect to Unity Package Manager local server
ScheduleIndexationOnStartup MainProcess:False IndexOnStartup:True
Mono: successfully reloaded assembly
- Finished resetting the current domain, in  0.582 seconds
Domain Reload Profiling: 1486ms
	BeginReloadAssembly (422ms)
		ExecutionOrderSort (0ms)
		DisableScriptedObjects (6ms)
		BackupInstance (0ms)
		ReleaseScriptingObjects (0ms)
		CreateAndSetChildDomain (28ms)
	RebuildCommonClasses (28ms)
	RebuildNativeTypeToScriptingClass (11ms)
	initialDomainReloadingComplete (35ms)
	LoadAllAssembliesAndSetupDomain (408ms)
		LoadAssemblies (284ms)
		RebuildTransferFunctionScriptingTraits (0ms)
		AnalyzeDomain (201ms)
			TypeCache.Refresh (144ms)
				TypeCache.ScanAssembly (134ms)
			BuildScriptInfoCaches (46ms)
			ResolveRequiredComponents (8ms)
	FinalizeReload (582ms)
		ReleaseScriptCaches (0ms)
		RebuildScriptCaches (0ms)
		SetupLoadedEditorAssemblies (421ms)
			LogAssemblyErrors (0ms)
			InitializePlatformSupportModulesInManaged (1ms)
			SetLoadedEditorAssemblies (2ms)
			BeforeProcessingInitializeOnLoad (98ms)
			ProcessInitializeOnLoadAttributes (267ms)
			ProcessInitializeOnLoadMethodAttributes (46ms)
			AfterProcessingInitializeOnLoad (6ms)
			EditorAssembliesLoaded (0ms)
		ExecutionOrderSort2 (0ms)
		AwakeInstancesAfterBackupRestoration (6ms)
Launched and connected shader compiler UnityShaderCompiler.exe after 0.01 seconds
Refreshing native plugins compatible for Editor in 2.49 ms, found 4 plugins.
Preloading 0 native plugins for Editor in 0.00 ms.
Unloading 16 Unused Serialized files (Serialized files now loaded: 0)
Unloading 6447 unused Assets / (4.6 MB). Loaded Objects now: 7245.
Memory consumption went from 164.6 MB to 160.1 MB.
Total: 7.093900 ms (FindLiveObjects: 0.863100 ms CreateObjectMapping: 0.789600 ms MarkObjects: 3.771000 ms  DeleteObjects: 1.669200 ms)

========================================================================
Received Import Request.
  Time since last request: 14940.477007 seconds.
  path: Assets/Synty/PolygonShops/Prefabs/FX/FX_Fountain_Spray_01.prefab
  artifactKey: Guid(a75a3bba0f752f54eaa14967c19b8df9) Importer(815301076,1909f56bfc062723c751e8b465ee728b)
Start importing Assets/Synty/PolygonShops/Prefabs/FX/FX_Fountain_Spray_01.prefab using Guid(a75a3bba0f752f54eaa14967c19b8df9) Importer(815301076,1909f56bfc062723c751e8b465ee728b) (PreviewImporter) -> (artifact id: '98c4c113f1a785600b4cefa08fabba3d') in 0.4551618 seconds
Number of updated asset objects reloaded before import = 0Number of asset objects unloaded after import = 8

========================================================================
Received Import Request.
  Time since last request: 0.112244 seconds.
  path: Assets/Synty/PolygonApocalypse/Models/Convex/SM_Prop_Decontamination_Shower_01_Convex.asset
  artifactKey: Guid(0e0284023df8a4e4a8380d306bba3a3c) Importer(815301076,1909f56bfc062723c751e8b465ee728b)
Start importing Assets/Synty/PolygonApocalypse/Models/Convex/SM_Prop_Decontamination_Shower_01_Convex.asset using Guid(0e0284023df8a4e4a8380d306bba3a3c) Importer(815301076,1909f56bfc062723c751e8b465ee728b) (PreviewImporter) -> (artifact id: '32d492926689fab6d0024c630047a93a') in 0.0373109 seconds
Number of updated asset objects reloaded before import = 0Number of asset objects unloaded after import = 2

========================================================================
Received Import Request.
  Time since last request: 0.976568 seconds.
  path: Assets/Synty/PolygonApocalypse/Models/Collision/SM_Bld_WaterTank_01_Collision.fbx
  artifactKey: Guid(8eb0c99aef8be214eb9c6ed112c2bd68) Importer(815301076,1909f56bfc062723c751e8b465ee728b)
Start importing Assets/Synty/PolygonApocalypse/Models/Collision/SM_Bld_WaterTank_01_Collision.fbx using Guid(8eb0c99aef8be214eb9c6ed112c2bd68) Importer(815301076,1909f56bfc062723c751e8b465ee728b) (PreviewImporter) -> (artifact id: '2ce75d394bf94e42340698c830b02a88') in 0.0256676 seconds
Number of updated asset objects reloaded before import = 0Number of asset objects unloaded after import = 7

========================================================================
Received Import Request.
  Time since last request: 0.000022 seconds.
  path: Assets/Synty/PolygonApocalypse/Models/SM_Veh_Army_Truck_01.fbx
  artifactKey: Guid(3204e6b7f3fca354c9494cdd35c07b14) Importer(815301076,1909f56bfc062723c751e8b465ee728b)
Start importing Assets/Synty/PolygonApocalypse/Models/SM_Veh_Army_Truck_01.fbx using Guid(3204e6b7f3fca354c9494cdd35c07b14) Importer(815301076,1909f56bfc062723c751e8b465ee728b) (PreviewImporter) -> (artifact id: '21b867f9c2e157748de584232b116883') in 0.1333918 seconds
Number of updated asset objects reloaded before import = 0Number of asset objects unloaded after import = 78

========================================================================
Received Import Request.
  Time since last request: 39.457903 seconds.
  path: Assets/Synty/PolygonApocalypse/Models/SM_Env_StormCanal_Pipe_02.fbx
  artifactKey: Guid(6b36107161e6e9a4f92b135e4d4c56de) Importer(815301076,1909f56bfc062723c751e8b465ee728b)
Start importing Assets/Synty/PolygonApocalypse/Models/SM_Env_StormCanal_Pipe_02.fbx using Guid(6b36107161e6e9a4f92b135e4d4c56de) Importer(815301076,1909f56bfc062723c751e8b465ee728b) (PreviewImporter) -> (artifact id: '43ac157a32b42e5ff4be880b07e5cb13') in 0.0147643 seconds
Number of updated asset objects reloaded before import = 0Number of asset objects unloaded after import = 7

========================================================================
Received Import Request.
  Time since last request: 0.000023 seconds.
  path: Assets/Synty/PolygonApocalypse/Models/Convex/SM_Env_StormCanal_Pipe_End_01_Convex.asset
  artifactKey: Guid(e1619b273e02d6f4eaa68d0ef34b353c) Importer(815301076,1909f56bfc062723c751e8b465ee728b)
Start importing Assets/Synty/PolygonApocalypse/Models/Convex/SM_Env_StormCanal_Pipe_End_01_Convex.asset using Guid(e1619b273e02d6f4eaa68d0ef34b353c) Importer(815301076,1909f56bfc062723c751e8b465ee728b) (PreviewImporter) -> (artifact id: 'd1ba09c194f4178e9af530eee6074117') in 0.0188319 seconds
Number of updated asset objects reloaded before import = 0Number of asset objects unloaded after import = 2

========================================================================
Received Import Request.
  Time since last request: 0.000026 seconds.
  path: Assets/Synty/PolygonApocalypse/Models/SM_Env_StormCanal_Pipe_End_02.fbx
  artifactKey: Guid(42ee2f9c06c8cbe448ccd0320a82f875) Importer(815301076,1909f56bfc062723c751e8b465ee728b)
Start importing Assets/Synty/PolygonApocalypse/Models/SM_Env_StormCanal_Pipe_End_02.fbx using Guid(42ee2f9c06c8cbe448ccd0320a82f875) Importer(815301076,1909f56bfc062723c751e8b465ee728b) (PreviewImporter) -> (artifact id: '7d635c544de4ac0f60072413451ac526') in 0.0144602 seconds
Number of updated asset objects reloaded before import = 0Number of asset objects unloaded after import = 7

========================================================================
Received Import Request.
  Time since last request: 0.000026 seconds.
  path: Assets/Synty/PolygonGeneric/Models/SM_Gen_Bld_Pipe_Straight_01.fbx
  artifactKey: Guid(d10eca00e168e8b41a8750dbdc00f25b) Importer(815301076,1909f56bfc062723c751e8b465ee728b)
Start importing Assets/Synty/PolygonGeneric/Models/SM_Gen_Bld_Pipe_Straight_01.fbx using Guid(d10eca00e168e8b41a8750dbdc00f25b) Importer(815301076,1909f56bfc062723c751e8b465ee728b) (PreviewImporter) -> (artifact id: '6b9733d5131539f7bbd71504f9511004') in 0.0162271 seconds
Number of updated asset objects reloaded before import = 0Number of asset objects unloaded after import = 7

========================================================================
Received Import Request.
  Time since last request: 41.340233 seconds.
  path: Assets/Synty/PolygonShops/Models/SM_Prop_BigPipe_Connector_01.fbx
  artifactKey: Guid(e33398fba4271b9438bd6e24ed651222) Importer(815301076,1909f56bfc062723c751e8b465ee728b)
Start importing Assets/Synty/PolygonShops/Models/SM_Prop_BigPipe_Connector_01.fbx using Guid(e33398fba4271b9438bd6e24ed651222) Importer(815301076,1909f56bfc062723c751e8b465ee728b) (PreviewImporter) -> (artifact id: 'd91041018c9c87758a3922380779620e') in 0.0154772 seconds
Number of updated asset objects reloaded before import = 0Number of asset objects unloaded after import = 7

========================================================================
Received Import Request.
  Time since last request: 0.000026 seconds.
  path: Assets/Synty/PolygonShops/Models/SM_Prop_BigPipe_Corner_01.fbx
  artifactKey: Guid(af1e46734e4959c499ab06e3945d290a) Importer(815301076,1909f56bfc062723c751e8b465ee728b)
Start importing Assets/Synty/PolygonShops/Models/SM_Prop_BigPipe_Corner_01.fbx using Guid(af1e46734e4959c499ab06e3945d290a) Importer(815301076,1909f56bfc062723c751e8b465ee728b) (PreviewImporter) -> (artifact id: '6bb8c633ad94499b323bfa604c4d411e') in 0.0134438 seconds
Number of updated asset objects reloaded before import = 0Number of asset objects unloaded after import = 7

========================================================================
Received Import Request.
  Time since last request: 0.286476 seconds.
  path: Assets/Synty/PolygonApocalypse/Models/SM_Prop_Bunker_WallPipe_01.fbx
  artifactKey: Guid(ca25c251d395c9b4aaf7fc83bd171877) Importer(815301076,1909f56bfc062723c751e8b465ee728b)
Start importing Assets/Synty/PolygonApocalypse/Models/SM_Prop_Bunker_WallPipe_01.fbx using Guid(ca25c251d395c9b4aaf7fc83bd171877) Importer(815301076,1909f56bfc062723c751e8b465ee728b) (PreviewImporter) -> (artifact id: '7b89c1e090cffb970450c717faf1f004') in 0.0144782 seconds
Number of updated asset objects reloaded before import = 0Number of asset objects unloaded after import = 7

========================================================================
Received Import Request.
  Time since last request: 0.035726 seconds.
  path: Assets/Synty/PolygonApocalypse/Models/SM_Prop_Pipe_Large_01.fbx
  artifactKey: Guid(22b68ca34da57a847b7aeb55b40bbe57) Importer(815301076,1909f56bfc062723c751e8b465ee728b)
Start importing Assets/Synty/PolygonApocalypse/Models/SM_Prop_Pipe_Large_01.fbx using Guid(22b68ca34da57a847b7aeb55b40bbe57) Importer(815301076,1909f56bfc062723c751e8b465ee728b) (PreviewImporter) -> (artifact id: '1b4f2a04bf0239fe565afa3af4137387') in 0.0164487 seconds
Number of updated asset objects reloaded before import = 0Number of asset objects unloaded after import = 7

========================================================================
Received Import Request.
  Time since last request: 0.451134 seconds.
  path: Assets/Synty/PolygonApocalypse/Models/SM_Prop_Pipe_Large_01_Tarp.fbx
  artifactKey: Guid(01d715abb334ad24b869deaf567149d7) Importer(815301076,1909f56bfc062723c751e8b465ee728b)
Start importing Assets/Synty/PolygonApocalypse/Models/SM_Prop_Pipe_Large_01_Tarp.fbx using Guid(01d715abb334ad24b869deaf567149d7) Importer(815301076,1909f56bfc062723c751e8b465ee728b) (PreviewImporter) -> (artifact id: '30651bb7ff5918e5764807e831cd7d62') in 0.0166159 seconds
Number of updated asset objects reloaded before import = 0Number of asset objects unloaded after import = 7

========================================================================
Received Import Request.
  Time since last request: 0.011745 seconds.
  path: Assets/Synty/PolygonApocalypse/Prefabs/Props/SM_Prop_Pipe_Valve_01.prefab
  artifactKey: Guid(8dbdf6585915f2644a44577e1ede2521) Importer(815301076,1909f56bfc062723c751e8b465ee728b)
Start importing Assets/Synty/PolygonApocalypse/Prefabs/Props/SM_Prop_Pipe_Valve_01.prefab using Guid(8dbdf6585915f2644a44577e1ede2521) Importer(815301076,1909f56bfc062723c751e8b465ee728b) (PreviewImporter) -> (artifact id: 'c4568dbe4065293bb65e003fecffbef1') in 0.0531975 seconds
Number of updated asset objects reloaded before import = 0Number of asset objects unloaded after import = 18

========================================================================
Received Import Request.
  Time since last request: 0.645019 seconds.
  path: Assets/Synty/PolygonApocalypse/Prefabs/Props/SM_Prop_Pipe_Valve_02.prefab
  artifactKey: Guid(df102e7b9e27a2642a1f96342ca72baf) Importer(815301076,1909f56bfc062723c751e8b465ee728b)
Start importing Assets/Synty/PolygonApocalypse/Prefabs/Props/SM_Prop_Pipe_Valve_02.prefab using Guid(df102e7b9e27a2642a1f96342ca72baf) Importer(815301076,1909f56bfc062723c751e8b465ee728b) (PreviewImporter) -> (artifact id: '20e88c2af0cb04220c1eccdf6473672f') in 0.049048 seconds
Number of updated asset objects reloaded before import = 0Number of asset objects unloaded after import = 18

========================================================================
Received Import Request.
  Time since last request: 0.000053 seconds.
  path: Assets/Synty/PolygonApocalypse/Models/SM_Prop_Pipes_01.fbx
  artifactKey: Guid(f61adf652c9bd6846b77d6d534bcc712) Importer(815301076,1909f56bfc062723c751e8b465ee728b)
Start importing Assets/Synty/PolygonApocalypse/Models/SM_Prop_Pipes_01.fbx using Guid(f61adf652c9bd6846b77d6d534bcc712) Importer(815301076,1909f56bfc062723c751e8b465ee728b) (PreviewImporter) -> (artifact id: '2e9974d729621f5596121b97ddbc8148') in 0.0146278 seconds
Number of updated asset objects reloaded before import = 0Number of asset objects unloaded after import = 7

========================================================================
Received Import Request.
  Time since last request: 0.000022 seconds.
  path: Assets/Synty/PolygonApocalypse/Models/SM_Prop_Pipes_Rusted_01.fbx
  artifactKey: Guid(004c382475308f3428521115246ecbf5) Importer(815301076,1909f56bfc062723c751e8b465ee728b)
Start importing Assets/Synty/PolygonApocalypse/Models/SM_Prop_Pipes_Rusted_01.fbx using Guid(004c382475308f3428521115246ecbf5) Importer(815301076,1909f56bfc062723c751e8b465ee728b) (PreviewImporter) -> (artifact id: '9599e113667e9ae1f43e02d94a72cf57') in 0.0160634 seconds
Number of updated asset objects reloaded before import = 0Number of asset objects unloaded after import = 7

========================================================================
Received Import Request.
  Time since last request: 0.323624 seconds.
  path: Assets/Synty/PolygonApocalypse/Prefabs/Props/SM_Prop_Pipes_Rusted_02.prefab
  artifactKey: Guid(269bf7d72a67bbd4ba76c82a6f00785a) Importer(815301076,1909f56bfc062723c751e8b465ee728b)
Start importing Assets/Synty/PolygonApocalypse/Prefabs/Props/SM_Prop_Pipes_Rusted_02.prefab using Guid(269bf7d72a67bbd4ba76c82a6f00785a) Importer(815301076,1909f56bfc062723c751e8b465ee728b) (PreviewImporter) -> (artifact id: '0c24752d7a715d5b67b5a55d9a20e3de') in 0.0371398 seconds
Number of updated asset objects reloaded before import = 0Number of asset objects unloaded after import = 18

========================================================================
Received Import Request.
  Time since last request: 8.986153 seconds.
  path: Assets/Synty/PolygonApocalypse/Prefabs/Props/SM_Prop_Pipes_Valves_01.prefab
  artifactKey: Guid(7e955b4c1a70c434ea0f4cd9db9a54fa) Importer(815301076,1909f56bfc062723c751e8b465ee728b)
Start importing Assets/Synty/PolygonApocalypse/Prefabs/Props/SM_Prop_Pipes_Valves_01.prefab using Guid(7e955b4c1a70c434ea0f4cd9db9a54fa) Importer(815301076,1909f56bfc062723c751e8b465ee728b) (PreviewImporter) -> (artifact id: 'c7d74dc916fb60e878f376c5066eb8de') in 0.0343343 seconds
Number of updated asset objects reloaded before import = 0Number of asset objects unloaded after import = 18

========================================================================
Received Import Request.
  Time since last request: 0.000036 seconds.
  path: Assets/Synty/PolygonShops/Models/SM_Prop_SmallPipe_01.fbx
  artifactKey: Guid(262756d072230154a9ccb9e0ede6f4e8) Importer(815301076,1909f56bfc062723c751e8b465ee728b)
Start importing Assets/Synty/PolygonShops/Models/SM_Prop_SmallPipe_01.fbx using Guid(262756d072230154a9ccb9e0ede6f4e8) Importer(815301076,1909f56bfc062723c751e8b465ee728b) (PreviewImporter) -> (artifact id: '57012a66a43794a46c92fc71b7c7f5a7') in 0.0144683 seconds
Number of updated asset objects reloaded before import = 0Number of asset objects unloaded after import = 7

========================================================================
Received Import Request.
  Time since last request: 0.000026 seconds.
  path: Assets/Synty/PolygonShops/Models/SM_Prop_SmallPipe_Corner_01.fbx
  artifactKey: Guid(d1794b2ca7133a344a5d89ba053e3b7a) Importer(815301076,1909f56bfc062723c751e8b465ee728b)
Start importing Assets/Synty/PolygonShops/Models/SM_Prop_SmallPipe_Corner_01.fbx using Guid(d1794b2ca7133a344a5d89ba053e3b7a) Importer(815301076,1909f56bfc062723c751e8b465ee728b) (PreviewImporter) -> (artifact id: '45b80a6300aa98eae6ff89a17259d5e0') in 0.0195161 seconds
Number of updated asset objects reloaded before import = 0Number of asset objects unloaded after import = 7

========================================================================
Received Import Request.
  Time since last request: 0.000020 seconds.
  path: Assets/Synty/PolygonShops/Prefabs/Props/SM_Prop_Wall_Pipe_01.prefab
  artifactKey: Guid(d8323a5b2d33b164689f8d3524889e2c) Importer(815301076,1909f56bfc062723c751e8b465ee728b)
Start importing Assets/Synty/PolygonShops/Prefabs/Props/SM_Prop_Wall_Pipe_01.prefab using Guid(d8323a5b2d33b164689f8d3524889e2c) Importer(815301076,1909f56bfc062723c751e8b465ee728b) (PreviewImporter) -> (artifact id: '583b181b4e4120f366978ee87fd2ce9a') in 0.0179 seconds
Number of updated asset objects reloaded before import = 0Number of asset objects unloaded after import = 17

========================================================================
Received Import Request.
  Time since last request: 0.348795 seconds.
  path: Assets/Synty/PolygonShops/Models/SM_Prop_Wall_Pipe_02.fbx
  artifactKey: Guid(694875a4cea73e94d96a628403cabe94) Importer(815301076,1909f56bfc062723c751e8b465ee728b)
Start importing Assets/Synty/PolygonShops/Models/SM_Prop_Wall_Pipe_02.fbx using Guid(694875a4cea73e94d96a628403cabe94) Importer(815301076,1909f56bfc062723c751e8b465ee728b) (PreviewImporter) -> (artifact id: '19c6dc0185f2eb67f00fb837590301f1') in 0.0148616 seconds
Number of updated asset objects reloaded before import = 0Number of asset objects unloaded after import = 7

========================================================================
Received Import Request.
  Time since last request: 28.542765 seconds.
  path: Assets/Synty/PolygonApocalypse/Models/SM_Wep_Pipe_01.fbx
  artifactKey: Guid(c1afb0c7220a54947a99c0ba9e538c1b) Importer(815301076,1909f56bfc062723c751e8b465ee728b)
Start importing Assets/Synty/PolygonApocalypse/Models/SM_Wep_Pipe_01.fbx using Guid(c1afb0c7220a54947a99c0ba9e538c1b) Importer(815301076,1909f56bfc062723c751e8b465ee728b) (PreviewImporter) -> (artifact id: '84732a067785c4c5e81d6d393a458c72') in 0.0145687 seconds
Number of updated asset objects reloaded before import = 0Number of asset objects unloaded after import = 7

========================================================================
Received Import Request.
  Time since last request: 0.050287 seconds.
  path: Assets/Synty/PolygonApocalypse/Models/SM_Wep_PipeWrench_01.fbx
  artifactKey: Guid(979553be2c88c4a41b6a75b50549e9ac) Importer(815301076,1909f56bfc062723c751e8b465ee728b)
Start importing Assets/Synty/PolygonApocalypse/Models/SM_Wep_PipeWrench_01.fbx using Guid(979553be2c88c4a41b6a75b50549e9ac) Importer(815301076,1909f56bfc062723c751e8b465ee728b) (PreviewImporter) -> (artifact id: 'c5b12095c65586a7fa0b70777bbfdba0') in 0.0221797 seconds
Number of updated asset objects reloaded before import = 0Number of asset objects unloaded after import = 12

========================================================================
Received Import Request.
  Time since last request: 99.866235 seconds.
  path: Assets/Synty/PolygonGeneric/Textures/FX/Generic_Candle_Flame_01.png
  artifactKey: Guid(0a574e146b7d5f54ab807f7a65846706) Importer(815301076,1909f56bfc062723c751e8b465ee728b)
Start importing Assets/Synty/PolygonGeneric/Textures/FX/Generic_Candle_Flame_01.png using Guid(0a574e146b7d5f54ab807f7a65846706) Importer(815301076,1909f56bfc062723c751e8b465ee728b) (PreviewImporter) -> (artifact id: 'b461de470b59c6747fbe0fb9720f3149') in 0.0228916 seconds
Number of updated asset objects reloaded before import = 0Number of asset objects unloaded after import = 2

========================================================================
Received Import Request.
  Time since last request: 0.000024 seconds.
  path: Assets/Synty/PolygonGeneric/Materials/Generic_Wood.mat
  artifactKey: Guid(25d515228c5e00945ba99ea45cce08e6) Importer(815301076,1909f56bfc062723c751e8b465ee728b)
Start importing Assets/Synty/PolygonGeneric/Materials/Generic_Wood.mat using Guid(25d515228c5e00945ba99ea45cce08e6) Importer(815301076,1909f56bfc062723c751e8b465ee728b) (PreviewImporter) -> (artifact id: 'be0d9683b2995a2de0e21b72e48fc66f') in 0.0495343 seconds
Number of updated asset objects reloaded before import = 0Number of asset objects unloaded after import = 7

========================================================================
Received Import Request.
  Time since last request: 0.000036 seconds.
  path: Assets/Synty/PolygonGeneric/Textures/Generic_Dirt.png
  artifactKey: Guid(e2da4f21e14152e4a9e1e91fc77338b6) Importer(815301076,1909f56bfc062723c751e8b465ee728b)
Start importing Assets/Synty/PolygonGeneric/Textures/Generic_Dirt.png using Guid(e2da4f21e14152e4a9e1e91fc77338b6) Importer(815301076,1909f56bfc062723c751e8b465ee728b) (PreviewImporter) -> (artifact id: '3faf16cc19b2c05724cacde7f5028289') in 0.015832 seconds
Number of updated asset objects reloaded before import = 0Number of asset objects unloaded after import = 2

========================================================================
Received Import Request.
  Time since last request: 0.000037 seconds.
  path: Assets/Synty/PolygonApocalypse/Models/Materials/pasted__lambert2.mat
  artifactKey: Guid(858b1ee170ae7a848bbae4009b06479e) Importer(815301076,1909f56bfc062723c751e8b465ee728b)
Start importing Assets/Synty/PolygonApocalypse/Models/Materials/pasted__lambert2.mat using Guid(858b1ee170ae7a848bbae4009b06479e) Importer(815301076,1909f56bfc062723c751e8b465ee728b) (PreviewImporter) -> (artifact id: 'ee8b07fedba1dc0e98cbc52c53205d46') in 0.0131583 seconds
Number of updated asset objects reloaded before import = 0Number of asset objects unloaded after import = 1

========================================================================
Received Import Request.
  Time since last request: 51.780444 seconds.
  path: Assets/Synty/PolygonShops/Models/Collision/Convex/SM_Prop_Cafe_Sugar_Box_01_Convex.asset
  artifactKey: Guid(1a1d7a4e05b1ec94c957416c52cf5c9b) Importer(815301076,1909f56bfc062723c751e8b465ee728b)
Start importing Assets/Synty/PolygonShops/Models/Collision/Convex/SM_Prop_Cafe_Sugar_Box_01_Convex.asset using Guid(1a1d7a4e05b1ec94c957416c52cf5c9b) Importer(815301076,1909f56bfc062723c751e8b465ee728b) (PreviewImporter) -> (artifact id: '3c0b84f603540e12aa8c56f7554606ca') in 0.0127199 seconds
Number of updated asset objects reloaded before import = 0Number of asset objects unloaded after import = 2

========================================================================
Received Import Request.
  Time since last request: 0.000017 seconds.
  path: Assets/Synty/PolygonShops/Prefabs/Food/SM_Prop_Food_Sugar_01.prefab
  artifactKey: Guid(a1fd4a54735a00c47909330df4c7ee44) Importer(815301076,1909f56bfc062723c751e8b465ee728b)
Start importing Assets/Synty/PolygonShops/Prefabs/Food/SM_Prop_Food_Sugar_01.prefab using Guid(a1fd4a54735a00c47909330df4c7ee44) Importer(815301076,1909f56bfc062723c751e8b465ee728b) (PreviewImporter) -> (artifact id: '057b864e0d0fa98e01b811b10f17b01f') in 0.0185412 seconds
Number of updated asset objects reloaded before import = 0Number of asset objects unloaded after import = 17

========================================================================
Received Import Request.
  Time since last request: 0.000021 seconds.
  path: Assets/Synty/PolygonShops/Models/SM_Prop_Food_Sugar_02.fbx
  artifactKey: Guid(614d5d23f5fb7494c92e8f43bc39bcee) Importer(815301076,1909f56bfc062723c751e8b465ee728b)
Start importing Assets/Synty/PolygonShops/Models/SM_Prop_Food_Sugar_02.fbx using Guid(614d5d23f5fb7494c92e8f43bc39bcee) Importer(815301076,1909f56bfc062723c751e8b465ee728b) (PreviewImporter) -> (artifact id: '77113b5368ef669df8901917841cb7ef') in 0.0155418 seconds
Number of updated asset objects reloaded before import = 0Number of asset objects unloaded after import = 7

========================================================================
Received Import Request.
  Time since last request: 26.872563 seconds.
  path: Assets/Synty/PolygonShops/Textures/Shutter_Transparent.png
  artifactKey: Guid(1516cbcda52a21244b95699d12d7ed83) Importer(815301076,1909f56bfc062723c751e8b465ee728b)
Start importing Assets/Synty/PolygonShops/Textures/Shutter_Transparent.png using Guid(1516cbcda52a21244b95699d12d7ed83) Importer(815301076,1909f56bfc062723c751e8b465ee728b) (PreviewImporter) -> (artifact id: 'bd8cf9d482e0631a53fb67e7e1f8e910') in 0.0113314 seconds
Number of updated asset objects reloaded before import = 0Number of asset objects unloaded after import = 2

========================================================================
Received Import Request.
  Time since last request: 0.000024 seconds.
  path: Assets/Synty/PolygonApocalypse/Models/Collision/SM_Bld_Bunker_Entrance_01_Collision.fbx
  artifactKey: Guid(3c91ce285d2a199409431cb07da46286) Importer(815301076,1909f56bfc062723c751e8b465ee728b)
Start importing Assets/Synty/PolygonApocalypse/Models/Collision/SM_Bld_Bunker_Entrance_01_Collision.fbx using Guid(3c91ce285d2a199409431cb07da46286) Importer(815301076,1909f56bfc062723c751e8b465ee728b) (PreviewImporter) -> (artifact id: '717f9d518b84a99197f89f0bf07f8244') in 0.0152016 seconds
Number of updated asset objects reloaded before import = 0Number of asset objects unloaded after import = 7

========================================================================
Received Import Request.
  Time since last request: 0.000024 seconds.
  path: Assets/Synty/PolygonApocalypse/Models/Convex/SM_Bld_Entrance_Cover_01_Convex 1.asset
  artifactKey: Guid(d721d089deb5e1745ac515578647e81b) Importer(815301076,1909f56bfc062723c751e8b465ee728b)
Start importing Assets/Synty/PolygonApocalypse/Models/Convex/SM_Bld_Entrance_Cover_01_Convex 1.asset using Guid(d721d089deb5e1745ac515578647e81b) Importer(815301076,1909f56bfc062723c751e8b465ee728b) (PreviewImporter) -> (artifact id: 'b1274a70c2a39872ea123cd54eec194a') in 0.0394915 seconds
Number of updated asset objects reloaded before import = 0Number of asset objects unloaded after import = 8

========================================================================
Received Import Request.
  Time since last request: 0.000022 seconds.
  path: Assets/Synty/PolygonApocalypse/Prefabs/Buildings/SM_Bld_Entrance_Cover_01.prefab
  artifactKey: Guid(d4d0ec0fc094213458fc4454a136262a) Importer(815301076,1909f56bfc062723c751e8b465ee728b)
Start importing Assets/Synty/PolygonApocalypse/Prefabs/Buildings/SM_Bld_Entrance_Cover_01.prefab using Guid(d4d0ec0fc094213458fc4454a136262a) Importer(815301076,1909f56bfc062723c751e8b465ee728b) (PreviewImporter) -> (artifact id: '2704bc704d2dd3ba37beccb728a24b08') in 0.0315863 seconds
Number of updated asset objects reloaded before import = 0Number of asset objects unloaded after import = 30

========================================================================
Received Import Request.
  Time since last request: 0.713236 seconds.
  path: Assets/Synty/PolygonApocalypse/Models/SM_Prop_TrashPile_01.fbx
  artifactKey: Guid(d84e78b10d021ad4382b85d250894c2a) Importer(815301076,1909f56bfc062723c751e8b465ee728b)
Start importing Assets/Synty/PolygonApocalypse/Models/SM_Prop_TrashPile_01.fbx using Guid(d84e78b10d021ad4382b85d250894c2a) Importer(815301076,1909f56bfc062723c751e8b465ee728b) (PreviewImporter) -> (artifact id: 'cc082bcfacd05897bc0f0287accd9e76') in 0.0282829 seconds
Number of updated asset objects reloaded before import = 0Number of asset objects unloaded after import = 17

========================================================================
Received Import Request.
  Time since last request: 0.000024 seconds.
  path: Assets/Synty/PolygonApocalypse/Models/SM_Prop_TrashPile_02.fbx
  artifactKey: Guid(3585de8cc566bef46bed6f6542573dbf) Importer(815301076,1909f56bfc062723c751e8b465ee728b)
Start importing Assets/Synty/PolygonApocalypse/Models/SM_Prop_TrashPile_02.fbx using Guid(3585de8cc566bef46bed6f6542573dbf) Importer(815301076,1909f56bfc062723c751e8b465ee728b) (PreviewImporter) -> (artifact id: 'bc60f570c2241d2d3c4225b1189e6649') in 0.0217482 seconds
Number of updated asset objects reloaded before import = 0Number of asset objects unloaded after import = 12

========================================================================
Received Import Request.
  Time since last request: 0.000020 seconds.
  path: Assets/Synty/PolygonApocalypse/Models/SM_Prop_TrashPile_10.fbx
  artifactKey: Guid(7635b2d7775f07f448b3c69e8af97a5f) Importer(815301076,1909f56bfc062723c751e8b465ee728b)
Start importing Assets/Synty/PolygonApocalypse/Models/SM_Prop_TrashPile_10.fbx using Guid(7635b2d7775f07f448b3c69e8af97a5f) Importer(815301076,1909f56bfc062723c751e8b465ee728b) (PreviewImporter) -> (artifact id: '74c1182a87bfdb57fd1a11e470f6c4be') in 0.0309099 seconds
Number of updated asset objects reloaded before import = 0Number of asset objects unloaded after import = 17

========================================================================
Received Import Request.
  Time since last request: 0.000029 seconds.
  path: Assets/Synty/PolygonApocalypse/Prefabs/Props/SM_Prop_TrashBag_05.prefab
  artifactKey: Guid(7acbe61b2b99ba64591e4f24bc003647) Importer(815301076,1909f56bfc062723c751e8b465ee728b)
Start importing Assets/Synty/PolygonApocalypse/Prefabs/Props/SM_Prop_TrashBag_05.prefab using Guid(7acbe61b2b99ba64591e4f24bc003647) Importer(815301076,1909f56bfc062723c751e8b465ee728b) (PreviewImporter) -> (artifact id: 'dbb1a3f5a8c700ac895c33e634846481') in 0.0375226 seconds
Number of updated asset objects reloaded before import = 0Number of asset objects unloaded after import = 18

========================================================================
Received Import Request.
  Time since last request: 0.000022 seconds.
  path: Assets/Synty/PolygonShops/Models/SM_Prop_Trash_Bags_01.fbx
  artifactKey: Guid(fe95df2eb44377f46b4417541b9f7194) Importer(815301076,1909f56bfc062723c751e8b465ee728b)
Start importing Assets/Synty/PolygonShops/Models/SM_Prop_Trash_Bags_01.fbx using Guid(fe95df2eb44377f46b4417541b9f7194) Importer(815301076,1909f56bfc062723c751e8b465ee728b) (PreviewImporter) -> (artifact id: 'e5e56c77166dbce7a98d7adb727df5a4') in 0.0162781 seconds
Number of updated asset objects reloaded before import = 0Number of asset objects unloaded after import = 7

========================================================================
Received Import Request.
  Time since last request: 0.000023 seconds.
  path: Assets/Synty/PolygonApocalypse/Models/Convex/SM_Prop_TrashBag_01_Convex.asset
  artifactKey: Guid(2e2539d19ee92e741945ab3d6b617a54) Importer(815301076,1909f56bfc062723c751e8b465ee728b)
Start importing Assets/Synty/PolygonApocalypse/Models/Convex/SM_Prop_TrashBag_01_Convex.asset using Guid(2e2539d19ee92e741945ab3d6b617a54) Importer(815301076,1909f56bfc062723c751e8b465ee728b) (PreviewImporter) -> (artifact id: '117465716fde5ae469027b2ab9b8a8e2') in 0.0159947 seconds
Number of updated asset objects reloaded before import = 0Number of asset objects unloaded after import = 2

========================================================================
Received Import Request.
  Time since last request: 0.000025 seconds.
  path: Assets/Synty/PolygonApocalypse/Models/SM_Prop_TrashBag_05.fbx
  artifactKey: Guid(3895cec104874f84ca4424a47d1af4f7) Importer(815301076,1909f56bfc062723c751e8b465ee728b)
Start importing Assets/Synty/PolygonApocalypse/Models/SM_Prop_TrashBag_05.fbx using Guid(3895cec104874f84ca4424a47d1af4f7) Importer(815301076,1909f56bfc062723c751e8b465ee728b) (PreviewImporter) -> (artifact id: '976a4287e244b265251a77092a8da76c') in 0.0147274 seconds
Number of updated asset objects reloaded before import = 0Number of asset objects unloaded after import = 7

========================================================================
Received Import Request.
  Time since last request: 0.000020 seconds.
  path: Assets/Synty/PolygonApocalypse/Models/Convex/SM_Prop_TrashBag_04_Convex.asset
  artifactKey: Guid(4b1a376925bfb6e4c9176459f9a8ab55) Importer(815301076,1909f56bfc062723c751e8b465ee728b)
Start importing Assets/Synty/PolygonApocalypse/Models/Convex/SM_Prop_TrashBag_04_Convex.asset using Guid(4b1a376925bfb6e4c9176459f9a8ab55) Importer(815301076,1909f56bfc062723c751e8b465ee728b) (PreviewImporter) -> (artifact id: 'f34dabbc6a6bf01bf4f04b3bc0ab6814') in 0.018921 seconds
Number of updated asset objects reloaded before import = 0Number of asset objects unloaded after import = 2

========================================================================
Received Import Request.
  Time since last request: 0.000036 seconds.
  path: Assets/Synty/PolygonApocalypse/Models/SM_Prop_TrashPile_08.fbx
  artifactKey: Guid(9ff1605801d05b747b9f87d682c6d197) Importer(815301076,1909f56bfc062723c751e8b465ee728b)
Start importing Assets/Synty/PolygonApocalypse/Models/SM_Prop_TrashPile_08.fbx using Guid(9ff1605801d05b747b9f87d682c6d197) Importer(815301076,1909f56bfc062723c751e8b465ee728b) (PreviewImporter) -> (artifact id: '5cd5f0ccce06356200b050eb0379fde4') in 0.0539411 seconds
Number of updated asset objects reloaded before import = 0Number of asset objects unloaded after import = 21

========================================================================
Received Import Request.
  Time since last request: 0.000019 seconds.
  path: Assets/Synty/PolygonApocalypse/Models/SM_Prop_TrashBag_04.fbx
  artifactKey: Guid(97d90593682a8774889fa1b4d2dd3fd7) Importer(815301076,1909f56bfc062723c751e8b465ee728b)
Start importing Assets/Synty/PolygonApocalypse/Models/SM_Prop_TrashBag_04.fbx using Guid(97d90593682a8774889fa1b4d2dd3fd7) Importer(815301076,1909f56bfc062723c751e8b465ee728b) (PreviewImporter) -> (artifact id: 'cc49504d3cc5302217e2f3e6707a8b58') in 0.0164351 seconds
Number of updated asset objects reloaded before import = 0Number of asset objects unloaded after import = 7

========================================================================
Received Import Request.
  Time since last request: 0.000032 seconds.
  path: Assets/Synty/PolygonApocalypse/Prefabs/Props/SM_Prop_TrashBag_01.prefab
  artifactKey: Guid(c3cded31a068e524ba09e5f78e63899d) Importer(815301076,1909f56bfc062723c751e8b465ee728b)
Start importing Assets/Synty/PolygonApocalypse/Prefabs/Props/SM_Prop_TrashBag_01.prefab using Guid(c3cded31a068e524ba09e5f78e63899d) Importer(815301076,1909f56bfc062723c751e8b465ee728b) (PreviewImporter) -> (artifact id: '9e97726e44c5bf74305998631ae1f2aa') in 0.0324722 seconds
Number of updated asset objects reloaded before import = 0Number of asset objects unloaded after import = 18

========================================================================
Received Import Request.
  Time since last request: 0.000037 seconds.
  path: Assets/Synty/PolygonApocalypse/Models/SM_Prop_TrashBag_08.fbx
  artifactKey: Guid(4559cdccfbae118459cc44b8b6640391) Importer(815301076,1909f56bfc062723c751e8b465ee728b)
Start importing Assets/Synty/PolygonApocalypse/Models/SM_Prop_TrashBag_08.fbx using Guid(4559cdccfbae118459cc44b8b6640391) Importer(815301076,1909f56bfc062723c751e8b465ee728b) (PreviewImporter) -> (artifact id: '37ec1ca5795f5a19f92da6534acada4c') in 0.019747 seconds
Number of updated asset objects reloaded before import = 0Number of asset objects unloaded after import = 7

========================================================================
Received Import Request.
  Time since last request: 2.593593 seconds.
  path: Assets/Synty/PolygonApocalypse/Prefabs/Props/SM_Prop_TrashBag_09.prefab
  artifactKey: Guid(96f611f3824eb964b854d7aab07052e9) Importer(815301076,1909f56bfc062723c751e8b465ee728b)
Start importing Assets/Synty/PolygonApocalypse/Prefabs/Props/SM_Prop_TrashBag_09.prefab using Guid(96f611f3824eb964b854d7aab07052e9) Importer(815301076,1909f56bfc062723c751e8b465ee728b) (PreviewImporter) -> (artifact id: 'a7fb6b0b21a42ed5e8176c29b364738b') in 0.0244611 seconds
Number of updated asset objects reloaded before import = 0Number of asset objects unloaded after import = 18

========================================================================
Received Import Request.
  Time since last request: 0.000029 seconds.
  path: Assets/Synty/PolygonApocalypse/Models/Convex/SM_Prop_TrashCan_01_Convex.asset
  artifactKey: Guid(34c6480049923884eb453cab221dba49) Importer(815301076,1909f56bfc062723c751e8b465ee728b)
Start importing Assets/Synty/PolygonApocalypse/Models/Convex/SM_Prop_TrashCan_01_Convex.asset using Guid(34c6480049923884eb453cab221dba49) Importer(815301076,1909f56bfc062723c751e8b465ee728b) (PreviewImporter) -> (artifact id: 'e34066e2416c2f0da08a64d80892e491') in 0.0162172 seconds
Number of updated asset objects reloaded before import = 0Number of asset objects unloaded after import = 2

========================================================================
Received Import Request.
  Time since last request: 0.270939 seconds.
  path: Assets/Synty/PolygonApocalypse/Models/Convex/SM_Prop_TrashPile_02_Convex 1.asset
  artifactKey: Guid(15f4a55b375d7fe48a7972cf6edee146) Importer(815301076,1909f56bfc062723c751e8b465ee728b)
Start importing Assets/Synty/PolygonApocalypse/Models/Convex/SM_Prop_TrashPile_02_Convex 1.asset using Guid(15f4a55b375d7fe48a7972cf6edee146) Importer(815301076,1909f56bfc062723c751e8b465ee728b) (PreviewImporter) -> (artifact id: 'dd0c1cd0c30da7e839198211b11157a0') in 0.0146914 seconds
Number of updated asset objects reloaded before import = 0Number of asset objects unloaded after import = 2

========================================================================
Received Import Request.
  Time since last request: 0.000021 seconds.
  path: Assets/Synty/PolygonApocalypse/Prefabs/Props/SM_Prop_TrashPile_04.prefab
  artifactKey: Guid(2ae66aa09eee82d43922fc92e948829d) Importer(815301076,1909f56bfc062723c751e8b465ee728b)
Start importing Assets/Synty/PolygonApocalypse/Prefabs/Props/SM_Prop_TrashPile_04.prefab using Guid(2ae66aa09eee82d43922fc92e948829d) Importer(815301076,1909f56bfc062723c751e8b465ee728b) (PreviewImporter) -> (artifact id: 'b7ad68695b45f341fdc2e42cbe2200f4') in 0.0251822 seconds
Number of updated asset objects reloaded before import = 0Number of asset objects unloaded after import = 25

========================================================================
Received Import Request.
  Time since last request: 0.272453 seconds.
  path: Assets/Synty/PolygonApocalypse/Models/SM_Prop_TrashPile_06.fbx
  artifactKey: Guid(5f8f47a8fa721e5409a6873b83d6b21c) Importer(815301076,1909f56bfc062723c751e8b465ee728b)
Start importing Assets/Synty/PolygonApocalypse/Models/SM_Prop_TrashPile_06.fbx using Guid(5f8f47a8fa721e5409a6873b83d6b21c) Importer(815301076,1909f56bfc062723c751e8b465ee728b) (PreviewImporter) -> (artifact id: '6626e2bae3a68aadc18269348150a0f1') in 0.0321774 seconds
Number of updated asset objects reloaded before import = 0Number of asset objects unloaded after import = 17

========================================================================
Received Import Request.
  Time since last request: 0.000019 seconds.
  path: Assets/Synty/PolygonApocalypse/Prefabs/Props/SM_Prop_TrashPile_07.prefab
  artifactKey: Guid(221f5e3abc68af343898eccade921c0d) Importer(815301076,1909f56bfc062723c751e8b465ee728b)
Start importing Assets/Synty/PolygonApocalypse/Prefabs/Props/SM_Prop_TrashPile_07.prefab using Guid(221f5e3abc68af343898eccade921c0d) Importer(815301076,1909f56bfc062723c751e8b465ee728b) (PreviewImporter) -> (artifact id: 'c51b4585e72add49bbbcf332eddbbee7') in 0.0295863 seconds
Number of updated asset objects reloaded before import = 0Number of asset objects unloaded after import = 30

========================================================================
Received Import Request.
  Time since last request: 0.649325 seconds.
  path: Assets/Synty/PolygonApocalypse/Models/Convex/SM_Prop_TrashPile_09_Convex.asset
  artifactKey: Guid(78d9389d3c326944f95800dbb1461f10) Importer(815301076,1909f56bfc062723c751e8b465ee728b)
Start importing Assets/Synty/PolygonApocalypse/Models/Convex/SM_Prop_TrashPile_09_Convex.asset using Guid(78d9389d3c326944f95800dbb1461f10) Importer(815301076,1909f56bfc062723c751e8b465ee728b) (PreviewImporter) -> (artifact id: 'f46fc57e8159069fcc1530cfa96f3448') in 0.0214757 seconds
Number of updated asset objects reloaded before import = 0Number of asset objects unloaded after import = 2

========================================================================
Received Import Request.
  Time since last request: 0.620948 seconds.
  path: Assets/Synty/PolygonApocalypse/Models/SM_Prop_TrashPile_12.fbx
  artifactKey: Guid(48ff18081e1cff443ae8b8c419780123) Importer(815301076,1909f56bfc062723c751e8b465ee728b)
Start importing Assets/Synty/PolygonApocalypse/Models/SM_Prop_TrashPile_12.fbx using Guid(48ff18081e1cff443ae8b8c419780123) Importer(815301076,1909f56bfc062723c751e8b465ee728b) (PreviewImporter) -> (artifact id: '2c5b1c7a784429c5811405a58c3f1491') in 0.0158541 seconds
Number of updated asset objects reloaded before import = 0Number of asset objects unloaded after import = 7

========================================================================
Received Import Request.
  Time since last request: 0.000023 seconds.
  path: Assets/Synty/PolygonApocalypse/Models/SM_Prop_TrashPile_Wall_01.fbx
  artifactKey: Guid(4c99c05585a0f174992e161149e9c905) Importer(815301076,1909f56bfc062723c751e8b465ee728b)
Start importing Assets/Synty/PolygonApocalypse/Models/SM_Prop_TrashPile_Wall_01.fbx using Guid(4c99c05585a0f174992e161149e9c905) Importer(815301076,1909f56bfc062723c751e8b465ee728b) (PreviewImporter) -> (artifact id: 'c9821af1c954f0f54c39fb7a2d2cb9d2') in 0.0182134 seconds
Number of updated asset objects reloaded before import = 0Number of asset objects unloaded after import = 7

========================================================================
Received Import Request.
  Time since last request: 0.299250 seconds.
  path: Assets/Synty/PolygonApocalypse/Prefabs/Props/SM_Prop_TrashSkip_01.prefab
  artifactKey: Guid(f82d3e9cb38316c4c8fe33b54965c6cb) Importer(815301076,1909f56bfc062723c751e8b465ee728b)
Start importing Assets/Synty/PolygonApocalypse/Prefabs/Props/SM_Prop_TrashSkip_01.prefab using Guid(f82d3e9cb38316c4c8fe33b54965c6cb) Importer(815301076,1909f56bfc062723c751e8b465ee728b) (PreviewImporter) -> (artifact id: 'b7168560298e212dcdb26473b0db524f') in 0.0280891 seconds
Number of updated asset objects reloaded before import = 0Number of asset objects unloaded after import = 25

Editor requested this worker to shutdown with reason: Scaling down because of idle timeout
AssetImportWorker is now disconnected from the server
Process exiting
Exiting without the bug reporter. Application will terminate with return code 0