[Licensing::Module] Trying to connect to existing licensing client channel...
Built from '6000.3/staging' branch; Version is '6000.3.13f1 (8c4f11e4fb20) revision 9195281'; Using compiler version '194234433'; Build Type 'Release'
OS: 'Windows 11  (10.0.26200) Core' Language: 'en' Physical Memory: 32347 MB
[Licensing::IpcConnector] Successfully connected to: "LicenseClient-zieli" at "2026-04-21T22:14:38.2384638Z"
BatchMode: 1, IsHumanControllingUs: 0, StartBugReporterOnCrash: 0, Is64bit: 1
System  architecture: x64
Process architecture: x64
Date: 2026-04-21T22:14:38Z

COMMAND LINE ARGUMENTS:
C:\Program Files\Unity\Hub\Editor\6000.3.13f1\Editor\Unity.exe
-adb2
-batchMode
-noUpm
-name
AssetImportWorker14
-projectPath
C:/Game Development/DisasterDiner
-logFile
Logs/AssetImportWorker14.log
-srvPort
60058
-licensingIpc
LicenseClient-zieli
-job-worker-count
7
-background-job-worker-count
8
-gc-helper-count
1
-name
AssetImport
Successfully changed project path to: C:/Game Development/DisasterDiner
C:/Game Development/DisasterDiner
[UnityMemory] Configuration Parameters - Can be set up in boot.config
    "memorysetup-temp-allocator-size-nav-mesh-worker=65536"
    "memorysetup-temp-allocator-size-audio-worker=65536"
    "memorysetup-temp-allocator-size-gfx=262144"
    "memorysetup-allocator-temp-initial-block-size-main=262144"
    "memorysetup-allocator-temp-initial-block-size-worker=262144"
    "memorysetup-temp-allocator-size-background-worker=32768"
    "memorysetup-temp-allocator-size-job-worker=262144"
    "memorysetup-temp-allocator-size-preload-manager=33554432"
    "memorysetup-temp-allocator-size-gi-baking-worker=262144"
    "memorysetup-temp-allocator-size-gi-baking-worker=262144"
    "memorysetup-temp-allocator-size-gi-baking-worker=262144"
    "memorysetup-temp-allocator-size-gi-baking-worker=262144"
    "memorysetup-temp-allocator-size-gi-baking-worker=262144"
    "memorysetup-bucket-allocator-granularity=16"
    "memorysetup-bucket-allocator-bucket-count=8"
    "memorysetup-bucket-allocator-block-size=33554432"
    "memorysetup-bucket-allocator-block-count=8"
    "memorysetup-main-allocator-block-size=16777216"
    "memorysetup-thread-allocator-block-size=16777216"
    "memorysetup-gfx-main-allocator-block-size=16777216"
    "memorysetup-gfx-thread-allocator-block-size=16777216"
    "memorysetup-cache-allocator-block-size=4194304"
    "memorysetup-typetree-allocator-block-size=2097152"
    "memorysetup-profiler-bucket-allocator-granularity=16"
    "memorysetup-profiler-bucket-allocator-bucket-count=8"
    "memorysetup-profiler-bucket-allocator-block-size=33554432"
    "memorysetup-profiler-bucket-allocator-block-count=8"
    "memorysetup-profiler-allocator-block-size=16777216"
    "memorysetup-profiler-editor-allocator-block-size=1048576"
    "memorysetup-temp-allocator-size-main=16777216"
    "memorysetup-job-temp-allocator-block-size=2097152"
    "memorysetup-job-temp-allocator-block-size-background=1048576"
    "memorysetup-job-temp-allocator-reduction-small-platforms=262144"
    "memorysetup-temp-allocator-size-cloud-worker=32768"
Player connection [29676]  Target information:

Player connection [29676]  * "[IP] 192.168.86.22 [Port] 0 [Flags] 2 [Guid] 2702951687 [EditorId] 2702951687 [Version] 1048832 [Id] WindowsEditor(7,Johns_PC) [Debug] 1 [PackageName] WindowsEditor [ProjectName] Editor" 

Player connection [29676] Host joined multi-casting on [225.0.0.222:54997]...
Player connection [29676] Host joined alternative multi-casting on [225.0.0.222:34997]...
JobSystem: Creating JobQueue using job-worker-count value 7
Input System module state changed to: Initialized.
[Physics::Module] Initialized fallback backend.
[Physics::Module] Id: 0xdecafbad
Library Redirect Path: Library/
[Physics::Module] Selected backend.
[Physics::Module] Name: PhysX
[Physics::Module] Id: 0xf2b8ea05
[Physics::Module] SDK Version: 4.1.2
[Physics::Module] Integration Version: 1.0.0
[Physics::Module] Threading Mode: Multi-Threaded
Refreshing native plugins compatible for Editor in 4.07 ms, found 4 plugins.
Preloading 0 native plugins for Editor in 0.00 ms.
Initialize engine version: 6000.3.13f1 (8c4f11e4fb20)
[Subsystems] Discovering subsystems at path C:/Program Files/Unity/Hub/Editor/6000.3.13f1/Editor/Data/Resources/UnitySubsystems
[Subsystems] Discovering subsystems at path C:/Game Development/DisasterDiner/Assets
GfxDevice: creating device client; kGfxThreadingModeNonThreaded
Direct3D:
    Version:  Direct3D 11.0 [level 11.1]
    Renderer: NVIDIA GeForce RTX 4070 SUPER (ID=0x2783)
    Vendor:   NVIDIA
    VRAM:     11999 MB
    Driver:   32.0.15.8157
Initialize mono
Mono path[0] = 'C:/Program Files/Unity/Hub/Editor/6000.3.13f1/Editor/Data/Managed'
Mono path[1] = 'C:/Program Files/Unity/Hub/Editor/6000.3.13f1/Editor/Data/MonoBleedingEdge/lib/mono/unityjit-win32'
Mono config path = 'C:/Program Files/Unity/Hub/Editor/6000.3.13f1/Editor/Data/MonoBleedingEdge/etc'
Using monoOptions --debugger-agent=transport=dt_socket,embedding=1,server=y,suspend=n,address=127.0.0.1:56456
Begin MonoManager ReloadAssembly
Registering precompiled unity dll's ...
Register platform support module: C:/Program Files/Unity/Hub/Editor/6000.3.13f1/Editor/Data/PlaybackEngines/WindowsStandaloneSupport/UnityEditor.WindowsStandalone.Extensions.dll
Registered in 0.001567 seconds.
- Loaded All Assemblies, in  0.394 seconds
[Licensing::Client] Error: HandshakeResponse reported an error:
	ResponseCode: 505
	ResponseStatus: Unsupported protocol version '1.18.1'.
[Licensing::Module] Error: Failed to handshake to channel: "LicenseClient-zieli"
[Licensing::IpcConnector] LicenseClient-zieli channel disconnected successfully.
[Licensing::IpcConnector] Successfully connected to: "LicenseClient-zieli-6000.3.13" at "2026-04-21T22:14:39.2171913Z"
Native extension for WindowsStandalone target not found
Package Manager log level set to [2]
[Package Manager] Failed to launch server process. Reason: Unity was launched with the -noUpm command-line argument
[Package Manager] Unable to send message (not connected to server process).
[Package Manager] Cannot connect to Unity Package Manager local server
ScheduleIndexationOnStartup MainProcess:False IndexOnStartup:True
Mono: successfully reloaded assembly
- Finished resetting the current domain, in  0.381 seconds
Domain Reload Profiling: 773ms
	BeginReloadAssembly (133ms)
		ExecutionOrderSort (0ms)
		DisableScriptedObjects (0ms)
		BackupInstance (0ms)
		ReleaseScriptingObjects (0ms)
		CreateAndSetChildDomain (1ms)
	RebuildCommonClasses (41ms)
	RebuildNativeTypeToScriptingClass (14ms)
	initialDomainReloadingComplete (46ms)
	LoadAllAssembliesAndSetupDomain (158ms)
		LoadAssemblies (128ms)
		RebuildTransferFunctionScriptingTraits (0ms)
		AnalyzeDomain (155ms)
			TypeCache.Refresh (153ms)
				TypeCache.ScanAssembly (139ms)
			BuildScriptInfoCaches (0ms)
			ResolveRequiredComponents (0ms)
	FinalizeReload (381ms)
		ReleaseScriptCaches (0ms)
		RebuildScriptCaches (0ms)
		SetupLoadedEditorAssemblies (336ms)
			LogAssemblyErrors (0ms)
			InitializePlatformSupportModulesInManaged (50ms)
			SetLoadedEditorAssemblies (4ms)
			BeforeProcessingInitializeOnLoad (77ms)
			ProcessInitializeOnLoadAttributes (133ms)
			ProcessInitializeOnLoadMethodAttributes (72ms)
			AfterProcessingInitializeOnLoad (0ms)
			EditorAssembliesLoaded (0ms)
		ExecutionOrderSort2 (0ms)
		AwakeInstancesAfterBackupRestoration (0ms)
========================================================================
Worker process is ready to serve import requests
Import Worker Mode flag is 0x00
Begin MonoManager ReloadAssembly
[Licensing::Module] Licensing is not yet initialized.
[Licensing::Client] Handshaking with LicensingClient:
  Version:                 1.18.1+9fbee8e
  Session Id:              abe37beec4454584a3d502b466d400f2
  Correlation Id:          2b999b7551c4f1abd27547e4a7907d59
  External correlation Id: 1586615897988644147
  Machine Id:              a0OP954qVZmt5azPS5PrvPW5hTY=
[Licensing::Module] Successfully connected to LicensingClient on channel: "LicenseClient-zieli-6000.3.13" (connect: 0.00s, validation: 0.00s, handshake: 0.91s)
[Licensing::IpcConnector] Successfully connected to: "LicenseClient-zieli-6000.3.13-notifications" at "2026-04-21T22:14:40.1301283Z"
[Licensing::Module] Licensing Background thread has ended after 1.89s
[Licensing::Module] Licensing is initialized (took 0.32s).
[Licensing::Client] Successfully resolved entitlement details
[Licensing::Module] License group:
  Id: 2475483376267-UnityPersXXXX
  Product: Unity Personal
  Type: Assigned
  Expiration: Unlimited
- Loaded All Assemblies, in  1.036 seconds
Refreshing native plugins compatible for Editor in 1.74 ms, found 4 plugins.
Native extension for WindowsStandalone target not found
[Package Manager] Failed to launch server process. Reason: Unity was launched with the -noUpm command-line argument
[Package Manager] Unable to send message (not connected to server process).
[Package Manager] Cannot connect to Unity Package Manager local server
Refreshing native plugins compatible for Editor in 1.57 ms, found 4 plugins.
[Package Manager] Failed to launch server process. Reason: Unity was launched with the -noUpm command-line argument
[Package Manager] Unable to send message (not connected to server process).
[Package Manager] Cannot connect to Unity Package Manager local server
ScheduleIndexationOnStartup MainProcess:False IndexOnStartup:True
Mono: successfully reloaded assembly
- Finished resetting the current domain, in  0.682 seconds
Domain Reload Profiling: 1713ms
	BeginReloadAssembly (485ms)
		ExecutionOrderSort (0ms)
		DisableScriptedObjects (7ms)
		BackupInstance (0ms)
		ReleaseScriptingObjects (0ms)
		CreateAndSetChildDomain (30ms)
	RebuildCommonClasses (31ms)
	RebuildNativeTypeToScriptingClass (11ms)
	initialDomainReloadingComplete (34ms)
	LoadAllAssembliesAndSetupDomain (470ms)
		LoadAssemblies (314ms)
		RebuildTransferFunctionScriptingTraits (0ms)
		AnalyzeDomain (240ms)
			TypeCache.Refresh (176ms)
				TypeCache.ScanAssembly (164ms)
			BuildScriptInfoCaches (52ms)
			ResolveRequiredComponents (8ms)
	FinalizeReload (682ms)
		ReleaseScriptCaches (0ms)
		RebuildScriptCaches (0ms)
		SetupLoadedEditorAssemblies (496ms)
			LogAssemblyErrors (0ms)
			InitializePlatformSupportModulesInManaged (1ms)
			SetLoadedEditorAssemblies (3ms)
			BeforeProcessingInitializeOnLoad (129ms)
			ProcessInitializeOnLoadAttributes (302ms)
			ProcessInitializeOnLoadMethodAttributes (56ms)
			AfterProcessingInitializeOnLoad (5ms)
			EditorAssembliesLoaded (0ms)
		ExecutionOrderSort2 (0ms)
		AwakeInstancesAfterBackupRestoration (7ms)
Launched and connected shader compiler UnityShaderCompiler.exe after 0.01 seconds
Refreshing native plugins compatible for Editor in 1.63 ms, found 4 plugins.
Preloading 0 native plugins for Editor in 0.00 ms.
Unloading 16 Unused Serialized files (Serialized files now loaded: 0)
Unloading 6447 unused Assets / (5.4 MB). Loaded Objects now: 7244.
Memory consumption went from 156.8 MB to 151.4 MB.
Total: 9.163300 ms (FindLiveObjects: 0.792100 ms CreateObjectMapping: 0.678100 ms MarkObjects: 4.215600 ms  DeleteObjects: 3.476300 ms)

========================================================================
Received Import Request.
  Time since last request: 2673.957676 seconds.
  path: Assets/Synty/PolygonGeneric/Textures/Emissive/Generic_Emissive_02_A.png
  artifactKey: Guid(702eb51609bfea849999937d7fe21df1) Importer(815301076,1909f56bfc062723c751e8b465ee728b)
Start importing Assets/Synty/PolygonGeneric/Textures/Emissive/Generic_Emissive_02_A.png using Guid(702eb51609bfea849999937d7fe21df1) Importer(815301076,1909f56bfc062723c751e8b465ee728b) (PreviewImporter) -> (artifact id: 'ad1074505c7538143dec450063e0eb90') in 0.0740918 seconds
Number of updated asset objects reloaded before import = 0Number of asset objects unloaded after import = 2

========================================================================
Received Import Request.
  Time since last request: 0.000027 seconds.
  path: Assets/Synty/PolygonGeneric/Shaders/Generic_Basic.shadergraph
  artifactKey: Guid(0730dae39bc73f34796280af9875ce14) Importer(815301076,1909f56bfc062723c751e8b465ee728b)
Start importing Assets/Synty/PolygonGeneric/Shaders/Generic_Basic.shadergraph using Guid(0730dae39bc73f34796280af9875ce14) Importer(815301076,1909f56bfc062723c751e8b465ee728b) (PreviewImporter) -> (artifact id: 'a4a9d9b25335527dcf3994e287683e9b') in 0.3832158 seconds
Number of updated asset objects reloaded before import = 0Number of asset objects unloaded after import = 5

========================================================================
Received Import Request.
  Time since last request: 16.351062 seconds.
  path: Assets/Synty/PolygonApocalypse/Models/SM_Env_Sidewalk_Edge_Corner_01.fbx
  artifactKey: Guid(2a69ea0ebcb8a634dbfdde4ceb9fc10b) Importer(815301076,1909f56bfc062723c751e8b465ee728b)
Start importing Assets/Synty/PolygonApocalypse/Models/SM_Env_Sidewalk_Edge_Corner_01.fbx using Guid(2a69ea0ebcb8a634dbfdde4ceb9fc10b) Importer(815301076,1909f56bfc062723c751e8b465ee728b) (PreviewImporter) -> (artifact id: 'e080ec7595f6fabbd035a5baab650a2d') in 0.0420472 seconds
Number of updated asset objects reloaded before import = 0Number of asset objects unloaded after import = 7

========================================================================
Received Import Request.
  Time since last request: 0.000030 seconds.
  path: Assets/Synty/PolygonApocalypse/Models/SM_Env_Sidewalk_Grate_01.fbx
  artifactKey: Guid(f1cb22d4a3b10fd4da301718dc349f1d) Importer(815301076,1909f56bfc062723c751e8b465ee728b)
Start importing Assets/Synty/PolygonApocalypse/Models/SM_Env_Sidewalk_Grate_01.fbx using Guid(f1cb22d4a3b10fd4da301718dc349f1d) Importer(815301076,1909f56bfc062723c751e8b465ee728b) (PreviewImporter) -> (artifact id: 'b8501b7fc2442c64f605d661f1a11a93') in 0.0260804 seconds
Number of updated asset objects reloaded before import = 0Number of asset objects unloaded after import = 7

========================================================================
Received Import Request.
  Time since last request: 1.003810 seconds.
  path: Assets/Synty/PolygonApocalypse/Prefabs/Environment/SM_Env_Sidewalk_Dip_Corner_01.prefab
  artifactKey: Guid(1fd39aa0120a4fe40a93b09bffddde67) Importer(815301076,1909f56bfc062723c751e8b465ee728b)
Start importing Assets/Synty/PolygonApocalypse/Prefabs/Environment/SM_Env_Sidewalk_Dip_Corner_01.prefab using Guid(1fd39aa0120a4fe40a93b09bffddde67) Importer(815301076,1909f56bfc062723c751e8b465ee728b) (PreviewImporter) -> (artifact id: '5d742f074c218ade7470520432f12970') in 0.062408 seconds
Number of updated asset objects reloaded before import = 0Number of asset objects unloaded after import = 19

========================================================================
Received Import Request.
  Time since last request: 1.270067 seconds.
  path: Assets/Synty/PolygonApocalypse/Models/SM_Env_Sidewalk_Crossing_01.fbx
  artifactKey: Guid(b0f2d07827aa4714fae0105fb5898ec2) Importer(815301076,1909f56bfc062723c751e8b465ee728b)
Start importing Assets/Synty/PolygonApocalypse/Models/SM_Env_Sidewalk_Crossing_01.fbx using Guid(b0f2d07827aa4714fae0105fb5898ec2) Importer(815301076,1909f56bfc062723c751e8b465ee728b) (PreviewImporter) -> (artifact id: '8ff838bb43609f1a3157fc9b0f7a34f8') in 0.0232282 seconds
Number of updated asset objects reloaded before import = 0Number of asset objects unloaded after import = 7

========================================================================
Received Import Request.
  Time since last request: 0.000021 seconds.
  path: Assets/Synty/PolygonApocalypse/Prefabs/Environment/SM_Env_Sidewalk_Corner_End_03.prefab
  artifactKey: Guid(a15ce4483aeaf6f479098e5253e3a857) Importer(815301076,1909f56bfc062723c751e8b465ee728b)
Start importing Assets/Synty/PolygonApocalypse/Prefabs/Environment/SM_Env_Sidewalk_Corner_End_03.prefab using Guid(a15ce4483aeaf6f479098e5253e3a857) Importer(815301076,1909f56bfc062723c751e8b465ee728b) (PreviewImporter) -> (artifact id: '19deede49a0db22497565ba4e750d96f') in 0.0320189 seconds
Number of updated asset objects reloaded before import = 0Number of asset objects unloaded after import = 17

========================================================================
Received Import Request.
  Time since last request: 0.191467 seconds.
  path: Assets/Synty/PolygonApocalypse/Prefabs/Environment/SM_Env_Sidewalk_Corner_End_01.prefab
  artifactKey: Guid(90a70e4b6fb329c488475a2eff721e9f) Importer(815301076,1909f56bfc062723c751e8b465ee728b)
Start importing Assets/Synty/PolygonApocalypse/Prefabs/Environment/SM_Env_Sidewalk_Corner_End_01.prefab using Guid(90a70e4b6fb329c488475a2eff721e9f) Importer(815301076,1909f56bfc062723c751e8b465ee728b) (PreviewImporter) -> (artifact id: '1fefe54c67ef57866498351cd66f3a98') in 0.0342614 seconds
Number of updated asset objects reloaded before import = 0Number of asset objects unloaded after import = 17

========================================================================
Received Import Request.
  Time since last request: 0.000032 seconds.
  path: Assets/Synty/PolygonApocalypse/Prefabs/Environment/SM_Env_Sidewalk_Corner_10.prefab
  artifactKey: Guid(6f5854054a76f384abb40feafb40e008) Importer(815301076,1909f56bfc062723c751e8b465ee728b)
Start importing Assets/Synty/PolygonApocalypse/Prefabs/Environment/SM_Env_Sidewalk_Corner_10.prefab using Guid(6f5854054a76f384abb40feafb40e008) Importer(815301076,1909f56bfc062723c751e8b465ee728b) (PreviewImporter) -> (artifact id: 'e9b28d5163b075a7bac7b2e43a87293f') in 0.0328416 seconds
Number of updated asset objects reloaded before import = 0Number of asset objects unloaded after import = 17

========================================================================
Received Import Request.
  Time since last request: 76.805507 seconds.
  path: Assets/Synty/PolygonGeneric/Models/SM_Gen_Env_Sidewalk_Corner_01.fbx
  artifactKey: Guid(393aedf22c9eeed4ba1cdfdc2e3e220e) Importer(815301076,1909f56bfc062723c751e8b465ee728b)
Start importing Assets/Synty/PolygonGeneric/Models/SM_Gen_Env_Sidewalk_Corner_01.fbx using Guid(393aedf22c9eeed4ba1cdfdc2e3e220e) Importer(815301076,1909f56bfc062723c751e8b465ee728b) (PreviewImporter) -> (artifact id: '5b6593d836ad0556c30767941892c929') in 0.0181397 seconds
Number of updated asset objects reloaded before import = 0Number of asset objects unloaded after import = 7

========================================================================
Received Import Request.
  Time since last request: 3.343506 seconds.
  path: Assets/Synty/PolygonApocalypse/Models/SM_Prop_SidewalkPoles_01.fbx
  artifactKey: Guid(15c504018a3090e4f93c7ac1beb4fa83) Importer(815301076,1909f56bfc062723c751e8b465ee728b)
Start importing Assets/Synty/PolygonApocalypse/Models/SM_Prop_SidewalkPoles_01.fbx using Guid(15c504018a3090e4f93c7ac1beb4fa83) Importer(815301076,1909f56bfc062723c751e8b465ee728b) (PreviewImporter) -> (artifact id: '6a170b5eb64e861cf3c86343cd6a24ed') in 0.0121316 seconds
Number of updated asset objects reloaded before import = 0Number of asset objects unloaded after import = 7

========================================================================
Received Import Request.
  Time since last request: 0.021105 seconds.
  path: Assets/Synty/PolygonApocalypse/Models/Convex/SM_Prop_SidewalkPoles_01_Convex.asset
  artifactKey: Guid(342198afeaca70f4c9f79e95bcd9d806) Importer(815301076,1909f56bfc062723c751e8b465ee728b)
Start importing Assets/Synty/PolygonApocalypse/Models/Convex/SM_Prop_SidewalkPoles_01_Convex.asset using Guid(342198afeaca70f4c9f79e95bcd9d806) Importer(815301076,1909f56bfc062723c751e8b465ee728b) (PreviewImporter) -> (artifact id: '925e0689b132227a1d535b11385399f0') in 0.028117 seconds
Number of updated asset objects reloaded before import = 0Number of asset objects unloaded after import = 2

========================================================================
Received Import Request.
  Time since last request: 168.242513 seconds.
  path: Assets/Synty/PolygonApocalypse/Prefabs/Environment/SM_Env_BackgroundCard_02.prefab
  artifactKey: Guid(edf88c54e7daa8a439be3d69bb238252) Importer(815301076,1909f56bfc062723c751e8b465ee728b)
Start importing Assets/Synty/PolygonApocalypse/Prefabs/Environment/SM_Env_BackgroundCard_02.prefab using Guid(edf88c54e7daa8a439be3d69bb238252) Importer(815301076,1909f56bfc062723c751e8b465ee728b) (PreviewImporter) -> (artifact id: '8da4790ee44cc7a1fdb4a4c19ff16861') in 0.0161863 seconds
Number of updated asset objects reloaded before import = 0Number of asset objects unloaded after import = 8

========================================================================
Received Import Request.
  Time since last request: 0.000026 seconds.
  path: Assets/Synty/PolygonApocalypse/Prefabs/Environment/SM_Env_BasketBall_Court_01.prefab
  artifactKey: Guid(f40662f6df33ec04ab7e9b10be75c6c9) Importer(815301076,1909f56bfc062723c751e8b465ee728b)
Start importing Assets/Synty/PolygonApocalypse/Prefabs/Environment/SM_Env_BasketBall_Court_01.prefab using Guid(f40662f6df33ec04ab7e9b10be75c6c9) Importer(815301076,1909f56bfc062723c751e8b465ee728b) (PreviewImporter) -> (artifact id: '30de2d831dafae0aafee277a8e173b22') in 0.0443879 seconds
Number of updated asset objects reloaded before import = 0Number of asset objects unloaded after import = 15

========================================================================
Received Import Request.
  Time since last request: 0.000030 seconds.
  path: Assets/Synty/PolygonApocalypse/Prefabs/Environment/SM_Env_Bridge_Clean_03.prefab
  artifactKey: Guid(5663d6633b7a0e34cb04f340fbd3c49c) Importer(815301076,1909f56bfc062723c751e8b465ee728b)
Start importing Assets/Synty/PolygonApocalypse/Prefabs/Environment/SM_Env_Bridge_Clean_03.prefab using Guid(5663d6633b7a0e34cb04f340fbd3c49c) Importer(815301076,1909f56bfc062723c751e8b465ee728b) (PreviewImporter) -> (artifact id: '5dcb8b7d63ddcef123f4900b0dc05849') in 0.0531247 seconds
Number of updated asset objects reloaded before import = 0Number of asset objects unloaded after import = 18

========================================================================
Received Import Request.
  Time since last request: 0.000041 seconds.
  path: Assets/Synty/PolygonApocalypse/Prefabs/Environment/SM_Env_Driveway_Wide_01.prefab
  artifactKey: Guid(8cf973ab972cbf344b1831306bcce4f3) Importer(815301076,1909f56bfc062723c751e8b465ee728b)
Start importing Assets/Synty/PolygonApocalypse/Prefabs/Environment/SM_Env_Driveway_Wide_01.prefab using Guid(8cf973ab972cbf344b1831306bcce4f3) Importer(815301076,1909f56bfc062723c751e8b465ee728b) (PreviewImporter) -> (artifact id: '9da6856b7db3b873e9b7d9a19d5b0e5a') in 0.0563712 seconds
Number of updated asset objects reloaded before import = 0Number of asset objects unloaded after import = 17

========================================================================
Received Import Request.
  Time since last request: 0.000026 seconds.
  path: Assets/Synty/PolygonApocalypse/Prefabs/Environment/SM_Env_Flowers_Large_01.prefab
  artifactKey: Guid(280fea07668826947a333deccc24f0cc) Importer(815301076,1909f56bfc062723c751e8b465ee728b)
Start importing Assets/Synty/PolygonApocalypse/Prefabs/Environment/SM_Env_Flowers_Large_01.prefab using Guid(280fea07668826947a333deccc24f0cc) Importer(815301076,1909f56bfc062723c751e8b465ee728b) (PreviewImporter) -> (artifact id: '8b9778b19a0ef206cb87bdbec9aa39aa') in 0.0573067 seconds
Number of updated asset objects reloaded before import = 0Number of asset objects unloaded after import = 16

========================================================================
Received Import Request.
  Time since last request: 0.000030 seconds.
  path: Assets/Synty/PolygonApocalypse/Prefabs/Environment/SM_Env_Flowers_01.prefab
  artifactKey: Guid(841b988e2c3721043b9ee1c9e3f5967f) Importer(815301076,1909f56bfc062723c751e8b465ee728b)
Start importing Assets/Synty/PolygonApocalypse/Prefabs/Environment/SM_Env_Flowers_01.prefab using Guid(841b988e2c3721043b9ee1c9e3f5967f) Importer(815301076,1909f56bfc062723c751e8b465ee728b) (PreviewImporter) -> (artifact id: '806c2f27431fdd23f3dbcad25388f279') in 0.0578715 seconds
Number of updated asset objects reloaded before import = 0Number of asset objects unloaded after import = 16

========================================================================
Received Import Request.
  Time since last request: 0.000033 seconds.
  path: Assets/Synty/PolygonApocalypse/Prefabs/Environment/SM_Env_Driveway_PathLeft_01.prefab
  artifactKey: Guid(87610805b5ff52147bfc9bb034a635f6) Importer(815301076,1909f56bfc062723c751e8b465ee728b)
Start importing Assets/Synty/PolygonApocalypse/Prefabs/Environment/SM_Env_Driveway_PathLeft_01.prefab using Guid(87610805b5ff52147bfc9bb034a635f6) Importer(815301076,1909f56bfc062723c751e8b465ee728b) (PreviewImporter) -> (artifact id: '74426f6b4e5a03c39e6bce101781671d') in 0.0393759 seconds
Number of updated asset objects reloaded before import = 0Number of asset objects unloaded after import = 17

========================================================================
Received Import Request.
  Time since last request: 0.000037 seconds.
  path: Assets/Synty/PolygonApocalypse/Prefabs/Environment/SM_Env_Driveway_01.prefab
  artifactKey: Guid(26cff1cdd16c6c7448debe1a773618b5) Importer(815301076,1909f56bfc062723c751e8b465ee728b)
Start importing Assets/Synty/PolygonApocalypse/Prefabs/Environment/SM_Env_Driveway_01.prefab using Guid(26cff1cdd16c6c7448debe1a773618b5) Importer(815301076,1909f56bfc062723c751e8b465ee728b) (PreviewImporter) -> (artifact id: 'd1b61bd72fe98113b0652a660a344f98') in 0.0325574 seconds
Number of updated asset objects reloaded before import = 0Number of asset objects unloaded after import = 17

========================================================================
Received Import Request.
  Time since last request: 0.000024 seconds.
  path: Assets/Synty/PolygonApocalypse/Prefabs/Environment/SM_Env_Flowers_Large_02.prefab
  artifactKey: Guid(265bc6884f2ecda44b859ca997cbe720) Importer(815301076,1909f56bfc062723c751e8b465ee728b)
Start importing Assets/Synty/PolygonApocalypse/Prefabs/Environment/SM_Env_Flowers_Large_02.prefab using Guid(265bc6884f2ecda44b859ca997cbe720) Importer(815301076,1909f56bfc062723c751e8b465ee728b) (PreviewImporter) -> (artifact id: '8cca395a1c08f1ea67537b16c7269ea7') in 0.0350894 seconds
Number of updated asset objects reloaded before import = 0Number of asset objects unloaded after import = 16

========================================================================
Received Import Request.
  Time since last request: 0.000050 seconds.
  path: Assets/Synty/PolygonApocalypse/Prefabs/Environment/SM_Env_Dirt_Slope_Corner_01.prefab
  artifactKey: Guid(8d732c77657c32945ab480b596fce65a) Importer(815301076,1909f56bfc062723c751e8b465ee728b)
Start importing Assets/Synty/PolygonApocalypse/Prefabs/Environment/SM_Env_Dirt_Slope_Corner_01.prefab using Guid(8d732c77657c32945ab480b596fce65a) Importer(815301076,1909f56bfc062723c751e8b465ee728b) (PreviewImporter) -> (artifact id: 'baebb414e22280a39dc88d4084f58b64') in 0.033571 seconds
Number of updated asset objects reloaded before import = 0Number of asset objects unloaded after import = 17

========================================================================
Received Import Request.
  Time since last request: 0.000023 seconds.
  path: Assets/Synty/PolygonApocalypse/Prefabs/Environment/SM_Env_DirtPile_01.prefab
  artifactKey: Guid(fffa2241c5a8ffc4f9ddf7cb7e671a9f) Importer(815301076,1909f56bfc062723c751e8b465ee728b)
Start importing Assets/Synty/PolygonApocalypse/Prefabs/Environment/SM_Env_DirtPile_01.prefab using Guid(fffa2241c5a8ffc4f9ddf7cb7e671a9f) Importer(815301076,1909f56bfc062723c751e8b465ee728b) (PreviewImporter) -> (artifact id: '867886cae9ffbf2cd858db00c783d755') in 0.0355608 seconds
Number of updated asset objects reloaded before import = 0Number of asset objects unloaded after import = 17

========================================================================
Received Import Request.
  Time since last request: 0.000038 seconds.
  path: Assets/Synty/PolygonApocalypse/Prefabs/Environment/SM_Env_Driveway_Wide_PathLeft_01.prefab
  artifactKey: Guid(5b13f1e2f1ea73e4d826e3d931d30af4) Importer(815301076,1909f56bfc062723c751e8b465ee728b)
Start importing Assets/Synty/PolygonApocalypse/Prefabs/Environment/SM_Env_Driveway_Wide_PathLeft_01.prefab using Guid(5b13f1e2f1ea73e4d826e3d931d30af4) Importer(815301076,1909f56bfc062723c751e8b465ee728b) (PreviewImporter) -> (artifact id: 'fc0f11224f2efd17cfb687648f2328e3') in 0.0334461 seconds
Number of updated asset objects reloaded before import = 0Number of asset objects unloaded after import = 17

========================================================================
Received Import Request.
  Time since last request: 0.000025 seconds.
  path: Assets/Synty/PolygonApocalypse/Prefabs/Environment/SM_Env_Beach_01.prefab
  artifactKey: Guid(bc044e70c5493ef459d3d21f4effde30) Importer(815301076,1909f56bfc062723c751e8b465ee728b)
Start importing Assets/Synty/PolygonApocalypse/Prefabs/Environment/SM_Env_Beach_01.prefab using Guid(bc044e70c5493ef459d3d21f4effde30) Importer(815301076,1909f56bfc062723c751e8b465ee728b) (PreviewImporter) -> (artifact id: '2ef43f825ecee067190dd60753e280e8') in 0.0386642 seconds
Number of updated asset objects reloaded before import = 0Number of asset objects unloaded after import = 17

========================================================================
Received Import Request.
  Time since last request: 0.000059 seconds.
  path: Assets/Synty/PolygonApocalypse/Prefabs/Environment/SM_Env_Bushes_03.prefab
  artifactKey: Guid(22d1bb3c605f0a047a3df61400d33cd6) Importer(815301076,1909f56bfc062723c751e8b465ee728b)
Start importing Assets/Synty/PolygonApocalypse/Prefabs/Environment/SM_Env_Bushes_03.prefab using Guid(22d1bb3c605f0a047a3df61400d33cd6) Importer(815301076,1909f56bfc062723c751e8b465ee728b) (PreviewImporter) -> (artifact id: 'e7e5c1c6972bd95c3fdc1d4e7e3608a3') in 0.0346132 seconds
Number of updated asset objects reloaded before import = 0Number of asset objects unloaded after import = 16

========================================================================
Received Import Request.
  Time since last request: 0.000024 seconds.
  path: Assets/Synty/PolygonApocalypse/Prefabs/Environment/SM_Env_Bushes_02.prefab
  artifactKey: Guid(53cc0a19e09835f4fb0adef80edc5bc9) Importer(815301076,1909f56bfc062723c751e8b465ee728b)
Start importing Assets/Synty/PolygonApocalypse/Prefabs/Environment/SM_Env_Bushes_02.prefab using Guid(53cc0a19e09835f4fb0adef80edc5bc9) Importer(815301076,1909f56bfc062723c751e8b465ee728b) (PreviewImporter) -> (artifact id: 'a105959646f074d6b52f7157a47744b6') in 0.0330415 seconds
Number of updated asset objects reloaded before import = 0Number of asset objects unloaded after import = 16

========================================================================
Received Import Request.
  Time since last request: 0.000032 seconds.
  path: Assets/Synty/PolygonApocalypse/Prefabs/Environment/SM_Env_Beach_Staight_01.prefab
  artifactKey: Guid(53ea6f915ccda9b449231be3e4556036) Importer(815301076,1909f56bfc062723c751e8b465ee728b)
Start importing Assets/Synty/PolygonApocalypse/Prefabs/Environment/SM_Env_Beach_Staight_01.prefab using Guid(53ea6f915ccda9b449231be3e4556036) Importer(815301076,1909f56bfc062723c751e8b465ee728b) (PreviewImporter) -> (artifact id: '6324386699697a97e5ade6aba3d87aa4') in 0.0316443 seconds
Number of updated asset objects reloaded before import = 0Number of asset objects unloaded after import = 17

========================================================================
Received Import Request.
  Time since last request: 0.000028 seconds.
  path: Assets/Synty/PolygonApocalypse/Prefabs/Environment/SM_Env_Bushes_04.prefab
  artifactKey: Guid(5bdebad866447df48805ee507df9bead) Importer(815301076,1909f56bfc062723c751e8b465ee728b)
Start importing Assets/Synty/PolygonApocalypse/Prefabs/Environment/SM_Env_Bushes_04.prefab using Guid(5bdebad866447df48805ee507df9bead) Importer(815301076,1909f56bfc062723c751e8b465ee728b) (PreviewImporter) -> (artifact id: '2573ec0682b42b9b70bf637a22290ffa') in 0.0338451 seconds
Number of updated asset objects reloaded before import = 0Number of asset objects unloaded after import = 16

========================================================================
Received Import Request.
  Time since last request: 0.000028 seconds.
  path: Assets/Synty/PolygonApocalypse/Prefabs/Environment/SM_Env_Flowers_02.prefab
  artifactKey: Guid(24aa54b5b89d10149b75a0a73dd888d6) Importer(815301076,1909f56bfc062723c751e8b465ee728b)
Start importing Assets/Synty/PolygonApocalypse/Prefabs/Environment/SM_Env_Flowers_02.prefab using Guid(24aa54b5b89d10149b75a0a73dd888d6) Importer(815301076,1909f56bfc062723c751e8b465ee728b) (PreviewImporter) -> (artifact id: '9e0288deb94d498c155243a1b30dc51d') in 0.0302895 seconds
Number of updated asset objects reloaded before import = 0Number of asset objects unloaded after import = 16

========================================================================
Received Import Request.
  Time since last request: 0.000029 seconds.
  path: Assets/Synty/PolygonApocalypse/Prefabs/Environment/SM_Env_Dirt_Flat_02.prefab
  artifactKey: Guid(4cc8530dc87574c4dba24b6604f8e49f) Importer(815301076,1909f56bfc062723c751e8b465ee728b)
Start importing Assets/Synty/PolygonApocalypse/Prefabs/Environment/SM_Env_Dirt_Flat_02.prefab using Guid(4cc8530dc87574c4dba24b6604f8e49f) Importer(815301076,1909f56bfc062723c751e8b465ee728b) (PreviewImporter) -> (artifact id: '361101a1cba23a2a4096ae9a6803c2b4') in 0.0359809 seconds
Number of updated asset objects reloaded before import = 0Number of asset objects unloaded after import = 17

========================================================================
Received Import Request.
  Time since last request: 0.000038 seconds.
  path: Assets/Synty/PolygonApocalypse/Prefabs/Environment/SM_Env_Flowers_03.prefab
  artifactKey: Guid(9d25aed48081a4d449cf41968bf7a20a) Importer(815301076,1909f56bfc062723c751e8b465ee728b)
Start importing Assets/Synty/PolygonApocalypse/Prefabs/Environment/SM_Env_Flowers_03.prefab using Guid(9d25aed48081a4d449cf41968bf7a20a) Importer(815301076,1909f56bfc062723c751e8b465ee728b) (PreviewImporter) -> (artifact id: '53f05478f9c563d80cd8167e82bab323') in 0.0324046 seconds
Number of updated asset objects reloaded before import = 0Number of asset objects unloaded after import = 16

========================================================================
Received Import Request.
  Time since last request: 0.000027 seconds.
  path: Assets/Synty/PolygonApocalypse/Prefabs/Environment/SM_Env_BackgroundCard_03.prefab
  artifactKey: Guid(e34e50d8b913e634c9f44fa6c65df173) Importer(815301076,1909f56bfc062723c751e8b465ee728b)
Start importing Assets/Synty/PolygonApocalypse/Prefabs/Environment/SM_Env_BackgroundCard_03.prefab using Guid(e34e50d8b913e634c9f44fa6c65df173) Importer(815301076,1909f56bfc062723c751e8b465ee728b) (PreviewImporter) -> (artifact id: '1fb3486e782685998db7a4e8657f68c2') in 0.0181603 seconds
Number of updated asset objects reloaded before import = 0Number of asset objects unloaded after import = 8

========================================================================
Received Import Request.
  Time since last request: 0.000019 seconds.
  path: Assets/Synty/PolygonApocalypse/Prefabs/Environment/SM_Env_Dirt_Slope_01.prefab
  artifactKey: Guid(19807d48d225bd744b9e8d57b6ec7204) Importer(815301076,1909f56bfc062723c751e8b465ee728b)
Start importing Assets/Synty/PolygonApocalypse/Prefabs/Environment/SM_Env_Dirt_Slope_01.prefab using Guid(19807d48d225bd744b9e8d57b6ec7204) Importer(815301076,1909f56bfc062723c751e8b465ee728b) (PreviewImporter) -> (artifact id: '6e00ba6cf67f81085e8af57a4f286766') in 0.0351583 seconds
Number of updated asset objects reloaded before import = 0Number of asset objects unloaded after import = 17

========================================================================
Received Import Request.
  Time since last request: 0.000025 seconds.
  path: Assets/Synty/PolygonApocalypse/Prefabs/Environment/SM_Env_Grass_Tuft_01.prefab
  artifactKey: Guid(e85a5f270aefc744d86962e605a57bb3) Importer(815301076,1909f56bfc062723c751e8b465ee728b)
Start importing Assets/Synty/PolygonApocalypse/Prefabs/Environment/SM_Env_Grass_Tuft_01.prefab using Guid(e85a5f270aefc744d86962e605a57bb3) Importer(815301076,1909f56bfc062723c751e8b465ee728b) (PreviewImporter) -> (artifact id: '07a8126475b0b78dc650fea947d8f6f0') in 0.0285321 seconds
Number of updated asset objects reloaded before import = 0Number of asset objects unloaded after import = 16

========================================================================
Received Import Request.
  Time since last request: 9.106297 seconds.
  path: Assets/Synty/PolygonApocalypse/Prefabs/Environment/SM_Env_GrassBlob_02.prefab
  artifactKey: Guid(0cc7bed4cdc19d84797ed6a71f42dfbd) Importer(815301076,1909f56bfc062723c751e8b465ee728b)
Start importing Assets/Synty/PolygonApocalypse/Prefabs/Environment/SM_Env_GrassBlob_02.prefab using Guid(0cc7bed4cdc19d84797ed6a71f42dfbd) Importer(815301076,1909f56bfc062723c751e8b465ee728b) (PreviewImporter) -> (artifact id: '78a142e2524fbed503879ef7ec8d090c') in 0.0282054 seconds
Number of updated asset objects reloaded before import = 0Number of asset objects unloaded after import = 16

========================================================================
Received Import Request.
  Time since last request: 0.889636 seconds.
  path: Assets/Synty/PolygonApocalypse/Prefabs/Environment/SM_Env_GrassBlob_06.prefab
  artifactKey: Guid(be921efec84bab046a38beb1065891fe) Importer(815301076,1909f56bfc062723c751e8b465ee728b)
Start importing Assets/Synty/PolygonApocalypse/Prefabs/Environment/SM_Env_GrassBlob_06.prefab using Guid(be921efec84bab046a38beb1065891fe) Importer(815301076,1909f56bfc062723c751e8b465ee728b) (PreviewImporter) -> (artifact id: 'bd04d02db1dc3150eb107d2db8a3ad96') in 0.0415473 seconds
Number of updated asset objects reloaded before import = 0Number of asset objects unloaded after import = 16

========================================================================
Received Import Request.
  Time since last request: 0.073740 seconds.
  path: Assets/Synty/PolygonApocalypse/Prefabs/Environment/SM_Env_GrassBlob_12.prefab
  artifactKey: Guid(75b666e4ef03b0c4c81ac47ee922c406) Importer(815301076,1909f56bfc062723c751e8b465ee728b)
Start importing Assets/Synty/PolygonApocalypse/Prefabs/Environment/SM_Env_GrassBlob_12.prefab using Guid(75b666e4ef03b0c4c81ac47ee922c406) Importer(815301076,1909f56bfc062723c751e8b465ee728b) (PreviewImporter) -> (artifact id: 'f2b6aade56b387e490ed9da0f1a66cad') in 0.0342738 seconds
Number of updated asset objects reloaded before import = 0Number of asset objects unloaded after import = 16

========================================================================
Received Import Request.
  Time since last request: 0.000042 seconds.
  path: Assets/Synty/PolygonApocalypse/Prefabs/Environment/SM_Env_GrassBlob_16.prefab
  artifactKey: Guid(6b50bfd5e745a734ca6351ade43a9b76) Importer(815301076,1909f56bfc062723c751e8b465ee728b)
Start importing Assets/Synty/PolygonApocalypse/Prefabs/Environment/SM_Env_GrassBlob_16.prefab using Guid(6b50bfd5e745a734ca6351ade43a9b76) Importer(815301076,1909f56bfc062723c751e8b465ee728b) (PreviewImporter) -> (artifact id: 'a0a0fdef879c29b657e14bb19499a2c1') in 0.032666 seconds
Number of updated asset objects reloaded before import = 0Number of asset objects unloaded after import = 16

========================================================================
Received Import Request.
  Time since last request: 0.346677 seconds.
  path: Assets/Synty/PolygonApocalypse/Prefabs/Environment/SM_Env_Motorway_Bridge_Edge_01.prefab
  artifactKey: Guid(b76622cf9d47540489a3a2c34884c851) Importer(815301076,1909f56bfc062723c751e8b465ee728b)
Start importing Assets/Synty/PolygonApocalypse/Prefabs/Environment/SM_Env_Motorway_Bridge_Edge_01.prefab using Guid(b76622cf9d47540489a3a2c34884c851) Importer(815301076,1909f56bfc062723c751e8b465ee728b) (PreviewImporter) -> (artifact id: '900d14cf41aa8df95619f61bf43004cc') in 0.0310669 seconds
Number of updated asset objects reloaded before import = 0Number of asset objects unloaded after import = 16

========================================================================
Received Import Request.
  Time since last request: 0.000024 seconds.
  path: Assets/Synty/PolygonApocalypse/Prefabs/Environment/SM_Env_Motorway_Edge_01.prefab
  artifactKey: Guid(a7c1747e79f93804c975220727a0c580) Importer(815301076,1909f56bfc062723c751e8b465ee728b)
Start importing Assets/Synty/PolygonApocalypse/Prefabs/Environment/SM_Env_Motorway_Edge_01.prefab using Guid(a7c1747e79f93804c975220727a0c580) Importer(815301076,1909f56bfc062723c751e8b465ee728b) (PreviewImporter) -> (artifact id: '49457fcdd749f82430f9fc9bbd3306b4') in 0.0249476 seconds
Number of updated asset objects reloaded before import = 0Number of asset objects unloaded after import = 16

========================================================================
Received Import Request.
  Time since last request: 0.000026 seconds.
  path: Assets/Synty/PolygonApocalypse/Prefabs/Environment/SM_Env_Motorway_Edge_Destroyed_02.prefab
  artifactKey: Guid(1197e8259ed76ab45afc47924e5289c0) Importer(815301076,1909f56bfc062723c751e8b465ee728b)
Start importing Assets/Synty/PolygonApocalypse/Prefabs/Environment/SM_Env_Motorway_Edge_Destroyed_02.prefab using Guid(1197e8259ed76ab45afc47924e5289c0) Importer(815301076,1909f56bfc062723c751e8b465ee728b) (PreviewImporter) -> (artifact id: '3f9d1f2a097b5a418fe15cecbc99130f') in 0.0323498 seconds
Number of updated asset objects reloaded before import = 0Number of asset objects unloaded after import = 16

========================================================================
Received Import Request.
  Time since last request: 4.679237 seconds.
  path: Assets/Synty/PolygonApocalypse/Prefabs/Environment/SM_Env_Motorway_Ramp_Edge_02.prefab
  artifactKey: Guid(3ef0e8a5c55135d4c8074fbaa905c100) Importer(815301076,1909f56bfc062723c751e8b465ee728b)
Start importing Assets/Synty/PolygonApocalypse/Prefabs/Environment/SM_Env_Motorway_Ramp_Edge_02.prefab using Guid(3ef0e8a5c55135d4c8074fbaa905c100) Importer(815301076,1909f56bfc062723c751e8b465ee728b) (PreviewImporter) -> (artifact id: '2847424d49dc81045fe40e8535262c3f') in 0.0327721 seconds
Number of updated asset objects reloaded before import = 0Number of asset objects unloaded after import = 16

========================================================================
Received Import Request.
  Time since last request: 0.236772 seconds.
  path: Assets/Synty/PolygonApocalypse/Prefabs/Environment/SM_Env_Motorway_Ramp_Middle_02.prefab
  artifactKey: Guid(19444feb24765a5449c66ab28bc621e8) Importer(815301076,1909f56bfc062723c751e8b465ee728b)
Start importing Assets/Synty/PolygonApocalypse/Prefabs/Environment/SM_Env_Motorway_Ramp_Middle_02.prefab using Guid(19444feb24765a5449c66ab28bc621e8) Importer(815301076,1909f56bfc062723c751e8b465ee728b) (PreviewImporter) -> (artifact id: '6610b9c906726990b11f761f5c3e2bb4') in 0.0274842 seconds
Number of updated asset objects reloaded before import = 0Number of asset objects unloaded after import = 16

========================================================================
Received Import Request.
  Time since last request: 0.000019 seconds.
  path: Assets/Synty/PolygonApocalypse/Prefabs/Environment/SM_Env_Motorway_Tunnel_Destroyed_Left_01.prefab
  artifactKey: Guid(96a3ee4c9ebc12a418534750507c1f12) Importer(815301076,1909f56bfc062723c751e8b465ee728b)
Start importing Assets/Synty/PolygonApocalypse/Prefabs/Environment/SM_Env_Motorway_Tunnel_Destroyed_Left_01.prefab using Guid(96a3ee4c9ebc12a418534750507c1f12) Importer(815301076,1909f56bfc062723c751e8b465ee728b) (PreviewImporter) -> (artifact id: '4cb954182ea9d12515be152ce23b8c76') in 0.0262763 seconds
Number of updated asset objects reloaded before import = 0Number of asset objects unloaded after import = 16

========================================================================
Received Import Request.
  Time since last request: 0.000024 seconds.
  path: Assets/Synty/PolygonApocalypse/Prefabs/Environment/SM_Env_Overgrowth_02.prefab
  artifactKey: Guid(2f873fcde9fd7034dac29cca677efc92) Importer(815301076,1909f56bfc062723c751e8b465ee728b)
Start importing Assets/Synty/PolygonApocalypse/Prefabs/Environment/SM_Env_Overgrowth_02.prefab using Guid(2f873fcde9fd7034dac29cca677efc92) Importer(815301076,1909f56bfc062723c751e8b465ee728b) (PreviewImporter) -> (artifact id: '6130c727974c29f7a8471c34b0b88466') in 0.0393352 seconds
Number of updated asset objects reloaded before import = 0Number of asset objects unloaded after import = 18

========================================================================
Received Import Request.
  Time since last request: 0.000038 seconds.
  path: Assets/Synty/PolygonApocalypse/Prefabs/Environment/SM_Env_Motorway_Tunnel_Edge_02.prefab
  artifactKey: Guid(62a54f84a2999e04a877bbc1ee7f35d1) Importer(815301076,1909f56bfc062723c751e8b465ee728b)
Start importing Assets/Synty/PolygonApocalypse/Prefabs/Environment/SM_Env_Motorway_Tunnel_Edge_02.prefab using Guid(62a54f84a2999e04a877bbc1ee7f35d1) Importer(815301076,1909f56bfc062723c751e8b465ee728b) (PreviewImporter) -> (artifact id: '9e84dc10e6d4eee29323bb0cc57d2b84') in 0.0307902 seconds
Number of updated asset objects reloaded before import = 0Number of asset objects unloaded after import = 14

========================================================================
Received Import Request.
  Time since last request: 0.646526 seconds.
  path: Assets/Synty/PolygonApocalypse/Prefabs/Environment/SM_Env_Overgrowth_06.prefab
  artifactKey: Guid(011598ba2a1eef94095494da570f31c3) Importer(815301076,1909f56bfc062723c751e8b465ee728b)
Start importing Assets/Synty/PolygonApocalypse/Prefabs/Environment/SM_Env_Overgrowth_06.prefab using Guid(011598ba2a1eef94095494da570f31c3) Importer(815301076,1909f56bfc062723c751e8b465ee728b) (PreviewImporter) -> (artifact id: '7c5a16ba16da6c949e422a100e20ae7f') in 0.0230374 seconds
Number of updated asset objects reloaded before import = 0Number of asset objects unloaded after import = 14

========================================================================
Received Import Request.
  Time since last request: 0.000019 seconds.
  path: Assets/Synty/PolygonApocalypse/Prefabs/Environment/SM_Env_Overgrowth_10.prefab
  artifactKey: Guid(e2bff2387fcc2d54195f09b62837e296) Importer(815301076,1909f56bfc062723c751e8b465ee728b)
Start importing Assets/Synty/PolygonApocalypse/Prefabs/Environment/SM_Env_Overgrowth_10.prefab using Guid(e2bff2387fcc2d54195f09b62837e296) Importer(815301076,1909f56bfc062723c751e8b465ee728b) (PreviewImporter) -> (artifact id: 'c43610044ef01cd6632969ee17810127') in 0.0315741 seconds
Number of updated asset objects reloaded before import = 0Number of asset objects unloaded after import = 18

========================================================================
Received Import Request.
  Time since last request: 0.000028 seconds.
  path: Assets/Synty/PolygonApocalypse/Prefabs/Environment/SM_Env_Overgrowth_Edge_03.prefab
  artifactKey: Guid(92cbe08176a9b5745b21796fff3028a0) Importer(815301076,1909f56bfc062723c751e8b465ee728b)
Start importing Assets/Synty/PolygonApocalypse/Prefabs/Environment/SM_Env_Overgrowth_Edge_03.prefab using Guid(92cbe08176a9b5745b21796fff3028a0) Importer(815301076,1909f56bfc062723c751e8b465ee728b) (PreviewImporter) -> (artifact id: '9dd313e38bcfdcf0897caca2b0cfde87') in 0.0179521 seconds
Number of updated asset objects reloaded before import = 0Number of asset objects unloaded after import = 14

========================================================================
Received Import Request.
  Time since last request: 0.229392 seconds.
  path: Assets/Synty/PolygonApocalypse/Prefabs/Environment/SM_Env_Path_02.prefab
  artifactKey: Guid(54ac77069504d064ba1162a0ca1e3b0a) Importer(815301076,1909f56bfc062723c751e8b465ee728b)
Start importing Assets/Synty/PolygonApocalypse/Prefabs/Environment/SM_Env_Path_02.prefab using Guid(54ac77069504d064ba1162a0ca1e3b0a) Importer(815301076,1909f56bfc062723c751e8b465ee728b) (PreviewImporter) -> (artifact id: '8b6d827d6232b5d9fbb37778543162b4') in 0.0296469 seconds
Number of updated asset objects reloaded before import = 0Number of asset objects unloaded after import = 17

========================================================================
Received Import Request.
  Time since last request: 0.000041 seconds.
  path: Assets/Synty/PolygonApocalypse/Prefabs/Environment/SM_Env_PathRight_01.prefab
  artifactKey: Guid(faebe409d8c4da343aef3e1f26b2675a) Importer(815301076,1909f56bfc062723c751e8b465ee728b)
Start importing Assets/Synty/PolygonApocalypse/Prefabs/Environment/SM_Env_PathRight_01.prefab using Guid(faebe409d8c4da343aef3e1f26b2675a) Importer(815301076,1909f56bfc062723c751e8b465ee728b) (PreviewImporter) -> (artifact id: '94e2ceafbfee9ff52782193a3aeeb6b6') in 0.0336777 seconds
Number of updated asset objects reloaded before import = 0Number of asset objects unloaded after import = 17

========================================================================
Received Import Request.
  Time since last request: 21.348512 seconds.
  path: Assets/Synty/PolygonApocalypse/Prefabs/Environment/SM_Env_Sidewalk_01.prefab
  artifactKey: Guid(caec483e91fadb1499ce2c00f3c1fe68) Importer(815301076,1909f56bfc062723c751e8b465ee728b)
Start importing Assets/Synty/PolygonApocalypse/Prefabs/Environment/SM_Env_Sidewalk_01.prefab using Guid(caec483e91fadb1499ce2c00f3c1fe68) Importer(815301076,1909f56bfc062723c751e8b465ee728b) (PreviewImporter) -> (artifact id: 'fbb7c5087d3d19b2c95183e40e69f58f') in 0.0336466 seconds
Number of updated asset objects reloaded before import = 0Number of asset objects unloaded after import = 17

========================================================================
Received Import Request.
  Time since last request: 0.000025 seconds.
  path: Assets/Synty/PolygonApocalypse/Prefabs/Environment/SM_Env_Sidewalk_Corner_02.prefab
  artifactKey: Guid(67a0a859b33b090408684371359b5888) Importer(815301076,1909f56bfc062723c751e8b465ee728b)
Start importing Assets/Synty/PolygonApocalypse/Prefabs/Environment/SM_Env_Sidewalk_Corner_02.prefab using Guid(67a0a859b33b090408684371359b5888) Importer(815301076,1909f56bfc062723c751e8b465ee728b) (PreviewImporter) -> (artifact id: 'cee73c51dfba925c7a5b3c05215b8d6f') in 0.0359094 seconds
Number of updated asset objects reloaded before import = 0Number of asset objects unloaded after import = 17

========================================================================
Received Import Request.
  Time since last request: 0.433356 seconds.
  path: Assets/Synty/PolygonApocalypse/Prefabs/Environment/SM_Env_Sidewalk_Corner_07.prefab
  artifactKey: Guid(a69cdb5bd73c28e4d9496ead736697d9) Importer(815301076,1909f56bfc062723c751e8b465ee728b)
Start importing Assets/Synty/PolygonApocalypse/Prefabs/Environment/SM_Env_Sidewalk_Corner_07.prefab using Guid(a69cdb5bd73c28e4d9496ead736697d9) Importer(815301076,1909f56bfc062723c751e8b465ee728b) (PreviewImporter) -> (artifact id: '22e2d7c89f883b3b20e888cc9d206349') in 0.0489393 seconds
Number of updated asset objects reloaded before import = 0Number of asset objects unloaded after import = 19

Editor requested this worker to shutdown with reason: Scaling down because of idle timeout
AssetImportWorker is now disconnected from the server
Process exiting
Exiting without the bug reporter. Application will terminate with return code 0