[Licensing::Module] Trying to connect to existing licensing client channel...
Built from '6000.3/staging' branch; Version is '6000.3.13f1 (8c4f11e4fb20) revision 9195281'; Using compiler version '194234433'; Build Type 'Release'
[Licensing::IpcConnector] Successfully connected to: "LicenseClient-zieli" at "2026-04-22T01:42:52.3881762Z"
OS: 'Windows 11  (10.0.26200) Core' Language: 'en' Physical Memory: 32347 MB
BatchMode: 1, IsHumanControllingUs: 0, StartBugReporterOnCrash: 0, Is64bit: 1
System  architecture: x64
Process architecture: x64
Date: 2026-04-22T01:42:52Z

COMMAND LINE ARGUMENTS:
C:\Program Files\Unity\Hub\Editor\6000.3.13f1\Editor\Unity.exe
-adb2
-batchMode
-noUpm
-name
AssetImportWorker43
-projectPath
C:/Game Development/DisasterDiner
-logFile
Logs/AssetImportWorker43.log
-srvPort
60058
-licensingIpc
LicenseClient-zieli
-job-worker-count
7
-background-job-worker-count
8
-gc-helper-count
1
-name
AssetImport
Successfully changed project path to: C:/Game Development/DisasterDiner
C:/Game Development/DisasterDiner
[UnityMemory] Configuration Parameters - Can be set up in boot.config
    "memorysetup-temp-allocator-size-nav-mesh-worker=65536"
    "memorysetup-temp-allocator-size-audio-worker=65536"
    "memorysetup-temp-allocator-size-gfx=262144"
    "memorysetup-allocator-temp-initial-block-size-main=262144"
    "memorysetup-allocator-temp-initial-block-size-worker=262144"
    "memorysetup-temp-allocator-size-background-worker=32768"
    "memorysetup-temp-allocator-size-job-worker=262144"
    "memorysetup-temp-allocator-size-preload-manager=33554432"
    "memorysetup-temp-allocator-size-gi-baking-worker=262144"
    "memorysetup-temp-allocator-size-gi-baking-worker=262144"
    "memorysetup-temp-allocator-size-gi-baking-worker=262144"
    "memorysetup-temp-allocator-size-gi-baking-worker=262144"
    "memorysetup-temp-allocator-size-gi-baking-worker=262144"
    "memorysetup-bucket-allocator-granularity=16"
    "memorysetup-bucket-allocator-bucket-count=8"
    "memorysetup-bucket-allocator-block-size=33554432"
    "memorysetup-bucket-allocator-block-count=8"
    "memorysetup-main-allocator-block-size=16777216"
    "memorysetup-thread-allocator-block-size=16777216"
    "memorysetup-gfx-main-allocator-block-size=16777216"
    "memorysetup-gfx-thread-allocator-block-size=16777216"
    "memorysetup-cache-allocator-block-size=4194304"
    "memorysetup-typetree-allocator-block-size=2097152"
    "memorysetup-profiler-bucket-allocator-granularity=16"
    "memorysetup-profiler-bucket-allocator-bucket-count=8"
    "memorysetup-profiler-bucket-allocator-block-size=33554432"
    "memorysetup-profiler-bucket-allocator-block-count=8"
    "memorysetup-profiler-allocator-block-size=16777216"
    "memorysetup-profiler-editor-allocator-block-size=1048576"
    "memorysetup-temp-allocator-size-main=16777216"
    "memorysetup-job-temp-allocator-block-size=2097152"
    "memorysetup-job-temp-allocator-block-size-background=1048576"
    "memorysetup-job-temp-allocator-reduction-small-platforms=262144"
    "memorysetup-temp-allocator-size-cloud-worker=32768"
Player connection [43860]  Target information:

Player connection [43860]  * "[IP] 192.168.86.22 [Port] 0 [Flags] 2 [Guid] 703581051 [EditorId] 703581051 [Version] 1048832 [Id] WindowsEditor(7,Johns_PC) [Debug] 1 [PackageName] WindowsEditor [ProjectName] Editor" 

Player connection [43860] Host joined multi-casting on [225.0.0.222:54997]...
Player connection [43860] Host joined alternative multi-casting on [225.0.0.222:34997]...
JobSystem: Creating JobQueue using job-worker-count value 7
Input System module state changed to: Initialized.
[Physics::Module] Initialized fallback backend.
[Physics::Module] Id: 0xdecafbad
Library Redirect Path: Library/
[Physics::Module] Selected backend.
[Physics::Module] Name: PhysX
[Physics::Module] Id: 0xf2b8ea05
[Physics::Module] SDK Version: 4.1.2
[Physics::Module] Integration Version: 1.0.0
[Physics::Module] Threading Mode: Multi-Threaded
Refreshing native plugins compatible for Editor in 3.03 ms, found 4 plugins.
Preloading 0 native plugins for Editor in 0.00 ms.
Initialize engine version: 6000.3.13f1 (8c4f11e4fb20)
[Subsystems] Discovering subsystems at path C:/Program Files/Unity/Hub/Editor/6000.3.13f1/Editor/Data/Resources/UnitySubsystems
[Subsystems] Discovering subsystems at path C:/Game Development/DisasterDiner/Assets
GfxDevice: creating device client; kGfxThreadingModeNonThreaded
Direct3D:
    Version:  Direct3D 11.0 [level 11.1]
    Renderer: NVIDIA GeForce RTX 4070 SUPER (ID=0x2783)
    Vendor:   NVIDIA
    VRAM:     11999 MB
    Driver:   32.0.15.8157
Initialize mono
Mono path[0] = 'C:/Program Files/Unity/Hub/Editor/6000.3.13f1/Editor/Data/Managed'
Mono path[1] = 'C:/Program Files/Unity/Hub/Editor/6000.3.13f1/Editor/Data/MonoBleedingEdge/lib/mono/unityjit-win32'
Mono config path = 'C:/Program Files/Unity/Hub/Editor/6000.3.13f1/Editor/Data/MonoBleedingEdge/etc'
Using monoOptions --debugger-agent=transport=dt_socket,embedding=1,server=y,suspend=n,address=127.0.0.1:56760
Begin MonoManager ReloadAssembly
Registering precompiled unity dll's ...
Register platform support module: C:/Program Files/Unity/Hub/Editor/6000.3.13f1/Editor/Data/PlaybackEngines/WindowsStandaloneSupport/UnityEditor.WindowsStandalone.Extensions.dll
Registered in 0.001435 seconds.
- Loaded All Assemblies, in  0.358 seconds
[Licensing::Client] Error: HandshakeResponse reported an error:
	ResponseCode: 505
	ResponseStatus: Unsupported protocol version '1.18.1'.
[Licensing::Module] Error: Failed to handshake to channel: "LicenseClient-zieli"
[Licensing::IpcConnector] LicenseClient-zieli channel disconnected successfully.
[Licensing::IpcConnector] Successfully connected to: "LicenseClient-zieli-6000.3.13" at "2026-04-22T01:42:53.3605587Z"
Native extension for WindowsStandalone target not found
Package Manager log level set to [2]
[Package Manager] Failed to launch server process. Reason: Unity was launched with the -noUpm command-line argument
[Package Manager] Unable to send message (not connected to server process).
[Package Manager] Cannot connect to Unity Package Manager local server
ScheduleIndexationOnStartup MainProcess:False IndexOnStartup:True
Mono: successfully reloaded assembly
- Finished resetting the current domain, in  0.356 seconds
Domain Reload Profiling: 711ms
	BeginReloadAssembly (113ms)
		ExecutionOrderSort (0ms)
		DisableScriptedObjects (0ms)
		BackupInstance (0ms)
		ReleaseScriptingObjects (0ms)
		CreateAndSetChildDomain (1ms)
	RebuildCommonClasses (40ms)
	RebuildNativeTypeToScriptingClass (12ms)
	initialDomainReloadingComplete (40ms)
	LoadAllAssembliesAndSetupDomain (151ms)
		LoadAssemblies (111ms)
		RebuildTransferFunctionScriptingTraits (0ms)
		AnalyzeDomain (148ms)
			TypeCache.Refresh (147ms)
				TypeCache.ScanAssembly (136ms)
			BuildScriptInfoCaches (0ms)
			ResolveRequiredComponents (0ms)
	FinalizeReload (356ms)
		ReleaseScriptCaches (0ms)
		RebuildScriptCaches (0ms)
		SetupLoadedEditorAssemblies (307ms)
			LogAssemblyErrors (0ms)
			InitializePlatformSupportModulesInManaged (44ms)
			SetLoadedEditorAssemblies (4ms)
			BeforeProcessingInitializeOnLoad (72ms)
			ProcessInitializeOnLoadAttributes (119ms)
			ProcessInitializeOnLoadMethodAttributes (69ms)
			AfterProcessingInitializeOnLoad (0ms)
			EditorAssembliesLoaded (0ms)
		ExecutionOrderSort2 (0ms)
		AwakeInstancesAfterBackupRestoration (0ms)
========================================================================
Worker process is ready to serve import requests
Import Worker Mode flag is 0x00
Begin MonoManager ReloadAssembly
[Licensing::Module] Licensing is not yet initialized.
[Licensing::Client] Handshaking with LicensingClient:
  Version:                 1.18.1+9fbee8e
  Session Id:              7720c15182d94c5896998d06efc6777b
  Correlation Id:          2b999b7551c4f1abd27547e4a7907d59
  External correlation Id: 833629303319783681
  Machine Id:              a0OP954qVZmt5azPS5PrvPW5hTY=
[Licensing::Module] Successfully connected to LicensingClient on channel: "LicenseClient-zieli-6000.3.13" (connect: 0.00s, validation: 0.00s, handshake: 0.91s)
[Licensing::IpcConnector] Successfully connected to: "LicenseClient-zieli-6000.3.13-notifications" at "2026-04-22T01:42:54.2760236Z"
[Licensing::Module] Licensing Background thread has ended after 1.89s
[Licensing::Module] Licensing is initialized (took 0.26s).
[Licensing::Client] Successfully resolved entitlement details
[Licensing::Module] License group:
  Id: 2475483376267-UnityPersXXXX
  Product: Unity Personal
  Type: Assigned
  Expiration: Unlimited
- Loaded All Assemblies, in  0.894 seconds
Refreshing native plugins compatible for Editor in 1.76 ms, found 4 plugins.
Native extension for WindowsStandalone target not found
[Package Manager] Failed to launch server process. Reason: Unity was launched with the -noUpm command-line argument
[Package Manager] Unable to send message (not connected to server process).
[Package Manager] Cannot connect to Unity Package Manager local server
Refreshing native plugins compatible for Editor in 1.78 ms, found 4 plugins.
[Package Manager] Failed to launch server process. Reason: Unity was launched with the -noUpm command-line argument
[Package Manager] Unable to send message (not connected to server process).
[Package Manager] Cannot connect to Unity Package Manager local server
ScheduleIndexationOnStartup MainProcess:False IndexOnStartup:True
Mono: successfully reloaded assembly
- Finished resetting the current domain, in  0.604 seconds
Domain Reload Profiling: 1494ms
	BeginReloadAssembly (411ms)
		ExecutionOrderSort (0ms)
		DisableScriptedObjects (6ms)
		BackupInstance (0ms)
		ReleaseScriptingObjects (0ms)
		CreateAndSetChildDomain (27ms)
	RebuildCommonClasses (34ms)
	RebuildNativeTypeToScriptingClass (11ms)
	initialDomainReloadingComplete (34ms)
	LoadAllAssembliesAndSetupDomain (400ms)
		LoadAssemblies (283ms)
		RebuildTransferFunctionScriptingTraits (0ms)
		AnalyzeDomain (195ms)
			TypeCache.Refresh (140ms)
				TypeCache.ScanAssembly (130ms)
			BuildScriptInfoCaches (45ms)
			ResolveRequiredComponents (7ms)
	FinalizeReload (604ms)
		ReleaseScriptCaches (0ms)
		RebuildScriptCaches (0ms)
		SetupLoadedEditorAssemblies (439ms)
			LogAssemblyErrors (0ms)
			InitializePlatformSupportModulesInManaged (1ms)
			SetLoadedEditorAssemblies (3ms)
			BeforeProcessingInitializeOnLoad (104ms)
			ProcessInitializeOnLoadAttributes (277ms)
			ProcessInitializeOnLoadMethodAttributes (48ms)
			AfterProcessingInitializeOnLoad (6ms)
			EditorAssembliesLoaded (0ms)
		ExecutionOrderSort2 (0ms)
		AwakeInstancesAfterBackupRestoration (7ms)
Launched and connected shader compiler UnityShaderCompiler.exe after 0.01 seconds
Refreshing native plugins compatible for Editor in 1.53 ms, found 4 plugins.
Preloading 0 native plugins for Editor in 0.00 ms.
Unloading 16 Unused Serialized files (Serialized files now loaded: 0)
Unloading 6447 unused Assets / (4.9 MB). Loaded Objects now: 7245.
Memory consumption went from 162.7 MB to 157.8 MB.
Total: 7.112000 ms (FindLiveObjects: 0.542900 ms CreateObjectMapping: 0.687300 ms MarkObjects: 4.029700 ms  DeleteObjects: 1.850900 ms)

========================================================================
Received Import Request.
  Time since last request: 15216.104426 seconds.
  path: Assets/Synty/PolygonShops/Prefabs/Props/SM_Prop_Cafe_Sugar_Box_01.prefab
  artifactKey: Guid(06fa5e2fe0407694c8d31c2b6979a8a7) Importer(815301076,1909f56bfc062723c751e8b465ee728b)
Start importing Assets/Synty/PolygonShops/Prefabs/Props/SM_Prop_Cafe_Sugar_Box_01.prefab using Guid(06fa5e2fe0407694c8d31c2b6979a8a7) Importer(815301076,1909f56bfc062723c751e8b465ee728b) (PreviewImporter) -> (artifact id: 'cbbe84a6787cb9d3ff3997feff94a7a4') in 0.4377864 seconds
Number of updated asset objects reloaded before import = 0Number of asset objects unloaded after import = 17

========================================================================
Received Import Request.
  Time since last request: 26.566390 seconds.
  path: Assets/Synty/PolygonShops/Textures/PolygonShops_Treadmill_Track.png
  artifactKey: Guid(83d1ee9aea4a32d408de76bcd3bfbe3d) Importer(815301076,1909f56bfc062723c751e8b465ee728b)
Start importing Assets/Synty/PolygonShops/Textures/PolygonShops_Treadmill_Track.png using Guid(83d1ee9aea4a32d408de76bcd3bfbe3d) Importer(815301076,1909f56bfc062723c751e8b465ee728b) (PreviewImporter) -> (artifact id: '5fd43247fdc85e5c02059aa23229e837') in 0.0182579 seconds
Number of updated asset objects reloaded before import = 0Number of asset objects unloaded after import = 2

========================================================================
Received Import Request.
  Time since last request: 0.000022 seconds.
  path: Assets/Synty/PolygonApocalypse/Models/Convex/SM_Bld_Bunker_Entrance_01_Convex.asset
  artifactKey: Guid(501ecf4ca45bc504f9004c4e7220fae3) Importer(815301076,1909f56bfc062723c751e8b465ee728b)
Start importing Assets/Synty/PolygonApocalypse/Models/Convex/SM_Bld_Bunker_Entrance_01_Convex.asset using Guid(501ecf4ca45bc504f9004c4e7220fae3) Importer(815301076,1909f56bfc062723c751e8b465ee728b) (PreviewImporter) -> (artifact id: '5ef661e3dcf1d49db8983462731c49a2') in 0.0347771 seconds
Number of updated asset objects reloaded before import = 0Number of asset objects unloaded after import = 2

========================================================================
Received Import Request.
  Time since last request: 0.000038 seconds.
  path: Assets/Synty/PolygonApocalypse/Models/Convex/SM_Bld_Entrance_Cover_01_Convex.asset
  artifactKey: Guid(3a518f98ae1808d40ab24417111abacc) Importer(815301076,1909f56bfc062723c751e8b465ee728b)
Start importing Assets/Synty/PolygonApocalypse/Models/Convex/SM_Bld_Entrance_Cover_01_Convex.asset using Guid(3a518f98ae1808d40ab24417111abacc) Importer(815301076,1909f56bfc062723c751e8b465ee728b) (PreviewImporter) -> (artifact id: '19810280c027b84f2692f70923eaa252') in 0.0209828 seconds
Number of updated asset objects reloaded before import = 0Number of asset objects unloaded after import = 2

========================================================================
Received Import Request.
  Time since last request: 0.000089 seconds.
  path: Assets/Synty/PolygonApocalypse/Models/SM_Bld_Trailer_01.fbx
  artifactKey: Guid(1ef620794b2f72c4b8b4df8482fd624f) Importer(815301076,1909f56bfc062723c751e8b465ee728b)
Start importing Assets/Synty/PolygonApocalypse/Models/SM_Bld_Trailer_01.fbx using Guid(1ef620794b2f72c4b8b4df8482fd624f) Importer(815301076,1909f56bfc062723c751e8b465ee728b) (PreviewImporter) -> (artifact id: '5c1ab45d9977277f3b448147b095f2f4') in 0.0514159 seconds
Number of updated asset objects reloaded before import = 0Number of asset objects unloaded after import = 27

========================================================================
Received Import Request.
  Time since last request: 0.673606 seconds.
  path: Assets/Synty/PolygonApocalypse/Models/SM_Prop_Dumpster_02.fbx
  artifactKey: Guid(87fb874eedd68f040ae9b3d864ba3569) Importer(815301076,1909f56bfc062723c751e8b465ee728b)
Start importing Assets/Synty/PolygonApocalypse/Models/SM_Prop_Dumpster_02.fbx using Guid(87fb874eedd68f040ae9b3d864ba3569) Importer(815301076,1909f56bfc062723c751e8b465ee728b) (PreviewImporter) -> (artifact id: 'd5bb7a55d0ad0416846693f922b70e4b') in 0.0350256 seconds
Number of updated asset objects reloaded before import = 0Number of asset objects unloaded after import = 17

========================================================================
Received Import Request.
  Time since last request: 0.000022 seconds.
  path: Assets/Synty/PolygonApocalypse/Models/SM_Prop_TrashPile_07.fbx
  artifactKey: Guid(3f22b9e221aa04f4c9313e9240e61e5d) Importer(815301076,1909f56bfc062723c751e8b465ee728b)
Start importing Assets/Synty/PolygonApocalypse/Models/SM_Prop_TrashPile_07.fbx using Guid(3f22b9e221aa04f4c9313e9240e61e5d) Importer(815301076,1909f56bfc062723c751e8b465ee728b) (PreviewImporter) -> (artifact id: '5ab337e46b2a1d315a08e8823ea0a200') in 0.0293692 seconds
Number of updated asset objects reloaded before import = 0Number of asset objects unloaded after import = 17

========================================================================
Received Import Request.
  Time since last request: 0.000043 seconds.
  path: Assets/Synty/PolygonApocalypse/Models/Convex/SM_Prop_TrashBag_02_Convex.asset
  artifactKey: Guid(5885fcd04f6172a4ab5dadcc8d4bbd00) Importer(815301076,1909f56bfc062723c751e8b465ee728b)
Start importing Assets/Synty/PolygonApocalypse/Models/Convex/SM_Prop_TrashBag_02_Convex.asset using Guid(5885fcd04f6172a4ab5dadcc8d4bbd00) Importer(815301076,1909f56bfc062723c751e8b465ee728b) (PreviewImporter) -> (artifact id: 'af6281e65443c8c21b13e3683af2e2dd') in 0.0151298 seconds
Number of updated asset objects reloaded before import = 0Number of asset objects unloaded after import = 2

========================================================================
Received Import Request.
  Time since last request: 0.000021 seconds.
  path: Assets/Synty/PolygonApocalypse/Prefabs/Props/SM_Prop_TrashBag_06.prefab
  artifactKey: Guid(7fd2dc3469e494549b5072e7785247e4) Importer(815301076,1909f56bfc062723c751e8b465ee728b)
Start importing Assets/Synty/PolygonApocalypse/Prefabs/Props/SM_Prop_TrashBag_06.prefab using Guid(7fd2dc3469e494549b5072e7785247e4) Importer(815301076,1909f56bfc062723c751e8b465ee728b) (PreviewImporter) -> (artifact id: '2fc0fe0a82f5a4452eec9131b97ca92a') in 0.0486632 seconds
Number of updated asset objects reloaded before import = 0Number of asset objects unloaded after import = 18

========================================================================
Received Import Request.
  Time since last request: 0.000021 seconds.
  path: Assets/Synty/PolygonApocalypse/Prefabs/Props/SM_Prop_TrashBag_04.prefab
  artifactKey: Guid(cef34b95eb085aa4296d0f72f7f1e240) Importer(815301076,1909f56bfc062723c751e8b465ee728b)
Start importing Assets/Synty/PolygonApocalypse/Prefabs/Props/SM_Prop_TrashBag_04.prefab using Guid(cef34b95eb085aa4296d0f72f7f1e240) Importer(815301076,1909f56bfc062723c751e8b465ee728b) (PreviewImporter) -> (artifact id: '4db25498514bc7e764df06abd192ff76') in 0.0381067 seconds
Number of updated asset objects reloaded before import = 0Number of asset objects unloaded after import = 18

========================================================================
Received Import Request.
  Time since last request: 0.000035 seconds.
  path: Assets/Synty/PolygonApocalypse/Prefabs/Props/SM_Prop_TrashBag_02.prefab
  artifactKey: Guid(f1ee3ac6ff57ba1499217ab07ad6fa04) Importer(815301076,1909f56bfc062723c751e8b465ee728b)
Start importing Assets/Synty/PolygonApocalypse/Prefabs/Props/SM_Prop_TrashBag_02.prefab using Guid(f1ee3ac6ff57ba1499217ab07ad6fa04) Importer(815301076,1909f56bfc062723c751e8b465ee728b) (PreviewImporter) -> (artifact id: '5b8ea09f2d62b1e05f3dd86ce903da9a') in 0.0276876 seconds
Number of updated asset objects reloaded before import = 0Number of asset objects unloaded after import = 18

========================================================================
Received Import Request.
  Time since last request: 0.000033 seconds.
  path: Assets/Synty/PolygonApocalypse/Prefabs/Props/SM_Prop_TrashBag_03.prefab
  artifactKey: Guid(b23563cbe2564dd4c8c306f3097b6dfa) Importer(815301076,1909f56bfc062723c751e8b465ee728b)
Start importing Assets/Synty/PolygonApocalypse/Prefabs/Props/SM_Prop_TrashBag_03.prefab using Guid(b23563cbe2564dd4c8c306f3097b6dfa) Importer(815301076,1909f56bfc062723c751e8b465ee728b) (PreviewImporter) -> (artifact id: '4baceedcb40369096588f3c16a19c028') in 0.031 seconds
Number of updated asset objects reloaded before import = 0Number of asset objects unloaded after import = 18

========================================================================
Received Import Request.
  Time since last request: 0.000025 seconds.
  path: Assets/Synty/PolygonApocalypse/Models/SM_Prop_TrashPile_04.fbx
  artifactKey: Guid(8f9f5eb662bab744a8615f06bca4e284) Importer(815301076,1909f56bfc062723c751e8b465ee728b)
Start importing Assets/Synty/PolygonApocalypse/Models/SM_Prop_TrashPile_04.fbx using Guid(8f9f5eb662bab744a8615f06bca4e284) Importer(815301076,1909f56bfc062723c751e8b465ee728b) (PreviewImporter) -> (artifact id: 'c57481ff3599f54205630d7606e4235e') in 0.02593 seconds
Number of updated asset objects reloaded before import = 0Number of asset objects unloaded after import = 12

========================================================================
Received Import Request.
  Time since last request: 0.000049 seconds.
  path: Assets/Synty/PolygonApocalypse/Models/Convex/SM_Prop_TrashBag_06_Convex.asset
  artifactKey: Guid(bc17abec82585a947ad9e1c78d25baaf) Importer(815301076,1909f56bfc062723c751e8b465ee728b)
Start importing Assets/Synty/PolygonApocalypse/Models/Convex/SM_Prop_TrashBag_06_Convex.asset using Guid(bc17abec82585a947ad9e1c78d25baaf) Importer(815301076,1909f56bfc062723c751e8b465ee728b) (PreviewImporter) -> (artifact id: 'f28621dc1b85c7868276c1f8471b2aa3') in 0.0180407 seconds
Number of updated asset objects reloaded before import = 0Number of asset objects unloaded after import = 2

========================================================================
Received Import Request.
  Time since last request: 0.000036 seconds.
  path: Assets/Synty/PolygonApocalypse/Prefabs/Props/SM_Prop_TrashBag_07.prefab
  artifactKey: Guid(73ca65e4154a7ca41afb12058e4dd06f) Importer(815301076,1909f56bfc062723c751e8b465ee728b)
Start importing Assets/Synty/PolygonApocalypse/Prefabs/Props/SM_Prop_TrashBag_07.prefab using Guid(73ca65e4154a7ca41afb12058e4dd06f) Importer(815301076,1909f56bfc062723c751e8b465ee728b) (PreviewImporter) -> (artifact id: '7b98fe80f6b4f0e2f97c614fef9b0dc1') in 0.0344693 seconds
Number of updated asset objects reloaded before import = 0Number of asset objects unloaded after import = 18

========================================================================
Received Import Request.
  Time since last request: 0.000037 seconds.
  path: Assets/Synty/PolygonApocalypse/Models/Convex/SM_Prop_TrashBag_03_Convex.asset
  artifactKey: Guid(44f68b6d1e0a1a94ea198c50dede9b38) Importer(815301076,1909f56bfc062723c751e8b465ee728b)
Start importing Assets/Synty/PolygonApocalypse/Models/Convex/SM_Prop_TrashBag_03_Convex.asset using Guid(44f68b6d1e0a1a94ea198c50dede9b38) Importer(815301076,1909f56bfc062723c751e8b465ee728b) (PreviewImporter) -> (artifact id: 'd4e44c7d9b85b6eae6314512ab2b166f') in 0.0178741 seconds
Number of updated asset objects reloaded before import = 0Number of asset objects unloaded after import = 2

========================================================================
Received Import Request.
  Time since last request: 0.000024 seconds.
  path: Assets/Synty/PolygonShops/Prefabs/Props/SM_Prop_Trash_Bags_01.prefab
  artifactKey: Guid(ba8e9ddca1feb044e96f0523f5ec6aac) Importer(815301076,1909f56bfc062723c751e8b465ee728b)
Start importing Assets/Synty/PolygonShops/Prefabs/Props/SM_Prop_Trash_Bags_01.prefab using Guid(ba8e9ddca1feb044e96f0523f5ec6aac) Importer(815301076,1909f56bfc062723c751e8b465ee728b) (PreviewImporter) -> (artifact id: '53d426549772b102210ffb94b59ae013') in 0.0211491 seconds
Number of updated asset objects reloaded before import = 0Number of asset objects unloaded after import = 17

========================================================================
Received Import Request.
  Time since last request: 2.544511 seconds.
  path: Assets/Synty/PolygonApocalypse/Models/SM_Prop_TrashBag_09.fbx
  artifactKey: Guid(90baa8785395bed47b7173364079d74c) Importer(815301076,1909f56bfc062723c751e8b465ee728b)
Start importing Assets/Synty/PolygonApocalypse/Models/SM_Prop_TrashBag_09.fbx using Guid(90baa8785395bed47b7173364079d74c) Importer(815301076,1909f56bfc062723c751e8b465ee728b) (PreviewImporter) -> (artifact id: '45ceabfff8615a37c6aecd097b456b54') in 0.0135534 seconds
Number of updated asset objects reloaded before import = 0Number of asset objects unloaded after import = 7

========================================================================
Received Import Request.
  Time since last request: 0.000016 seconds.
  path: Assets/Synty/PolygonApocalypse/Prefabs/Props/SM_Prop_TrashCan_01.prefab
  artifactKey: Guid(5fe319f5706acac46ba4843c85983d42) Importer(815301076,1909f56bfc062723c751e8b465ee728b)
Start importing Assets/Synty/PolygonApocalypse/Prefabs/Props/SM_Prop_TrashCan_01.prefab using Guid(5fe319f5706acac46ba4843c85983d42) Importer(815301076,1909f56bfc062723c751e8b465ee728b) (PreviewImporter) -> (artifact id: '49fa11979c0c49d599649cb696937481') in 0.0255718 seconds
Number of updated asset objects reloaded before import = 0Number of asset objects unloaded after import = 18

========================================================================
Received Import Request.
  Time since last request: 0.245707 seconds.
  path: Assets/Synty/PolygonApocalypse/Prefabs/Props/SM_Prop_TrashPile_02.prefab
  artifactKey: Guid(24fafb288dd79c64697b8bc01a50aeba) Importer(815301076,1909f56bfc062723c751e8b465ee728b)
Start importing Assets/Synty/PolygonApocalypse/Prefabs/Props/SM_Prop_TrashPile_02.prefab using Guid(24fafb288dd79c64697b8bc01a50aeba) Importer(815301076,1909f56bfc062723c751e8b465ee728b) (PreviewImporter) -> (artifact id: '14274b6a1fb1b44d5c0b250d532f8041') in 0.0253285 seconds
Number of updated asset objects reloaded before import = 0Number of asset objects unloaded after import = 27

========================================================================
Received Import Request.
  Time since last request: 0.000028 seconds.
  path: Assets/Synty/PolygonApocalypse/Prefabs/Props/SM_Prop_TrashPile_03.prefab
  artifactKey: Guid(fc35bce06e2fae94e9bce930f8413833) Importer(815301076,1909f56bfc062723c751e8b465ee728b)
Start importing Assets/Synty/PolygonApocalypse/Prefabs/Props/SM_Prop_TrashPile_03.prefab using Guid(fc35bce06e2fae94e9bce930f8413833) Importer(815301076,1909f56bfc062723c751e8b465ee728b) (PreviewImporter) -> (artifact id: '481403a20859b168dfe5e5dd40223274') in 0.0267106 seconds
Number of updated asset objects reloaded before import = 0Number of asset objects unloaded after import = 30

========================================================================
Received Import Request.
  Time since last request: 0.277076 seconds.
  path: Assets/Synty/PolygonApocalypse/Prefabs/Props/SM_Prop_TrashPile_05.prefab
  artifactKey: Guid(035fb932391dd5044a9a0d69da968cd6) Importer(815301076,1909f56bfc062723c751e8b465ee728b)
Start importing Assets/Synty/PolygonApocalypse/Prefabs/Props/SM_Prop_TrashPile_05.prefab using Guid(035fb932391dd5044a9a0d69da968cd6) Importer(815301076,1909f56bfc062723c751e8b465ee728b) (PreviewImporter) -> (artifact id: '030821fe18f191c21b25bbb63ac22f2f') in 0.0268096 seconds
Number of updated asset objects reloaded before import = 0Number of asset objects unloaded after import = 30

========================================================================
Received Import Request.
  Time since last request: 0.000019 seconds.
  path: Assets/Synty/PolygonApocalypse/Models/Convex/SM_Prop_TrashPile_06_Convex.asset
  artifactKey: Guid(18ef1cbd766cebb408ecacc9505d7bae) Importer(815301076,1909f56bfc062723c751e8b465ee728b)
Start importing Assets/Synty/PolygonApocalypse/Models/Convex/SM_Prop_TrashPile_06_Convex.asset using Guid(18ef1cbd766cebb408ecacc9505d7bae) Importer(815301076,1909f56bfc062723c751e8b465ee728b) (PreviewImporter) -> (artifact id: '1ed963d9446e28ac55cf970521d3ab38') in 0.01703 seconds
Number of updated asset objects reloaded before import = 0Number of asset objects unloaded after import = 2

========================================================================
Received Import Request.
  Time since last request: 0.607131 seconds.
  path: Assets/Synty/PolygonApocalypse/Prefabs/Props/SM_Prop_TrashPile_08.prefab
  artifactKey: Guid(9ae97d945fa33e140b4d5efd8d737c79) Importer(815301076,1909f56bfc062723c751e8b465ee728b)
Start importing Assets/Synty/PolygonApocalypse/Prefabs/Props/SM_Prop_TrashPile_08.prefab using Guid(9ae97d945fa33e140b4d5efd8d737c79) Importer(815301076,1909f56bfc062723c751e8b465ee728b) (PreviewImporter) -> (artifact id: '212fccb1982524cfaaccaf9d7792f4c3') in 0.0275205 seconds
Number of updated asset objects reloaded before import = 0Number of asset objects unloaded after import = 30

========================================================================
Received Import Request.
  Time since last request: 0.000026 seconds.
  path: Assets/Synty/PolygonApocalypse/Prefabs/Props/SM_Prop_TrashPile_09.prefab
  artifactKey: Guid(a90e72ad7f7da524ba619d73b4cb3d2a) Importer(815301076,1909f56bfc062723c751e8b465ee728b)
Start importing Assets/Synty/PolygonApocalypse/Prefabs/Props/SM_Prop_TrashPile_09.prefab using Guid(a90e72ad7f7da524ba619d73b4cb3d2a) Importer(815301076,1909f56bfc062723c751e8b465ee728b) (PreviewImporter) -> (artifact id: '50709dc6ae2873b927ec2a563bd8f760') in 0.029093 seconds
Number of updated asset objects reloaded before import = 0Number of asset objects unloaded after import = 30

========================================================================
Received Import Request.
  Time since last request: 0.547622 seconds.
  path: Assets/Synty/PolygonApocalypse/Models/SM_Prop_TrashPile_11.fbx
  artifactKey: Guid(cb0f0b072190aff418c395de6078e601) Importer(815301076,1909f56bfc062723c751e8b465ee728b)
Start importing Assets/Synty/PolygonApocalypse/Models/SM_Prop_TrashPile_11.fbx using Guid(cb0f0b072190aff418c395de6078e601) Importer(815301076,1909f56bfc062723c751e8b465ee728b) (PreviewImporter) -> (artifact id: 'cbad11eaf815471d92c317f4542221d1') in 0.0154461 seconds
Number of updated asset objects reloaded before import = 0Number of asset objects unloaded after import = 7

========================================================================
Received Import Request.
  Time since last request: 0.003188 seconds.
  path: Assets/Synty/PolygonApocalypse/Models/Convex/SM_Prop_TrashPile_11_Convex.asset
  artifactKey: Guid(9daa3c8b2ac31c54286b94c52f4de518) Importer(815301076,1909f56bfc062723c751e8b465ee728b)
Start importing Assets/Synty/PolygonApocalypse/Models/Convex/SM_Prop_TrashPile_11_Convex.asset using Guid(9daa3c8b2ac31c54286b94c52f4de518) Importer(815301076,1909f56bfc062723c751e8b465ee728b) (PreviewImporter) -> (artifact id: '8daff12ea1e41e8adf625944081468ae') in 0.0175799 seconds
Number of updated asset objects reloaded before import = 0Number of asset objects unloaded after import = 2

========================================================================
Received Import Request.
  Time since last request: 0.000026 seconds.
  path: Assets/Synty/PolygonApocalypse/Prefabs/Props/SM_Prop_TrashPile_Wall_01.prefab
  artifactKey: Guid(394ac07b38faaa849939d86c1e46bac4) Importer(815301076,1909f56bfc062723c751e8b465ee728b)
Start importing Assets/Synty/PolygonApocalypse/Prefabs/Props/SM_Prop_TrashPile_Wall_01.prefab using Guid(394ac07b38faaa849939d86c1e46bac4) Importer(815301076,1909f56bfc062723c751e8b465ee728b) (PreviewImporter) -> (artifact id: 'f603f5a426f8aad01bf3cbf75c71c8c4') in 0.0266812 seconds
Number of updated asset objects reloaded before import = 0Number of asset objects unloaded after import = 18

========================================================================
Received Import Request.
  Time since last request: 0.287033 seconds.
  path: Assets/Synty/PolygonApocalypse/Models/Convex/SM_Prop_TrashPile_Wall_02_Convex.asset
  artifactKey: Guid(6199716b65f991242b35aba553f76377) Importer(815301076,1909f56bfc062723c751e8b465ee728b)
Start importing Assets/Synty/PolygonApocalypse/Models/Convex/SM_Prop_TrashPile_Wall_02_Convex.asset using Guid(6199716b65f991242b35aba553f76377) Importer(815301076,1909f56bfc062723c751e8b465ee728b) (PreviewImporter) -> (artifact id: 'f49e1cfa2e273033704b4c2b573b7596') in 0.0191343 seconds
Number of updated asset objects reloaded before import = 0Number of asset objects unloaded after import = 2

========================================================================
Received Import Request.
  Time since last request: 0.000064 seconds.
  path: Assets/Synty/PolygonApocalypse/Models/Convex/SM_Prop_TrashSkip_01_Convex.asset
  artifactKey: Guid(d41bcd6b28d35ef4897da4a1b5e587bb) Importer(815301076,1909f56bfc062723c751e8b465ee728b)
Start importing Assets/Synty/PolygonApocalypse/Models/Convex/SM_Prop_TrashSkip_01_Convex.asset using Guid(d41bcd6b28d35ef4897da4a1b5e587bb) Importer(815301076,1909f56bfc062723c751e8b465ee728b) (PreviewImporter) -> (artifact id: 'a8e27a976e7fd1de8caef74a4598a6bc') in 0.0151779 seconds
Number of updated asset objects reloaded before import = 0Number of asset objects unloaded after import = 2

========================================================================
Received Import Request.
  Time since last request: 197.587396 seconds.
  path: Assets/Synty/PolygonGeneric/Textures/Generic_Brick.png
  artifactKey: Guid(0fc78a37989e18d4a87496cdb6c6612c) Importer(815301076,1909f56bfc062723c751e8b465ee728b)
Start importing Assets/Synty/PolygonGeneric/Textures/Generic_Brick.png using Guid(0fc78a37989e18d4a87496cdb6c6612c) Importer(815301076,1909f56bfc062723c751e8b465ee728b) (PreviewImporter) -> (artifact id: 'fb6eed9f80506a73721a3d3704e64124') in 0.0116744 seconds
Number of updated asset objects reloaded before import = 0Number of asset objects unloaded after import = 2

========================================================================
Received Import Request.
  Time since last request: 0.000056 seconds.
  path: Assets/Synty/PolygonGeneric/Textures/SkinMask.png
  artifactKey: Guid(7bd65a7a9d161f243bbd631ed423f94d) Importer(815301076,1909f56bfc062723c751e8b465ee728b)
Start importing Assets/Synty/PolygonGeneric/Textures/SkinMask.png using Guid(7bd65a7a9d161f243bbd631ed423f94d) Importer(815301076,1909f56bfc062723c751e8b465ee728b) (PreviewImporter) -> (artifact id: 'b9ab0548a9c31250fab3cd51f452086d') in 0.0265282 seconds
Number of updated asset objects reloaded before import = 0Number of asset objects unloaded after import = 2

========================================================================
Received Import Request.
  Time since last request: 0.000050 seconds.
  path: Assets/Synty/PolygonGeneric/Textures/Generic_Concrete.png
  artifactKey: Guid(69d71723f0e357a488acfa919c0b339a) Importer(815301076,1909f56bfc062723c751e8b465ee728b)
Start importing Assets/Synty/PolygonGeneric/Textures/Generic_Concrete.png using Guid(69d71723f0e357a488acfa919c0b339a) Importer(815301076,1909f56bfc062723c751e8b465ee728b) (PreviewImporter) -> (artifact id: '2598cbad41c26c9d2407bfb7d05e1c55') in 0.0187494 seconds
Number of updated asset objects reloaded before import = 0Number of asset objects unloaded after import = 2

========================================================================
Received Import Request.
  Time since last request: 0.000023 seconds.
  path: Assets/Synty/PolygonGeneric/Textures/Sky_01.png
  artifactKey: Guid(2024dc8b7812f7c4597c5f4f0f7c9299) Importer(815301076,1909f56bfc062723c751e8b465ee728b)
Start importing Assets/Synty/PolygonGeneric/Textures/Sky_01.png using Guid(2024dc8b7812f7c4597c5f4f0f7c9299) Importer(815301076,1909f56bfc062723c751e8b465ee728b) (PreviewImporter) -> (artifact id: '558761f847dd998739b7f07fa752bec5') in 0.0184965 seconds
Number of updated asset objects reloaded before import = 0Number of asset objects unloaded after import = 2

========================================================================
Received Import Request.
  Time since last request: 54.890036 seconds.
  path: Assets/Synty/PolygonApocalypse/Materials/FX/FX_Vertex_01.mat
  artifactKey: Guid(82efff10c1f09a044bb7095362445fe3) Importer(815301076,1909f56bfc062723c751e8b465ee728b)
Start importing Assets/Synty/PolygonApocalypse/Materials/FX/FX_Vertex_01.mat using Guid(82efff10c1f09a044bb7095362445fe3) Importer(815301076,1909f56bfc062723c751e8b465ee728b) (PreviewImporter) -> (artifact id: '1c877f225bb4f410fbff5d9d517838ea') in 0.0244555 seconds
Number of updated asset objects reloaded before import = 0Number of asset objects unloaded after import = 1

========================================================================
Received Import Request.
  Time since last request: 2.526100 seconds.
  path: Assets/Synty/PolygonShops/Models/SM_Prop_Cafe_Counter_Outdoor_01.fbx
  artifactKey: Guid(7de241e3685f0714c9a1942c5e6d260f) Importer(815301076,1909f56bfc062723c751e8b465ee728b)
Start importing Assets/Synty/PolygonShops/Models/SM_Prop_Cafe_Counter_Outdoor_01.fbx using Guid(7de241e3685f0714c9a1942c5e6d260f) Importer(815301076,1909f56bfc062723c751e8b465ee728b) (PreviewImporter) -> (artifact id: 'ceb936b7800a8f6efc1fce10273a0d6a') in 0.0170412 seconds
Number of updated asset objects reloaded before import = 0Number of asset objects unloaded after import = 7

========================================================================
Received Import Request.
  Time since last request: 0.000017 seconds.
  path: Assets/Synty/PolygonShops/Models/Collision/Convex/SM_Prop_Kitchen_Counter_01_Convex.asset
  artifactKey: Guid(e2191f2d90fea7641b9535c380aac832) Importer(815301076,1909f56bfc062723c751e8b465ee728b)
Start importing Assets/Synty/PolygonShops/Models/Collision/Convex/SM_Prop_Kitchen_Counter_01_Convex.asset using Guid(e2191f2d90fea7641b9535c380aac832) Importer(815301076,1909f56bfc062723c751e8b465ee728b) (PreviewImporter) -> (artifact id: 'abb097b00e7dccb152edd6b5541ad1ce') in 0.0108635 seconds
Number of updated asset objects reloaded before import = 0Number of asset objects unloaded after import = 2

========================================================================
Received Import Request.
  Time since last request: 0.000023 seconds.
  path: Assets/Synty/PolygonShops/Prefabs/Props/SM_Prop_Cafe_Counter_Outdoor_02.prefab
  artifactKey: Guid(bdfd50326aaa3b440b22ab2e76e184b9) Importer(815301076,1909f56bfc062723c751e8b465ee728b)
Start importing Assets/Synty/PolygonShops/Prefabs/Props/SM_Prop_Cafe_Counter_Outdoor_02.prefab using Guid(bdfd50326aaa3b440b22ab2e76e184b9) Importer(815301076,1909f56bfc062723c751e8b465ee728b) (PreviewImporter) -> (artifact id: '637bb929761759201f14a643a2833a3f') in 0.0214321 seconds
Number of updated asset objects reloaded before import = 0Number of asset objects unloaded after import = 17

========================================================================
Received Import Request.
  Time since last request: 0.000018 seconds.
  path: Assets/Synty/PolygonShops/Models/Collision/Convex/SM_Prop_Cafe_Counter_Outdoor_02_Convex.asset
  artifactKey: Guid(f049698fb9275f9488386bca09cda934) Importer(815301076,1909f56bfc062723c751e8b465ee728b)
Start importing Assets/Synty/PolygonShops/Models/Collision/Convex/SM_Prop_Cafe_Counter_Outdoor_02_Convex.asset using Guid(f049698fb9275f9488386bca09cda934) Importer(815301076,1909f56bfc062723c751e8b465ee728b) (PreviewImporter) -> (artifact id: 'fe5f26f0672e717c84d065254ef646f0') in 0.0123028 seconds
Number of updated asset objects reloaded before import = 0Number of asset objects unloaded after import = 2

========================================================================
Received Import Request.
  Time since last request: 0.000030 seconds.
  path: Assets/Synty/PolygonShops/Models/SM_Prop_Kitchen_Counter_01.fbx
  artifactKey: Guid(92fb6be27a65e3d448c8fd7c11b0197c) Importer(815301076,1909f56bfc062723c751e8b465ee728b)
Start importing Assets/Synty/PolygonShops/Models/SM_Prop_Kitchen_Counter_01.fbx using Guid(92fb6be27a65e3d448c8fd7c11b0197c) Importer(815301076,1909f56bfc062723c751e8b465ee728b) (PreviewImporter) -> (artifact id: 'aa45136d1c60445de61150d82d44a312') in 0.1035273 seconds
Number of updated asset objects reloaded before import = 0Number of asset objects unloaded after import = 67

========================================================================
Received Import Request.
  Time since last request: 0.000026 seconds.
  path: Assets/Synty/PolygonShops/Models/SM_Prop_Kitchen_Counter_End_01.fbx
  artifactKey: Guid(da3bf065e0772d54188271655b023996) Importer(815301076,1909f56bfc062723c751e8b465ee728b)
Start importing Assets/Synty/PolygonShops/Models/SM_Prop_Kitchen_Counter_End_01.fbx using Guid(da3bf065e0772d54188271655b023996) Importer(815301076,1909f56bfc062723c751e8b465ee728b) (PreviewImporter) -> (artifact id: '07de0b209b6bba8ecb42f856f1c945bb') in 0.0141575 seconds
Number of updated asset objects reloaded before import = 0Number of asset objects unloaded after import = 7

========================================================================
Received Import Request.
  Time since last request: 0.000017 seconds.
  path: Assets/Synty/PolygonShops/Models/Collision/Convex/SM_Prop_Kitchen_Counter_02_Convex.asset
  artifactKey: Guid(9599489cf0a9e774ebefc976bc347570) Importer(815301076,1909f56bfc062723c751e8b465ee728b)
Start importing Assets/Synty/PolygonShops/Models/Collision/Convex/SM_Prop_Kitchen_Counter_02_Convex.asset using Guid(9599489cf0a9e774ebefc976bc347570) Importer(815301076,1909f56bfc062723c751e8b465ee728b) (PreviewImporter) -> (artifact id: '12ffd54312b0ad0625a6465634a3ba94') in 0.0128356 seconds
Number of updated asset objects reloaded before import = 0Number of asset objects unloaded after import = 2

========================================================================
Received Import Request.
  Time since last request: 17.454181 seconds.
  path: Assets/Synty/PolygonShops/Prefabs/Props/SM_Prop_Kitchen_Counter_Food_Insert_Large_01.prefab
  artifactKey: Guid(fbe9bbc8484d55046a5264e840de03c3) Importer(815301076,1909f56bfc062723c751e8b465ee728b)
Start importing Assets/Synty/PolygonShops/Prefabs/Props/SM_Prop_Kitchen_Counter_Food_Insert_Large_01.prefab using Guid(fbe9bbc8484d55046a5264e840de03c3) Importer(815301076,1909f56bfc062723c751e8b465ee728b) (PreviewImporter) -> (artifact id: '4624c87be43d790a1c76d53c3cb3797a') in 0.0170255 seconds
Number of updated asset objects reloaded before import = 0Number of asset objects unloaded after import = 17

========================================================================
Received Import Request.
  Time since last request: 0.000020 seconds.
  path: Assets/Synty/PolygonShops/Prefabs/Props/SM_Prop_Kitchen_Counter_Food_Insert_Large_02.prefab
  artifactKey: Guid(64ca4f7a4d8323c4985070b2a95bc013) Importer(815301076,1909f56bfc062723c751e8b465ee728b)
Start importing Assets/Synty/PolygonShops/Prefabs/Props/SM_Prop_Kitchen_Counter_Food_Insert_Large_02.prefab using Guid(64ca4f7a4d8323c4985070b2a95bc013) Importer(815301076,1909f56bfc062723c751e8b465ee728b) (PreviewImporter) -> (artifact id: 'cd9eee6d9754102eb409aa0b7f86b85a') in 0.0179984 seconds
Number of updated asset objects reloaded before import = 0Number of asset objects unloaded after import = 17

========================================================================
Received Import Request.
  Time since last request: 0.350691 seconds.
  path: Assets/Synty/PolygonShops/Models/SM_Prop_Kitchen_Counter_Food_Insert_Large_03.fbx
  artifactKey: Guid(47958f2c99f96a045bd380664c09c7b2) Importer(815301076,1909f56bfc062723c751e8b465ee728b)
Start importing Assets/Synty/PolygonShops/Models/SM_Prop_Kitchen_Counter_Food_Insert_Large_03.fbx using Guid(47958f2c99f96a045bd380664c09c7b2) Importer(815301076,1909f56bfc062723c751e8b465ee728b) (PreviewImporter) -> (artifact id: '38c04c579bb3ca1f3a8d4a394447c8e4') in 0.0152624 seconds
Number of updated asset objects reloaded before import = 0Number of asset objects unloaded after import = 7

========================================================================
Received Import Request.
  Time since last request: 0.000033 seconds.
  path: Assets/Synty/PolygonShops/Prefabs/Props/SM_Prop_Kitchen_Counter_Food_Insert_Large_04.prefab
  artifactKey: Guid(e40a133cbac710d499c1dc7e9fdaa01d) Importer(815301076,1909f56bfc062723c751e8b465ee728b)
Start importing Assets/Synty/PolygonShops/Prefabs/Props/SM_Prop_Kitchen_Counter_Food_Insert_Large_04.prefab using Guid(e40a133cbac710d499c1dc7e9fdaa01d) Importer(815301076,1909f56bfc062723c751e8b465ee728b) (PreviewImporter) -> (artifact id: '2d678497aa8655ce720f06398763c76c') in 0.0158293 seconds
Number of updated asset objects reloaded before import = 0Number of asset objects unloaded after import = 17

========================================================================
Received Import Request.
  Time since last request: 0.000032 seconds.
  path: Assets/Synty/PolygonShops/Models/Collision/Convex/SM_Prop_Kitchen_Counter_Food_Insert_Large_05_Convex.asset
  artifactKey: Guid(c1041c0e12fac24448a230562654a422) Importer(815301076,1909f56bfc062723c751e8b465ee728b)
Start importing Assets/Synty/PolygonShops/Models/Collision/Convex/SM_Prop_Kitchen_Counter_Food_Insert_Large_05_Convex.asset using Guid(c1041c0e12fac24448a230562654a422) Importer(815301076,1909f56bfc062723c751e8b465ee728b) (PreviewImporter) -> (artifact id: '07b6b5637092d1a0aa9b58ca3047d67b') in 0.0126087 seconds
Number of updated asset objects reloaded before import = 0Number of asset objects unloaded after import = 2

========================================================================
Received Import Request.
  Time since last request: 0.526018 seconds.
  path: Assets/Synty/PolygonShops/Prefabs/Props/SM_Prop_Kitchen_Counter_Food_Insert_Large_06.prefab
  artifactKey: Guid(8a4b0ec6db9a0a344971e350b5dbe69b) Importer(815301076,1909f56bfc062723c751e8b465ee728b)
Start importing Assets/Synty/PolygonShops/Prefabs/Props/SM_Prop_Kitchen_Counter_Food_Insert_Large_06.prefab using Guid(8a4b0ec6db9a0a344971e350b5dbe69b) Importer(815301076,1909f56bfc062723c751e8b465ee728b) (PreviewImporter) -> (artifact id: '448512ff182a407d87c37b5300214132') in 0.0183574 seconds
Number of updated asset objects reloaded before import = 0Number of asset objects unloaded after import = 17

========================================================================
Received Import Request.
  Time since last request: 0.000022 seconds.
  path: Assets/Synty/PolygonShops/Models/SM_Prop_Kitchen_Counter_Food_Insert_Large_07.fbx
  artifactKey: Guid(5cd3a393f5926e04fbfb572b807c6b63) Importer(815301076,1909f56bfc062723c751e8b465ee728b)
Start importing Assets/Synty/PolygonShops/Models/SM_Prop_Kitchen_Counter_Food_Insert_Large_07.fbx using Guid(5cd3a393f5926e04fbfb572b807c6b63) Importer(815301076,1909f56bfc062723c751e8b465ee728b) (PreviewImporter) -> (artifact id: '3b5a7443c8f6ab4474aeb31b324f8f12') in 0.0099531 seconds
Number of updated asset objects reloaded before import = 0Number of asset objects unloaded after import = 7

========================================================================
Received Import Request.
  Time since last request: 0.342303 seconds.
  path: Assets/Synty/PolygonShops/Models/SM_Prop_Kitchen_Counter_Food_Insert_Small_01.fbx
  artifactKey: Guid(453a59508d5222042acd648816a3be4a) Importer(815301076,1909f56bfc062723c751e8b465ee728b)
Start importing Assets/Synty/PolygonShops/Models/SM_Prop_Kitchen_Counter_Food_Insert_Small_01.fbx using Guid(453a59508d5222042acd648816a3be4a) Importer(815301076,1909f56bfc062723c751e8b465ee728b) (PreviewImporter) -> (artifact id: 'cce710fb20a6998471b96f44c39495a7') in 0.0140465 seconds
Number of updated asset objects reloaded before import = 0Number of asset objects unloaded after import = 7

========================================================================
Received Import Request.
  Time since last request: 0.031047 seconds.
  path: Assets/Synty/PolygonShops/Models/SM_Prop_Kitchen_Counter_Food_Insert_Small_02.fbx
  artifactKey: Guid(1e42c810ad259a8439e93e66d3e99c8c) Importer(815301076,1909f56bfc062723c751e8b465ee728b)
Start importing Assets/Synty/PolygonShops/Models/SM_Prop_Kitchen_Counter_Food_Insert_Small_02.fbx using Guid(1e42c810ad259a8439e93e66d3e99c8c) Importer(815301076,1909f56bfc062723c751e8b465ee728b) (PreviewImporter) -> (artifact id: 'b1d959c918f6f8adf980783679e6799a') in 0.0167669 seconds
Number of updated asset objects reloaded before import = 0Number of asset objects unloaded after import = 7

========================================================================
Received Import Request.
  Time since last request: 0.554131 seconds.
  path: Assets/Synty/PolygonShops/Models/SM_Prop_Kitchen_Counter_Food_Insert_Small_03.fbx
  artifactKey: Guid(ccfe9195007631345890bc0f9c1aa84d) Importer(815301076,1909f56bfc062723c751e8b465ee728b)
Start importing Assets/Synty/PolygonShops/Models/SM_Prop_Kitchen_Counter_Food_Insert_Small_03.fbx using Guid(ccfe9195007631345890bc0f9c1aa84d) Importer(815301076,1909f56bfc062723c751e8b465ee728b) (PreviewImporter) -> (artifact id: 'c3ef451652f2f1017647ba4c51e9e287') in 0.0150705 seconds
Number of updated asset objects reloaded before import = 0Number of asset objects unloaded after import = 7

========================================================================
Received Import Request.
  Time since last request: 0.000017 seconds.
  path: Assets/Synty/PolygonShops/Models/SM_Prop_Kitchen_Counter_Food_Insert_Small_04.fbx
  artifactKey: Guid(b889bf502d3db3641bb3ffb3f4b8de70) Importer(815301076,1909f56bfc062723c751e8b465ee728b)
Start importing Assets/Synty/PolygonShops/Models/SM_Prop_Kitchen_Counter_Food_Insert_Small_04.fbx using Guid(b889bf502d3db3641bb3ffb3f4b8de70) Importer(815301076,1909f56bfc062723c751e8b465ee728b) (PreviewImporter) -> (artifact id: '1a5b3421e31957d0651279ab48e0ec4d') in 0.0164607 seconds
Number of updated asset objects reloaded before import = 0Number of asset objects unloaded after import = 7

========================================================================
Received Import Request.
  Time since last request: 0.000022 seconds.
  path: Assets/Synty/PolygonShops/Models/Collision/Convex/SM_Prop_Kitchen_Counter_Food_Insert_Small_05_Convex.asset
  artifactKey: Guid(a5819dfdaf32da14b83c1bdfdd71b25b) Importer(815301076,1909f56bfc062723c751e8b465ee728b)
Start importing Assets/Synty/PolygonShops/Models/Collision/Convex/SM_Prop_Kitchen_Counter_Food_Insert_Small_05_Convex.asset using Guid(a5819dfdaf32da14b83c1bdfdd71b25b) Importer(815301076,1909f56bfc062723c751e8b465ee728b) (PreviewImporter) -> (artifact id: '510bbbcc72cc5bbf287aeebf1ad42e1f') in 0.0110684 seconds
Number of updated asset objects reloaded before import = 0Number of asset objects unloaded after import = 2

========================================================================
Received Import Request.
  Time since last request: 0.252303 seconds.
  path: Assets/Synty/PolygonShops/Prefabs/Props/SM_Prop_Kitchen_Counter_Food_Insert_Small_06.prefab
  artifactKey: Guid(f516ba84a2a34554093d03039625ec64) Importer(815301076,1909f56bfc062723c751e8b465ee728b)
Start importing Assets/Synty/PolygonShops/Prefabs/Props/SM_Prop_Kitchen_Counter_Food_Insert_Small_06.prefab using Guid(f516ba84a2a34554093d03039625ec64) Importer(815301076,1909f56bfc062723c751e8b465ee728b) (PreviewImporter) -> (artifact id: '978241f510ecd2615fffcb05075ed720') in 0.0206042 seconds
Number of updated asset objects reloaded before import = 0Number of asset objects unloaded after import = 17

========================================================================
Received Import Request.
  Time since last request: 0.000021 seconds.
  path: Assets/Synty/PolygonShops/Models/Collision/Convex/SM_Prop_Kitchen_Counter_Food_Insert_Small_07_Convex.asset
  artifactKey: Guid(23e6af0c2d742bd44a19a6b6c454aee8) Importer(815301076,1909f56bfc062723c751e8b465ee728b)
Start importing Assets/Synty/PolygonShops/Models/Collision/Convex/SM_Prop_Kitchen_Counter_Food_Insert_Small_07_Convex.asset using Guid(23e6af0c2d742bd44a19a6b6c454aee8) Importer(815301076,1909f56bfc062723c751e8b465ee728b) (PreviewImporter) -> (artifact id: '3d8b93011ad7fe01faa9cf12df00a55e') in 0.0125953 seconds
Number of updated asset objects reloaded before import = 0Number of asset objects unloaded after import = 2

Editor requested this worker to shutdown with reason: Scaling down because of idle timeout
AssetImportWorker is now disconnected from the server
Process exiting
Exiting without the bug reporter. Application will terminate with return code 0