[Licensing::Module] Trying to connect to existing licensing client channel...
Built from '6000.3/staging' branch; Version is '6000.3.13f1 (8c4f11e4fb20) revision 9195281'; Using compiler version '194234433'; Build Type 'Release'
[Licensing::IpcConnector] Successfully connected to: "LicenseClient-zieli" at "2026-04-21T22:19:10.7189332Z"
OS: 'Windows 11  (10.0.26200) Core' Language: 'en' Physical Memory: 32347 MB
BatchMode: 1, IsHumanControllingUs: 0, StartBugReporterOnCrash: 0, Is64bit: 1
System  architecture: x64
Process architecture: x64
Date: 2026-04-21T22:19:10Z

COMMAND LINE ARGUMENTS:
C:\Program Files\Unity\Hub\Editor\6000.3.13f1\Editor\Unity.exe
-adb2
-batchMode
-noUpm
-name
AssetImportWorker17
-projectPath
C:/Game Development/DisasterDiner
-logFile
Logs/AssetImportWorker17.log
-srvPort
60058
-licensingIpc
LicenseClient-zieli
-job-worker-count
7
-background-job-worker-count
8
-gc-helper-count
1
-name
AssetImport
Successfully changed project path to: C:/Game Development/DisasterDiner
C:/Game Development/DisasterDiner
[UnityMemory] Configuration Parameters - Can be set up in boot.config
    "memorysetup-temp-allocator-size-nav-mesh-worker=65536"
    "memorysetup-temp-allocator-size-audio-worker=65536"
    "memorysetup-temp-allocator-size-gfx=262144"
    "memorysetup-allocator-temp-initial-block-size-main=262144"
    "memorysetup-allocator-temp-initial-block-size-worker=262144"
    "memorysetup-temp-allocator-size-background-worker=32768"
    "memorysetup-temp-allocator-size-job-worker=262144"
    "memorysetup-temp-allocator-size-preload-manager=33554432"
    "memorysetup-temp-allocator-size-gi-baking-worker=262144"
    "memorysetup-temp-allocator-size-gi-baking-worker=262144"
    "memorysetup-temp-allocator-size-gi-baking-worker=262144"
    "memorysetup-temp-allocator-size-gi-baking-worker=262144"
    "memorysetup-temp-allocator-size-gi-baking-worker=262144"
    "memorysetup-bucket-allocator-granularity=16"
    "memorysetup-bucket-allocator-bucket-count=8"
    "memorysetup-bucket-allocator-block-size=33554432"
    "memorysetup-bucket-allocator-block-count=8"
    "memorysetup-main-allocator-block-size=16777216"
    "memorysetup-thread-allocator-block-size=16777216"
    "memorysetup-gfx-main-allocator-block-size=16777216"
    "memorysetup-gfx-thread-allocator-block-size=16777216"
    "memorysetup-cache-allocator-block-size=4194304"
    "memorysetup-typetree-allocator-block-size=2097152"
    "memorysetup-profiler-bucket-allocator-granularity=16"
    "memorysetup-profiler-bucket-allocator-bucket-count=8"
    "memorysetup-profiler-bucket-allocator-block-size=33554432"
    "memorysetup-profiler-bucket-allocator-block-count=8"
    "memorysetup-profiler-allocator-block-size=16777216"
    "memorysetup-profiler-editor-allocator-block-size=1048576"
    "memorysetup-temp-allocator-size-main=16777216"
    "memorysetup-job-temp-allocator-block-size=2097152"
    "memorysetup-job-temp-allocator-block-size-background=1048576"
    "memorysetup-job-temp-allocator-reduction-small-platforms=262144"
    "memorysetup-temp-allocator-size-cloud-worker=32768"
Player connection [32484]  Target information:

Player connection [32484]  * "[IP] 192.168.86.22 [Port] 0 [Flags] 2 [Guid] 655173778 [EditorId] 655173778 [Version] 1048832 [Id] WindowsEditor(7,Johns_PC) [Debug] 1 [PackageName] WindowsEditor [ProjectName] Editor" 

Player connection [32484] Host joined multi-casting on [225.0.0.222:54997]...
Player connection [32484] Host joined alternative multi-casting on [225.0.0.222:34997]...
JobSystem: Creating JobQueue using job-worker-count value 7
Input System module state changed to: Initialized.
[Physics::Module] Initialized fallback backend.
[Physics::Module] Id: 0xdecafbad
Library Redirect Path: Library/
[Physics::Module] Selected backend.
[Physics::Module] Name: PhysX
[Physics::Module] Id: 0xf2b8ea05
[Physics::Module] SDK Version: 4.1.2
[Physics::Module] Integration Version: 1.0.0
[Physics::Module] Threading Mode: Multi-Threaded
Refreshing native plugins compatible for Editor in 3.19 ms, found 4 plugins.
Preloading 0 native plugins for Editor in 0.00 ms.
Initialize engine version: 6000.3.13f1 (8c4f11e4fb20)
[Subsystems] Discovering subsystems at path C:/Program Files/Unity/Hub/Editor/6000.3.13f1/Editor/Data/Resources/UnitySubsystems
[Subsystems] Discovering subsystems at path C:/Game Development/DisasterDiner/Assets
GfxDevice: creating device client; kGfxThreadingModeNonThreaded
Direct3D:
    Version:  Direct3D 11.0 [level 11.1]
    Renderer: NVIDIA GeForce RTX 4070 SUPER (ID=0x2783)
    Vendor:   NVIDIA
    VRAM:     11999 MB
    Driver:   32.0.15.8157
Initialize mono
Mono path[0] = 'C:/Program Files/Unity/Hub/Editor/6000.3.13f1/Editor/Data/Managed'
Mono path[1] = 'C:/Program Files/Unity/Hub/Editor/6000.3.13f1/Editor/Data/MonoBleedingEdge/lib/mono/unityjit-win32'
Mono config path = 'C:/Program Files/Unity/Hub/Editor/6000.3.13f1/Editor/Data/MonoBleedingEdge/etc'
Using monoOptions --debugger-agent=transport=dt_socket,embedding=1,server=y,suspend=n,address=127.0.0.1:56476
Begin MonoManager ReloadAssembly
Registering precompiled unity dll's ...
Register platform support module: C:/Program Files/Unity/Hub/Editor/6000.3.13f1/Editor/Data/PlaybackEngines/WindowsStandaloneSupport/UnityEditor.WindowsStandalone.Extensions.dll
Registered in 0.001313 seconds.
- Loaded All Assemblies, in  0.409 seconds
[Licensing::Client] Error: HandshakeResponse reported an error:
	ResponseCode: 505
	ResponseStatus: Unsupported protocol version '1.18.1'.
[Licensing::Module] Error: Failed to handshake to channel: "LicenseClient-zieli"
[Licensing::IpcConnector] LicenseClient-zieli channel disconnected successfully.
[Licensing::IpcConnector] Successfully connected to: "LicenseClient-zieli-6000.3.13" at "2026-04-21T22:19:11.6968021Z"
Native extension for WindowsStandalone target not found
Package Manager log level set to [2]
[Package Manager] Failed to launch server process. Reason: Unity was launched with the -noUpm command-line argument
[Package Manager] Unable to send message (not connected to server process).
[Package Manager] Cannot connect to Unity Package Manager local server
ScheduleIndexationOnStartup MainProcess:False IndexOnStartup:True
Mono: successfully reloaded assembly
- Finished resetting the current domain, in  0.389 seconds
Domain Reload Profiling: 795ms
	BeginReloadAssembly (111ms)
		ExecutionOrderSort (0ms)
		DisableScriptedObjects (0ms)
		BackupInstance (0ms)
		ReleaseScriptingObjects (0ms)
		CreateAndSetChildDomain (1ms)
	RebuildCommonClasses (40ms)
	RebuildNativeTypeToScriptingClass (15ms)
	initialDomainReloadingComplete (48ms)
	LoadAllAssembliesAndSetupDomain (191ms)
		LoadAssemblies (107ms)
		RebuildTransferFunctionScriptingTraits (0ms)
		AnalyzeDomain (187ms)
			TypeCache.Refresh (186ms)
				TypeCache.ScanAssembly (172ms)
			BuildScriptInfoCaches (0ms)
			ResolveRequiredComponents (0ms)
	FinalizeReload (390ms)
		ReleaseScriptCaches (0ms)
		RebuildScriptCaches (0ms)
		SetupLoadedEditorAssemblies (328ms)
			LogAssemblyErrors (0ms)
			InitializePlatformSupportModulesInManaged (45ms)
			SetLoadedEditorAssemblies (4ms)
			BeforeProcessingInitializeOnLoad (76ms)
			ProcessInitializeOnLoadAttributes (132ms)
			ProcessInitializeOnLoadMethodAttributes (71ms)
			AfterProcessingInitializeOnLoad (0ms)
			EditorAssembliesLoaded (0ms)
		ExecutionOrderSort2 (0ms)
		AwakeInstancesAfterBackupRestoration (0ms)
========================================================================
Worker process is ready to serve import requests
Import Worker Mode flag is 0x00
Begin MonoManager ReloadAssembly
[Licensing::Module] Licensing is not yet initialized.
[Licensing::Client] Handshaking with LicensingClient:
  Version:                 1.18.1+9fbee8e
  Session Id:              070c1f99f2b4453a8575e9476bf59c9f
  Correlation Id:          2b999b7551c4f1abd27547e4a7907d59
  External correlation Id: 8727527417378456741
  Machine Id:              a0OP954qVZmt5azPS5PrvPW5hTY=
[Licensing::Module] Successfully connected to LicensingClient on channel: "LicenseClient-zieli-6000.3.13" (connect: 0.00s, validation: 0.00s, handshake: 0.88s)
[Licensing::IpcConnector] Successfully connected to: "LicenseClient-zieli-6000.3.13-notifications" at "2026-04-21T22:19:12.5821421Z"
[Licensing::Module] Licensing Background thread has ended after 1.86s
[Licensing::Module] Licensing is initialized (took 0.23s).
[Licensing::Client] Successfully resolved entitlement details
[Licensing::Module] License group:
  Id: 2475483376267-UnityPersXXXX
  Product: Unity Personal
  Type: Assigned
  Expiration: Unlimited
- Loaded All Assemblies, in  0.837 seconds
Refreshing native plugins compatible for Editor in 1.29 ms, found 4 plugins.
Native extension for WindowsStandalone target not found
[Package Manager] Failed to launch server process. Reason: Unity was launched with the -noUpm command-line argument
[Package Manager] Unable to send message (not connected to server process).
[Package Manager] Cannot connect to Unity Package Manager local server
Refreshing native plugins compatible for Editor in 1.86 ms, found 4 plugins.
[Package Manager] Failed to launch server process. Reason: Unity was launched with the -noUpm command-line argument
[Package Manager] Unable to send message (not connected to server process).
[Package Manager] Cannot connect to Unity Package Manager local server
ScheduleIndexationOnStartup MainProcess:False IndexOnStartup:True
Mono: successfully reloaded assembly
- Finished resetting the current domain, in  0.637 seconds
Domain Reload Profiling: 1469ms
	BeginReloadAssembly (368ms)
		ExecutionOrderSort (0ms)
		DisableScriptedObjects (4ms)
		BackupInstance (0ms)
		ReleaseScriptingObjects (0ms)
		CreateAndSetChildDomain (26ms)
	RebuildCommonClasses (31ms)
	RebuildNativeTypeToScriptingClass (14ms)
	initialDomainReloadingComplete (34ms)
	LoadAllAssembliesAndSetupDomain (385ms)
		LoadAssemblies (269ms)
		RebuildTransferFunctionScriptingTraits (0ms)
		AnalyzeDomain (187ms)
			TypeCache.Refresh (133ms)
				TypeCache.ScanAssembly (123ms)
			BuildScriptInfoCaches (43ms)
			ResolveRequiredComponents (9ms)
	FinalizeReload (637ms)
		ReleaseScriptCaches (0ms)
		RebuildScriptCaches (0ms)
		SetupLoadedEditorAssemblies (478ms)
			LogAssemblyErrors (0ms)
			InitializePlatformSupportModulesInManaged (2ms)
			SetLoadedEditorAssemblies (3ms)
			BeforeProcessingInitializeOnLoad (111ms)
			ProcessInitializeOnLoadAttributes (298ms)
			ProcessInitializeOnLoadMethodAttributes (59ms)
			AfterProcessingInitializeOnLoad (5ms)
			EditorAssembliesLoaded (0ms)
		ExecutionOrderSort2 (0ms)
		AwakeInstancesAfterBackupRestoration (8ms)
Launched and connected shader compiler UnityShaderCompiler.exe after 0.01 seconds
Refreshing native plugins compatible for Editor in 1.89 ms, found 4 plugins.
Preloading 0 native plugins for Editor in 0.00 ms.
Unloading 16 Unused Serialized files (Serialized files now loaded: 0)
Unloading 6447 unused Assets / (4.7 MB). Loaded Objects now: 7244.
Memory consumption went from 155.0 MB to 150.2 MB.
Total: 7.918300 ms (FindLiveObjects: 0.580200 ms CreateObjectMapping: 0.488900 ms MarkObjects: 4.808600 ms  DeleteObjects: 2.039300 ms)

========================================================================
Received Import Request.
  Time since last request: 2953.357257 seconds.
  path: Assets/Synty/PolygonApocalypse/Prefabs/Environment/SM_Env_Grass_Tuft_03.prefab
  artifactKey: Guid(efed0d9bfc3a06841bdac6f14c559c13) Importer(815301076,1909f56bfc062723c751e8b465ee728b)
Start importing Assets/Synty/PolygonApocalypse/Prefabs/Environment/SM_Env_Grass_Tuft_03.prefab using Guid(efed0d9bfc3a06841bdac6f14c559c13) Importer(815301076,1909f56bfc062723c751e8b465ee728b) (PreviewImporter) -> (artifact id: 'c3432c5c618cc5b17fe4507ce58d10dd') in 0.3849082 seconds
Number of updated asset objects reloaded before import = 0Number of asset objects unloaded after import = 16

========================================================================
Received Import Request.
  Time since last request: 0.538335 seconds.
  path: Assets/Synty/PolygonApocalypse/Prefabs/Environment/SM_Env_GrassBlob_04.prefab
  artifactKey: Guid(6704b7a81d68fd141a062518fcf5eba9) Importer(815301076,1909f56bfc062723c751e8b465ee728b)
Start importing Assets/Synty/PolygonApocalypse/Prefabs/Environment/SM_Env_GrassBlob_04.prefab using Guid(6704b7a81d68fd141a062518fcf5eba9) Importer(815301076,1909f56bfc062723c751e8b465ee728b) (PreviewImporter) -> (artifact id: '9b64d7939e7830c6b042097fd4ccc401') in 0.0440155 seconds
Number of updated asset objects reloaded before import = 0Number of asset objects unloaded after import = 16

========================================================================
Received Import Request.
  Time since last request: 0.074080 seconds.
  path: Assets/Synty/PolygonApocalypse/Prefabs/Environment/SM_Env_GrassBlob_10.prefab
  artifactKey: Guid(b750b0626b7202b4e9d3916ddaeacf0b) Importer(815301076,1909f56bfc062723c751e8b465ee728b)
Start importing Assets/Synty/PolygonApocalypse/Prefabs/Environment/SM_Env_GrassBlob_10.prefab using Guid(b750b0626b7202b4e9d3916ddaeacf0b) Importer(815301076,1909f56bfc062723c751e8b465ee728b) (PreviewImporter) -> (artifact id: 'cd00480816d646b47a36e05f005e4e5a') in 0.0335924 seconds
Number of updated asset objects reloaded before import = 0Number of asset objects unloaded after import = 16

========================================================================
Received Import Request.
  Time since last request: 0.000021 seconds.
  path: Assets/Synty/PolygonApocalypse/Prefabs/Environment/SM_Env_GrassBlob_14.prefab
  artifactKey: Guid(a5dfe766a03cbd040b799accd47a3fdb) Importer(815301076,1909f56bfc062723c751e8b465ee728b)
Start importing Assets/Synty/PolygonApocalypse/Prefabs/Environment/SM_Env_GrassBlob_14.prefab using Guid(a5dfe766a03cbd040b799accd47a3fdb) Importer(815301076,1909f56bfc062723c751e8b465ee728b) (PreviewImporter) -> (artifact id: 'c022cd75c4f75b2c243fe3cbfcf7d64b') in 0.0338695 seconds
Number of updated asset objects reloaded before import = 0Number of asset objects unloaded after import = 16

========================================================================
Received Import Request.
  Time since last request: 0.351300 seconds.
  path: Assets/Synty/PolygonApocalypse/Prefabs/Environment/SM_Env_GroundLeaves_02.prefab
  artifactKey: Guid(722d0a7e731042a45a948ee12058e3a6) Importer(815301076,1909f56bfc062723c751e8b465ee728b)
Start importing Assets/Synty/PolygonApocalypse/Prefabs/Environment/SM_Env_GroundLeaves_02.prefab using Guid(722d0a7e731042a45a948ee12058e3a6) Importer(815301076,1909f56bfc062723c751e8b465ee728b) (PreviewImporter) -> (artifact id: 'a090701c1e554a6ad7271354bcd380ad') in 0.0334211 seconds
Number of updated asset objects reloaded before import = 0Number of asset objects unloaded after import = 16

========================================================================
Received Import Request.
  Time since last request: 0.000030 seconds.
  path: Assets/Synty/PolygonApocalypse/Prefabs/Environment/SM_Env_Motorway_Bridge_Middle_01.prefab
  artifactKey: Guid(297c2ac1b38d2724593e27faeaafcca5) Importer(815301076,1909f56bfc062723c751e8b465ee728b)
Start importing Assets/Synty/PolygonApocalypse/Prefabs/Environment/SM_Env_Motorway_Bridge_Middle_01.prefab using Guid(297c2ac1b38d2724593e27faeaafcca5) Importer(815301076,1909f56bfc062723c751e8b465ee728b) (PreviewImporter) -> (artifact id: '427e7c370b7e1ecc83f6e3afea639f0c') in 0.0394206 seconds
Number of updated asset objects reloaded before import = 0Number of asset objects unloaded after import = 14

========================================================================
Received Import Request.
  Time since last request: 0.000031 seconds.
  path: Assets/Synty/PolygonApocalypse/Prefabs/Environment/SM_Env_Motorway_Middle_01.prefab
  artifactKey: Guid(91b0b22ee842234428f33c3997e8d783) Importer(815301076,1909f56bfc062723c751e8b465ee728b)
Start importing Assets/Synty/PolygonApocalypse/Prefabs/Environment/SM_Env_Motorway_Middle_01.prefab using Guid(91b0b22ee842234428f33c3997e8d783) Importer(815301076,1909f56bfc062723c751e8b465ee728b) (PreviewImporter) -> (artifact id: '9692c480d021b348e4e3ffc6d52db642') in 0.0326949 seconds
Number of updated asset objects reloaded before import = 0Number of asset objects unloaded after import = 16

========================================================================
Received Import Request.
  Time since last request: 4.662243 seconds.
  path: Assets/Synty/PolygonApocalypse/Prefabs/Environment/SM_Env_Motorway_Middle_Destroyed_02.prefab
  artifactKey: Guid(387b0e0bb10e273469a3fb4e65bb2ad0) Importer(815301076,1909f56bfc062723c751e8b465ee728b)
Start importing Assets/Synty/PolygonApocalypse/Prefabs/Environment/SM_Env_Motorway_Middle_Destroyed_02.prefab using Guid(387b0e0bb10e273469a3fb4e65bb2ad0) Importer(815301076,1909f56bfc062723c751e8b465ee728b) (PreviewImporter) -> (artifact id: '9cead7f8c91e58806608a8f23314ae7c') in 0.0322287 seconds
Number of updated asset objects reloaded before import = 0Number of asset objects unloaded after import = 16

========================================================================
Received Import Request.
  Time since last request: 0.234839 seconds.
  path: Assets/Synty/PolygonApocalypse/Prefabs/Environment/SM_Env_Motorway_Ramp_Edge_Destroyed_04.prefab
  artifactKey: Guid(7f422617fd17c5e4f976c43511433695) Importer(815301076,1909f56bfc062723c751e8b465ee728b)
Start importing Assets/Synty/PolygonApocalypse/Prefabs/Environment/SM_Env_Motorway_Ramp_Edge_Destroyed_04.prefab using Guid(7f422617fd17c5e4f976c43511433695) Importer(815301076,1909f56bfc062723c751e8b465ee728b) (PreviewImporter) -> (artifact id: '5cb417a1972a7fecd4c22a9bcb23ec63') in 0.0252772 seconds
Number of updated asset objects reloaded before import = 0Number of asset objects unloaded after import = 16

========================================================================
Received Import Request.
  Time since last request: 0.000021 seconds.
  path: Assets/Synty/PolygonApocalypse/Prefabs/Environment/SM_Env_Motorway_Ramp_Middle_Destroyed_02.prefab
  artifactKey: Guid(88fecde5a7789ef4da8cca1f74626787) Importer(815301076,1909f56bfc062723c751e8b465ee728b)
Start importing Assets/Synty/PolygonApocalypse/Prefabs/Environment/SM_Env_Motorway_Ramp_Middle_Destroyed_02.prefab using Guid(88fecde5a7789ef4da8cca1f74626787) Importer(815301076,1909f56bfc062723c751e8b465ee728b) (PreviewImporter) -> (artifact id: '1f7779fc7c64d3e26740aa754a0a92ef') in 0.0312617 seconds
Number of updated asset objects reloaded before import = 0Number of asset objects unloaded after import = 16

========================================================================
Received Import Request.
  Time since last request: 0.000030 seconds.
  path: Assets/Synty/PolygonApocalypse/Prefabs/Environment/SM_Env_Motorway_Tunnel_Middle_02.prefab
  artifactKey: Guid(332f273da5105c1418f50a00b6cc3559) Importer(815301076,1909f56bfc062723c751e8b465ee728b)
Start importing Assets/Synty/PolygonApocalypse/Prefabs/Environment/SM_Env_Motorway_Tunnel_Middle_02.prefab using Guid(332f273da5105c1418f50a00b6cc3559) Importer(815301076,1909f56bfc062723c751e8b465ee728b) (PreviewImporter) -> (artifact id: '7838870de079b10d38a13843813bc92e') in 0.0293601 seconds
Number of updated asset objects reloaded before import = 0Number of asset objects unloaded after import = 16

========================================================================
Received Import Request.
  Time since last request: 0.000022 seconds.
  path: Assets/Synty/PolygonApocalypse/Prefabs/Environment/SM_Env_Motorway_Tunnel_Edge_01.prefab
  artifactKey: Guid(71cbb099c00fd8e48b470d80e75fef04) Importer(815301076,1909f56bfc062723c751e8b465ee728b)
Start importing Assets/Synty/PolygonApocalypse/Prefabs/Environment/SM_Env_Motorway_Tunnel_Edge_01.prefab using Guid(71cbb099c00fd8e48b470d80e75fef04) Importer(815301076,1909f56bfc062723c751e8b465ee728b) (PreviewImporter) -> (artifact id: 'c784d14b1f23aa618afc4be969a091d6') in 0.028877 seconds
Number of updated asset objects reloaded before import = 0Number of asset objects unloaded after import = 14

========================================================================
Received Import Request.
  Time since last request: 0.658532 seconds.
  path: Assets/Synty/PolygonApocalypse/Prefabs/Environment/SM_Env_Overgrowth_04.prefab
  artifactKey: Guid(d98ad58f4489e7f42a88d597bbb6f56b) Importer(815301076,1909f56bfc062723c751e8b465ee728b)
Start importing Assets/Synty/PolygonApocalypse/Prefabs/Environment/SM_Env_Overgrowth_04.prefab using Guid(d98ad58f4489e7f42a88d597bbb6f56b) Importer(815301076,1909f56bfc062723c751e8b465ee728b) (PreviewImporter) -> (artifact id: 'b564ab9fae5acd70d8fabbe7b118b8f8') in 0.0362151 seconds
Number of updated asset objects reloaded before import = 0Number of asset objects unloaded after import = 18

========================================================================
Received Import Request.
  Time since last request: 0.000027 seconds.
  path: Assets/Synty/PolygonApocalypse/Prefabs/Environment/SM_Env_Overgrowth_08.prefab
  artifactKey: Guid(e8d4338e08164ef4da3904ce87ebad22) Importer(815301076,1909f56bfc062723c751e8b465ee728b)
Start importing Assets/Synty/PolygonApocalypse/Prefabs/Environment/SM_Env_Overgrowth_08.prefab using Guid(e8d4338e08164ef4da3904ce87ebad22) Importer(815301076,1909f56bfc062723c751e8b465ee728b) (PreviewImporter) -> (artifact id: '4d45dd29a30b4c79084e01e43facdde8') in 0.0324977 seconds
Number of updated asset objects reloaded before import = 0Number of asset objects unloaded after import = 18

========================================================================
Received Import Request.
  Time since last request: 0.000062 seconds.
  path: Assets/Synty/PolygonApocalypse/Prefabs/Environment/SM_Env_Overgrowth_Edge_02.prefab
  artifactKey: Guid(2a61a04a8877508498a18b963fe5afd6) Importer(815301076,1909f56bfc062723c751e8b465ee728b)
Start importing Assets/Synty/PolygonApocalypse/Prefabs/Environment/SM_Env_Overgrowth_Edge_02.prefab using Guid(2a61a04a8877508498a18b963fe5afd6) Importer(815301076,1909f56bfc062723c751e8b465ee728b) (PreviewImporter) -> (artifact id: '3bbfcebf75ed1de4c6f8a140d293c5a5') in 0.0325606 seconds
Number of updated asset objects reloaded before import = 0Number of asset objects unloaded after import = 18

========================================================================
Received Import Request.
  Time since last request: 0.200273 seconds.
  path: Assets/Synty/PolygonApocalypse/Prefabs/Environment/SM_Env_Overgrowth_Wall_02.prefab
  artifactKey: Guid(60b76a1e66df74242b63a79d6a4fbb8c) Importer(815301076,1909f56bfc062723c751e8b465ee728b)
Start importing Assets/Synty/PolygonApocalypse/Prefabs/Environment/SM_Env_Overgrowth_Wall_02.prefab using Guid(60b76a1e66df74242b63a79d6a4fbb8c) Importer(815301076,1909f56bfc062723c751e8b465ee728b) (PreviewImporter) -> (artifact id: 'fbb570fcaff02f93198059227675366d') in 0.0209949 seconds
Number of updated asset objects reloaded before import = 0Number of asset objects unloaded after import = 14

========================================================================
Received Import Request.
  Time since last request: 0.000023 seconds.
  path: Assets/Synty/PolygonApocalypse/Prefabs/Environment/SM_Env_Path_DoorLeft_01.prefab
  artifactKey: Guid(eb3e6a0d0d4403f419d83c25b80549fb) Importer(815301076,1909f56bfc062723c751e8b465ee728b)
Start importing Assets/Synty/PolygonApocalypse/Prefabs/Environment/SM_Env_Path_DoorLeft_01.prefab using Guid(eb3e6a0d0d4403f419d83c25b80549fb) Importer(815301076,1909f56bfc062723c751e8b465ee728b) (PreviewImporter) -> (artifact id: '840fd6ad5724483891be23eba3efcdb2') in 0.0337038 seconds
Number of updated asset objects reloaded before import = 0Number of asset objects unloaded after import = 17

========================================================================
Received Import Request.
  Time since last request: 20.584713 seconds.
  path: Assets/Synty/PolygonApocalypse/Prefabs/Environment/SM_Env_Rock_02.prefab
  artifactKey: Guid(8d16041c0d131c94fa77f8401777777f) Importer(815301076,1909f56bfc062723c751e8b465ee728b)
Start importing Assets/Synty/PolygonApocalypse/Prefabs/Environment/SM_Env_Rock_02.prefab using Guid(8d16041c0d131c94fa77f8401777777f) Importer(815301076,1909f56bfc062723c751e8b465ee728b) (PreviewImporter) -> (artifact id: '7658acd33601a41b9c4a1345645dfaf9') in 0.0314083 seconds
Number of updated asset objects reloaded before import = 0Number of asset objects unloaded after import = 17

========================================================================
Received Import Request.
  Time since last request: 0.703293 seconds.
  path: Assets/Synty/PolygonApocalypse/Prefabs/Environment/SM_Env_Rubble_Pebbles_02.prefab
  artifactKey: Guid(c465048b721e4b64e8c58cd9a1d79b7f) Importer(815301076,1909f56bfc062723c751e8b465ee728b)
Start importing Assets/Synty/PolygonApocalypse/Prefabs/Environment/SM_Env_Rubble_Pebbles_02.prefab using Guid(c465048b721e4b64e8c58cd9a1d79b7f) Importer(815301076,1909f56bfc062723c751e8b465ee728b) (PreviewImporter) -> (artifact id: 'd986a068480628252428b533c518bfbb') in 0.0325037 seconds
Number of updated asset objects reloaded before import = 0Number of asset objects unloaded after import = 16

========================================================================
Received Import Request.
  Time since last request: 0.000027 seconds.
  path: Assets/Synty/PolygonApocalypse/Prefabs/Environment/SM_Env_Sidewalk_Construction_01.prefab
  artifactKey: Guid(d9b4b22f2fde04a45bc2adf19a83f347) Importer(815301076,1909f56bfc062723c751e8b465ee728b)
Start importing Assets/Synty/PolygonApocalypse/Prefabs/Environment/SM_Env_Sidewalk_Construction_01.prefab using Guid(d9b4b22f2fde04a45bc2adf19a83f347) Importer(815301076,1909f56bfc062723c751e8b465ee728b) (PreviewImporter) -> (artifact id: '7d8638e399404112db876f2a96f7103e') in 0.0334874 seconds
Number of updated asset objects reloaded before import = 0Number of asset objects unloaded after import = 16

========================================================================
Received Import Request.
  Time since last request: 0.439543 seconds.
  path: Assets/Synty/PolygonApocalypse/Prefabs/Environment/SM_Env_Sidewalk_Corner_04.prefab
  artifactKey: Guid(e1f70d0b300a7ef41ab1b5dffa5bc6e2) Importer(815301076,1909f56bfc062723c751e8b465ee728b)
Start importing Assets/Synty/PolygonApocalypse/Prefabs/Environment/SM_Env_Sidewalk_Corner_04.prefab using Guid(e1f70d0b300a7ef41ab1b5dffa5bc6e2) Importer(815301076,1909f56bfc062723c751e8b465ee728b) (PreviewImporter) -> (artifact id: '3dd0ed0461f68a3a707211a6595a0089') in 0.0440559 seconds
Number of updated asset objects reloaded before import = 0Number of asset objects unloaded after import = 19

========================================================================
Received Import Request.
  Time since last request: 0.000027 seconds.
  path: Assets/Synty/PolygonApocalypse/Prefabs/Environment/SM_Env_Sidewalk_Corner_09.prefab
  artifactKey: Guid(1692a9d7ba1d27143872bb54fae1a97d) Importer(815301076,1909f56bfc062723c751e8b465ee728b)
Start importing Assets/Synty/PolygonApocalypse/Prefabs/Environment/SM_Env_Sidewalk_Corner_09.prefab using Guid(1692a9d7ba1d27143872bb54fae1a97d) Importer(815301076,1909f56bfc062723c751e8b465ee728b) (PreviewImporter) -> (artifact id: '36e629aed300e00dc9028e62e2c62e7d') in 0.0380385 seconds
Number of updated asset objects reloaded before import = 0Number of asset objects unloaded after import = 19

========================================================================
Received Import Request.
  Time since last request: 87.596105 seconds.
  path: Assets/Synty/PolygonApocalypse/Prefabs/Environment/SM_Env_StormCanal_Bridge_Pillar_01.prefab
  artifactKey: Guid(18512a19d514c1e448cadb4ac410f327) Importer(815301076,1909f56bfc062723c751e8b465ee728b)
Start importing Assets/Synty/PolygonApocalypse/Prefabs/Environment/SM_Env_StormCanal_Bridge_Pillar_01.prefab using Guid(18512a19d514c1e448cadb4ac410f327) Importer(815301076,1909f56bfc062723c751e8b465ee728b) (PreviewImporter) -> (artifact id: '4b6829085bf877a28a7381492972b999') in 0.0388152 seconds
Number of updated asset objects reloaded before import = 0Number of asset objects unloaded after import = 18

========================================================================
Received Import Request.
  Time since last request: 0.000025 seconds.
  path: Assets/Synty/PolygonApocalypse/Prefabs/Environment/SM_Env_StormCanal_Corner_01.prefab
  artifactKey: Guid(c91a5637383cc174195546c2b6e1a6cd) Importer(815301076,1909f56bfc062723c751e8b465ee728b)
Start importing Assets/Synty/PolygonApocalypse/Prefabs/Environment/SM_Env_StormCanal_Corner_01.prefab using Guid(c91a5637383cc174195546c2b6e1a6cd) Importer(815301076,1909f56bfc062723c751e8b465ee728b) (PreviewImporter) -> (artifact id: 'f36a79bef2de858c0bfcae4c3bc8d4fb') in 0.0406658 seconds
Number of updated asset objects reloaded before import = 0Number of asset objects unloaded after import = 18

========================================================================
Received Import Request.
  Time since last request: 0.000021 seconds.
  path: Assets/Synty/PolygonApocalypse/Prefabs/Environment/SM_Env_StormCanal_Flat_01.prefab
  artifactKey: Guid(bd43e5eb75d5d0e40bfdbe5ccf25168a) Importer(815301076,1909f56bfc062723c751e8b465ee728b)
Start importing Assets/Synty/PolygonApocalypse/Prefabs/Environment/SM_Env_StormCanal_Flat_01.prefab using Guid(bd43e5eb75d5d0e40bfdbe5ccf25168a) Importer(815301076,1909f56bfc062723c751e8b465ee728b) (PreviewImporter) -> (artifact id: 'edb1b65ac9ca71e105d72b5fa6275671') in 0.039416 seconds
Number of updated asset objects reloaded before import = 0Number of asset objects unloaded after import = 18

========================================================================
Received Import Request.
  Time since last request: 0.000026 seconds.
  path: Assets/Synty/PolygonApocalypse/Prefabs/Environment/SM_Env_StormCanal_Corner_Concave_01.prefab
  artifactKey: Guid(d69b252a1b1fa4e4bb24dce2aea75517) Importer(815301076,1909f56bfc062723c751e8b465ee728b)
Start importing Assets/Synty/PolygonApocalypse/Prefabs/Environment/SM_Env_StormCanal_Corner_Concave_01.prefab using Guid(d69b252a1b1fa4e4bb24dce2aea75517) Importer(815301076,1909f56bfc062723c751e8b465ee728b) (PreviewImporter) -> (artifact id: '21d2793bd193a98a9624a905e6a47119') in 0.0404116 seconds
Number of updated asset objects reloaded before import = 0Number of asset objects unloaded after import = 18

========================================================================
Received Import Request.
  Time since last request: 12.515542 seconds.
  path: Assets/Synty/PolygonApocalypse/Prefabs/Environment/SM_Env_StormCanal_Floor_01.prefab
  artifactKey: Guid(928ff94414377154b96543bbbe91ff6b) Importer(815301076,1909f56bfc062723c751e8b465ee728b)
Start importing Assets/Synty/PolygonApocalypse/Prefabs/Environment/SM_Env_StormCanal_Floor_01.prefab using Guid(928ff94414377154b96543bbbe91ff6b) Importer(815301076,1909f56bfc062723c751e8b465ee728b) (PreviewImporter) -> (artifact id: '3554169858ed9fc9fe80aeb1d293fc4b') in 0.0313941 seconds
Number of updated asset objects reloaded before import = 0Number of asset objects unloaded after import = 18

========================================================================
Received Import Request.
  Time since last request: 0.040847 seconds.
  path: Assets/Synty/PolygonApocalypse/Prefabs/Environment/SM_Env_StormCanal_Floor_05.prefab
  artifactKey: Guid(36211502d8a5df045a05573a44bee5da) Importer(815301076,1909f56bfc062723c751e8b465ee728b)
Start importing Assets/Synty/PolygonApocalypse/Prefabs/Environment/SM_Env_StormCanal_Floor_05.prefab using Guid(36211502d8a5df045a05573a44bee5da) Importer(815301076,1909f56bfc062723c751e8b465ee728b) (PreviewImporter) -> (artifact id: '3dcee0f476f12deea94ee2212f448be0') in 0.028929 seconds
Number of updated asset objects reloaded before import = 0Number of asset objects unloaded after import = 18

========================================================================
Received Import Request.
  Time since last request: 0.000025 seconds.
  path: Assets/Synty/PolygonApocalypse/Prefabs/Environment/SM_Env_StormCanal_Pipe_01.prefab
  artifactKey: Guid(4f98bba6ef5b4c84ab8c9c3f26da531d) Importer(815301076,1909f56bfc062723c751e8b465ee728b)
Start importing Assets/Synty/PolygonApocalypse/Prefabs/Environment/SM_Env_StormCanal_Pipe_01.prefab using Guid(4f98bba6ef5b4c84ab8c9c3f26da531d) Importer(815301076,1909f56bfc062723c751e8b465ee728b) (PreviewImporter) -> (artifact id: '1e262fd5a69eb31f42de418fc5c12736') in 0.0294296 seconds
Number of updated asset objects reloaded before import = 0Number of asset objects unloaded after import = 18

========================================================================
Received Import Request.
  Time since last request: 3.290088 seconds.
  path: Assets/Synty/PolygonApocalypse/Prefabs/Environment/SM_Env_StormCanal_Pipe_End_01.prefab
  artifactKey: Guid(46166b0089a8f4c4294c397bdb2e9eb9) Importer(815301076,1909f56bfc062723c751e8b465ee728b)
Start importing Assets/Synty/PolygonApocalypse/Prefabs/Environment/SM_Env_StormCanal_Pipe_End_01.prefab using Guid(46166b0089a8f4c4294c397bdb2e9eb9) Importer(815301076,1909f56bfc062723c751e8b465ee728b) (PreviewImporter) -> (artifact id: 'c4b9253efa0d50f39cb5a2bf10c3a972') in 0.0612293 seconds
Number of updated asset objects reloaded before import = 0Number of asset objects unloaded after import = 18

========================================================================
Received Import Request.
  Time since last request: 0.000027 seconds.
  path: Assets/Synty/PolygonApocalypse/Prefabs/Environment/SM_Env_StormCanal_Straight_01.prefab
  artifactKey: Guid(1ca58549e822d3a48a4ce50680c06085) Importer(815301076,1909f56bfc062723c751e8b465ee728b)
Start importing Assets/Synty/PolygonApocalypse/Prefabs/Environment/SM_Env_StormCanal_Straight_01.prefab using Guid(1ca58549e822d3a48a4ce50680c06085) Importer(815301076,1909f56bfc062723c751e8b465ee728b) (PreviewImporter) -> (artifact id: '5f2feaa7064cb3af9e2cd5fea523b4e0') in 0.0756995 seconds
Number of updated asset objects reloaded before import = 0Number of asset objects unloaded after import = 18

========================================================================
Received Import Request.
  Time since last request: 0.000031 seconds.
  path: Assets/Synty/PolygonApocalypse/Prefabs/Environment/SM_Env_StormCanal_Straight_Dipped_02.prefab
  artifactKey: Guid(e7612faa71f6b7344bb15c5b0d7d0a2e) Importer(815301076,1909f56bfc062723c751e8b465ee728b)
Start importing Assets/Synty/PolygonApocalypse/Prefabs/Environment/SM_Env_StormCanal_Straight_Dipped_02.prefab using Guid(e7612faa71f6b7344bb15c5b0d7d0a2e) Importer(815301076,1909f56bfc062723c751e8b465ee728b) (PreviewImporter) -> (artifact id: 'c0a903dca08a5d952e56926dbfed02af') in 0.0745523 seconds
Number of updated asset objects reloaded before import = 0Number of asset objects unloaded after import = 18

========================================================================
Received Import Request.
  Time since last request: 0.000052 seconds.
  path: Assets/Synty/PolygonApocalypse/Prefabs/Environment/SM_Env_Tree_02.prefab
  artifactKey: Guid(3c8004c3271066f45af38964f5903be0) Importer(815301076,1909f56bfc062723c751e8b465ee728b)
Start importing Assets/Synty/PolygonApocalypse/Prefabs/Environment/SM_Env_Tree_02.prefab using Guid(3c8004c3271066f45af38964f5903be0) Importer(815301076,1909f56bfc062723c751e8b465ee728b) (PreviewImporter) -> (artifact id: '4f95df9767c7ca5c7d2f5891d36ea778') in 0.0726931 seconds
Number of updated asset objects reloaded before import = 0Number of asset objects unloaded after import = 17

========================================================================
Received Import Request.
  Time since last request: 0.075700 seconds.
  path: Assets/Synty/PolygonApocalypse/Prefabs/Environment/SM_Env_Tree_Cluster_01.prefab
  artifactKey: Guid(b6c3f8a0e79824d49be355cbf52aad27) Importer(815301076,1909f56bfc062723c751e8b465ee728b)
Start importing Assets/Synty/PolygonApocalypse/Prefabs/Environment/SM_Env_Tree_Cluster_01.prefab using Guid(b6c3f8a0e79824d49be355cbf52aad27) Importer(815301076,1909f56bfc062723c751e8b465ee728b) (PreviewImporter) -> (artifact id: '53194038d90561cfbc28ed04ce0661ec') in 0.0788281 seconds
Number of updated asset objects reloaded before import = 0Number of asset objects unloaded after import = 18

========================================================================
Received Import Request.
  Time since last request: 0.238218 seconds.
  path: Assets/Synty/PolygonApocalypse/Prefabs/Environment/SM_Env_Tree_Dead_02.prefab
  artifactKey: Guid(2c6eea56361198e4e99317e1f87c7a3d) Importer(815301076,1909f56bfc062723c751e8b465ee728b)
Start importing Assets/Synty/PolygonApocalypse/Prefabs/Environment/SM_Env_Tree_Dead_02.prefab using Guid(2c6eea56361198e4e99317e1f87c7a3d) Importer(815301076,1909f56bfc062723c751e8b465ee728b) (PreviewImporter) -> (artifact id: 'b17fda1463b38449d76c6962c23446f0') in 0.0342241 seconds
Number of updated asset objects reloaded before import = 0Number of asset objects unloaded after import = 17

========================================================================
Received Import Request.
  Time since last request: 0.000023 seconds.
  path: Assets/Synty/PolygonApocalypse/Prefabs/Environment/SM_Env_Tree_Large_02.prefab
  artifactKey: Guid(6b984089a130a3948bd007f1b60a3c6f) Importer(815301076,1909f56bfc062723c751e8b465ee728b)
Start importing Assets/Synty/PolygonApocalypse/Prefabs/Environment/SM_Env_Tree_Large_02.prefab using Guid(6b984089a130a3948bd007f1b60a3c6f) Importer(815301076,1909f56bfc062723c751e8b465ee728b) (PreviewImporter) -> (artifact id: '40b8ed25ab02eba390a1be4ea02c3065') in 0.0350074 seconds
Number of updated asset objects reloaded before import = 0Number of asset objects unloaded after import = 17

========================================================================
Received Import Request.
  Time since last request: 0.000022 seconds.
  path: Assets/Synty/PolygonApocalypse/Prefabs/Environment/SM_Env_Tree_Pine_Cluster_02.prefab
  artifactKey: Guid(d42b843afd2b9b04593e36b99fe6ad3b) Importer(815301076,1909f56bfc062723c751e8b465ee728b)
Start importing Assets/Synty/PolygonApocalypse/Prefabs/Environment/SM_Env_Tree_Pine_Cluster_02.prefab using Guid(d42b843afd2b9b04593e36b99fe6ad3b) Importer(815301076,1909f56bfc062723c751e8b465ee728b) (PreviewImporter) -> (artifact id: 'a91c4555572e1a3b87883e9edfde1366') in 0.0349107 seconds
Number of updated asset objects reloaded before import = 0Number of asset objects unloaded after import = 18

========================================================================
Received Import Request.
  Time since last request: 0.000024 seconds.
  path: Assets/Synty/PolygonApocalypse/Prefabs/Environment/SM_Env_Tree_Pine_Tall_02.prefab
  artifactKey: Guid(39e5bd43ce65e3940a694c93b2545863) Importer(815301076,1909f56bfc062723c751e8b465ee728b)
Start importing Assets/Synty/PolygonApocalypse/Prefabs/Environment/SM_Env_Tree_Pine_Tall_02.prefab using Guid(39e5bd43ce65e3940a694c93b2545863) Importer(815301076,1909f56bfc062723c751e8b465ee728b) (PreviewImporter) -> (artifact id: 'f08780cc74a5b3ea5a34e57b190898e5') in 0.032733 seconds
Number of updated asset objects reloaded before import = 0Number of asset objects unloaded after import = 17

Editor requested this worker to shutdown with reason: Scaling down because of idle timeout
AssetImportWorker is now disconnected from the server
Process exiting
Exiting without the bug reporter. Application will terminate with return code 0