[Licensing::Module] Trying to connect to existing licensing client channel...
Built from '6000.3/staging' branch; Version is '6000.3.13f1 (8c4f11e4fb20) revision 9195281'; Using compiler version '194234433'; Build Type 'Release'
OS: 'Windows 11  (10.0.26200) Core' Language: 'en' Physical Memory: 32347 MB
[Licensing::IpcConnector] Successfully connected to: "LicenseClient-zieli" at "2026-04-21T22:59:25.366342Z"
BatchMode: 1, IsHumanControllingUs: 0, StartBugReporterOnCrash: 0, Is64bit: 1
System  architecture: x64
Process architecture: x64
Date: 2026-04-21T22:59:25Z

COMMAND LINE ARGUMENTS:
C:\Program Files\Unity\Hub\Editor\6000.3.13f1\Editor\Unity.exe
-adb2
-batchMode
-noUpm
-name
AssetImportWorker33
-projectPath
C:/Game Development/DisasterDiner
-logFile
Logs/AssetImportWorker33.log
-srvPort
60058
-licensingIpc
LicenseClient-zieli
-job-worker-count
7
-background-job-worker-count
8
-gc-helper-count
1
-name
AssetImport
Successfully changed project path to: C:/Game Development/DisasterDiner
C:/Game Development/DisasterDiner
[UnityMemory] Configuration Parameters - Can be set up in boot.config
    "memorysetup-temp-allocator-size-nav-mesh-worker=65536"
    "memorysetup-temp-allocator-size-audio-worker=65536"
    "memorysetup-temp-allocator-size-gfx=262144"
    "memorysetup-allocator-temp-initial-block-size-main=262144"
    "memorysetup-allocator-temp-initial-block-size-worker=262144"
    "memorysetup-temp-allocator-size-background-worker=32768"
    "memorysetup-temp-allocator-size-job-worker=262144"
    "memorysetup-temp-allocator-size-preload-manager=33554432"
    "memorysetup-temp-allocator-size-gi-baking-worker=262144"
    "memorysetup-temp-allocator-size-gi-baking-worker=262144"
    "memorysetup-temp-allocator-size-gi-baking-worker=262144"
    "memorysetup-temp-allocator-size-gi-baking-worker=262144"
    "memorysetup-temp-allocator-size-gi-baking-worker=262144"
    "memorysetup-bucket-allocator-granularity=16"
    "memorysetup-bucket-allocator-bucket-count=8"
    "memorysetup-bucket-allocator-block-size=33554432"
    "memorysetup-bucket-allocator-block-count=8"
    "memorysetup-main-allocator-block-size=16777216"
    "memorysetup-thread-allocator-block-size=16777216"
    "memorysetup-gfx-main-allocator-block-size=16777216"
    "memorysetup-gfx-thread-allocator-block-size=16777216"
    "memorysetup-cache-allocator-block-size=4194304"
    "memorysetup-typetree-allocator-block-size=2097152"
    "memorysetup-profiler-bucket-allocator-granularity=16"
    "memorysetup-profiler-bucket-allocator-bucket-count=8"
    "memorysetup-profiler-bucket-allocator-block-size=33554432"
    "memorysetup-profiler-bucket-allocator-block-count=8"
    "memorysetup-profiler-allocator-block-size=16777216"
    "memorysetup-profiler-editor-allocator-block-size=1048576"
    "memorysetup-temp-allocator-size-main=16777216"
    "memorysetup-job-temp-allocator-block-size=2097152"
    "memorysetup-job-temp-allocator-block-size-background=1048576"
    "memorysetup-job-temp-allocator-reduction-small-platforms=262144"
    "memorysetup-temp-allocator-size-cloud-worker=32768"
Player connection [40452]  Target information:

Player connection [40452]  * "[IP] 192.168.86.22 [Port] 0 [Flags] 2 [Guid] 1895669133 [EditorId] 1895669133 [Version] 1048832 [Id] WindowsEditor(7,Johns_PC) [Debug] 1 [PackageName] WindowsEditor [ProjectName] Editor" 

Player connection [40452] Host joined multi-casting on [225.0.0.222:54997]...
Player connection [40452] Host joined alternative multi-casting on [225.0.0.222:34997]...
JobSystem: Creating JobQueue using job-worker-count value 7
Input System module state changed to: Initialized.
[Physics::Module] Initialized fallback backend.
[Physics::Module] Id: 0xdecafbad
Library Redirect Path: Library/
[Physics::Module] Selected backend.
[Physics::Module] Name: PhysX
[Physics::Module] Id: 0xf2b8ea05
[Physics::Module] SDK Version: 4.1.2
[Physics::Module] Integration Version: 1.0.0
[Physics::Module] Threading Mode: Multi-Threaded
Refreshing native plugins compatible for Editor in 2.70 ms, found 4 plugins.
Preloading 0 native plugins for Editor in 0.00 ms.
Initialize engine version: 6000.3.13f1 (8c4f11e4fb20)
[Subsystems] Discovering subsystems at path C:/Program Files/Unity/Hub/Editor/6000.3.13f1/Editor/Data/Resources/UnitySubsystems
[Subsystems] Discovering subsystems at path C:/Game Development/DisasterDiner/Assets
GfxDevice: creating device client; kGfxThreadingModeNonThreaded
Direct3D:
    Version:  Direct3D 11.0 [level 11.1]
    Renderer: NVIDIA GeForce RTX 4070 SUPER (ID=0x2783)
    Vendor:   NVIDIA
    VRAM:     11999 MB
    Driver:   32.0.15.8157
Initialize mono
Mono path[0] = 'C:/Program Files/Unity/Hub/Editor/6000.3.13f1/Editor/Data/Managed'
Mono path[1] = 'C:/Program Files/Unity/Hub/Editor/6000.3.13f1/Editor/Data/MonoBleedingEdge/lib/mono/unityjit-win32'
Mono config path = 'C:/Program Files/Unity/Hub/Editor/6000.3.13f1/Editor/Data/MonoBleedingEdge/etc'
Using monoOptions --debugger-agent=transport=dt_socket,embedding=1,server=y,suspend=n,address=127.0.0.1:56448
Begin MonoManager ReloadAssembly
Registering precompiled unity dll's ...
Register platform support module: C:/Program Files/Unity/Hub/Editor/6000.3.13f1/Editor/Data/PlaybackEngines/WindowsStandaloneSupport/UnityEditor.WindowsStandalone.Extensions.dll
Registered in 0.001394 seconds.
- Loaded All Assemblies, in  0.317 seconds
[Licensing::Client] Error: HandshakeResponse reported an error:
	ResponseCode: 505
	ResponseStatus: Unsupported protocol version '1.18.1'.
[Licensing::Module] Error: Failed to handshake to channel: "LicenseClient-zieli"
[Licensing::IpcConnector] LicenseClient-zieli channel disconnected successfully.
[Licensing::IpcConnector] Successfully connected to: "LicenseClient-zieli-6000.3.13" at "2026-04-21T22:59:26.2410214Z"
Native extension for WindowsStandalone target not found
Package Manager log level set to [2]
[Package Manager] Failed to launch server process. Reason: Unity was launched with the -noUpm command-line argument
[Package Manager] Unable to send message (not connected to server process).
[Package Manager] Cannot connect to Unity Package Manager local server
ScheduleIndexationOnStartup MainProcess:False IndexOnStartup:True
Mono: successfully reloaded assembly
- Finished resetting the current domain, in  0.327 seconds
Domain Reload Profiling: 642ms
	BeginReloadAssembly (113ms)
		ExecutionOrderSort (0ms)
		DisableScriptedObjects (0ms)
		BackupInstance (0ms)
		ReleaseScriptingObjects (0ms)
		CreateAndSetChildDomain (1ms)
	RebuildCommonClasses (28ms)
	RebuildNativeTypeToScriptingClass (10ms)
	initialDomainReloadingComplete (37ms)
	LoadAllAssembliesAndSetupDomain (127ms)
		LoadAssemblies (109ms)
		RebuildTransferFunctionScriptingTraits (0ms)
		AnalyzeDomain (125ms)
			TypeCache.Refresh (123ms)
				TypeCache.ScanAssembly (113ms)
			BuildScriptInfoCaches (0ms)
			ResolveRequiredComponents (0ms)
	FinalizeReload (327ms)
		ReleaseScriptCaches (0ms)
		RebuildScriptCaches (0ms)
		SetupLoadedEditorAssemblies (288ms)
			LogAssemblyErrors (0ms)
			InitializePlatformSupportModulesInManaged (41ms)
			SetLoadedEditorAssemblies (3ms)
			BeforeProcessingInitializeOnLoad (60ms)
			ProcessInitializeOnLoadAttributes (106ms)
			ProcessInitializeOnLoadMethodAttributes (80ms)
			AfterProcessingInitializeOnLoad (0ms)
			EditorAssembliesLoaded (0ms)
		ExecutionOrderSort2 (0ms)
		AwakeInstancesAfterBackupRestoration (0ms)
========================================================================
Worker process is ready to serve import requests
Import Worker Mode flag is 0x00
Begin MonoManager ReloadAssembly
[Licensing::Module] Licensing is not yet initialized.
[Licensing::Client] Handshaking with LicensingClient:
  Version:                 1.18.1+9fbee8e
  Session Id:              cffcdcb3b29245c2b458511cf2645bce
  Correlation Id:          2b999b7551c4f1abd27547e4a7907d59
  External correlation Id: 8899139527937409247
  Machine Id:              a0OP954qVZmt5azPS5PrvPW5hTY=
[Licensing::Module] Successfully connected to LicensingClient on channel: "LicenseClient-zieli-6000.3.13" (connect: 0.00s, validation: 0.00s, handshake: 0.82s)
[Licensing::IpcConnector] Successfully connected to: "LicenseClient-zieli-6000.3.13-notifications" at "2026-04-21T22:59:27.0613952Z"
[Licensing::Module] Licensing Background thread has ended after 1.70s
[Licensing::Module] Licensing is initialized (took 0.26s).
[Licensing::Client] Successfully resolved entitlement details
[Licensing::Module] License group:
  Id: 2475483376267-UnityPersXXXX
  Product: Unity Personal
  Type: Assigned
  Expiration: Unlimited
- Loaded All Assemblies, in  0.833 seconds
Refreshing native plugins compatible for Editor in 1.25 ms, found 4 plugins.
Native extension for WindowsStandalone target not found
[Package Manager] Failed to launch server process. Reason: Unity was launched with the -noUpm command-line argument
[Package Manager] Unable to send message (not connected to server process).
[Package Manager] Cannot connect to Unity Package Manager local server
Refreshing native plugins compatible for Editor in 1.31 ms, found 4 plugins.
[Package Manager] Failed to launch server process. Reason: Unity was launched with the -noUpm command-line argument
[Package Manager] Unable to send message (not connected to server process).
[Package Manager] Cannot connect to Unity Package Manager local server
ScheduleIndexationOnStartup MainProcess:False IndexOnStartup:True
Mono: successfully reloaded assembly
- Finished resetting the current domain, in  0.560 seconds
Domain Reload Profiling: 1390ms
	BeginReloadAssembly (391ms)
		ExecutionOrderSort (0ms)
		DisableScriptedObjects (4ms)
		BackupInstance (0ms)
		ReleaseScriptingObjects (0ms)
		CreateAndSetChildDomain (25ms)
	RebuildCommonClasses (27ms)
	RebuildNativeTypeToScriptingClass (9ms)
	initialDomainReloadingComplete (31ms)
	LoadAllAssembliesAndSetupDomain (371ms)
		LoadAssemblies (259ms)
		RebuildTransferFunctionScriptingTraits (0ms)
		AnalyzeDomain (182ms)
			TypeCache.Refresh (129ms)
				TypeCache.ScanAssembly (119ms)
			BuildScriptInfoCaches (43ms)
			ResolveRequiredComponents (7ms)
	FinalizeReload (561ms)
		ReleaseScriptCaches (0ms)
		RebuildScriptCaches (0ms)
		SetupLoadedEditorAssemblies (410ms)
			LogAssemblyErrors (0ms)
			InitializePlatformSupportModulesInManaged (1ms)
			SetLoadedEditorAssemblies (2ms)
			BeforeProcessingInitializeOnLoad (103ms)
			ProcessInitializeOnLoadAttributes (253ms)
			ProcessInitializeOnLoadMethodAttributes (46ms)
			AfterProcessingInitializeOnLoad (5ms)
			EditorAssembliesLoaded (0ms)
		ExecutionOrderSort2 (0ms)
		AwakeInstancesAfterBackupRestoration (6ms)
Launched and connected shader compiler UnityShaderCompiler.exe after 0.01 seconds
Refreshing native plugins compatible for Editor in 1.22 ms, found 4 plugins.
Preloading 0 native plugins for Editor in 0.00 ms.
Unloading 16 Unused Serialized files (Serialized files now loaded: 0)
Unloading 6447 unused Assets / (4.1 MB). Loaded Objects now: 7244.
Memory consumption went from 158.7 MB to 154.7 MB.
Total: 6.052400 ms (FindLiveObjects: 0.585200 ms CreateObjectMapping: 0.255600 ms MarkObjects: 3.709200 ms  DeleteObjects: 1.501700 ms)

========================================================================
Received Import Request.
  Time since last request: 5361.062175 seconds.
  path: Assets/Synty/PolygonApocalypse/Models/SM_Wep_Mod_Barrel_05.fbx
  artifactKey: Guid(f87fa4d69d4e5494f83afc7a339c2231) Importer(815301076,1909f56bfc062723c751e8b465ee728b)
Start importing Assets/Synty/PolygonApocalypse/Models/SM_Wep_Mod_Barrel_05.fbx using Guid(f87fa4d69d4e5494f83afc7a339c2231) Importer(815301076,1909f56bfc062723c751e8b465ee728b) (PreviewImporter) -> (artifact id: '1f98ed75372872b66c7d881c62d3274a') in 0.4193893 seconds
Number of updated asset objects reloaded before import = 0Number of asset objects unloaded after import = 7

========================================================================
Received Import Request.
  Time since last request: 0.101466 seconds.
  path: Assets/Synty/PolygonApocalypse/Models/SM_Wep_Mod_Barrel_10.fbx
  artifactKey: Guid(630e51c6d8530584d8a953db80270840) Importer(815301076,1909f56bfc062723c751e8b465ee728b)
Start importing Assets/Synty/PolygonApocalypse/Models/SM_Wep_Mod_Barrel_10.fbx using Guid(630e51c6d8530584d8a953db80270840) Importer(815301076,1909f56bfc062723c751e8b465ee728b) (PreviewImporter) -> (artifact id: '166b585ccda7e06e40cb4612041e6bdf') in 0.0179482 seconds
Number of updated asset objects reloaded before import = 0Number of asset objects unloaded after import = 7

========================================================================
Received Import Request.
  Time since last request: 0.000018 seconds.
  path: Assets/Synty/PolygonApocalypse/Prefabs/Weapons/Modular/SM_Wep_Mod_Barrel_12.prefab
  artifactKey: Guid(0ecb4cb365d5b0a4f9f1d9c55fba18bf) Importer(815301076,1909f56bfc062723c751e8b465ee728b)
Start importing Assets/Synty/PolygonApocalypse/Prefabs/Weapons/Modular/SM_Wep_Mod_Barrel_12.prefab using Guid(0ecb4cb365d5b0a4f9f1d9c55fba18bf) Importer(815301076,1909f56bfc062723c751e8b465ee728b) (PreviewImporter) -> (artifact id: 'f4f472c77656838179519b3824574dfd') in 0.0491589 seconds
Number of updated asset objects reloaded before import = 0Number of asset objects unloaded after import = 16

========================================================================
Received Import Request.
  Time since last request: 1.191118 seconds.
  path: Assets/Synty/PolygonApocalypse/Models/SM_Wep_Mod_Barrel_13.fbx
  artifactKey: Guid(164b488f61cf6eb44845243c602c46d9) Importer(815301076,1909f56bfc062723c751e8b465ee728b)
Start importing Assets/Synty/PolygonApocalypse/Models/SM_Wep_Mod_Barrel_13.fbx using Guid(164b488f61cf6eb44845243c602c46d9) Importer(815301076,1909f56bfc062723c751e8b465ee728b) (PreviewImporter) -> (artifact id: '220e5d8ccce2d5d4b41cfad0db04265f') in 0.0180888 seconds
Number of updated asset objects reloaded before import = 0Number of asset objects unloaded after import = 7

========================================================================
Received Import Request.
  Time since last request: 0.943779 seconds.
  path: Assets/Synty/PolygonApocalypse/Prefabs/Weapons/Modular/SM_Wep_Mod_Barrel_14.prefab
  artifactKey: Guid(ac6f90978e9c3c04b85db2131c44b5ef) Importer(815301076,1909f56bfc062723c751e8b465ee728b)
Start importing Assets/Synty/PolygonApocalypse/Prefabs/Weapons/Modular/SM_Wep_Mod_Barrel_14.prefab using Guid(ac6f90978e9c3c04b85db2131c44b5ef) Importer(815301076,1909f56bfc062723c751e8b465ee728b) (PreviewImporter) -> (artifact id: '96e41e59ed985eddd97fbd6a39ab305a') in 0.0517054 seconds
Number of updated asset objects reloaded before import = 0Number of asset objects unloaded after import = 16

========================================================================
Received Import Request.
  Time since last request: 0.000049 seconds.
  path: Assets/Synty/PolygonApocalypse/Prefabs/Weapons/Modular/SM_Wep_Mod_Barrel_16.prefab
  artifactKey: Guid(399283a9151679848935c9b8bc26375d) Importer(815301076,1909f56bfc062723c751e8b465ee728b)
Start importing Assets/Synty/PolygonApocalypse/Prefabs/Weapons/Modular/SM_Wep_Mod_Barrel_16.prefab using Guid(399283a9151679848935c9b8bc26375d) Importer(815301076,1909f56bfc062723c751e8b465ee728b) (PreviewImporter) -> (artifact id: '40cbfeea8442db0356a1030821596540') in 0.0638538 seconds
Number of updated asset objects reloaded before import = 0Number of asset objects unloaded after import = 16

========================================================================
Received Import Request.
  Time since last request: 0.000036 seconds.
  path: Assets/Synty/PolygonApocalypse/Prefabs/Weapons/Modular/SM_Wep_Mod_Barrel_19.prefab
  artifactKey: Guid(da389183aafebcd4784f707c849b74cc) Importer(815301076,1909f56bfc062723c751e8b465ee728b)
Start importing Assets/Synty/PolygonApocalypse/Prefabs/Weapons/Modular/SM_Wep_Mod_Barrel_19.prefab using Guid(da389183aafebcd4784f707c849b74cc) Importer(815301076,1909f56bfc062723c751e8b465ee728b) (PreviewImporter) -> (artifact id: '6988085ac3e203fb075dc147a31ac382') in 0.0490076 seconds
Number of updated asset objects reloaded before import = 0Number of asset objects unloaded after import = 16

========================================================================
Received Import Request.
  Time since last request: 0.250478 seconds.
  path: Assets/Synty/PolygonApocalypse/Models/SM_Wep_Mod_Barrel_20.fbx
  artifactKey: Guid(9fbccad3271611c42a3abf9579b9e194) Importer(815301076,1909f56bfc062723c751e8b465ee728b)
Start importing Assets/Synty/PolygonApocalypse/Models/SM_Wep_Mod_Barrel_20.fbx using Guid(9fbccad3271611c42a3abf9579b9e194) Importer(815301076,1909f56bfc062723c751e8b465ee728b) (PreviewImporter) -> (artifact id: '4882e26ba5309a1f472d4bd3aacf8020') in 0.0146293 seconds
Number of updated asset objects reloaded before import = 0Number of asset objects unloaded after import = 7

========================================================================
Received Import Request.
  Time since last request: 0.000033 seconds.
  path: Assets/Synty/PolygonApocalypse/Prefabs/Weapons/Modular/SM_Wep_Mod_Barrel_21.prefab
  artifactKey: Guid(f13859ef912ed7443b836e354d43ece4) Importer(815301076,1909f56bfc062723c751e8b465ee728b)
Start importing Assets/Synty/PolygonApocalypse/Prefabs/Weapons/Modular/SM_Wep_Mod_Barrel_21.prefab using Guid(f13859ef912ed7443b836e354d43ece4) Importer(815301076,1909f56bfc062723c751e8b465ee728b) (PreviewImporter) -> (artifact id: 'bfeac27a3894355c0ae9ba13f642d47f') in 0.0269185 seconds
Number of updated asset objects reloaded before import = 0Number of asset objects unloaded after import = 16

========================================================================
Received Import Request.
  Time since last request: 0.000030 seconds.
  path: Assets/Synty/PolygonApocalypse/Prefabs/Weapons/Modular/SM_Wep_Mod_Barrel_23.prefab
  artifactKey: Guid(d62e735d8e0ec1e44bb8563347260b6e) Importer(815301076,1909f56bfc062723c751e8b465ee728b)
Start importing Assets/Synty/PolygonApocalypse/Prefabs/Weapons/Modular/SM_Wep_Mod_Barrel_23.prefab using Guid(d62e735d8e0ec1e44bb8563347260b6e) Importer(815301076,1909f56bfc062723c751e8b465ee728b) (PreviewImporter) -> (artifact id: '8538a49397f30778116ce6d56c2686e3') in 0.0244161 seconds
Number of updated asset objects reloaded before import = 0Number of asset objects unloaded after import = 16

========================================================================
Received Import Request.
  Time since last request: 0.515354 seconds.
  path: Assets/Synty/PolygonApocalypse/Models/SM_Wep_Mod_Barrel_24.fbx
  artifactKey: Guid(f2a95cc9007465245a2ba778cab824c7) Importer(815301076,1909f56bfc062723c751e8b465ee728b)
Start importing Assets/Synty/PolygonApocalypse/Models/SM_Wep_Mod_Barrel_24.fbx using Guid(f2a95cc9007465245a2ba778cab824c7) Importer(815301076,1909f56bfc062723c751e8b465ee728b) (PreviewImporter) -> (artifact id: 'd0ae89f49adf3c90822dc209a5525108') in 0.0152924 seconds
Number of updated asset objects reloaded before import = 0Number of asset objects unloaded after import = 7

========================================================================
Received Import Request.
  Time since last request: 0.000036 seconds.
  path: Assets/Synty/PolygonApocalypse/Prefabs/Weapons/Modular/SM_Wep_Mod_Barrel_25.prefab
  artifactKey: Guid(98ffa994f42f157439e0f0245751cfc5) Importer(815301076,1909f56bfc062723c751e8b465ee728b)
Start importing Assets/Synty/PolygonApocalypse/Prefabs/Weapons/Modular/SM_Wep_Mod_Barrel_25.prefab using Guid(98ffa994f42f157439e0f0245751cfc5) Importer(815301076,1909f56bfc062723c751e8b465ee728b) (PreviewImporter) -> (artifact id: '951b76b7b5867299f8265f11651ead96') in 0.027246 seconds
Number of updated asset objects reloaded before import = 0Number of asset objects unloaded after import = 16

========================================================================
Received Import Request.
  Time since last request: 4.576285 seconds.
  path: Assets/Synty/PolygonApocalypse/Prefabs/Weapons/Modular/SM_Wep_Mod_Barrel_27.prefab
  artifactKey: Guid(22964bcdcaba18b43a6d1daf72b0f474) Importer(815301076,1909f56bfc062723c751e8b465ee728b)
Start importing Assets/Synty/PolygonApocalypse/Prefabs/Weapons/Modular/SM_Wep_Mod_Barrel_27.prefab using Guid(22964bcdcaba18b43a6d1daf72b0f474) Importer(815301076,1909f56bfc062723c751e8b465ee728b) (PreviewImporter) -> (artifact id: 'db021ab3b68e35b907bd133a0175bb0b') in 0.0273828 seconds
Number of updated asset objects reloaded before import = 0Number of asset objects unloaded after import = 16

========================================================================
Received Import Request.
  Time since last request: 0.000025 seconds.
  path: Assets/Synty/PolygonApocalypse/Prefabs/Weapons/Modular/SM_Wep_Mod_Barrel_29.prefab
  artifactKey: Guid(acb116eabbcc182469cafbabde83ca5a) Importer(815301076,1909f56bfc062723c751e8b465ee728b)
Start importing Assets/Synty/PolygonApocalypse/Prefabs/Weapons/Modular/SM_Wep_Mod_Barrel_29.prefab using Guid(acb116eabbcc182469cafbabde83ca5a) Importer(815301076,1909f56bfc062723c751e8b465ee728b) (PreviewImporter) -> (artifact id: '621c6664d09a9083c56626a2b07e38a6') in 0.0262399 seconds
Number of updated asset objects reloaded before import = 0Number of asset objects unloaded after import = 21

========================================================================
Received Import Request.
  Time since last request: 0.000022 seconds.
  path: Assets/Synty/PolygonApocalypse/Models/SM_Wep_Mod_Barrel_30.fbx
  artifactKey: Guid(9e252bb7b7cad98459d656c2fc65352c) Importer(815301076,1909f56bfc062723c751e8b465ee728b)
Start importing Assets/Synty/PolygonApocalypse/Models/SM_Wep_Mod_Barrel_30.fbx using Guid(9e252bb7b7cad98459d656c2fc65352c) Importer(815301076,1909f56bfc062723c751e8b465ee728b) (PreviewImporter) -> (artifact id: '34e115879ea0b0d21ef00cb4ac27efc2') in 0.0279525 seconds
Number of updated asset objects reloaded before import = 0Number of asset objects unloaded after import = 12

========================================================================
Received Import Request.
  Time since last request: 0.415589 seconds.
  path: Assets/Synty/PolygonApocalypse/Prefabs/Weapons/Modular/SM_Wep_Mod_Barrel_31.prefab
  artifactKey: Guid(a4e7cc8dc034ff84ca42bebb356f5feb) Importer(815301076,1909f56bfc062723c751e8b465ee728b)
Start importing Assets/Synty/PolygonApocalypse/Prefabs/Weapons/Modular/SM_Wep_Mod_Barrel_31.prefab using Guid(a4e7cc8dc034ff84ca42bebb356f5feb) Importer(815301076,1909f56bfc062723c751e8b465ee728b) (PreviewImporter) -> (artifact id: '000a5401056534f6a8f0f99103f75d75') in 0.024359 seconds
Number of updated asset objects reloaded before import = 0Number of asset objects unloaded after import = 46

========================================================================
Received Import Request.
  Time since last request: 0.043762 seconds.
  path: Assets/Synty/PolygonApocalypse/Models/SM_Wep_Mod_Barrel_32.fbx
  artifactKey: Guid(fd6c35235a4c4e940a8a5703c8b2eed7) Importer(815301076,1909f56bfc062723c751e8b465ee728b)
Start importing Assets/Synty/PolygonApocalypse/Models/SM_Wep_Mod_Barrel_32.fbx using Guid(fd6c35235a4c4e940a8a5703c8b2eed7) Importer(815301076,1909f56bfc062723c751e8b465ee728b) (PreviewImporter) -> (artifact id: 'aa0ddbe2cf9ee22c290269e879ac0d92') in 0.0252818 seconds
Number of updated asset objects reloaded before import = 0Number of asset objects unloaded after import = 12

========================================================================
Received Import Request.
  Time since last request: 0.291973 seconds.
  path: Assets/Synty/PolygonApocalypse/Models/SM_Wep_Mod_Barrel_33.fbx
  artifactKey: Guid(515f22930f8b36d409b2761254679923) Importer(815301076,1909f56bfc062723c751e8b465ee728b)
Start importing Assets/Synty/PolygonApocalypse/Models/SM_Wep_Mod_Barrel_33.fbx using Guid(515f22930f8b36d409b2761254679923) Importer(815301076,1909f56bfc062723c751e8b465ee728b) (PreviewImporter) -> (artifact id: '73a00408a60d521729eed21442a2b5b6') in 0.0151181 seconds
Number of updated asset objects reloaded before import = 0Number of asset objects unloaded after import = 7

========================================================================
Received Import Request.
  Time since last request: 0.015438 seconds.
  path: Assets/Synty/PolygonApocalypse/Models/SM_Wep_RebarClub_01.fbx
  artifactKey: Guid(8cd6dd284cbfc9246b237e6eef4bee2f) Importer(815301076,1909f56bfc062723c751e8b465ee728b)
Start importing Assets/Synty/PolygonApocalypse/Models/SM_Wep_RebarClub_01.fbx using Guid(8cd6dd284cbfc9246b237e6eef4bee2f) Importer(815301076,1909f56bfc062723c751e8b465ee728b) (PreviewImporter) -> (artifact id: '532fef102ee29e965bf4443f1e0902e1') in 0.0180978 seconds
Number of updated asset objects reloaded before import = 0Number of asset objects unloaded after import = 7

========================================================================
Received Import Request.
  Time since last request: 0.904613 seconds.
  path: Assets/Synty/PolygonApocalypse/Models/SM_Wep_Veh_MiniGun_01.fbx
  artifactKey: Guid(2d23723f904c72e41bc356155f2767f7) Importer(815301076,1909f56bfc062723c751e8b465ee728b)
Start importing Assets/Synty/PolygonApocalypse/Models/SM_Wep_Veh_MiniGun_01.fbx using Guid(2d23723f904c72e41bc356155f2767f7) Importer(815301076,1909f56bfc062723c751e8b465ee728b) (PreviewImporter) -> (artifact id: '545ec4dea7e22e55063866ba1d07516d') in 0.0188697 seconds
Number of updated asset objects reloaded before import = 0Number of asset objects unloaded after import = 12

========================================================================
Received Import Request.
  Time since last request: 4.125319 seconds.
  path: Assets/Synty/PolygonGeneric/Prefabs/Base/SM_Bld_Base_Wall_Window_Double_01.prefab
  artifactKey: Guid(c5c2a8e6bf649504c9a44506e4e45bd9) Importer(815301076,1909f56bfc062723c751e8b465ee728b)
Start importing Assets/Synty/PolygonGeneric/Prefabs/Base/SM_Bld_Base_Wall_Window_Double_01.prefab using Guid(c5c2a8e6bf649504c9a44506e4e45bd9) Importer(815301076,1909f56bfc062723c751e8b465ee728b) (PreviewImporter) -> (artifact id: '7b4a81b87e534f1ed13520088b002f96') in 0.037172 seconds
Number of updated asset objects reloaded before import = 0Number of asset objects unloaded after import = 32

========================================================================
Received Import Request.
  Time since last request: 0.000078 seconds.
  path: Assets/Synty/PolygonGeneric/Models/Base/SM_Bld_Base_Wall_Window_Half_02.fbx
  artifactKey: Guid(64b25dbe7eb25314391cf5215ad4c6e2) Importer(815301076,1909f56bfc062723c751e8b465ee728b)
Start importing Assets/Synty/PolygonGeneric/Models/Base/SM_Bld_Base_Wall_Window_Half_02.fbx using Guid(64b25dbe7eb25314391cf5215ad4c6e2) Importer(815301076,1909f56bfc062723c751e8b465ee728b) (PreviewImporter) -> (artifact id: '8c4c834f618b80b460063891fa6e8d68') in 0.0201966 seconds
Number of updated asset objects reloaded before import = 0Number of asset objects unloaded after import = 12

========================================================================
Received Import Request.
  Time since last request: 0.000027 seconds.
  path: Assets/Synty/PolygonApocalypse/Models/Convex/SM_Bld_Bunker_Beam_Curved_Concrete_01_Convex.asset
  artifactKey: Guid(bdc2ae995c917da48bead18a29b236eb) Importer(815301076,1909f56bfc062723c751e8b465ee728b)
Start importing Assets/Synty/PolygonApocalypse/Models/Convex/SM_Bld_Bunker_Beam_Curved_Concrete_01_Convex.asset using Guid(bdc2ae995c917da48bead18a29b236eb) Importer(815301076,1909f56bfc062723c751e8b465ee728b) (PreviewImporter) -> (artifact id: '9420da550ca9b355cd7e78fc74521243') in 0.0174254 seconds
Number of updated asset objects reloaded before import = 0Number of asset objects unloaded after import = 2

========================================================================
Received Import Request.
  Time since last request: 0.000023 seconds.
  path: Assets/Synty/PolygonApocalypse/Prefabs/Buildings/SM_Bld_Bunker_Beam_Curved_Concrete_01.prefab
  artifactKey: Guid(a4faa5d02dfd21f4eb943a3aaf455f48) Importer(815301076,1909f56bfc062723c751e8b465ee728b)
Start importing Assets/Synty/PolygonApocalypse/Prefabs/Buildings/SM_Bld_Bunker_Beam_Curved_Concrete_01.prefab using Guid(a4faa5d02dfd21f4eb943a3aaf455f48) Importer(815301076,1909f56bfc062723c751e8b465ee728b) (PreviewImporter) -> (artifact id: 'c451b7d9f87d2ff087032057f19173de') in 0.0243384 seconds
Number of updated asset objects reloaded before import = 0Number of asset objects unloaded after import = 20

========================================================================
Received Import Request.
  Time since last request: 0.000025 seconds.
  path: Assets/Synty/PolygonApocalypse/Models/SM_Bld_Bunker_Beam_End_Curved_Wood_01.fbx
  artifactKey: Guid(fa88fbf3478796f4b9b393c7378da3df) Importer(815301076,1909f56bfc062723c751e8b465ee728b)
Start importing Assets/Synty/PolygonApocalypse/Models/SM_Bld_Bunker_Beam_End_Curved_Wood_01.fbx using Guid(fa88fbf3478796f4b9b393c7378da3df) Importer(815301076,1909f56bfc062723c751e8b465ee728b) (PreviewImporter) -> (artifact id: '0e62144bb64851227ae196e78691480c') in 0.0120793 seconds
Number of updated asset objects reloaded before import = 0Number of asset objects unloaded after import = 7

========================================================================
Received Import Request.
  Time since last request: 0.000027 seconds.
  path: Assets/Synty/PolygonApocalypse/Models/Convex/SM_Bld_Bunker_Beam_End_Curved_Wood_01_Convex.asset
  artifactKey: Guid(77200bd5158af2b4aad175943ff615d6) Importer(815301076,1909f56bfc062723c751e8b465ee728b)
Start importing Assets/Synty/PolygonApocalypse/Models/Convex/SM_Bld_Bunker_Beam_End_Curved_Wood_01_Convex.asset using Guid(77200bd5158af2b4aad175943ff615d6) Importer(815301076,1909f56bfc062723c751e8b465ee728b) (PreviewImporter) -> (artifact id: '8086cfa0e7c16573fb2f8bb4fd1f7323') in 0.019018 seconds
Number of updated asset objects reloaded before import = 0Number of asset objects unloaded after import = 2

========================================================================
Received Import Request.
  Time since last request: 0.000021 seconds.
  path: Assets/Synty/PolygonApocalypse/Prefabs/Buildings/SM_Bld_Bunker_Ceiling_Concrete_01.prefab
  artifactKey: Guid(c988eb4e2578dd849a61402c03c5ee84) Importer(815301076,1909f56bfc062723c751e8b465ee728b)
Start importing Assets/Synty/PolygonApocalypse/Prefabs/Buildings/SM_Bld_Bunker_Ceiling_Concrete_01.prefab using Guid(c988eb4e2578dd849a61402c03c5ee84) Importer(815301076,1909f56bfc062723c751e8b465ee728b) (PreviewImporter) -> (artifact id: '00bf4d78f45b8f6ef8d561f26cb1c100') in 0.0261621 seconds
Number of updated asset objects reloaded before import = 0Number of asset objects unloaded after import = 17

========================================================================
Received Import Request.
  Time since last request: 41.351500 seconds.
  path: Assets/Synty/PolygonApocalypse/Prefabs/Buildings/SM_Bld_HighRise_Large_01_Interior_Base_01.prefab
  artifactKey: Guid(63b25a541e3690847b933fb2fc0fb253) Importer(815301076,1909f56bfc062723c751e8b465ee728b)
Start importing Assets/Synty/PolygonApocalypse/Prefabs/Buildings/SM_Bld_HighRise_Large_01_Interior_Base_01.prefab using Guid(63b25a541e3690847b933fb2fc0fb253) Importer(815301076,1909f56bfc062723c751e8b465ee728b) (PreviewImporter) -> (artifact id: 'b3aa5ebb564357451212bef890a5ebe3') in 0.0290497 seconds
Number of updated asset objects reloaded before import = 0Number of asset objects unloaded after import = 31

========================================================================
Received Import Request.
  Time since last request: 0.000030 seconds.
  path: Assets/Synty/PolygonApocalypse/Prefabs/Buildings/SM_Bld_HighRise_Medium_01_Interior_Roof_01.prefab
  artifactKey: Guid(ae1a14f8f5b6f6b47adf5577dc979fb1) Importer(815301076,1909f56bfc062723c751e8b465ee728b)
Start importing Assets/Synty/PolygonApocalypse/Prefabs/Buildings/SM_Bld_HighRise_Medium_01_Interior_Roof_01.prefab using Guid(ae1a14f8f5b6f6b47adf5577dc979fb1) Importer(815301076,1909f56bfc062723c751e8b465ee728b) (PreviewImporter) -> (artifact id: '280247c91ffda8c7c204e73860f58988') in 0.0247438 seconds
Number of updated asset objects reloaded before import = 0Number of asset objects unloaded after import = 25

========================================================================
Received Import Request.
  Time since last request: 0.000023 seconds.
  path: Assets/Synty/PolygonApocalypse/Prefabs/Buildings/SM_Bld_HighRise_Medium_01_Interior_Stack_01.prefab
  artifactKey: Guid(1fff29cf759d0174f96f4731068d5fa8) Importer(815301076,1909f56bfc062723c751e8b465ee728b)
Start importing Assets/Synty/PolygonApocalypse/Prefabs/Buildings/SM_Bld_HighRise_Medium_01_Interior_Stack_01.prefab using Guid(1fff29cf759d0174f96f4731068d5fa8) Importer(815301076,1909f56bfc062723c751e8b465ee728b) (PreviewImporter) -> (artifact id: '10aec31cc2b1cfa861d9f8a05b5f6fe5') in 0.0249966 seconds
Number of updated asset objects reloaded before import = 0Number of asset objects unloaded after import = 20

========================================================================
Received Import Request.
  Time since last request: 0.311320 seconds.
  path: Assets/Synty/PolygonApocalypse/Models/SM_Bld_HighRise_Medium_01_Interior_Stack_Destroyed_01.fbx
  artifactKey: Guid(d32c8b5b7eef19942986e72de263c3d7) Importer(815301076,1909f56bfc062723c751e8b465ee728b)
Start importing Assets/Synty/PolygonApocalypse/Models/SM_Bld_HighRise_Medium_01_Interior_Stack_Destroyed_01.fbx using Guid(d32c8b5b7eef19942986e72de263c3d7) Importer(815301076,1909f56bfc062723c751e8b465ee728b) (PreviewImporter) -> (artifact id: '45e16679e64c18d3bf84bc38ee668282') in 0.017478 seconds
Number of updated asset objects reloaded before import = 0Number of asset objects unloaded after import = 7

========================================================================
Received Import Request.
  Time since last request: 0.560231 seconds.
  path: Assets/Synty/PolygonApocalypse/Prefabs/Buildings/SM_Bld_HighRise_Medium_01_Interior_Stack_Destroyed_01.prefab
  artifactKey: Guid(88407ef3e86b3b54dbf5a4fd617e13bb) Importer(815301076,1909f56bfc062723c751e8b465ee728b)
Start importing Assets/Synty/PolygonApocalypse/Prefabs/Buildings/SM_Bld_HighRise_Medium_01_Interior_Stack_Destroyed_01.prefab using Guid(88407ef3e86b3b54dbf5a4fd617e13bb) Importer(815301076,1909f56bfc062723c751e8b465ee728b) (PreviewImporter) -> (artifact id: 'a78b635a6672eae45a4572c34ed88ead') in 0.0252678 seconds
Number of updated asset objects reloaded before import = 0Number of asset objects unloaded after import = 18

========================================================================
Received Import Request.
  Time since last request: 15.859053 seconds.
  path: Assets/Synty/PolygonApocalypse/Materials/Alts/PolygonApocalypse_01_A.mat
  artifactKey: Guid(5bb68a94905ffc0418608fc7e572ea42) Importer(815301076,1909f56bfc062723c751e8b465ee728b)
Start importing Assets/Synty/PolygonApocalypse/Materials/Alts/PolygonApocalypse_01_A.mat using Guid(5bb68a94905ffc0418608fc7e572ea42) Importer(815301076,1909f56bfc062723c751e8b465ee728b) (PreviewImporter) -> (artifact id: '32d62fae17bb4eab9aec6ad233d1c3fe') in 0.0356665 seconds
Number of updated asset objects reloaded before import = 0Number of asset objects unloaded after import = 9

========================================================================
Received Import Request.
  Time since last request: 0.000025 seconds.
  path: Assets/Synty/PolygonApocalypse/Materials/FX/PolygonApocalypse_01_Cleaned.mat
  artifactKey: Guid(3c6729960fd3b5b49a805ccd12e470ff) Importer(815301076,1909f56bfc062723c751e8b465ee728b)
Start importing Assets/Synty/PolygonApocalypse/Materials/FX/PolygonApocalypse_01_Cleaned.mat using Guid(3c6729960fd3b5b49a805ccd12e470ff) Importer(815301076,1909f56bfc062723c751e8b465ee728b) (PreviewImporter) -> (artifact id: 'fc7222786ecd37f9a8405229213473e8') in 0.0122522 seconds
Number of updated asset objects reloaded before import = 0Number of asset objects unloaded after import = 6

========================================================================
Received Import Request.
  Time since last request: 0.000037 seconds.
  path: Assets/Synty/PolygonApocalypse/Textures/Alt/PolygonApocalypse_02_B.png
  artifactKey: Guid(5faf9a2a51e8d9d478293e50d1ef36ba) Importer(815301076,1909f56bfc062723c751e8b465ee728b)
Start importing Assets/Synty/PolygonApocalypse/Textures/Alt/PolygonApocalypse_02_B.png using Guid(5faf9a2a51e8d9d478293e50d1ef36ba) Importer(815301076,1909f56bfc062723c751e8b465ee728b) (PreviewImporter) -> (artifact id: 'a8eb206e14be0aa5cb86f5e603a5add7') in 0.0260785 seconds
Number of updated asset objects reloaded before import = 0Number of asset objects unloaded after import = 2

========================================================================
Received Import Request.
  Time since last request: 0.000027 seconds.
  path: Assets/Synty/PolygonApocalypse/Materials/Alts/PolygonApocalypse_03_C.mat
  artifactKey: Guid(8168ad9986caa61439156dd16d0ec078) Importer(815301076,1909f56bfc062723c751e8b465ee728b)
Start importing Assets/Synty/PolygonApocalypse/Materials/Alts/PolygonApocalypse_03_C.mat using Guid(8168ad9986caa61439156dd16d0ec078) Importer(815301076,1909f56bfc062723c751e8b465ee728b) (PreviewImporter) -> (artifact id: 'ca5b53b055539e798c9e449e3c8ba1af') in 0.0212589 seconds
Number of updated asset objects reloaded before import = 0Number of asset objects unloaded after import = 9

========================================================================
Received Import Request.
  Time since last request: 0.000034 seconds.
  path: Assets/Synty/PolygonApocalypse/Textures/Alt/PolygonApocalypse_01_C.png
  artifactKey: Guid(fb8dbf69e0706a24385e3563053a84b4) Importer(815301076,1909f56bfc062723c751e8b465ee728b)
Start importing Assets/Synty/PolygonApocalypse/Textures/Alt/PolygonApocalypse_01_C.png using Guid(fb8dbf69e0706a24385e3563053a84b4) Importer(815301076,1909f56bfc062723c751e8b465ee728b) (PreviewImporter) -> (artifact id: '1c5c9be83f721598d863987a9662067c') in 0.0164217 seconds
Number of updated asset objects reloaded before import = 0Number of asset objects unloaded after import = 2

========================================================================
Received Import Request.
  Time since last request: 0.000019 seconds.
  path: Assets/Synty/PolygonApocalypse/Materials/Character/PolygonApocalypse_Chr_02_B.mat
  artifactKey: Guid(e6ba70160d107854b899d32cc6f26cf0) Importer(815301076,1909f56bfc062723c751e8b465ee728b)
Start importing Assets/Synty/PolygonApocalypse/Materials/Character/PolygonApocalypse_Chr_02_B.mat using Guid(e6ba70160d107854b899d32cc6f26cf0) Importer(815301076,1909f56bfc062723c751e8b465ee728b) (PreviewImporter) -> (artifact id: 'ae660a9b66f6840e4f3fc36889f83778') in 0.0208604 seconds
Number of updated asset objects reloaded before import = 0Number of asset objects unloaded after import = 9

========================================================================
Received Import Request.
  Time since last request: 0.000021 seconds.
  path: Assets/Synty/PolygonApocalypse/Textures/Misc/PolygonApocalypse_02_Blood.png
  artifactKey: Guid(3cdfe517960b2ac4d8cdcd666a5654dd) Importer(815301076,1909f56bfc062723c751e8b465ee728b)
Start importing Assets/Synty/PolygonApocalypse/Textures/Misc/PolygonApocalypse_02_Blood.png using Guid(3cdfe517960b2ac4d8cdcd666a5654dd) Importer(815301076,1909f56bfc062723c751e8b465ee728b) (PreviewImporter) -> (artifact id: '9f9b369dfa985930b0411c5ed0fd9f94') in 0.0132646 seconds
Number of updated asset objects reloaded before import = 0Number of asset objects unloaded after import = 2

========================================================================
Received Import Request.
  Time since last request: 0.000028 seconds.
  path: Assets/Synty/PolygonApocalypse/Materials/Character/PolygonApocalypse_Chr_01_A.mat
  artifactKey: Guid(09c76973314790040b9ef284977d7e81) Importer(815301076,1909f56bfc062723c751e8b465ee728b)
Start importing Assets/Synty/PolygonApocalypse/Materials/Character/PolygonApocalypse_Chr_01_A.mat using Guid(09c76973314790040b9ef284977d7e81) Importer(815301076,1909f56bfc062723c751e8b465ee728b) (PreviewImporter) -> (artifact id: '1bb02ac5e6dcaebe9948cfb17b8dea02') in 0.0223475 seconds
Number of updated asset objects reloaded before import = 0Number of asset objects unloaded after import = 9

========================================================================
Received Import Request.
  Time since last request: 0.000028 seconds.
  path: Assets/Synty/PolygonApocalypse/Materials/Alts/PolygonApocalypse_04_C.mat
  artifactKey: Guid(d3d8f3bfc608ee247acf8107a92f0ebe) Importer(815301076,1909f56bfc062723c751e8b465ee728b)
Start importing Assets/Synty/PolygonApocalypse/Materials/Alts/PolygonApocalypse_04_C.mat using Guid(d3d8f3bfc608ee247acf8107a92f0ebe) Importer(815301076,1909f56bfc062723c751e8b465ee728b) (PreviewImporter) -> (artifact id: 'e990fc47b054cf8ec3920d70917dc029') in 0.0288203 seconds
Number of updated asset objects reloaded before import = 0Number of asset objects unloaded after import = 9

========================================================================
Received Import Request.
  Time since last request: 0.000030 seconds.
  path: Assets/Synty/PolygonApocalypse/Materials/Character/PolygonApocalypse_Chr_02_A.mat
  artifactKey: Guid(532e7397a65f03c45b192469594faf20) Importer(815301076,1909f56bfc062723c751e8b465ee728b)
Start importing Assets/Synty/PolygonApocalypse/Materials/Character/PolygonApocalypse_Chr_02_A.mat using Guid(532e7397a65f03c45b192469594faf20) Importer(815301076,1909f56bfc062723c751e8b465ee728b) (PreviewImporter) -> (artifact id: 'd6c8c22f8938e1e816813698e44386c6') in 0.0179113 seconds
Number of updated asset objects reloaded before import = 0Number of asset objects unloaded after import = 9

========================================================================
Received Import Request.
  Time since last request: 0.000045 seconds.
  path: Assets/Synty/PolygonApocalypse/Materials/Character/PolygonApocalypse_Chr_02_C.mat
  artifactKey: Guid(cb55b56ee2c6f054c918f36b7dee35da) Importer(815301076,1909f56bfc062723c751e8b465ee728b)
Start importing Assets/Synty/PolygonApocalypse/Materials/Character/PolygonApocalypse_Chr_02_C.mat using Guid(cb55b56ee2c6f054c918f36b7dee35da) Importer(815301076,1909f56bfc062723c751e8b465ee728b) (PreviewImporter) -> (artifact id: 'f3eeab7adcb7037d9c70402327f8c9db') in 0.0208746 seconds
Number of updated asset objects reloaded before import = 0Number of asset objects unloaded after import = 9

========================================================================
Received Import Request.
  Time since last request: 7251.489014 seconds.
  path: Assets/Synty/PolygonApocalypse/Prefabs/Buildings/SM_Bld_Diner_01.prefab
  artifactKey: Guid(e58d5baf19c3ddc4ea422dbf0096102c) Importer(2089858483,b0f066a214c2f5e87bad3c948f4d605d)
Start importing Assets/Synty/PolygonApocalypse/Prefabs/Buildings/SM_Bld_Diner_01.prefab using Guid(e58d5baf19c3ddc4ea422dbf0096102c) Importer(2089858483,b0f066a214c2f5e87bad3c948f4d605d) (ScriptedImporter) -> (artifact id: 'acd27a8ac4597f876e3a360d6e038a27') in 0.1178219 seconds
Number of updated asset objects reloaded before import = 0Number of asset objects unloaded after import = 25

========================================================================
Received Import Request.
  Time since last request: 6.004467 seconds.
  path: Assets/Synty/PolygonApocalypse/Materials/Character/PolygonApocalypse_Chr_03_B.mat
  artifactKey: Guid(25f690c79415e634aab1ad9b96c82d91) Importer(815301076,1909f56bfc062723c751e8b465ee728b)
Start importing Assets/Synty/PolygonApocalypse/Materials/Character/PolygonApocalypse_Chr_03_B.mat using Guid(25f690c79415e634aab1ad9b96c82d91) Importer(815301076,1909f56bfc062723c751e8b465ee728b) (PreviewImporter) -> (artifact id: '12e1fec865cb6434b81f81becbb487df') in 0.0255537 seconds
Number of updated asset objects reloaded before import = 0Number of asset objects unloaded after import = 9

========================================================================
Received Import Request.
  Time since last request: 8.357894 seconds.
  path: Assets/Synty/PolygonApocalypse/Materials/Character/PolygonApocalypse_Chr_03_C.mat
  artifactKey: Guid(c294e1418a779b5408df160ec5940364) Importer(815301076,1909f56bfc062723c751e8b465ee728b)
Start importing Assets/Synty/PolygonApocalypse/Materials/Character/PolygonApocalypse_Chr_03_C.mat using Guid(c294e1418a779b5408df160ec5940364) Importer(815301076,1909f56bfc062723c751e8b465ee728b) (PreviewImporter) -> (artifact id: '8d9a87a97e1d313d0c9078615cec1149') in 0.0201825 seconds
Number of updated asset objects reloaded before import = 0Number of asset objects unloaded after import = 9

========================================================================
Received Import Request.
  Time since last request: 0.000029 seconds.
  path: Assets/Synty/PolygonApocalypse/Materials/Character/PolygonApocalypse_Chr_04_C.mat
  artifactKey: Guid(c1b49ebf9fa601f49839673b6066b4e0) Importer(815301076,1909f56bfc062723c751e8b465ee728b)
Start importing Assets/Synty/PolygonApocalypse/Materials/Character/PolygonApocalypse_Chr_04_C.mat using Guid(c1b49ebf9fa601f49839673b6066b4e0) Importer(815301076,1909f56bfc062723c751e8b465ee728b) (PreviewImporter) -> (artifact id: 'ca5f634d36752a6479dfdf7124bc8f67') in 0.0212351 seconds
Number of updated asset objects reloaded before import = 0Number of asset objects unloaded after import = 9

========================================================================
Received Import Request.
  Time since last request: 5.904594 seconds.
  path: Assets/Synty/PolygonApocalypse/Prefabs/Buildings/SM_Bld_Diner_01.prefab
  artifactKey: Guid(e58d5baf19c3ddc4ea422dbf0096102c) Importer(2089858483,b0f066a214c2f5e87bad3c948f4d605d)
Start importing Assets/Synty/PolygonApocalypse/Prefabs/Buildings/SM_Bld_Diner_01.prefab using Guid(e58d5baf19c3ddc4ea422dbf0096102c) Importer(2089858483,b0f066a214c2f5e87bad3c948f4d605d) (ScriptedImporter) -> (artifact id: '346a48a1e7036e2ad74f3329b12f012e') in 0.0137622 seconds
Number of updated asset objects reloaded before import = 0Number of asset objects unloaded after import = 25

========================================================================
Received Import Request.
  Time since last request: 6.797241 seconds.
  path: Assets/Synty/PolygonApocalypse/Prefabs/Buildings/SM_Bld_Diner_01.prefab
  artifactKey: Guid(e58d5baf19c3ddc4ea422dbf0096102c) Importer(2089858483,b0f066a214c2f5e87bad3c948f4d605d)
Start importing Assets/Synty/PolygonApocalypse/Prefabs/Buildings/SM_Bld_Diner_01.prefab using Guid(e58d5baf19c3ddc4ea422dbf0096102c) Importer(2089858483,b0f066a214c2f5e87bad3c948f4d605d) (ScriptedImporter) -> (artifact id: '30ac78a78b7baedf90c0a587067d08e7') in 0.011471 seconds
Number of updated asset objects reloaded before import = 0Number of asset objects unloaded after import = 21

========================================================================
Received Import Request.
  Time since last request: 55.457857 seconds.
  path: Assets/Synty/PolygonApocalypse/Prefabs/Buildings/SM_Bld_Diner_01.prefab
  artifactKey: Guid(e58d5baf19c3ddc4ea422dbf0096102c) Importer(815301076,1909f56bfc062723c751e8b465ee728b)
Start importing Assets/Synty/PolygonApocalypse/Prefabs/Buildings/SM_Bld_Diner_01.prefab using Guid(e58d5baf19c3ddc4ea422dbf0096102c) Importer(815301076,1909f56bfc062723c751e8b465ee728b) (PreviewImporter) -> (artifact id: 'a1b3792373380afe99b4c7b6e4792c85') in 0.02643 seconds
Number of updated asset objects reloaded before import = 0Number of asset objects unloaded after import = 31

========================================================================
Received Import Request.
  Time since last request: 356.410955 seconds.
  path: Assets/Synty/PolygonApocalypse/Models/DinerInterior.fbx
  artifactKey: Guid(facc97059dd41834d877e5e79ecc0626) Importer(815301076,1909f56bfc062723c751e8b465ee728b)
Start importing Assets/Synty/PolygonApocalypse/Models/DinerInterior.fbx using Guid(facc97059dd41834d877e5e79ecc0626) Importer(815301076,1909f56bfc062723c751e8b465ee728b) (PreviewImporter) -> (artifact id: 'ff4ac42dd8366dfd66e2cabaaf513a61') in 0.0215628 seconds
Number of updated asset objects reloaded before import = 0Number of asset objects unloaded after import = 8

========================================================================
Received Import Request.
  Time since last request: 0.917067 seconds.
  path: Assets/Synty/PolygonApocalypse/Models/DinerInterior.fbx
  artifactKey: Guid(facc97059dd41834d877e5e79ecc0626) Importer(2089858483,b0f066a214c2f5e87bad3c948f4d605d)
Start importing Assets/Synty/PolygonApocalypse/Models/DinerInterior.fbx using Guid(facc97059dd41834d877e5e79ecc0626) Importer(2089858483,b0f066a214c2f5e87bad3c948f4d605d) (ScriptedImporter) -> (artifact id: '5b4842861889e269bbe3c8a5f3b004c8') in 0.0318646 seconds
Number of updated asset objects reloaded before import = 0Number of asset objects unloaded after import = 8

========================================================================
Received Import Request.
  Time since last request: 1.067741 seconds.
  path: Assets/Synty/PolygonApocalypse/Models/FX_Ash.fbx
  artifactKey: Guid(450a427f4183b8544bb36a8277709dd4) Importer(815301076,1909f56bfc062723c751e8b465ee728b)
Start importing Assets/Synty/PolygonApocalypse/Models/FX_Ash.fbx using Guid(450a427f4183b8544bb36a8277709dd4) Importer(815301076,1909f56bfc062723c751e8b465ee728b) (PreviewImporter) -> (artifact id: 'e48f61ce43c2b328003c938fc6ca275f') in 0.0147776 seconds
Number of updated asset objects reloaded before import = 0Number of asset objects unloaded after import = 7

========================================================================
Received Import Request.
  Time since last request: 0.037644 seconds.
  path: Assets/Synty/PolygonApocalypse/Models/FX_Bullet_Trail.fbx
  artifactKey: Guid(834658c3aa8b48b39b81e7124617d5b0) Importer(815301076,1909f56bfc062723c751e8b465ee728b)
Start importing Assets/Synty/PolygonApocalypse/Models/FX_Bullet_Trail.fbx using Guid(834658c3aa8b48b39b81e7124617d5b0) Importer(815301076,1909f56bfc062723c751e8b465ee728b) (PreviewImporter) -> (artifact id: '67e997c7606f066038eb26a60ae0be93') in 0.0132383 seconds
Number of updated asset objects reloaded before import = 0Number of asset objects unloaded after import = 9

========================================================================
Received Import Request.
  Time since last request: 0.000020 seconds.
  path: Assets/Synty/PolygonApocalypse/Models/SM_Bld_AutoRepair_01.fbx
  artifactKey: Guid(6d9d40e4d0a2f4f43a91b68900f2cf3a) Importer(815301076,1909f56bfc062723c751e8b465ee728b)
Start importing Assets/Synty/PolygonApocalypse/Models/SM_Bld_AutoRepair_01.fbx using Guid(6d9d40e4d0a2f4f43a91b68900f2cf3a) Importer(815301076,1909f56bfc062723c751e8b465ee728b) (PreviewImporter) -> (artifact id: '58c8b7bc84ef6a10f8ca16ba5338b302') in 0.0518794 seconds
Number of updated asset objects reloaded before import = 0Number of asset objects unloaded after import = 27

========================================================================
Received Import Request.
  Time since last request: 0.000027 seconds.
  path: Assets/Synty/PolygonApocalypse/Models/SM_Bld_Bunker_Ceiling_Vent_01.fbx
  artifactKey: Guid(9c2d952b613c45941a5f0f7dad49839d) Importer(815301076,1909f56bfc062723c751e8b465ee728b)
Start importing Assets/Synty/PolygonApocalypse/Models/SM_Bld_Bunker_Ceiling_Vent_01.fbx using Guid(9c2d952b613c45941a5f0f7dad49839d) Importer(815301076,1909f56bfc062723c751e8b465ee728b) (PreviewImporter) -> (artifact id: '0e65196bf163868ddae4c60c27260c3b') in 0.018094 seconds
Number of updated asset objects reloaded before import = 0Number of asset objects unloaded after import = 7

========================================================================
Received Import Request.
  Time since last request: 0.000034 seconds.
  path: Assets/Synty/PolygonApocalypse/Models/SM_Bld_Bunker_Ladder_End_01.fbx
  artifactKey: Guid(aa7fa223aa576b647b3e87ccd3577fb6) Importer(815301076,1909f56bfc062723c751e8b465ee728b)
Start importing Assets/Synty/PolygonApocalypse/Models/SM_Bld_Bunker_Ladder_End_01.fbx using Guid(aa7fa223aa576b647b3e87ccd3577fb6) Importer(815301076,1909f56bfc062723c751e8b465ee728b) (PreviewImporter) -> (artifact id: '715b78ecd151c9eb1016884d6c700796') in 0.0160979 seconds
Number of updated asset objects reloaded before import = 0Number of asset objects unloaded after import = 7

========================================================================
Received Import Request.
  Time since last request: 0.000028 seconds.
  path: Assets/Synty/PolygonApocalypse/Models/SM_Bld_Bunker_Floor_Wood_03.fbx
  artifactKey: Guid(29be4f5342cfca04582f2fb09ebf8f3d) Importer(815301076,1909f56bfc062723c751e8b465ee728b)
Start importing Assets/Synty/PolygonApocalypse/Models/SM_Bld_Bunker_Floor_Wood_03.fbx using Guid(29be4f5342cfca04582f2fb09ebf8f3d) Importer(815301076,1909f56bfc062723c751e8b465ee728b) (PreviewImporter) -> (artifact id: 'be707c438ab7042c6d97c363d62e2acb') in 0.0116291 seconds
Number of updated asset objects reloaded before import = 0Number of asset objects unloaded after import = 7

========================================================================
Received Import Request.
  Time since last request: 0.000024 seconds.
  path: Assets/Synty/PolygonApocalypse/Models/SM_Bld_Bunker_Floor_Container_01.fbx
  artifactKey: Guid(b5197fc3f54ba234bb8e80f814ce906f) Importer(815301076,1909f56bfc062723c751e8b465ee728b)
Start importing Assets/Synty/PolygonApocalypse/Models/SM_Bld_Bunker_Floor_Container_01.fbx using Guid(b5197fc3f54ba234bb8e80f814ce906f) Importer(815301076,1909f56bfc062723c751e8b465ee728b) (PreviewImporter) -> (artifact id: '75d491bfebf4aedb1cb35033c9b50e01') in 0.0178326 seconds
Number of updated asset objects reloaded before import = 0Number of asset objects unloaded after import = 7

========================================================================
Received Import Request.
  Time since last request: 0.000028 seconds.
  path: Assets/Synty/PolygonApocalypse/Models/SM_Bld_Bunker_Floor_Container_x2_01.fbx
  artifactKey: Guid(5954683456d406a44abdf55e73d7147a) Importer(815301076,1909f56bfc062723c751e8b465ee728b)
Start importing Assets/Synty/PolygonApocalypse/Models/SM_Bld_Bunker_Floor_Container_x2_01.fbx using Guid(5954683456d406a44abdf55e73d7147a) Importer(815301076,1909f56bfc062723c751e8b465ee728b) (PreviewImporter) -> (artifact id: '2d6bcdb445d6f50189e6ba8bacb7fd43') in 0.0196644 seconds
Number of updated asset objects reloaded before import = 0Number of asset objects unloaded after import = 7

========================================================================
Received Import Request.
  Time since last request: 0.000041 seconds.
  path: Assets/Synty/PolygonApocalypse/Models/SM_Bld_Bunker_Hatch_01.fbx
  artifactKey: Guid(673f47f7604b7fb4dacf4609c0aa4007) Importer(815301076,1909f56bfc062723c751e8b465ee728b)
Start importing Assets/Synty/PolygonApocalypse/Models/SM_Bld_Bunker_Hatch_01.fbx using Guid(673f47f7604b7fb4dacf4609c0aa4007) Importer(815301076,1909f56bfc062723c751e8b465ee728b) (PreviewImporter) -> (artifact id: 'b88efed12f3bb2bb8d3bfe9191ca7966') in 0.0332348 seconds
Number of updated asset objects reloaded before import = 0Number of asset objects unloaded after import = 17

========================================================================
Received Import Request.
  Time since last request: 0.000031 seconds.
  path: Assets/Synty/PolygonApocalypse/Models/SM_Bld_Bunker_Ladder_01.fbx
  artifactKey: Guid(1014b472345cb5e4bbafe4faecd884e7) Importer(815301076,1909f56bfc062723c751e8b465ee728b)
Start importing Assets/Synty/PolygonApocalypse/Models/SM_Bld_Bunker_Ladder_01.fbx using Guid(1014b472345cb5e4bbafe4faecd884e7) Importer(815301076,1909f56bfc062723c751e8b465ee728b) (PreviewImporter) -> (artifact id: 'cfa37a8bee662e8715f64ae066812147') in 0.0166385 seconds
Number of updated asset objects reloaded before import = 0Number of asset objects unloaded after import = 7

========================================================================
Received Import Request.
  Time since last request: 0.000020 seconds.
  path: Assets/Synty/PolygonApocalypse/Models/SM_Bld_Bunker_Floor_Stone_x2_01.fbx
  artifactKey: Guid(e9ac8f74722ba8f4facb7046c9ad3a27) Importer(815301076,1909f56bfc062723c751e8b465ee728b)
Start importing Assets/Synty/PolygonApocalypse/Models/SM_Bld_Bunker_Floor_Stone_x2_01.fbx using Guid(e9ac8f74722ba8f4facb7046c9ad3a27) Importer(815301076,1909f56bfc062723c751e8b465ee728b) (PreviewImporter) -> (artifact id: '451fadd90c7252f7e734bec49cc6e6c0') in 0.0171096 seconds
Number of updated asset objects reloaded before import = 0Number of asset objects unloaded after import = 7

========================================================================
Received Import Request.
  Time since last request: 0.000021 seconds.
  path: Assets/Synty/PolygonApocalypse/Models/SM_Bld_Bunker_Floor_Concrete_Rust_Open_01.fbx
  artifactKey: Guid(cd6e57606afce764ab4896fd02e89a55) Importer(815301076,1909f56bfc062723c751e8b465ee728b)
Start importing Assets/Synty/PolygonApocalypse/Models/SM_Bld_Bunker_Floor_Concrete_Rust_Open_01.fbx using Guid(cd6e57606afce764ab4896fd02e89a55) Importer(815301076,1909f56bfc062723c751e8b465ee728b) (PreviewImporter) -> (artifact id: 'a3722b40e3cd683e495348638144a2b0') in 0.0158841 seconds
Number of updated asset objects reloaded before import = 0Number of asset objects unloaded after import = 7

========================================================================
Received Import Request.
  Time since last request: 0.000027 seconds.
  path: Assets/Synty/PolygonApocalypse/Models/SM_Bld_Bunker_Floor_Pallet_01.fbx
  artifactKey: Guid(198bff6d892103940aa3caaac7983564) Importer(815301076,1909f56bfc062723c751e8b465ee728b)
Start importing Assets/Synty/PolygonApocalypse/Models/SM_Bld_Bunker_Floor_Pallet_01.fbx using Guid(198bff6d892103940aa3caaac7983564) Importer(815301076,1909f56bfc062723c751e8b465ee728b) (PreviewImporter) -> (artifact id: 'a036a4686f5aba9b99d4a7877f109882') in 0.0168625 seconds
Number of updated asset objects reloaded before import = 0Number of asset objects unloaded after import = 7

========================================================================
Received Import Request.
  Time since last request: 0.289619 seconds.
  path: Assets/Synty/PolygonApocalypse/Models/SM_Bld_Bunker_Ladder_Rust_01.fbx
  artifactKey: Guid(6fc9b2982b6766c448458068911ae991) Importer(815301076,1909f56bfc062723c751e8b465ee728b)
Start importing Assets/Synty/PolygonApocalypse/Models/SM_Bld_Bunker_Ladder_Rust_01.fbx using Guid(6fc9b2982b6766c448458068911ae991) Importer(815301076,1909f56bfc062723c751e8b465ee728b) (PreviewImporter) -> (artifact id: '44656bafe33c6b7d87767935c5f04ef4') in 0.0096412 seconds
Number of updated asset objects reloaded before import = 0Number of asset objects unloaded after import = 7

========================================================================
Received Import Request.
  Time since last request: 0.000021 seconds.
  path: Assets/Synty/PolygonApocalypse/Models/SM_Bld_Bunker_Stairs_Double_01.fbx
  artifactKey: Guid(f4690a32ffd21904aab71ce3b368f10b) Importer(815301076,1909f56bfc062723c751e8b465ee728b)
Start importing Assets/Synty/PolygonApocalypse/Models/SM_Bld_Bunker_Stairs_Double_01.fbx using Guid(f4690a32ffd21904aab71ce3b368f10b) Importer(815301076,1909f56bfc062723c751e8b465ee728b) (PreviewImporter) -> (artifact id: 'c7743b86ce2086cc24001437e1e24739') in 0.0319803 seconds
Number of updated asset objects reloaded before import = 0Number of asset objects unloaded after import = 17

========================================================================
Received Import Request.
  Time since last request: 0.000026 seconds.
  path: Assets/Synty/PolygonApocalypse/Models/SM_Bld_Bunker_Wall_Caution_Door_01.fbx
  artifactKey: Guid(52b453db8ee13244ca82b042746dbea9) Importer(815301076,1909f56bfc062723c751e8b465ee728b)
Start importing Assets/Synty/PolygonApocalypse/Models/SM_Bld_Bunker_Wall_Caution_Door_01.fbx using Guid(52b453db8ee13244ca82b042746dbea9) Importer(815301076,1909f56bfc062723c751e8b465ee728b) (PreviewImporter) -> (artifact id: '4dcfce550adc3e743ac6d76232a98049') in 0.0240985 seconds
Number of updated asset objects reloaded before import = 0Number of asset objects unloaded after import = 12

========================================================================
Received Import Request.
  Time since last request: 0.000031 seconds.
  path: Assets/Synty/PolygonApocalypse/Models/SM_Bld_Bunker_Wall_Concrete_x1_01.fbx
  artifactKey: Guid(836286444c765b9468f1773e43d625eb) Importer(815301076,1909f56bfc062723c751e8b465ee728b)
Start importing Assets/Synty/PolygonApocalypse/Models/SM_Bld_Bunker_Wall_Concrete_x1_01.fbx using Guid(836286444c765b9468f1773e43d625eb) Importer(815301076,1909f56bfc062723c751e8b465ee728b) (PreviewImporter) -> (artifact id: 'ad4ab264c65a6dcf0f9b330b1bfd083f') in 0.0172206 seconds
Number of updated asset objects reloaded before import = 0Number of asset objects unloaded after import = 7

========================================================================
Received Import Request.
  Time since last request: 0.000025 seconds.
  path: Assets/Synty/PolygonApocalypse/Models/SM_Bld_Bunker_Wall_Concrete_Door_01.fbx
  artifactKey: Guid(1eb2c8240195cbe418dc7ecf4e3a0873) Importer(815301076,1909f56bfc062723c751e8b465ee728b)
Start importing Assets/Synty/PolygonApocalypse/Models/SM_Bld_Bunker_Wall_Concrete_Door_01.fbx using Guid(1eb2c8240195cbe418dc7ecf4e3a0873) Importer(815301076,1909f56bfc062723c751e8b465ee728b) (PreviewImporter) -> (artifact id: '711f72b8c16473b7919b8e2908f21cb4') in 0.029694 seconds
Number of updated asset objects reloaded before import = 0Number of asset objects unloaded after import = 17

========================================================================
Received Import Request.
  Time since last request: 0.000026 seconds.
  path: Assets/Synty/PolygonApocalypse/Models/SM_Bld_Bunker_Wall_Container_x1_01.fbx
  artifactKey: Guid(38cf949f2186012409682d8b96de092b) Importer(815301076,1909f56bfc062723c751e8b465ee728b)
Start importing Assets/Synty/PolygonApocalypse/Models/SM_Bld_Bunker_Wall_Container_x1_01.fbx using Guid(38cf949f2186012409682d8b96de092b) Importer(815301076,1909f56bfc062723c751e8b465ee728b) (PreviewImporter) -> (artifact id: '548e67a83d3af73fc59dbddc215238e2') in 0.0169038 seconds
Number of updated asset objects reloaded before import = 0Number of asset objects unloaded after import = 7

========================================================================
Received Import Request.
  Time since last request: 0.010322 seconds.
  path: Assets/Synty/PolygonApocalypse/Models/SM_Bld_Bunker_Wall_Container_x1_02.fbx
  artifactKey: Guid(101bc0e3257abc449a11ae7d0da74adb) Importer(815301076,1909f56bfc062723c751e8b465ee728b)
Start importing Assets/Synty/PolygonApocalypse/Models/SM_Bld_Bunker_Wall_Container_x1_02.fbx using Guid(101bc0e3257abc449a11ae7d0da74adb) Importer(815301076,1909f56bfc062723c751e8b465ee728b) (PreviewImporter) -> (artifact id: 'e5bd32c8ccb2036c67e36f75796647a0') in 0.0146801 seconds
Number of updated asset objects reloaded before import = 0Number of asset objects unloaded after import = 7

========================================================================
Received Import Request.
  Time since last request: 0.000024 seconds.
  path: Assets/Synty/PolygonApocalypse/Models/SM_Bld_Bunker_Wall_Container_x2_02.fbx
  artifactKey: Guid(fb418ebe3774492478d96485c15e5f6e) Importer(815301076,1909f56bfc062723c751e8b465ee728b)
Start importing Assets/Synty/PolygonApocalypse/Models/SM_Bld_Bunker_Wall_Container_x2_02.fbx using Guid(fb418ebe3774492478d96485c15e5f6e) Importer(815301076,1909f56bfc062723c751e8b465ee728b) (PreviewImporter) -> (artifact id: 'df3ba6d2b4b983475003c58ed685c9ee') in 0.0163822 seconds
Number of updated asset objects reloaded before import = 0Number of asset objects unloaded after import = 7

========================================================================
Received Import Request.
  Time since last request: 0.000028 seconds.
  path: Assets/Synty/PolygonApocalypse/Models/SM_Bld_Bunker_Wall_Curved_End_Concrete_01.fbx
  artifactKey: Guid(049a354bd04529f4d8f56b2b078ca260) Importer(815301076,1909f56bfc062723c751e8b465ee728b)
Start importing Assets/Synty/PolygonApocalypse/Models/SM_Bld_Bunker_Wall_Curved_End_Concrete_01.fbx using Guid(049a354bd04529f4d8f56b2b078ca260) Importer(815301076,1909f56bfc062723c751e8b465ee728b) (PreviewImporter) -> (artifact id: 'dc9f12b0b532a43d3a07c178d0b3db24') in 0.0185697 seconds
Number of updated asset objects reloaded before import = 0Number of asset objects unloaded after import = 7

========================================================================
Received Import Request.
  Time since last request: 0.000027 seconds.
  path: Assets/Synty/PolygonApocalypse/Models/SM_Bld_Bunker_Wood_Floor_Raised_x2_01.fbx
  artifactKey: Guid(644b49e598369f540a6406e249fc4c75) Importer(815301076,1909f56bfc062723c751e8b465ee728b)
Start importing Assets/Synty/PolygonApocalypse/Models/SM_Bld_Bunker_Wood_Floor_Raised_x2_01.fbx using Guid(644b49e598369f540a6406e249fc4c75) Importer(815301076,1909f56bfc062723c751e8b465ee728b) (PreviewImporter) -> (artifact id: '2ca4d8b47b794c327eb39d3a434ea936') in 0.016028 seconds
Number of updated asset objects reloaded before import = 0Number of asset objects unloaded after import = 7

========================================================================
Received Import Request.
  Time since last request: 0.000031 seconds.
  path: Assets/Synty/PolygonApocalypse/Models/SM_Bld_Cooling_Tower_02.fbx
  artifactKey: Guid(d9e34ab6c59995f4aa6c1ea55be4982d) Importer(815301076,1909f56bfc062723c751e8b465ee728b)
Start importing Assets/Synty/PolygonApocalypse/Models/SM_Bld_Cooling_Tower_02.fbx using Guid(d9e34ab6c59995f4aa6c1ea55be4982d) Importer(815301076,1909f56bfc062723c751e8b465ee728b) (PreviewImporter) -> (artifact id: 'e33ae644b0db8c5e4482f1df5c256b36') in 0.0173069 seconds
Number of updated asset objects reloaded before import = 0Number of asset objects unloaded after import = 7

========================================================================
Received Import Request.
  Time since last request: 0.000048 seconds.
  path: Assets/Synty/PolygonApocalypse/Models/SM_Bld_Crane_01.fbx
  artifactKey: Guid(02b3de0283968264ab4bf88e5363e131) Importer(815301076,1909f56bfc062723c751e8b465ee728b)
Start importing Assets/Synty/PolygonApocalypse/Models/SM_Bld_Crane_01.fbx using Guid(02b3de0283968264ab4bf88e5363e131) Importer(815301076,1909f56bfc062723c751e8b465ee728b) (PreviewImporter) -> (artifact id: '11d7321643f7f2d2f4d667de08dc115f') in 0.0330737 seconds
Number of updated asset objects reloaded before import = 0Number of asset objects unloaded after import = 27

========================================================================
Received Import Request.
  Time since last request: 0.000020 seconds.
  path: Assets/Synty/PolygonApocalypse/Models/SM_Bld_Door_06.fbx
  artifactKey: Guid(cd33748440e35a14c8a8ecc21541729e) Importer(815301076,1909f56bfc062723c751e8b465ee728b)
Start importing Assets/Synty/PolygonApocalypse/Models/SM_Bld_Door_06.fbx using Guid(cd33748440e35a14c8a8ecc21541729e) Importer(815301076,1909f56bfc062723c751e8b465ee728b) (PreviewImporter) -> (artifact id: '0dd3ff175e6260ecc19054867cccc618') in 0.0147502 seconds
Number of updated asset objects reloaded before import = 0Number of asset objects unloaded after import = 7

========================================================================
Received Import Request.
  Time since last request: 0.000025 seconds.
  path: Assets/Synty/PolygonApocalypse/Models/SM_Bld_Door_03.fbx
  artifactKey: Guid(8a54c69c33620294a811f5456bf96d05) Importer(815301076,1909f56bfc062723c751e8b465ee728b)
Start importing Assets/Synty/PolygonApocalypse/Models/SM_Bld_Door_03.fbx using Guid(8a54c69c33620294a811f5456bf96d05) Importer(815301076,1909f56bfc062723c751e8b465ee728b) (PreviewImporter) -> (artifact id: 'ba74fbb69d29e6f9348bca1676b0ed91') in 0.0141481 seconds
Number of updated asset objects reloaded before import = 0Number of asset objects unloaded after import = 7

========================================================================
Received Import Request.
  Time since last request: 0.000022 seconds.
  path: Assets/Synty/PolygonApocalypse/Models/SM_Bld_Bunker_Wall_Curved_End_Concrete_Door_x2_01.fbx
  artifactKey: Guid(141565d1205cf3f43a4421d1b9b5b4b2) Importer(815301076,1909f56bfc062723c751e8b465ee728b)
Start importing Assets/Synty/PolygonApocalypse/Models/SM_Bld_Bunker_Wall_Curved_End_Concrete_Door_x2_01.fbx using Guid(141565d1205cf3f43a4421d1b9b5b4b2) Importer(815301076,1909f56bfc062723c751e8b465ee728b) (PreviewImporter) -> (artifact id: 'a313133a8e14243daf6677a42fcbcc22') in 0.0261361 seconds
Number of updated asset objects reloaded before import = 0Number of asset objects unloaded after import = 17

========================================================================
Received Import Request.
  Time since last request: 0.000051 seconds.
  path: Assets/Synty/PolygonApocalypse/Models/SM_Bld_Bunker_Wall_Slab_x2_01.fbx
  artifactKey: Guid(77eaf1e7aebfcb245bedabd15997fbba) Importer(815301076,1909f56bfc062723c751e8b465ee728b)
Start importing Assets/Synty/PolygonApocalypse/Models/SM_Bld_Bunker_Wall_Slab_x2_01.fbx using Guid(77eaf1e7aebfcb245bedabd15997fbba) Importer(815301076,1909f56bfc062723c751e8b465ee728b) (PreviewImporter) -> (artifact id: '414eb6846f6979e13fc66ac49faef61b') in 0.0168435 seconds
Number of updated asset objects reloaded before import = 0Number of asset objects unloaded after import = 7

========================================================================
Received Import Request.
  Time since last request: 0.000019 seconds.
  path: Assets/Synty/PolygonApocalypse/Models/SM_Bld_Church_01.fbx
  artifactKey: Guid(3c766ad528d34ab4288de411368e1576) Importer(815301076,1909f56bfc062723c751e8b465ee728b)
Start importing Assets/Synty/PolygonApocalypse/Models/SM_Bld_Church_01.fbx using Guid(3c766ad528d34ab4288de411368e1576) Importer(815301076,1909f56bfc062723c751e8b465ee728b) (PreviewImporter) -> (artifact id: 'dadf77fcae8e97167632bceeb4c45e92') in 0.018546 seconds
Number of updated asset objects reloaded before import = 0Number of asset objects unloaded after import = 7

========================================================================
Received Import Request.
  Time since last request: 0.000019 seconds.
  path: Assets/Synty/PolygonApocalypse/Models/SM_Bld_Commercial_Medium_01.fbx
  artifactKey: Guid(d1f90ed850da8ba42aa4042dacdd71cf) Importer(815301076,1909f56bfc062723c751e8b465ee728b)
Start importing Assets/Synty/PolygonApocalypse/Models/SM_Bld_Commercial_Medium_01.fbx using Guid(d1f90ed850da8ba42aa4042dacdd71cf) Importer(815301076,1909f56bfc062723c751e8b465ee728b) (PreviewImporter) -> (artifact id: '9eb75adae00befaec7c0f57125e36bcd') in 0.0412552 seconds
Number of updated asset objects reloaded before import = 0Number of asset objects unloaded after import = 22

========================================================================
Received Import Request.
  Time since last request: 0.000024 seconds.
  path: Assets/Synty/PolygonApocalypse/Models/SM_Bld_Door_09.fbx
  artifactKey: Guid(ecdc1265ac392834498975ad39ba84c3) Importer(815301076,1909f56bfc062723c751e8b465ee728b)
Start importing Assets/Synty/PolygonApocalypse/Models/SM_Bld_Door_09.fbx using Guid(ecdc1265ac392834498975ad39ba84c3) Importer(815301076,1909f56bfc062723c751e8b465ee728b) (PreviewImporter) -> (artifact id: '7d028b0f0498a8a191b1b8db6ecbafc8') in 0.0156679 seconds
Number of updated asset objects reloaded before import = 0Number of asset objects unloaded after import = 7

========================================================================
Received Import Request.
  Time since last request: 0.000022 seconds.
  path: Assets/Synty/PolygonApocalypse/Models/SM_Bld_Commercial_Small_01.fbx
  artifactKey: Guid(2f59f144d4f59a54ba3d587db1f23d8b) Importer(815301076,1909f56bfc062723c751e8b465ee728b)
Start importing Assets/Synty/PolygonApocalypse/Models/SM_Bld_Commercial_Small_01.fbx using Guid(2f59f144d4f59a54ba3d587db1f23d8b) Importer(815301076,1909f56bfc062723c751e8b465ee728b) (PreviewImporter) -> (artifact id: '45e2ce7514ba620cad2454a0ec4756df') in 0.0412937 seconds
Number of updated asset objects reloaded before import = 0Number of asset objects unloaded after import = 22

========================================================================
Received Import Request.
  Time since last request: 0.000026 seconds.
  path: Assets/Synty/PolygonApocalypse/Models/SM_Bld_HeliPad_01.fbx
  artifactKey: Guid(c65fb5dddd721be4c9c62d1baa308eb8) Importer(815301076,1909f56bfc062723c751e8b465ee728b)
Start importing Assets/Synty/PolygonApocalypse/Models/SM_Bld_HeliPad_01.fbx using Guid(c65fb5dddd721be4c9c62d1baa308eb8) Importer(815301076,1909f56bfc062723c751e8b465ee728b) (PreviewImporter) -> (artifact id: '61f7b6991941587ced1ab5b313f342d6') in 0.0231536 seconds
Number of updated asset objects reloaded before import = 0Number of asset objects unloaded after import = 12

========================================================================
Received Import Request.
  Time since last request: 0.000028 seconds.
  path: Assets/Synty/PolygonApocalypse/Models/SM_Bld_Bunker_Wall_Slab_x1_04.fbx
  artifactKey: Guid(7b888e703953c02459adcf32044bd42c) Importer(815301076,1909f56bfc062723c751e8b465ee728b)
Start importing Assets/Synty/PolygonApocalypse/Models/SM_Bld_Bunker_Wall_Slab_x1_04.fbx using Guid(7b888e703953c02459adcf32044bd42c) Importer(815301076,1909f56bfc062723c751e8b465ee728b) (PreviewImporter) -> (artifact id: 'b73b9a13e4cb9527b049b8ea137c9292') in 0.0165192 seconds
Number of updated asset objects reloaded before import = 0Number of asset objects unloaded after import = 7

========================================================================
Received Import Request.
  Time since last request: 0.000025 seconds.
  path: Assets/Synty/PolygonApocalypse/Models/SM_Bld_Cooling_Tower_01.fbx
  artifactKey: Guid(82f56ab479b46af488f9ddf1aad9a1bc) Importer(815301076,1909f56bfc062723c751e8b465ee728b)
Start importing Assets/Synty/PolygonApocalypse/Models/SM_Bld_Cooling_Tower_01.fbx using Guid(82f56ab479b46af488f9ddf1aad9a1bc) Importer(815301076,1909f56bfc062723c751e8b465ee728b) (PreviewImporter) -> (artifact id: '4db902e8382b37b6704449d7d8d37946') in 0.0185175 seconds
Number of updated asset objects reloaded before import = 0Number of asset objects unloaded after import = 7

========================================================================
Received Import Request.
  Time since last request: 0.000026 seconds.
  path: Assets/Synty/PolygonApocalypse/Models/SM_Bld_Bunker_Wood_Floor_Raised_01.fbx
  artifactKey: Guid(5e75d35d7363ebf47af0f8002f40f0a9) Importer(815301076,1909f56bfc062723c751e8b465ee728b)
Start importing Assets/Synty/PolygonApocalypse/Models/SM_Bld_Bunker_Wood_Floor_Raised_01.fbx using Guid(5e75d35d7363ebf47af0f8002f40f0a9) Importer(815301076,1909f56bfc062723c751e8b465ee728b) (PreviewImporter) -> (artifact id: 'ae42f21b7b0afca711b1c4cd5a1ab58a') in 0.0173098 seconds
Number of updated asset objects reloaded before import = 0Number of asset objects unloaded after import = 7

========================================================================
Received Import Request.
  Time since last request: 0.000036 seconds.
  path: Assets/Synty/PolygonApocalypse/Models/SM_Bld_Bunker_Wall_Slab_x1_01.fbx
  artifactKey: Guid(ac216816840579d46bafb8e90333f86c) Importer(815301076,1909f56bfc062723c751e8b465ee728b)
Start importing Assets/Synty/PolygonApocalypse/Models/SM_Bld_Bunker_Wall_Slab_x1_01.fbx using Guid(ac216816840579d46bafb8e90333f86c) Importer(815301076,1909f56bfc062723c751e8b465ee728b) (PreviewImporter) -> (artifact id: 'd9f765d7805e5537645c59be870a9d85') in 0.0193618 seconds
Number of updated asset objects reloaded before import = 0Number of asset objects unloaded after import = 7

========================================================================
Received Import Request.
  Time since last request: 0.000025 seconds.
  path: Assets/Synty/PolygonApocalypse/Models/SM_Bld_ContainerBridge_01.fbx
  artifactKey: Guid(ca0f0a4bea76c1946b59cf6edaaf8b02) Importer(815301076,1909f56bfc062723c751e8b465ee728b)
Start importing Assets/Synty/PolygonApocalypse/Models/SM_Bld_ContainerBridge_01.fbx using Guid(ca0f0a4bea76c1946b59cf6edaaf8b02) Importer(815301076,1909f56bfc062723c751e8b465ee728b) (PreviewImporter) -> (artifact id: 'b3dd656353de4b49fc4802ff363c9b12') in 0.0313515 seconds
Number of updated asset objects reloaded before import = 0Number of asset objects unloaded after import = 17

Editor requested this worker to shutdown with reason: Scaling down because of idle timeout
AssetImportWorker is now disconnected from the server
Process exiting
Exiting without the bug reporter. Application will terminate with return code 0