[Licensing::Module] Trying to connect to existing licensing client channel...
Built from '6000.3/staging' branch; Version is '6000.3.13f1 (8c4f11e4fb20) revision 9195281'; Using compiler version '194234433'; Build Type 'Release'
OS: 'Windows 11  (10.0.26200) Core' Language: 'en' Physical Memory: 32347 MB
[Licensing::IpcConnector] Successfully connected to: "LicenseClient-zieli" at "2026-04-21T22:42:39.905557Z"
BatchMode: 1, IsHumanControllingUs: 0, StartBugReporterOnCrash: 0, Is64bit: 1
System  architecture: x64
Process architecture: x64
Date: 2026-04-21T22:42:39Z

COMMAND LINE ARGUMENTS:
C:\Program Files\Unity\Hub\Editor\6000.3.13f1\Editor\Unity.exe
-adb2
-batchMode
-noUpm
-name
AssetImportWorker27
-projectPath
C:/Game Development/DisasterDiner
-logFile
Logs/AssetImportWorker27.log
-srvPort
60058
-licensingIpc
LicenseClient-zieli
-job-worker-count
7
-background-job-worker-count
8
-gc-helper-count
1
-name
AssetImport
Successfully changed project path to: C:/Game Development/DisasterDiner
C:/Game Development/DisasterDiner
[UnityMemory] Configuration Parameters - Can be set up in boot.config
    "memorysetup-temp-allocator-size-nav-mesh-worker=65536"
    "memorysetup-temp-allocator-size-audio-worker=65536"
    "memorysetup-temp-allocator-size-gfx=262144"
    "memorysetup-allocator-temp-initial-block-size-main=262144"
    "memorysetup-allocator-temp-initial-block-size-worker=262144"
    "memorysetup-temp-allocator-size-background-worker=32768"
    "memorysetup-temp-allocator-size-job-worker=262144"
    "memorysetup-temp-allocator-size-preload-manager=33554432"
    "memorysetup-temp-allocator-size-gi-baking-worker=262144"
    "memorysetup-temp-allocator-size-gi-baking-worker=262144"
    "memorysetup-temp-allocator-size-gi-baking-worker=262144"
    "memorysetup-temp-allocator-size-gi-baking-worker=262144"
    "memorysetup-temp-allocator-size-gi-baking-worker=262144"
    "memorysetup-bucket-allocator-granularity=16"
    "memorysetup-bucket-allocator-bucket-count=8"
    "memorysetup-bucket-allocator-block-size=33554432"
    "memorysetup-bucket-allocator-block-count=8"
    "memorysetup-main-allocator-block-size=16777216"
    "memorysetup-thread-allocator-block-size=16777216"
    "memorysetup-gfx-main-allocator-block-size=16777216"
    "memorysetup-gfx-thread-allocator-block-size=16777216"
    "memorysetup-cache-allocator-block-size=4194304"
    "memorysetup-typetree-allocator-block-size=2097152"
    "memorysetup-profiler-bucket-allocator-granularity=16"
    "memorysetup-profiler-bucket-allocator-bucket-count=8"
    "memorysetup-profiler-bucket-allocator-block-size=33554432"
    "memorysetup-profiler-bucket-allocator-block-count=8"
    "memorysetup-profiler-allocator-block-size=16777216"
    "memorysetup-profiler-editor-allocator-block-size=1048576"
    "memorysetup-temp-allocator-size-main=16777216"
    "memorysetup-job-temp-allocator-block-size=2097152"
    "memorysetup-job-temp-allocator-block-size-background=1048576"
    "memorysetup-job-temp-allocator-reduction-small-platforms=262144"
    "memorysetup-temp-allocator-size-cloud-worker=32768"
Player connection [24844]  Target information:

Player connection [24844]  * "[IP] 192.168.86.22 [Port] 0 [Flags] 2 [Guid] 2767122793 [EditorId] 2767122793 [Version] 1048832 [Id] WindowsEditor(7,Johns_PC) [Debug] 1 [PackageName] WindowsEditor [ProjectName] Editor" 

Player connection [24844] Host joined multi-casting on [225.0.0.222:54997]...
Player connection [24844] Host joined alternative multi-casting on [225.0.0.222:34997]...
JobSystem: Creating JobQueue using job-worker-count value 7
Input System module state changed to: Initialized.
[Physics::Module] Initialized fallback backend.
[Physics::Module] Id: 0xdecafbad
Library Redirect Path: Library/
[Physics::Module] Selected backend.
[Physics::Module] Name: PhysX
[Physics::Module] Id: 0xf2b8ea05
[Physics::Module] SDK Version: 4.1.2
[Physics::Module] Integration Version: 1.0.0
[Physics::Module] Threading Mode: Multi-Threaded
Refreshing native plugins compatible for Editor in 4.32 ms, found 4 plugins.
Preloading 0 native plugins for Editor in 0.00 ms.
Initialize engine version: 6000.3.13f1 (8c4f11e4fb20)
[Subsystems] Discovering subsystems at path C:/Program Files/Unity/Hub/Editor/6000.3.13f1/Editor/Data/Resources/UnitySubsystems
[Subsystems] Discovering subsystems at path C:/Game Development/DisasterDiner/Assets
GfxDevice: creating device client; kGfxThreadingModeNonThreaded
Direct3D:
    Version:  Direct3D 11.0 [level 11.1]
    Renderer: NVIDIA GeForce RTX 4070 SUPER (ID=0x2783)
    Vendor:   NVIDIA
    VRAM:     11999 MB
    Driver:   32.0.15.8157
Initialize mono
Mono path[0] = 'C:/Program Files/Unity/Hub/Editor/6000.3.13f1/Editor/Data/Managed'
Mono path[1] = 'C:/Program Files/Unity/Hub/Editor/6000.3.13f1/Editor/Data/MonoBleedingEdge/lib/mono/unityjit-win32'
Mono config path = 'C:/Program Files/Unity/Hub/Editor/6000.3.13f1/Editor/Data/MonoBleedingEdge/etc'
Using monoOptions --debugger-agent=transport=dt_socket,embedding=1,server=y,suspend=n,address=127.0.0.1:56348
Begin MonoManager ReloadAssembly
Registering precompiled unity dll's ...
Register platform support module: C:/Program Files/Unity/Hub/Editor/6000.3.13f1/Editor/Data/PlaybackEngines/WindowsStandaloneSupport/UnityEditor.WindowsStandalone.Extensions.dll
Registered in 0.001727 seconds.
- Loaded All Assemblies, in  0.341 seconds
[Licensing::Client] Error: HandshakeResponse reported an error:
	ResponseCode: 505
	ResponseStatus: Unsupported protocol version '1.18.1'.
[Licensing::Module] Error: Failed to handshake to channel: "LicenseClient-zieli"
[Licensing::IpcConnector] LicenseClient-zieli channel disconnected successfully.
[Licensing::IpcConnector] Successfully connected to: "LicenseClient-zieli-6000.3.13" at "2026-04-21T22:42:40.8870095Z"
Native extension for WindowsStandalone target not found
Package Manager log level set to [2]
[Package Manager] Failed to launch server process. Reason: Unity was launched with the -noUpm command-line argument
[Package Manager] Unable to send message (not connected to server process).
[Package Manager] Cannot connect to Unity Package Manager local server
ScheduleIndexationOnStartup MainProcess:False IndexOnStartup:True
Mono: successfully reloaded assembly
- Finished resetting the current domain, in  0.317 seconds
Domain Reload Profiling: 656ms
	BeginReloadAssembly (111ms)
		ExecutionOrderSort (0ms)
		DisableScriptedObjects (0ms)
		BackupInstance (0ms)
		ReleaseScriptingObjects (0ms)
		CreateAndSetChildDomain (1ms)
	RebuildCommonClasses (30ms)
	RebuildNativeTypeToScriptingClass (10ms)
	initialDomainReloadingComplete (37ms)
	LoadAllAssembliesAndSetupDomain (151ms)
		LoadAssemblies (108ms)
		RebuildTransferFunctionScriptingTraits (0ms)
		AnalyzeDomain (149ms)
			TypeCache.Refresh (147ms)
				TypeCache.ScanAssembly (135ms)
			BuildScriptInfoCaches (0ms)
			ResolveRequiredComponents (1ms)
	FinalizeReload (317ms)
		ReleaseScriptCaches (0ms)
		RebuildScriptCaches (0ms)
		SetupLoadedEditorAssemblies (277ms)
			LogAssemblyErrors (0ms)
			InitializePlatformSupportModulesInManaged (39ms)
			SetLoadedEditorAssemblies (3ms)
			BeforeProcessingInitializeOnLoad (66ms)
			ProcessInitializeOnLoadAttributes (107ms)
			ProcessInitializeOnLoadMethodAttributes (61ms)
			AfterProcessingInitializeOnLoad (0ms)
			EditorAssembliesLoaded (0ms)
		ExecutionOrderSort2 (0ms)
		AwakeInstancesAfterBackupRestoration (0ms)
========================================================================
Worker process is ready to serve import requests
Import Worker Mode flag is 0x00
Begin MonoManager ReloadAssembly
[Licensing::Module] Licensing is not yet initialized.
[Licensing::Client] Handshaking with LicensingClient:
  Version:                 1.18.1+9fbee8e
  Session Id:              9f7b37abab754b69bcaa57b9b90f2827
  Correlation Id:          2b999b7551c4f1abd27547e4a7907d59
  External correlation Id: 8507407632279289146
  Machine Id:              a0OP954qVZmt5azPS5PrvPW5hTY=
[Licensing::Module] Successfully connected to LicensingClient on channel: "LicenseClient-zieli-6000.3.13" (connect: 0.00s, validation: 0.00s, handshake: 0.78s)
[Licensing::IpcConnector] Successfully connected to: "LicenseClient-zieli-6000.3.13-notifications" at "2026-04-21T22:42:41.6695842Z"
[Licensing::Module] Licensing Background thread has ended after 1.76s
[Licensing::Module] Licensing is initialized (took 0.26s).
[Licensing::Client] Successfully resolved entitlement details
[Licensing::Module] License group:
  Id: 2475483376267-UnityPersXXXX
  Product: Unity Personal
  Type: Assigned
  Expiration: Unlimited
- Loaded All Assemblies, in  0.862 seconds
Refreshing native plugins compatible for Editor in 1.36 ms, found 4 plugins.
Native extension for WindowsStandalone target not found
[Package Manager] Failed to launch server process. Reason: Unity was launched with the -noUpm command-line argument
[Package Manager] Unable to send message (not connected to server process).
[Package Manager] Cannot connect to Unity Package Manager local server
Refreshing native plugins compatible for Editor in 1.24 ms, found 4 plugins.
[Package Manager] Failed to launch server process. Reason: Unity was launched with the -noUpm command-line argument
[Package Manager] Unable to send message (not connected to server process).
[Package Manager] Cannot connect to Unity Package Manager local server
ScheduleIndexationOnStartup MainProcess:False IndexOnStartup:True
Mono: successfully reloaded assembly
- Finished resetting the current domain, in  0.572 seconds
Domain Reload Profiling: 1430ms
	BeginReloadAssembly (400ms)
		ExecutionOrderSort (0ms)
		DisableScriptedObjects (4ms)
		BackupInstance (0ms)
		ReleaseScriptingObjects (0ms)
		CreateAndSetChildDomain (25ms)
	RebuildCommonClasses (28ms)
	RebuildNativeTypeToScriptingClass (10ms)
	initialDomainReloadingComplete (30ms)
	LoadAllAssembliesAndSetupDomain (390ms)
		LoadAssemblies (264ms)
		RebuildTransferFunctionScriptingTraits (0ms)
		AnalyzeDomain (200ms)
			TypeCache.Refresh (143ms)
				TypeCache.ScanAssembly (131ms)
			BuildScriptInfoCaches (45ms)
			ResolveRequiredComponents (8ms)
	FinalizeReload (572ms)
		ReleaseScriptCaches (0ms)
		RebuildScriptCaches (0ms)
		SetupLoadedEditorAssemblies (416ms)
			LogAssemblyErrors (0ms)
			InitializePlatformSupportModulesInManaged (1ms)
			SetLoadedEditorAssemblies (2ms)
			BeforeProcessingInitializeOnLoad (99ms)
			ProcessInitializeOnLoadAttributes (258ms)
			ProcessInitializeOnLoadMethodAttributes (51ms)
			AfterProcessingInitializeOnLoad (5ms)
			EditorAssembliesLoaded (0ms)
		ExecutionOrderSort2 (0ms)
		AwakeInstancesAfterBackupRestoration (6ms)
Launched and connected shader compiler UnityShaderCompiler.exe after 0.01 seconds
Refreshing native plugins compatible for Editor in 1.53 ms, found 4 plugins.
Preloading 0 native plugins for Editor in 0.00 ms.
Unloading 16 Unused Serialized files (Serialized files now loaded: 0)
Unloading 6447 unused Assets / (4.9 MB). Loaded Objects now: 7244.
Memory consumption went from 156.9 MB to 152.0 MB.
Total: 7.356500 ms (FindLiveObjects: 0.540500 ms CreateObjectMapping: 0.289000 ms MarkObjects: 4.473000 ms  DeleteObjects: 2.052700 ms)

========================================================================
Received Import Request.
  Time since last request: 4357.681482 seconds.
  path: Assets/Synty/PolygonApocalypse/Prefabs/Props/SM_Prop_Ammo_Box_Belt_01.prefab
  artifactKey: Guid(ba195a88cc542844e9be28b4f1d3f784) Importer(815301076,1909f56bfc062723c751e8b465ee728b)
Start importing Assets/Synty/PolygonApocalypse/Prefabs/Props/SM_Prop_Ammo_Box_Belt_01.prefab using Guid(ba195a88cc542844e9be28b4f1d3f784) Importer(815301076,1909f56bfc062723c751e8b465ee728b) (PreviewImporter) -> (artifact id: '9c13bf7fd4594ff0216cfeebeec124bb') in 0.5283093 seconds
Number of updated asset objects reloaded before import = 0Number of asset objects unloaded after import = 23

========================================================================
Received Import Request.
  Time since last request: 0.000030 seconds.
  path: Assets/Synty/PolygonApocalypse/Prefabs/Props/SM_Prop_Backetball_Hoop_01.prefab
  artifactKey: Guid(1e67d35243ca23a4aa021c54c67d3d49) Importer(815301076,1909f56bfc062723c751e8b465ee728b)
Start importing Assets/Synty/PolygonApocalypse/Prefabs/Props/SM_Prop_Backetball_Hoop_01.prefab using Guid(1e67d35243ca23a4aa021c54c67d3d49) Importer(815301076,1909f56bfc062723c751e8b465ee728b) (PreviewImporter) -> (artifact id: '153bbf685fc501c3195338e3195383a6') in 0.0578256 seconds
Number of updated asset objects reloaded before import = 0Number of asset objects unloaded after import = 20

========================================================================
Received Import Request.
  Time since last request: 0.000030 seconds.
  path: Assets/Synty/PolygonApocalypse/Prefabs/Props/SM_Prop_Barricade_Pallet_01.prefab
  artifactKey: Guid(8a91fe8b8c8c44546a97a9cea53bef38) Importer(815301076,1909f56bfc062723c751e8b465ee728b)
Start importing Assets/Synty/PolygonApocalypse/Prefabs/Props/SM_Prop_Barricade_Pallet_01.prefab using Guid(8a91fe8b8c8c44546a97a9cea53bef38) Importer(815301076,1909f56bfc062723c751e8b465ee728b) (PreviewImporter) -> (artifact id: 'dc044f6aa2a66ac80a5267d0a2906411') in 0.0410636 seconds
Number of updated asset objects reloaded before import = 0Number of asset objects unloaded after import = 18

========================================================================
Received Import Request.
  Time since last request: 0.000056 seconds.
  path: Assets/Synty/PolygonApocalypse/Prefabs/Props/SM_Prop_Barricade_Wired_01.prefab
  artifactKey: Guid(add809f1cc3c153499203a879095e396) Importer(815301076,1909f56bfc062723c751e8b465ee728b)
Start importing Assets/Synty/PolygonApocalypse/Prefabs/Props/SM_Prop_Barricade_Wired_01.prefab using Guid(add809f1cc3c153499203a879095e396) Importer(815301076,1909f56bfc062723c751e8b465ee728b) (PreviewImporter) -> (artifact id: 'b4fb65ac92f243e4b7620a55965e1418') in 0.0422669 seconds
Number of updated asset objects reloaded before import = 0Number of asset objects unloaded after import = 18

========================================================================
Received Import Request.
  Time since last request: 0.000056 seconds.
  path: Assets/Synty/PolygonApocalypse/Prefabs/Props/SM_Prop_Barricade_Corrugated_01.prefab
  artifactKey: Guid(d1749d9c90146d646990a20586c88c11) Importer(815301076,1909f56bfc062723c751e8b465ee728b)
Start importing Assets/Synty/PolygonApocalypse/Prefabs/Props/SM_Prop_Barricade_Corrugated_01.prefab using Guid(d1749d9c90146d646990a20586c88c11) Importer(815301076,1909f56bfc062723c751e8b465ee728b) (PreviewImporter) -> (artifact id: '8eb72c85a3d7034b5856e0ea4fe5b384') in 0.0416689 seconds
Number of updated asset objects reloaded before import = 0Number of asset objects unloaded after import = 18

========================================================================
Received Import Request.
  Time since last request: 0.000028 seconds.
  path: Assets/Synty/PolygonApocalypse/Prefabs/Props/SM_Prop_Barrel_Warning_01.prefab
  artifactKey: Guid(d17191aac136baf4388e8d209448c295) Importer(815301076,1909f56bfc062723c751e8b465ee728b)
Start importing Assets/Synty/PolygonApocalypse/Prefabs/Props/SM_Prop_Barrel_Warning_01.prefab using Guid(d17191aac136baf4388e8d209448c295) Importer(815301076,1909f56bfc062723c751e8b465ee728b) (PreviewImporter) -> (artifact id: '113adfcebc913abb68fde35e60330b98') in 0.0370115 seconds
Number of updated asset objects reloaded before import = 0Number of asset objects unloaded after import = 18

========================================================================
Received Import Request.
  Time since last request: 0.000076 seconds.
  path: Assets/Synty/PolygonApocalypse/Prefabs/Props/SM_Prop_Barrel_Nuke_Pool_01.prefab
  artifactKey: Guid(7f9e6737043b2304ca32ac25b2689737) Importer(815301076,1909f56bfc062723c751e8b465ee728b)
Start importing Assets/Synty/PolygonApocalypse/Prefabs/Props/SM_Prop_Barrel_Nuke_Pool_01.prefab using Guid(7f9e6737043b2304ca32ac25b2689737) Importer(815301076,1909f56bfc062723c751e8b465ee728b) (PreviewImporter) -> (artifact id: '132cfe94356d704ed274d82948db8d06') in 0.0360965 seconds
Number of updated asset objects reloaded before import = 0Number of asset objects unloaded after import = 18

========================================================================
Received Import Request.
  Time since last request: 0.063357 seconds.
  path: Assets/Synty/PolygonApocalypse/Prefabs/Vehicles/Attachments/SM_Veh_Attach_Bumper_02.prefab
  artifactKey: Guid(af4b6708982855e4a9db9cd26fa8a47d) Importer(815301076,1909f56bfc062723c751e8b465ee728b)
Start importing Assets/Synty/PolygonApocalypse/Prefabs/Vehicles/Attachments/SM_Veh_Attach_Bumper_02.prefab using Guid(af4b6708982855e4a9db9cd26fa8a47d) Importer(815301076,1909f56bfc062723c751e8b465ee728b) (PreviewImporter) -> (artifact id: '8b952516cfe4fe0861b03f5ee5b61326') in 0.0231106 seconds
Number of updated asset objects reloaded before import = 0Number of asset objects unloaded after import = 16

========================================================================
Received Import Request.
  Time since last request: 0.000028 seconds.
  path: Assets/Synty/PolygonApocalypse/Prefabs/Vehicles/Attachments/SM_Veh_Attach_Bumper_06.prefab
  artifactKey: Guid(7808df36b5c4afe498ebd9f1e733ed95) Importer(815301076,1909f56bfc062723c751e8b465ee728b)
Start importing Assets/Synty/PolygonApocalypse/Prefabs/Vehicles/Attachments/SM_Veh_Attach_Bumper_06.prefab using Guid(7808df36b5c4afe498ebd9f1e733ed95) Importer(815301076,1909f56bfc062723c751e8b465ee728b) (PreviewImporter) -> (artifact id: 'a97882d8978ca8fddadd8a62e49908d3') in 0.0219432 seconds
Number of updated asset objects reloaded before import = 0Number of asset objects unloaded after import = 16

========================================================================
Received Import Request.
  Time since last request: 0.000036 seconds.
  path: Assets/Synty/PolygonApocalypse/Prefabs/Vehicles/Attachments/SM_Veh_Attach_Intake_02.prefab
  artifactKey: Guid(a3ceae5509f12bc4cbb44078652dd421) Importer(815301076,1909f56bfc062723c751e8b465ee728b)
Start importing Assets/Synty/PolygonApocalypse/Prefabs/Vehicles/Attachments/SM_Veh_Attach_Intake_02.prefab using Guid(a3ceae5509f12bc4cbb44078652dd421) Importer(815301076,1909f56bfc062723c751e8b465ee728b) (PreviewImporter) -> (artifact id: '99c9e6044c5bdd1d1ae74094ceebf10b') in 0.022081 seconds
Number of updated asset objects reloaded before import = 0Number of asset objects unloaded after import = 16

========================================================================
Received Import Request.
  Time since last request: 0.000021 seconds.
  path: Assets/Synty/PolygonApocalypse/Prefabs/Vehicles/Attachments/SM_Veh_Attach_Lights_05.prefab
  artifactKey: Guid(3cea71031725e0146a97728a7d5edf4d) Importer(815301076,1909f56bfc062723c751e8b465ee728b)
Start importing Assets/Synty/PolygonApocalypse/Prefabs/Vehicles/Attachments/SM_Veh_Attach_Lights_05.prefab using Guid(3cea71031725e0146a97728a7d5edf4d) Importer(815301076,1909f56bfc062723c751e8b465ee728b) (PreviewImporter) -> (artifact id: '57538f51e889520cecd5257c6765bc85') in 0.0192918 seconds
Number of updated asset objects reloaded before import = 0Number of asset objects unloaded after import = 16

========================================================================
Received Import Request.
  Time since last request: 0.000029 seconds.
  path: Assets/Synty/PolygonApocalypse/Prefabs/Vehicles/Attachments/SM_Veh_Attach_Plating_03.prefab
  artifactKey: Guid(4f1cdbfbbb786df4a9e6f66ffe366825) Importer(815301076,1909f56bfc062723c751e8b465ee728b)
Start importing Assets/Synty/PolygonApocalypse/Prefabs/Vehicles/Attachments/SM_Veh_Attach_Plating_03.prefab using Guid(4f1cdbfbbb786df4a9e6f66ffe366825) Importer(815301076,1909f56bfc062723c751e8b465ee728b) (PreviewImporter) -> (artifact id: 'c3e9c9c37586e720723427c3bd636ad9') in 0.0220801 seconds
Number of updated asset objects reloaded before import = 0Number of asset objects unloaded after import = 16

========================================================================
Received Import Request.
  Time since last request: 0.000019 seconds.
  path: Assets/Synty/PolygonApocalypse/Prefabs/Vehicles/Attachments/SM_Veh_Attach_Pipe_02.prefab
  artifactKey: Guid(49449f1f8bc687143804bef2efc099c0) Importer(815301076,1909f56bfc062723c751e8b465ee728b)
Start importing Assets/Synty/PolygonApocalypse/Prefabs/Vehicles/Attachments/SM_Veh_Attach_Pipe_02.prefab using Guid(49449f1f8bc687143804bef2efc099c0) Importer(815301076,1909f56bfc062723c751e8b465ee728b) (PreviewImporter) -> (artifact id: '8d905c0789f2ef649a741b7c55f6c751') in 0.0211373 seconds
Number of updated asset objects reloaded before import = 0Number of asset objects unloaded after import = 16

========================================================================
Received Import Request.
  Time since last request: 0.000040 seconds.
  path: Assets/Synty/PolygonApocalypse/Prefabs/Vehicles/Attachments/SM_Veh_Attach_Plating_04.prefab
  artifactKey: Guid(26bb8e589e5ed674f9e130cd8cc127d2) Importer(815301076,1909f56bfc062723c751e8b465ee728b)
Start importing Assets/Synty/PolygonApocalypse/Prefabs/Vehicles/Attachments/SM_Veh_Attach_Plating_04.prefab using Guid(26bb8e589e5ed674f9e130cd8cc127d2) Importer(815301076,1909f56bfc062723c751e8b465ee728b) (PreviewImporter) -> (artifact id: '3be41d63c398f8f3273ea7d5e07714b0') in 0.0204578 seconds
Number of updated asset objects reloaded before import = 0Number of asset objects unloaded after import = 16

========================================================================
Received Import Request.
  Time since last request: 0.000034 seconds.
  path: Assets/Synty/PolygonApocalypse/Prefabs/Vehicles/Attachments/SM_Veh_Attach_Lights_03.prefab
  artifactKey: Guid(8c5981cca3666a541bd2567c0229b963) Importer(815301076,1909f56bfc062723c751e8b465ee728b)
Start importing Assets/Synty/PolygonApocalypse/Prefabs/Vehicles/Attachments/SM_Veh_Attach_Lights_03.prefab using Guid(8c5981cca3666a541bd2567c0229b963) Importer(815301076,1909f56bfc062723c751e8b465ee728b) (PreviewImporter) -> (artifact id: 'fa3a84eb945b6d5d75110973f8e3ff64') in 0.0207545 seconds
Number of updated asset objects reloaded before import = 0Number of asset objects unloaded after import = 16

========================================================================
Received Import Request.
  Time since last request: 0.000021 seconds.
  path: Assets/Synty/PolygonApocalypse/Prefabs/Vehicles/Attachments/SM_Veh_Attach_Pipe_01.prefab
  artifactKey: Guid(3265f4e6931402444bad53b920c43dcf) Importer(815301076,1909f56bfc062723c751e8b465ee728b)
Start importing Assets/Synty/PolygonApocalypse/Prefabs/Vehicles/Attachments/SM_Veh_Attach_Pipe_01.prefab using Guid(3265f4e6931402444bad53b920c43dcf) Importer(815301076,1909f56bfc062723c751e8b465ee728b) (PreviewImporter) -> (artifact id: '9cce9cb1f376ed60876d7d06798f6e06') in 0.021463 seconds
Number of updated asset objects reloaded before import = 0Number of asset objects unloaded after import = 16

========================================================================
Received Import Request.
  Time since last request: 0.000021 seconds.
  path: Assets/Synty/PolygonApocalypse/Prefabs/Vehicles/Attachments/SM_Veh_Attach_Frameing_01.prefab
  artifactKey: Guid(2e50104b9499ce14a93c7d6635069b8c) Importer(815301076,1909f56bfc062723c751e8b465ee728b)
Start importing Assets/Synty/PolygonApocalypse/Prefabs/Vehicles/Attachments/SM_Veh_Attach_Frameing_01.prefab using Guid(2e50104b9499ce14a93c7d6635069b8c) Importer(815301076,1909f56bfc062723c751e8b465ee728b) (PreviewImporter) -> (artifact id: '6b316499001b47e3727d0b7919dfcdac') in 0.0245619 seconds
Number of updated asset objects reloaded before import = 0Number of asset objects unloaded after import = 14

========================================================================
Received Import Request.
  Time since last request: 0.000022 seconds.
  path: Assets/Synty/PolygonApocalypse/Prefabs/Vehicles/Attachments/SM_Veh_Attach_Plating_16.prefab
  artifactKey: Guid(c7b6ab55b5daa7a4a97e7fbd03e48e41) Importer(815301076,1909f56bfc062723c751e8b465ee728b)
Start importing Assets/Synty/PolygonApocalypse/Prefabs/Vehicles/Attachments/SM_Veh_Attach_Plating_16.prefab using Guid(c7b6ab55b5daa7a4a97e7fbd03e48e41) Importer(815301076,1909f56bfc062723c751e8b465ee728b) (PreviewImporter) -> (artifact id: '2c340398bf490f85fada5e90890c3d90') in 0.0200468 seconds
Number of updated asset objects reloaded before import = 0Number of asset objects unloaded after import = 16

========================================================================
Received Import Request.
  Time since last request: 0.609106 seconds.
  path: Assets/Synty/PolygonApocalypse/Prefabs/Vehicles/Attachments/SM_Veh_Attach_Plating_20.prefab
  artifactKey: Guid(baab4fc3b0558184abd9b25f30a5db55) Importer(815301076,1909f56bfc062723c751e8b465ee728b)
Start importing Assets/Synty/PolygonApocalypse/Prefabs/Vehicles/Attachments/SM_Veh_Attach_Plating_20.prefab using Guid(baab4fc3b0558184abd9b25f30a5db55) Importer(815301076,1909f56bfc062723c751e8b465ee728b) (PreviewImporter) -> (artifact id: '5194fb85d903ef2122b094431a11bfe9') in 0.0236159 seconds
Number of updated asset objects reloaded before import = 0Number of asset objects unloaded after import = 16

========================================================================
Received Import Request.
  Time since last request: 0.358696 seconds.
  path: Assets/Synty/PolygonApocalypse/Prefabs/Vehicles/Attachments/SM_Veh_Attach_Plating_24.prefab
  artifactKey: Guid(8424e781dda0e714da3f90c01ba43fee) Importer(815301076,1909f56bfc062723c751e8b465ee728b)
Start importing Assets/Synty/PolygonApocalypse/Prefabs/Vehicles/Attachments/SM_Veh_Attach_Plating_24.prefab using Guid(8424e781dda0e714da3f90c01ba43fee) Importer(815301076,1909f56bfc062723c751e8b465ee728b) (PreviewImporter) -> (artifact id: '99a105d21fe67c8913d4487fbbd4894c') in 0.0219753 seconds
Number of updated asset objects reloaded before import = 0Number of asset objects unloaded after import = 16

========================================================================
Received Import Request.
  Time since last request: 0.008563 seconds.
  path: Assets/Synty/PolygonApocalypse/Prefabs/Vehicles/Attachments/SM_Veh_Attach_Plating_28.prefab
  artifactKey: Guid(2a9c737103b70684491768c95e294ffe) Importer(815301076,1909f56bfc062723c751e8b465ee728b)
Start importing Assets/Synty/PolygonApocalypse/Prefabs/Vehicles/Attachments/SM_Veh_Attach_Plating_28.prefab using Guid(2a9c737103b70684491768c95e294ffe) Importer(815301076,1909f56bfc062723c751e8b465ee728b) (PreviewImporter) -> (artifact id: '7a15a907ef347303e7c4da4892824ebd') in 0.0215497 seconds
Number of updated asset objects reloaded before import = 0Number of asset objects unloaded after import = 16

========================================================================
Received Import Request.
  Time since last request: 0.258794 seconds.
  path: Assets/Synty/PolygonApocalypse/Prefabs/Vehicles/Attachments/SM_Veh_Attach_Plating_32.prefab
  artifactKey: Guid(9ae9c95b06ae1514c88666b7465118c4) Importer(815301076,1909f56bfc062723c751e8b465ee728b)
Start importing Assets/Synty/PolygonApocalypse/Prefabs/Vehicles/Attachments/SM_Veh_Attach_Plating_32.prefab using Guid(9ae9c95b06ae1514c88666b7465118c4) Importer(815301076,1909f56bfc062723c751e8b465ee728b) (PreviewImporter) -> (artifact id: '797d29a22df4e33f6f19bd92aa33a318') in 0.0232517 seconds
Number of updated asset objects reloaded before import = 0Number of asset objects unloaded after import = 16

========================================================================
Received Import Request.
  Time since last request: 0.000024 seconds.
  path: Assets/Synty/PolygonApocalypse/Prefabs/Vehicles/Attachments/SM_Veh_Attach_Plating_36.prefab
  artifactKey: Guid(325058588e94ff4469ad3fdb8f17700c) Importer(815301076,1909f56bfc062723c751e8b465ee728b)
Start importing Assets/Synty/PolygonApocalypse/Prefabs/Vehicles/Attachments/SM_Veh_Attach_Plating_36.prefab using Guid(325058588e94ff4469ad3fdb8f17700c) Importer(815301076,1909f56bfc062723c751e8b465ee728b) (PreviewImporter) -> (artifact id: '670bb09f890ba7cd561161c16cad3705') in 0.0193998 seconds
Number of updated asset objects reloaded before import = 0Number of asset objects unloaded after import = 16

========================================================================
Received Import Request.
  Time since last request: 0.000029 seconds.
  path: Assets/Synty/PolygonApocalypse/Prefabs/Vehicles/Attachments/SM_Veh_Attach_Plating_40.prefab
  artifactKey: Guid(267d6c57fbfc7ed4984b93fad52f6825) Importer(815301076,1909f56bfc062723c751e8b465ee728b)
Start importing Assets/Synty/PolygonApocalypse/Prefabs/Vehicles/Attachments/SM_Veh_Attach_Plating_40.prefab using Guid(267d6c57fbfc7ed4984b93fad52f6825) Importer(815301076,1909f56bfc062723c751e8b465ee728b) (PreviewImporter) -> (artifact id: 'a7c85c811191dc0259216ca32fc8060b') in 0.0212876 seconds
Number of updated asset objects reloaded before import = 0Number of asset objects unloaded after import = 16

========================================================================
Received Import Request.
  Time since last request: 0.219332 seconds.
  path: Assets/Synty/PolygonApocalypse/Prefabs/Vehicles/Attachments/SM_Veh_Attach_Plating_44.prefab
  artifactKey: Guid(46dcb5443d8c569499509eee8cd53bf2) Importer(815301076,1909f56bfc062723c751e8b465ee728b)
Start importing Assets/Synty/PolygonApocalypse/Prefabs/Vehicles/Attachments/SM_Veh_Attach_Plating_44.prefab using Guid(46dcb5443d8c569499509eee8cd53bf2) Importer(815301076,1909f56bfc062723c751e8b465ee728b) (PreviewImporter) -> (artifact id: 'bdd673638dfc6074b688a37c28e045bb') in 0.0229561 seconds
Number of updated asset objects reloaded before import = 0Number of asset objects unloaded after import = 16

========================================================================
Received Import Request.
  Time since last request: 0.000023 seconds.
  path: Assets/Synty/PolygonApocalypse/Prefabs/Vehicles/Attachments/SM_Veh_Attach_Scoop_01.prefab
  artifactKey: Guid(bc92c9703f92fed428ed998fcfb3d33c) Importer(815301076,1909f56bfc062723c751e8b465ee728b)
Start importing Assets/Synty/PolygonApocalypse/Prefabs/Vehicles/Attachments/SM_Veh_Attach_Scoop_01.prefab using Guid(bc92c9703f92fed428ed998fcfb3d33c) Importer(815301076,1909f56bfc062723c751e8b465ee728b) (PreviewImporter) -> (artifact id: 'b6028db9039450d44837bc17b09f9afa') in 0.023184 seconds
Number of updated asset objects reloaded before import = 0Number of asset objects unloaded after import = 16

========================================================================
Received Import Request.
  Time since last request: 0.000024 seconds.
  path: Assets/Synty/PolygonApocalypse/Prefabs/Vehicles/Attachments/SM_Veh_Attach_Spikes_01.prefab
  artifactKey: Guid(8dc6b558c717a894ab5211bfb0f04233) Importer(815301076,1909f56bfc062723c751e8b465ee728b)
Start importing Assets/Synty/PolygonApocalypse/Prefabs/Vehicles/Attachments/SM_Veh_Attach_Spikes_01.prefab using Guid(8dc6b558c717a894ab5211bfb0f04233) Importer(815301076,1909f56bfc062723c751e8b465ee728b) (PreviewImporter) -> (artifact id: '97717fd20eece1d3ecfd25d26dc54b40') in 0.0206158 seconds
Number of updated asset objects reloaded before import = 0Number of asset objects unloaded after import = 16

========================================================================
Received Import Request.
  Time since last request: 0.197277 seconds.
  path: Assets/Synty/PolygonApocalypse/Prefabs/Vehicles/Attachments/SM_Veh_Attach_SteeringW_01.prefab
  artifactKey: Guid(6d48c5c897b3b424381e41ccd830ed17) Importer(815301076,1909f56bfc062723c751e8b465ee728b)
Start importing Assets/Synty/PolygonApocalypse/Prefabs/Vehicles/Attachments/SM_Veh_Attach_SteeringW_01.prefab using Guid(6d48c5c897b3b424381e41ccd830ed17) Importer(815301076,1909f56bfc062723c751e8b465ee728b) (PreviewImporter) -> (artifact id: '14ba6ed43595478f46f1394a91c217dc') in 0.0207176 seconds
Number of updated asset objects reloaded before import = 0Number of asset objects unloaded after import = 16

========================================================================
Received Import Request.
  Time since last request: 0.000022 seconds.
  path: Assets/Synty/PolygonApocalypse/Prefabs/Vehicles/Attachments/SM_Veh_Attach_WheelSpikes_01.prefab
  artifactKey: Guid(5e66363e6eeccf941b04f67caf808bdb) Importer(815301076,1909f56bfc062723c751e8b465ee728b)
Start importing Assets/Synty/PolygonApocalypse/Prefabs/Vehicles/Attachments/SM_Veh_Attach_WheelSpikes_01.prefab using Guid(5e66363e6eeccf941b04f67caf808bdb) Importer(815301076,1909f56bfc062723c751e8b465ee728b) (PreviewImporter) -> (artifact id: 'cf474cf88c0d98aa64d6b9cb1c324a3d') in 0.0219473 seconds
Number of updated asset objects reloaded before import = 0Number of asset objects unloaded after import = 16

========================================================================
Received Import Request.
  Time since last request: 193.700545 seconds.
  path: Assets/Synty/PolygonApocalypse/Prefabs/Props/SM_Prop_Car_Wrecked_OpenBoot_01.prefab
  artifactKey: Guid(49f5ecf4c20a2d844a6f50431d635081) Importer(815301076,1909f56bfc062723c751e8b465ee728b)
Start importing Assets/Synty/PolygonApocalypse/Prefabs/Props/SM_Prop_Car_Wrecked_OpenBoot_01.prefab using Guid(49f5ecf4c20a2d844a6f50431d635081) Importer(815301076,1909f56bfc062723c751e8b465ee728b) (PreviewImporter) -> (artifact id: 'eaafbb3a85a1e8eebe2a2a08a01f0b7f') in 0.0245797 seconds
Number of updated asset objects reloaded before import = 0Number of asset objects unloaded after import = 25

========================================================================
Received Import Request.
  Time since last request: 0.000023 seconds.
  path: Assets/Synty/PolygonApocalypse/Models/Convex/SM_Prop_Car_Wrecked_OpenBoot_01_Convex 1.asset
  artifactKey: Guid(2f44d8c86fe9c5d4e9c43ec164c359ef) Importer(815301076,1909f56bfc062723c751e8b465ee728b)
Start importing Assets/Synty/PolygonApocalypse/Models/Convex/SM_Prop_Car_Wrecked_OpenBoot_01_Convex 1.asset using Guid(2f44d8c86fe9c5d4e9c43ec164c359ef) Importer(815301076,1909f56bfc062723c751e8b465ee728b) (PreviewImporter) -> (artifact id: '1b1bc853dcc032e4862d904db183277a') in 0.0313604 seconds
Number of updated asset objects reloaded before import = 0Number of asset objects unloaded after import = 3

========================================================================
Received Import Request.
  Time since last request: 44.012029 seconds.
  path: Assets/Synty/PolygonGeneric/Prefabs/Props/SM_Gen_Prop_Food_Vegetable_01.prefab
  artifactKey: Guid(afc80491f843c5c4b95fe69abbddc991) Importer(815301076,1909f56bfc062723c751e8b465ee728b)
Start importing Assets/Synty/PolygonGeneric/Prefabs/Props/SM_Gen_Prop_Food_Vegetable_01.prefab using Guid(afc80491f843c5c4b95fe69abbddc991) Importer(815301076,1909f56bfc062723c751e8b465ee728b) (PreviewImporter) -> (artifact id: 'a03297cc5ced26ea4d6389051670f73f') in 0.0283137 seconds
Number of updated asset objects reloaded before import = 0Number of asset objects unloaded after import = 17

========================================================================
Received Import Request.
  Time since last request: 0.000032 seconds.
  path: Assets/Synty/PolygonGeneric/Models/Collision/SM_Gen_Prop_Food_Vegetable_02_Convex.asset
  artifactKey: Guid(5196bea5812fe6a49adfa4fe3a8cbfae) Importer(815301076,1909f56bfc062723c751e8b465ee728b)
Start importing Assets/Synty/PolygonGeneric/Models/Collision/SM_Gen_Prop_Food_Vegetable_02_Convex.asset using Guid(5196bea5812fe6a49adfa4fe3a8cbfae) Importer(815301076,1909f56bfc062723c751e8b465ee728b) (PreviewImporter) -> (artifact id: '7fcb68f8144d2b3cc2a23c2d0ed0bbae') in 0.017977 seconds
Number of updated asset objects reloaded before import = 0Number of asset objects unloaded after import = 2

========================================================================
Received Import Request.
  Time since last request: 0.000031 seconds.
  path: Assets/Synty/PolygonGeneric/Prefabs/Props/SM_Gen_Prop_Food_Vegetable_05.prefab
  artifactKey: Guid(8ada7757f96485b4194f97aff94d86b8) Importer(815301076,1909f56bfc062723c751e8b465ee728b)
Start importing Assets/Synty/PolygonGeneric/Prefabs/Props/SM_Gen_Prop_Food_Vegetable_05.prefab using Guid(8ada7757f96485b4194f97aff94d86b8) Importer(815301076,1909f56bfc062723c751e8b465ee728b) (PreviewImporter) -> (artifact id: '5fc5b330a4aa660eb82071aecfd72475') in 0.0320237 seconds
Number of updated asset objects reloaded before import = 0Number of asset objects unloaded after import = 18

========================================================================
Received Import Request.
  Time since last request: 0.000032 seconds.
  path: Assets/Synty/PolygonApocalypse/Models/Convex/SM_Prop_Cafe_Table_01_Convex.asset
  artifactKey: Guid(fefab28ebf7bf144eb97674c725008d3) Importer(815301076,1909f56bfc062723c751e8b465ee728b)
Start importing Assets/Synty/PolygonApocalypse/Models/Convex/SM_Prop_Cafe_Table_01_Convex.asset using Guid(fefab28ebf7bf144eb97674c725008d3) Importer(815301076,1909f56bfc062723c751e8b465ee728b) (PreviewImporter) -> (artifact id: '54660e1339d11d3d4361fd1966eefa48') in 0.0173827 seconds
Number of updated asset objects reloaded before import = 0Number of asset objects unloaded after import = 2

========================================================================
Received Import Request.
  Time since last request: 0.000024 seconds.
  path: Assets/Synty/PolygonApocalypse/Models/SM_Prop_CoffeeTable_02.fbx
  artifactKey: Guid(059d035aad14313499e41d611a5cdbc1) Importer(815301076,1909f56bfc062723c751e8b465ee728b)
Start importing Assets/Synty/PolygonApocalypse/Models/SM_Prop_CoffeeTable_02.fbx using Guid(059d035aad14313499e41d611a5cdbc1) Importer(815301076,1909f56bfc062723c751e8b465ee728b) (PreviewImporter) -> (artifact id: '43b686fba8de7143407341c2798185ff') in 0.0208255 seconds
Number of updated asset objects reloaded before import = 0Number of asset objects unloaded after import = 7

========================================================================
Received Import Request.
  Time since last request: 0.000031 seconds.
  path: Assets/Synty/PolygonApocalypse/Prefabs/Props/SM_Prop_Cafe_Table_01.prefab
  artifactKey: Guid(d0bbd75cc662bfa4ba23bc762fc277d9) Importer(815301076,1909f56bfc062723c751e8b465ee728b)
Start importing Assets/Synty/PolygonApocalypse/Prefabs/Props/SM_Prop_Cafe_Table_01.prefab using Guid(d0bbd75cc662bfa4ba23bc762fc277d9) Importer(815301076,1909f56bfc062723c751e8b465ee728b) (PreviewImporter) -> (artifact id: '9de3dbee7e30281e3f7f5d75679ce939') in 0.0257484 seconds
Number of updated asset objects reloaded before import = 0Number of asset objects unloaded after import = 18

========================================================================
Received Import Request.
  Time since last request: 0.000022 seconds.
  path: Assets/Synty/PolygonGeneric/Models/Collision/SM_Gen_Prop_Food_Vegetable_06_Convex.asset
  artifactKey: Guid(bfbb3e6dfb11d5149bcd8cd719efd7ea) Importer(815301076,1909f56bfc062723c751e8b465ee728b)
Start importing Assets/Synty/PolygonGeneric/Models/Collision/SM_Gen_Prop_Food_Vegetable_06_Convex.asset using Guid(bfbb3e6dfb11d5149bcd8cd719efd7ea) Importer(815301076,1909f56bfc062723c751e8b465ee728b) (PreviewImporter) -> (artifact id: 'e97b35a8bbc18355c1ecbc586fac2b79') in 0.017516 seconds
Number of updated asset objects reloaded before import = 0Number of asset objects unloaded after import = 2

========================================================================
Received Import Request.
  Time since last request: 0.000025 seconds.
  path: Assets/Synty/PolygonApocalypse/Prefabs/Props/SM_Prop_CarBattery_Table.prefab
  artifactKey: Guid(d4287851fb9b66e42b7d76bffc435029) Importer(815301076,1909f56bfc062723c751e8b465ee728b)
Start importing Assets/Synty/PolygonApocalypse/Prefabs/Props/SM_Prop_CarBattery_Table.prefab using Guid(d4287851fb9b66e42b7d76bffc435029) Importer(815301076,1909f56bfc062723c751e8b465ee728b) (PreviewImporter) -> (artifact id: '055e4b74c7e60f4e71aa625f4b64e200') in 0.0269799 seconds
Number of updated asset objects reloaded before import = 0Number of asset objects unloaded after import = 18

========================================================================
Received Import Request.
  Time since last request: 0.000062 seconds.
  path: Assets/Synty/PolygonApocalypse/Prefabs/Props/SM_Prop_CoffeeTable_02.prefab
  artifactKey: Guid(9311c2216a86fc049b817877941d991a) Importer(815301076,1909f56bfc062723c751e8b465ee728b)
Start importing Assets/Synty/PolygonApocalypse/Prefabs/Props/SM_Prop_CoffeeTable_02.prefab using Guid(9311c2216a86fc049b817877941d991a) Importer(815301076,1909f56bfc062723c751e8b465ee728b) (PreviewImporter) -> (artifact id: 'f31032813fdaaf8f4d5bcce0c44d3739') in 0.0300255 seconds
Number of updated asset objects reloaded before import = 0Number of asset objects unloaded after import = 18

========================================================================
Received Import Request.
  Time since last request: 0.000028 seconds.
  path: Assets/Synty/PolygonGeneric/Prefabs/Props/SM_Gen_Prop_Food_Vegetable_02.prefab
  artifactKey: Guid(1d5c8c681032a4544ad43d7697f40838) Importer(815301076,1909f56bfc062723c751e8b465ee728b)
Start importing Assets/Synty/PolygonGeneric/Prefabs/Props/SM_Gen_Prop_Food_Vegetable_02.prefab using Guid(1d5c8c681032a4544ad43d7697f40838) Importer(815301076,1909f56bfc062723c751e8b465ee728b) (PreviewImporter) -> (artifact id: '12e01ce619ae800fdda3965bac250e11') in 0.0320242 seconds
Number of updated asset objects reloaded before import = 0Number of asset objects unloaded after import = 18

========================================================================
Received Import Request.
  Time since last request: 0.000049 seconds.
  path: Assets/Synty/PolygonApocalypse/Models/SM_Prop_Cafe_Table_01.fbx
  artifactKey: Guid(6e46c259bfeb1324e8394ea679953aea) Importer(815301076,1909f56bfc062723c751e8b465ee728b)
Start importing Assets/Synty/PolygonApocalypse/Models/SM_Prop_Cafe_Table_01.fbx using Guid(6e46c259bfeb1324e8394ea679953aea) Importer(815301076,1909f56bfc062723c751e8b465ee728b) (PreviewImporter) -> (artifact id: 'ab19e61c6c553efc5a2ef568b7176c23') in 0.0171266 seconds
Number of updated asset objects reloaded before import = 0Number of asset objects unloaded after import = 7

========================================================================
Received Import Request.
  Time since last request: 0.000021 seconds.
  path: Assets/Synty/PolygonGeneric/Models/SM_Gen_Prop_Table_01.fbx
  artifactKey: Guid(075b344a1f981cd458d6fd25993b2606) Importer(815301076,1909f56bfc062723c751e8b465ee728b)
Start importing Assets/Synty/PolygonGeneric/Models/SM_Gen_Prop_Table_01.fbx using Guid(075b344a1f981cd458d6fd25993b2606) Importer(815301076,1909f56bfc062723c751e8b465ee728b) (PreviewImporter) -> (artifact id: '245f118567b8f8cef6da03072c69a585') in 0.0178785 seconds
Number of updated asset objects reloaded before import = 0Number of asset objects unloaded after import = 7

========================================================================
Received Import Request.
  Time since last request: 0.000036 seconds.
  path: Assets/Synty/PolygonGeneric/Models/SM_Gen_Prop_Food_Vegetable_04.fbx
  artifactKey: Guid(e17963f1b8841f44ba02858a1eea9f64) Importer(815301076,1909f56bfc062723c751e8b465ee728b)
Start importing Assets/Synty/PolygonGeneric/Models/SM_Gen_Prop_Food_Vegetable_04.fbx using Guid(e17963f1b8841f44ba02858a1eea9f64) Importer(815301076,1909f56bfc062723c751e8b465ee728b) (PreviewImporter) -> (artifact id: 'b12f2c5eeb5fc9d4d0e55cff3cca96a0') in 0.016131 seconds
Number of updated asset objects reloaded before import = 0Number of asset objects unloaded after import = 7

========================================================================
Received Import Request.
  Time since last request: 1.862960 seconds.
  path: Assets/Synty/PolygonApocalypse/Prefabs/Props/SM_Prop_DiningTable_01.prefab
  artifactKey: Guid(b7e6e1778e30b654cb4a682eea372a86) Importer(815301076,1909f56bfc062723c751e8b465ee728b)
Start importing Assets/Synty/PolygonApocalypse/Prefabs/Props/SM_Prop_DiningTable_01.prefab using Guid(b7e6e1778e30b654cb4a682eea372a86) Importer(815301076,1909f56bfc062723c751e8b465ee728b) (PreviewImporter) -> (artifact id: 'ef1ed034e632cedf930cfee7048dffe4') in 0.0273187 seconds
Number of updated asset objects reloaded before import = 0Number of asset objects unloaded after import = 18

========================================================================
Received Import Request.
  Time since last request: 0.000024 seconds.
  path: Assets/Synty/PolygonApocalypse/Models/Convex/SM_Prop_DiningTable_01_Convex.asset
  artifactKey: Guid(daffd72c80f7f0b40863629ad6471bb8) Importer(815301076,1909f56bfc062723c751e8b465ee728b)
Start importing Assets/Synty/PolygonApocalypse/Models/Convex/SM_Prop_DiningTable_01_Convex.asset using Guid(daffd72c80f7f0b40863629ad6471bb8) Importer(815301076,1909f56bfc062723c751e8b465ee728b) (PreviewImporter) -> (artifact id: 'bf8531b6c5fe46197e2146c7d531acc1') in 0.0169207 seconds
Number of updated asset objects reloaded before import = 0Number of asset objects unloaded after import = 2

========================================================================
Received Import Request.
  Time since last request: 0.000025 seconds.
  path: Assets/Synty/PolygonApocalypse/Prefabs/Props/SM_Prop_Gas_Table_01.prefab
  artifactKey: Guid(491b8f3587293c74d80d7566981beb57) Importer(815301076,1909f56bfc062723c751e8b465ee728b)
Start importing Assets/Synty/PolygonApocalypse/Prefabs/Props/SM_Prop_Gas_Table_01.prefab using Guid(491b8f3587293c74d80d7566981beb57) Importer(815301076,1909f56bfc062723c751e8b465ee728b) (PreviewImporter) -> (artifact id: 'aa449d5a41d14fdc0919329b951cc717') in 0.0268083 seconds
Number of updated asset objects reloaded before import = 0Number of asset objects unloaded after import = 18

========================================================================
Received Import Request.
  Time since last request: 0.205509 seconds.
  path: Assets/Synty/PolygonApocalypse/Models/SM_Prop_Gas_Table_01_Tarp.fbx
  artifactKey: Guid(29dbded01adc9734ba4335c98ca63184) Importer(815301076,1909f56bfc062723c751e8b465ee728b)
Start importing Assets/Synty/PolygonApocalypse/Models/SM_Prop_Gas_Table_01_Tarp.fbx using Guid(29dbded01adc9734ba4335c98ca63184) Importer(815301076,1909f56bfc062723c751e8b465ee728b) (PreviewImporter) -> (artifact id: '7c283319f578bef7dc1b3399a9978b9e') in 0.0146067 seconds
Number of updated asset objects reloaded before import = 0Number of asset objects unloaded after import = 9

========================================================================
Received Import Request.
  Time since last request: 0.000026 seconds.
  path: Assets/Synty/PolygonApocalypse/Models/Convex/SM_Prop_Gas_Table_01_Tarp_Convex.asset
  artifactKey: Guid(d1dc3679b4e3de848875335089cf96c1) Importer(815301076,1909f56bfc062723c751e8b465ee728b)
Start importing Assets/Synty/PolygonApocalypse/Models/Convex/SM_Prop_Gas_Table_01_Tarp_Convex.asset using Guid(d1dc3679b4e3de848875335089cf96c1) Importer(815301076,1909f56bfc062723c751e8b465ee728b) (PreviewImporter) -> (artifact id: '847fa9b7b74c071344cb1c859fccdca9') in 0.0166312 seconds
Number of updated asset objects reloaded before import = 0Number of asset objects unloaded after import = 2

========================================================================
Received Import Request.
  Time since last request: 0.000032 seconds.
  path: Assets/Synty/PolygonApocalypse/Models/SM_Prop_Outdoor_Table_01.fbx
  artifactKey: Guid(b32f47e180e9e9445a5cfaf396f6a30d) Importer(815301076,1909f56bfc062723c751e8b465ee728b)
Start importing Assets/Synty/PolygonApocalypse/Models/SM_Prop_Outdoor_Table_01.fbx using Guid(b32f47e180e9e9445a5cfaf396f6a30d) Importer(815301076,1909f56bfc062723c751e8b465ee728b) (PreviewImporter) -> (artifact id: '8eb3b2b9480b31da701e3eadd49920b1') in 0.016784 seconds
Number of updated asset objects reloaded before import = 0Number of asset objects unloaded after import = 7

========================================================================
Received Import Request.
  Time since last request: 0.000028 seconds.
  path: Assets/Synty/PolygonApocalypse/Models/Convex/SM_Prop_Outdoor_Table_01_Convex.asset
  artifactKey: Guid(687637f061ded9c4aa0c9e856f6d901a) Importer(815301076,1909f56bfc062723c751e8b465ee728b)
Start importing Assets/Synty/PolygonApocalypse/Models/Convex/SM_Prop_Outdoor_Table_01_Convex.asset using Guid(687637f061ded9c4aa0c9e856f6d901a) Importer(815301076,1909f56bfc062723c751e8b465ee728b) (PreviewImporter) -> (artifact id: '79c8be1c5c714bd9641d3cb3e5565d41') in 0.018713 seconds
Number of updated asset objects reloaded before import = 0Number of asset objects unloaded after import = 2

========================================================================
Received Import Request.
  Time since last request: 0.722174 seconds.
  path: Assets/Synty/PolygonApocalypse/Prefabs/Props/SM_Prop_Table_02.prefab
  artifactKey: Guid(cf1ca93e39800834a9cd58abef9893d1) Importer(815301076,1909f56bfc062723c751e8b465ee728b)
Start importing Assets/Synty/PolygonApocalypse/Prefabs/Props/SM_Prop_Table_02.prefab using Guid(cf1ca93e39800834a9cd58abef9893d1) Importer(815301076,1909f56bfc062723c751e8b465ee728b) (PreviewImporter) -> (artifact id: '5e34e3768935e6b228c540a90e997054') in 0.0287786 seconds
Number of updated asset objects reloaded before import = 0Number of asset objects unloaded after import = 18

Editor requested this worker to shutdown with reason: Scaling down because of idle timeout
AssetImportWorker is now disconnected from the server
Process exiting
Exiting without the bug reporter. Application will terminate with return code 0