[Licensing::Module] Trying to connect to existing licensing client channel...
Built from '6000.3/staging' branch; Version is '6000.3.13f1 (8c4f11e4fb20) revision 9195281'; Using compiler version '194234433'; Build Type 'Release'
[Licensing::IpcConnector] Successfully connected to: "LicenseClient-zieli" at "2026-04-22T03:49:00.9575587Z"
OS: 'Windows 11  (10.0.26200) Core' Language: 'en' Physical Memory: 32347 MB
BatchMode: 1, IsHumanControllingUs: 0, StartBugReporterOnCrash: 0, Is64bit: 1
System  architecture: x64
Process architecture: x64
Date: 2026-04-22T03:49:00Z

COMMAND LINE ARGUMENTS:
C:\Program Files\Unity\Hub\Editor\6000.3.13f1\Editor\Unity.exe
-adb2
-batchMode
-noUpm
-name
AssetImportWorker71
-projectPath
C:/Game Development/DisasterDiner
-logFile
Logs/AssetImportWorker71.log
-srvPort
60058
-licensingIpc
LicenseClient-zieli
-job-worker-count
7
-background-job-worker-count
8
-gc-helper-count
1
-name
AssetImport
Successfully changed project path to: C:/Game Development/DisasterDiner
C:/Game Development/DisasterDiner
[UnityMemory] Configuration Parameters - Can be set up in boot.config
    "memorysetup-temp-allocator-size-nav-mesh-worker=65536"
    "memorysetup-temp-allocator-size-audio-worker=65536"
    "memorysetup-temp-allocator-size-gfx=262144"
    "memorysetup-allocator-temp-initial-block-size-main=262144"
    "memorysetup-allocator-temp-initial-block-size-worker=262144"
    "memorysetup-temp-allocator-size-background-worker=32768"
    "memorysetup-temp-allocator-size-job-worker=262144"
    "memorysetup-temp-allocator-size-preload-manager=33554432"
    "memorysetup-temp-allocator-size-gi-baking-worker=262144"
    "memorysetup-temp-allocator-size-gi-baking-worker=262144"
    "memorysetup-temp-allocator-size-gi-baking-worker=262144"
    "memorysetup-temp-allocator-size-gi-baking-worker=262144"
    "memorysetup-temp-allocator-size-gi-baking-worker=262144"
    "memorysetup-bucket-allocator-granularity=16"
    "memorysetup-bucket-allocator-bucket-count=8"
    "memorysetup-bucket-allocator-block-size=33554432"
    "memorysetup-bucket-allocator-block-count=8"
    "memorysetup-main-allocator-block-size=16777216"
    "memorysetup-thread-allocator-block-size=16777216"
    "memorysetup-gfx-main-allocator-block-size=16777216"
    "memorysetup-gfx-thread-allocator-block-size=16777216"
    "memorysetup-cache-allocator-block-size=4194304"
    "memorysetup-typetree-allocator-block-size=2097152"
    "memorysetup-profiler-bucket-allocator-granularity=16"
    "memorysetup-profiler-bucket-allocator-bucket-count=8"
    "memorysetup-profiler-bucket-allocator-block-size=33554432"
    "memorysetup-profiler-bucket-allocator-block-count=8"
    "memorysetup-profiler-allocator-block-size=16777216"
    "memorysetup-profiler-editor-allocator-block-size=1048576"
    "memorysetup-temp-allocator-size-main=16777216"
    "memorysetup-job-temp-allocator-block-size=2097152"
    "memorysetup-job-temp-allocator-block-size-background=1048576"
    "memorysetup-job-temp-allocator-reduction-small-platforms=262144"
    "memorysetup-temp-allocator-size-cloud-worker=32768"
Player connection [52324]  Target information:

Player connection [52324]  * "[IP] 192.168.86.22 [Port] 0 [Flags] 2 [Guid] 1750699381 [EditorId] 1750699381 [Version] 1048832 [Id] WindowsEditor(7,Johns_PC) [Debug] 1 [PackageName] WindowsEditor [ProjectName] Editor" 

Player connection [52324] Host joined multi-casting on [225.0.0.222:54997]...
Player connection [52324] Host joined alternative multi-casting on [225.0.0.222:34997]...
JobSystem: Creating JobQueue using job-worker-count value 7
Input System module state changed to: Initialized.
[Physics::Module] Initialized fallback backend.
[Physics::Module] Id: 0xdecafbad
Library Redirect Path: Library/
[Physics::Module] Selected backend.
[Physics::Module] Name: PhysX
[Physics::Module] Id: 0xf2b8ea05
[Physics::Module] SDK Version: 4.1.2
[Physics::Module] Integration Version: 1.0.0
[Physics::Module] Threading Mode: Multi-Threaded
Refreshing native plugins compatible for Editor in 4.03 ms, found 4 plugins.
Preloading 0 native plugins for Editor in 0.00 ms.
Initialize engine version: 6000.3.13f1 (8c4f11e4fb20)
[Subsystems] Discovering subsystems at path C:/Program Files/Unity/Hub/Editor/6000.3.13f1/Editor/Data/Resources/UnitySubsystems
[Subsystems] Discovering subsystems at path C:/Game Development/DisasterDiner/Assets
GfxDevice: creating device client; kGfxThreadingModeNonThreaded
Direct3D:
    Version:  Direct3D 11.0 [level 11.1]
    Renderer: NVIDIA GeForce RTX 4070 SUPER (ID=0x2783)
    Vendor:   NVIDIA
    VRAM:     11999 MB
    Driver:   32.0.15.8157
Initialize mono
Mono path[0] = 'C:/Program Files/Unity/Hub/Editor/6000.3.13f1/Editor/Data/Managed'
Mono path[1] = 'C:/Program Files/Unity/Hub/Editor/6000.3.13f1/Editor/Data/MonoBleedingEdge/lib/mono/unityjit-win32'
Mono config path = 'C:/Program Files/Unity/Hub/Editor/6000.3.13f1/Editor/Data/MonoBleedingEdge/etc'
Using monoOptions --debugger-agent=transport=dt_socket,embedding=1,server=y,suspend=n,address=127.0.0.1:56744
Begin MonoManager ReloadAssembly
Registering precompiled unity dll's ...
Register platform support module: C:/Program Files/Unity/Hub/Editor/6000.3.13f1/Editor/Data/PlaybackEngines/WindowsStandaloneSupport/UnityEditor.WindowsStandalone.Extensions.dll
Registered in 0.001515 seconds.
[Licensing::Client] Error: HandshakeResponse reported an error:
	ResponseCode: 505
	ResponseStatus: Unsupported protocol version '1.18.1'.
[Licensing::Module] Error: Failed to handshake to channel: "LicenseClient-zieli"
[Licensing::IpcConnector] LicenseClient-zieli channel disconnected successfully.
[Licensing::IpcConnector] Successfully connected to: "LicenseClient-zieli-6000.3.13" at "2026-04-22T03:49:02.0555541Z"
- Loaded All Assemblies, in  0.431 seconds
Native extension for WindowsStandalone target not found
Package Manager log level set to [2]
[Package Manager] Failed to launch server process. Reason: Unity was launched with the -noUpm command-line argument
[Package Manager] Unable to send message (not connected to server process).
[Package Manager] Cannot connect to Unity Package Manager local server
ScheduleIndexationOnStartup MainProcess:False IndexOnStartup:True
Mono: successfully reloaded assembly
- Finished resetting the current domain, in  0.367 seconds
Domain Reload Profiling: 796ms
	BeginReloadAssembly (142ms)
		ExecutionOrderSort (0ms)
		DisableScriptedObjects (0ms)
		BackupInstance (0ms)
		ReleaseScriptingObjects (0ms)
		CreateAndSetChildDomain (1ms)
	RebuildCommonClasses (38ms)
	RebuildNativeTypeToScriptingClass (13ms)
	initialDomainReloadingComplete (50ms)
	LoadAllAssembliesAndSetupDomain (185ms)
		LoadAssemblies (136ms)
		RebuildTransferFunctionScriptingTraits (0ms)
		AnalyzeDomain (183ms)
			TypeCache.Refresh (181ms)
				TypeCache.ScanAssembly (170ms)
			BuildScriptInfoCaches (0ms)
			ResolveRequiredComponents (0ms)
	FinalizeReload (368ms)
		ReleaseScriptCaches (0ms)
		RebuildScriptCaches (0ms)
		SetupLoadedEditorAssemblies (319ms)
			LogAssemblyErrors (0ms)
			InitializePlatformSupportModulesInManaged (46ms)
			SetLoadedEditorAssemblies (3ms)
			BeforeProcessingInitializeOnLoad (75ms)
			ProcessInitializeOnLoadAttributes (117ms)
			ProcessInitializeOnLoadMethodAttributes (78ms)
			AfterProcessingInitializeOnLoad (0ms)
			EditorAssembliesLoaded (0ms)
		ExecutionOrderSort2 (0ms)
		AwakeInstancesAfterBackupRestoration (0ms)
========================================================================
Worker process is ready to serve import requests
Import Worker Mode flag is 0x00
Begin MonoManager ReloadAssembly
[Licensing::Module] Licensing is not yet initialized.
[Licensing::Client] Handshaking with LicensingClient:
  Version:                 1.18.1+9fbee8e
  Session Id:              577a7f74ed9e4cddb75e91a2fd20bef5
  Correlation Id:          2b999b7551c4f1abd27547e4a7907d59
  External correlation Id: 6411827861288790228
  Machine Id:              a0OP954qVZmt5azPS5PrvPW5hTY=
[Licensing::Module] Successfully connected to LicensingClient on channel: "LicenseClient-zieli-6000.3.13" (connect: 0.00s, validation: 0.00s, handshake: 0.88s)
[Licensing::IpcConnector] Successfully connected to: "LicenseClient-zieli-6000.3.13-notifications" at "2026-04-22T03:49:02.9396515Z"
[Licensing::Module] Licensing Background thread has ended after 1.98s
[Licensing::Module] Licensing is initialized (took 0.20s).
[Licensing::Client] Successfully resolved entitlement details
[Licensing::Module] License group:
  Id: 2475483376267-UnityPersXXXX
  Product: Unity Personal
  Type: Assigned
  Expiration: Unlimited
- Loaded All Assemblies, in  0.972 seconds
Refreshing native plugins compatible for Editor in 1.38 ms, found 4 plugins.
Native extension for WindowsStandalone target not found
[Package Manager] Failed to launch server process. Reason: Unity was launched with the -noUpm command-line argument
[Package Manager] Unable to send message (not connected to server process).
[Package Manager] Cannot connect to Unity Package Manager local server
Refreshing native plugins compatible for Editor in 1.62 ms, found 4 plugins.
[Package Manager] Failed to launch server process. Reason: Unity was launched with the -noUpm command-line argument
[Package Manager] Unable to send message (not connected to server process).
[Package Manager] Cannot connect to Unity Package Manager local server
ScheduleIndexationOnStartup MainProcess:False IndexOnStartup:True
Mono: successfully reloaded assembly
- Finished resetting the current domain, in  0.702 seconds
Domain Reload Profiling: 1671ms
	BeginReloadAssembly (365ms)
		ExecutionOrderSort (0ms)
		DisableScriptedObjects (6ms)
		BackupInstance (0ms)
		ReleaseScriptingObjects (0ms)
		CreateAndSetChildDomain (32ms)
	RebuildCommonClasses (29ms)
	RebuildNativeTypeToScriptingClass (10ms)
	initialDomainReloadingComplete (31ms)
	LoadAllAssembliesAndSetupDomain (533ms)
		LoadAssemblies (342ms)
		RebuildTransferFunctionScriptingTraits (0ms)
		AnalyzeDomain (269ms)
			TypeCache.Refresh (200ms)
				TypeCache.ScanAssembly (186ms)
			BuildScriptInfoCaches (54ms)
			ResolveRequiredComponents (11ms)
	FinalizeReload (703ms)
		ReleaseScriptCaches (0ms)
		RebuildScriptCaches (0ms)
		SetupLoadedEditorAssemblies (525ms)
			LogAssemblyErrors (0ms)
			InitializePlatformSupportModulesInManaged (1ms)
			SetLoadedEditorAssemblies (4ms)
			BeforeProcessingInitializeOnLoad (108ms)
			ProcessInitializeOnLoadAttributes (353ms)
			ProcessInitializeOnLoadMethodAttributes (53ms)
			AfterProcessingInitializeOnLoad (6ms)
			EditorAssembliesLoaded (0ms)
		ExecutionOrderSort2 (0ms)
		AwakeInstancesAfterBackupRestoration (6ms)
Launched and connected shader compiler UnityShaderCompiler.exe after 0.01 seconds
Refreshing native plugins compatible for Editor in 2.37 ms, found 4 plugins.
Preloading 0 native plugins for Editor in 0.00 ms.
Unloading 16 Unused Serialized files (Serialized files now loaded: 0)
Unloading 6447 unused Assets / (4.3 MB). Loaded Objects now: 7248.
Memory consumption went from 160.7 MB to 156.3 MB.
Total: 10.185100 ms (FindLiveObjects: 0.933500 ms CreateObjectMapping: 0.900900 ms MarkObjects: 6.392400 ms  DeleteObjects: 1.956900 ms)

========================================================================
Received Import Request.
  Time since last request: 22739.926797 seconds.
  path: Assets/Synty/PolygonApocalypse/Prefabs/Characters/Attachments/SM_Chr_Attach_Armour_Shoulder_Sports_L_02.prefab
  artifactKey: Guid(0298c77bbae410f4b882baf186e64b0e) Importer(815301076,1909f56bfc062723c751e8b465ee728b)
Start importing Assets/Synty/PolygonApocalypse/Prefabs/Characters/Attachments/SM_Chr_Attach_Armour_Shoulder_Sports_L_02.prefab using Guid(0298c77bbae410f4b882baf186e64b0e) Importer(815301076,1909f56bfc062723c751e8b465ee728b) (PreviewImporter) -> (artifact id: '289fc6845149600b6e1bbc4f3786ebe2') in 0.4357671 seconds
Number of updated asset objects reloaded before import = 0Number of asset objects unloaded after import = 16

========================================================================
Received Import Request.
  Time since last request: 30.136319 seconds.
  path: Assets/Synty/PolygonApocalypse/Prefabs/Buildings/SM_Bld_HighRise_Large_01_Base_01.prefab
  artifactKey: Guid(89fc4516c8be349479b2aa49f7e3ad93) Importer(815301076,1909f56bfc062723c751e8b465ee728b)
Start importing Assets/Synty/PolygonApocalypse/Prefabs/Buildings/SM_Bld_HighRise_Large_01_Base_01.prefab using Guid(89fc4516c8be349479b2aa49f7e3ad93) Importer(815301076,1909f56bfc062723c751e8b465ee728b) (PreviewImporter) -> (artifact id: '357bb15385e504da3797ce8a1cfd161b') in 0.0612942 seconds
Number of updated asset objects reloaded before import = 0Number of asset objects unloaded after import = 31

========================================================================
Received Import Request.
  Time since last request: 0.000036 seconds.
  path: Assets/Synty/PolygonApocalypse/Prefabs/Buildings/SM_Bld_HighRise_Medium_01_Stack_01.prefab
  artifactKey: Guid(8b421eddb2c2e034082ac8a667e31ed0) Importer(815301076,1909f56bfc062723c751e8b465ee728b)
Start importing Assets/Synty/PolygonApocalypse/Prefabs/Buildings/SM_Bld_HighRise_Medium_01_Stack_01.prefab using Guid(8b421eddb2c2e034082ac8a667e31ed0) Importer(815301076,1909f56bfc062723c751e8b465ee728b) (PreviewImporter) -> (artifact id: '94ddc72ff06f66cc964e382abcb827ed') in 0.0490377 seconds
Number of updated asset objects reloaded before import = 0Number of asset objects unloaded after import = 18

========================================================================
Received Import Request.
  Time since last request: 0.000040 seconds.
  path: Assets/Synty/PolygonApocalypse/Prefabs/Buildings/SM_Bld_House_Burnt_01.prefab
  artifactKey: Guid(323ad01b6d196014ba0937e3f2efbdbe) Importer(815301076,1909f56bfc062723c751e8b465ee728b)
Start importing Assets/Synty/PolygonApocalypse/Prefabs/Buildings/SM_Bld_House_Burnt_01.prefab using Guid(323ad01b6d196014ba0937e3f2efbdbe) Importer(815301076,1909f56bfc062723c751e8b465ee728b) (PreviewImporter) -> (artifact id: '7cee25e229c2f0e6263b28b908d5c145') in 0.048392 seconds
Number of updated asset objects reloaded before import = 0Number of asset objects unloaded after import = 30

========================================================================
Received Import Request.
  Time since last request: 71.881373 seconds.
  path: Assets/Synty/PolygonApocalypse/Materials/Misc/PolygonApocalypse_01_A_Alt.mat
  artifactKey: Guid(84db59bbbc7c6b9448e1322ab91e08b9) Importer(2089858483,b0f066a214c2f5e87bad3c948f4d605d)
Start importing Assets/Synty/PolygonApocalypse/Materials/Misc/PolygonApocalypse_01_A_Alt.mat using Guid(84db59bbbc7c6b9448e1322ab91e08b9) Importer(2089858483,b0f066a214c2f5e87bad3c948f4d605d) (ScriptedImporter) -> (artifact id: '86df05a463119651ec602fb0a2e33aa0') in 0.0594851 seconds
Number of updated asset objects reloaded before import = 0Number of asset objects unloaded after import = 6

========================================================================
Received Import Request.
  Time since last request: 93.110795 seconds.
  path: Assets/Synty/PolygonShops/Textures/PolygonShops_Building_Concrete_Blocks_01.png
  artifactKey: Guid(cf52ede552ea43a449489b4bd25767ba) Importer(815301076,1909f56bfc062723c751e8b465ee728b)
Start importing Assets/Synty/PolygonShops/Textures/PolygonShops_Building_Concrete_Blocks_01.png using Guid(cf52ede552ea43a449489b4bd25767ba) Importer(815301076,1909f56bfc062723c751e8b465ee728b) (PreviewImporter) -> (artifact id: '4ca4436f3c47ee85bb55428029371918') in 0.0169676 seconds
Number of updated asset objects reloaded before import = 0Number of asset objects unloaded after import = 2

========================================================================
Received Import Request.
  Time since last request: 0.000026 seconds.
  path: Assets/Synty/PolygonShops/Materials/Building_Mats/PolygonShops_Mat_Concrete_01.mat
  artifactKey: Guid(0eb2079034ec6db4eb4d858e137a7f9e) Importer(815301076,1909f56bfc062723c751e8b465ee728b)
Start importing Assets/Synty/PolygonShops/Materials/Building_Mats/PolygonShops_Mat_Concrete_01.mat using Guid(0eb2079034ec6db4eb4d858e137a7f9e) Importer(815301076,1909f56bfc062723c751e8b465ee728b) (PreviewImporter) -> (artifact id: 'd9e686d72ff7e73b865680d3aff9ac88') in 0.0388968 seconds
Number of updated asset objects reloaded before import = 0Number of asset objects unloaded after import = 7

========================================================================
Received Import Request.
  Time since last request: 0.000042 seconds.
  path: Assets/Synty/PolygonShops/Materials/Building_Mats/PolygonShops_Mat_Concrete_Blocks_02.mat
  artifactKey: Guid(1ceff74c5e1d9974e9ffb54c2109da3c) Importer(815301076,1909f56bfc062723c751e8b465ee728b)
Start importing Assets/Synty/PolygonShops/Materials/Building_Mats/PolygonShops_Mat_Concrete_Blocks_02.mat using Guid(1ceff74c5e1d9974e9ffb54c2109da3c) Importer(815301076,1909f56bfc062723c751e8b465ee728b) (PreviewImporter) -> (artifact id: '3dc7070bb063df03395378fa1272dea1') in 0.0165441 seconds
Number of updated asset objects reloaded before import = 0Number of asset objects unloaded after import = 7

========================================================================
Received Import Request.
  Time since last request: 0.458935 seconds.
  path: Assets/Synty/PolygonApocalypse/Models/SM_Chr_Attach_Criminal_Male_Beard_01.fbx
  artifactKey: Guid(9c5f4f7a30f98b1489f7ff5f27a627bb) Importer(815301076,1909f56bfc062723c751e8b465ee728b)
Start importing Assets/Synty/PolygonApocalypse/Models/SM_Chr_Attach_Criminal_Male_Beard_01.fbx using Guid(9c5f4f7a30f98b1489f7ff5f27a627bb) Importer(815301076,1909f56bfc062723c751e8b465ee728b) (PreviewImporter) -> (artifact id: 'c37320fc44e591aaa251f272286097ec') in 0.0330753 seconds
Number of updated asset objects reloaded before import = 0Number of asset objects unloaded after import = 7

========================================================================
Received Import Request.
  Time since last request: 22.709612 seconds.
  path: Assets/Synty/PolygonApocalypse/Models/SM_Chr_Attach_Soldier_Female_Hair_01.fbx
  artifactKey: Guid(e2ec03dd758054a48b7c15c2f400291b) Importer(815301076,1909f56bfc062723c751e8b465ee728b)
Start importing Assets/Synty/PolygonApocalypse/Models/SM_Chr_Attach_Soldier_Female_Hair_01.fbx using Guid(e2ec03dd758054a48b7c15c2f400291b) Importer(815301076,1909f56bfc062723c751e8b465ee728b) (PreviewImporter) -> (artifact id: '34eb098faea55e4e12c00017879f72bc') in 0.0184045 seconds
Number of updated asset objects reloaded before import = 0Number of asset objects unloaded after import = 7

========================================================================
Received Import Request.
  Time since last request: 39.277680 seconds.
  path: Assets/Scenes/SampleScene.unity
  artifactKey: Guid(99c9720ab356a0642a771bea13969a05) Importer(2089858483,b0f066a214c2f5e87bad3c948f4d605d)
Start importing Assets/Scenes/SampleScene.unity using Guid(99c9720ab356a0642a771bea13969a05) Importer(2089858483,b0f066a214c2f5e87bad3c948f4d605d) (ScriptedImporter) -> (artifact id: 'ec86e759a5c668237784f570df0ea7c1') in 0.0178476 seconds
Number of updated asset objects reloaded before import = 0Number of asset objects unloaded after import = 1

========================================================================
Received Import Request.
  Time since last request: 142.252175 seconds.
  path: Assets/Scenes/SampleScene.unity
  artifactKey: Guid(99c9720ab356a0642a771bea13969a05) Importer(2089858483,b0f066a214c2f5e87bad3c948f4d605d)
Start importing Assets/Scenes/SampleScene.unity using Guid(99c9720ab356a0642a771bea13969a05) Importer(2089858483,b0f066a214c2f5e87bad3c948f4d605d) (ScriptedImporter) -> (artifact id: '063faa3cc4574cb5c9e92158abef7e9b') in 0.016582 seconds
Number of updated asset objects reloaded before import = 0Number of asset objects unloaded after import = 1

========================================================================
Received Import Request.
  Time since last request: 7.388842 seconds.
  path: Assets/Scenes/SampleScene.unity
  artifactKey: Guid(99c9720ab356a0642a771bea13969a05) Importer(2089858483,b0f066a214c2f5e87bad3c948f4d605d)
Start importing Assets/Scenes/SampleScene.unity using Guid(99c9720ab356a0642a771bea13969a05) Importer(2089858483,b0f066a214c2f5e87bad3c948f4d605d) (ScriptedImporter) -> (artifact id: '9440a5afd4b5a3cd5ffb5484bd1bcc1e') in 0.0160269 seconds
Number of updated asset objects reloaded before import = 0Number of asset objects unloaded after import = 1

========================================================================
Received Import Request.
  Time since last request: 126.493083 seconds.
  path: Assets/Scenes/SampleScene.unity
  artifactKey: Guid(99c9720ab356a0642a771bea13969a05) Importer(2089858483,b0f066a214c2f5e87bad3c948f4d605d)
Start importing Assets/Scenes/SampleScene.unity using Guid(99c9720ab356a0642a771bea13969a05) Importer(2089858483,b0f066a214c2f5e87bad3c948f4d605d) (ScriptedImporter) -> (artifact id: '21597493ae49ce7a96799063ba10853f') in 0.0174475 seconds
Number of updated asset objects reloaded before import = 0Number of asset objects unloaded after import = 1

========================================================================
Received Import Request.
  Time since last request: 122.347606 seconds.
  path: Assets/Synty/PolygonShops/Prefabs/Environments/SM_Env_Ground_Divider_01.prefab
  artifactKey: Guid(70c064bc78724514a9e764ed6e9f16f3) Importer(815301076,1909f56bfc062723c751e8b465ee728b)
Start importing Assets/Synty/PolygonShops/Prefabs/Environments/SM_Env_Ground_Divider_01.prefab using Guid(70c064bc78724514a9e764ed6e9f16f3) Importer(815301076,1909f56bfc062723c751e8b465ee728b) (PreviewImporter) -> (artifact id: '2c66b743460c702972fa6868e188a291') in 0.0323553 seconds
Number of updated asset objects reloaded before import = 0Number of asset objects unloaded after import = 17

========================================================================
Received Import Request.
  Time since last request: 0.000027 seconds.
  path: Assets/Synty/PolygonShops/Models/Collision/Convex/SM_Env_Ground_Divider_03_Convex.asset
  artifactKey: Guid(cac30f42bd09fe84e8c7de08da90d1bc) Importer(815301076,1909f56bfc062723c751e8b465ee728b)
Start importing Assets/Synty/PolygonShops/Models/Collision/Convex/SM_Env_Ground_Divider_03_Convex.asset using Guid(cac30f42bd09fe84e8c7de08da90d1bc) Importer(815301076,1909f56bfc062723c751e8b465ee728b) (PreviewImporter) -> (artifact id: 'c63bf5237cba7639be24add9217cb80b') in 0.018658 seconds
Number of updated asset objects reloaded before import = 0Number of asset objects unloaded after import = 2

========================================================================
Received Import Request.
  Time since last request: 0.000031 seconds.
  path: Assets/Synty/PolygonShops/Prefabs/Environments/SM_Env_Ground_Divider_03.prefab
  artifactKey: Guid(b96c12887e3b6064faafceca9478e217) Importer(815301076,1909f56bfc062723c751e8b465ee728b)
Start importing Assets/Synty/PolygonShops/Prefabs/Environments/SM_Env_Ground_Divider_03.prefab using Guid(b96c12887e3b6064faafceca9478e217) Importer(815301076,1909f56bfc062723c751e8b465ee728b) (PreviewImporter) -> (artifact id: 'c8f2580716cb34a3f5bfa0f7097906e2') in 0.0219749 seconds
Number of updated asset objects reloaded before import = 0Number of asset objects unloaded after import = 17

========================================================================
Received Import Request.
  Time since last request: 0.000036 seconds.
  path: Assets/Synty/PolygonShops/Models/Collision/Convex/SM_Env_Ground_Divider_02_Convex.asset
  artifactKey: Guid(bf46b5d8f6cd61149a82e1378bb803b9) Importer(815301076,1909f56bfc062723c751e8b465ee728b)
Start importing Assets/Synty/PolygonShops/Models/Collision/Convex/SM_Env_Ground_Divider_02_Convex.asset using Guid(bf46b5d8f6cd61149a82e1378bb803b9) Importer(815301076,1909f56bfc062723c751e8b465ee728b) (PreviewImporter) -> (artifact id: '478474da85fdad6b068241d56a54234f') in 0.0151213 seconds
Number of updated asset objects reloaded before import = 0Number of asset objects unloaded after import = 2

========================================================================
Received Import Request.
  Time since last request: 0.000028 seconds.
  path: Assets/Synty/PolygonApocalypse/Models/Convex/SM_Env_StormCanal_Divider_01_Convex.asset
  artifactKey: Guid(d3536ddfcdcdca0429fb9b876b6d379b) Importer(815301076,1909f56bfc062723c751e8b465ee728b)
Start importing Assets/Synty/PolygonApocalypse/Models/Convex/SM_Env_StormCanal_Divider_01_Convex.asset using Guid(d3536ddfcdcdca0429fb9b876b6d379b) Importer(815301076,1909f56bfc062723c751e8b465ee728b) (PreviewImporter) -> (artifact id: 'ef73f2527073d898abc7649587a9aa93') in 0.0217058 seconds
Number of updated asset objects reloaded before import = 0Number of asset objects unloaded after import = 2

========================================================================
Received Import Request.
  Time since last request: 0.000027 seconds.
  path: Assets/Synty/PolygonShops/Models/Collision/Convex/SM_Env_Ground_Divider_04_Convex.asset
  artifactKey: Guid(28e662d99ce40674b8432c29910652e8) Importer(815301076,1909f56bfc062723c751e8b465ee728b)
Start importing Assets/Synty/PolygonShops/Models/Collision/Convex/SM_Env_Ground_Divider_04_Convex.asset using Guid(28e662d99ce40674b8432c29910652e8) Importer(815301076,1909f56bfc062723c751e8b465ee728b) (PreviewImporter) -> (artifact id: '026c552acf3baef82670c141adabb5b2') in 0.0221382 seconds
Number of updated asset objects reloaded before import = 0Number of asset objects unloaded after import = 2

========================================================================
Received Import Request.
  Time since last request: 1.614031 seconds.
  path: Assets/Synty/PolygonApocalypse/Models/Convex/SM_Env_StormCanal_Divider_02_Convex.asset
  artifactKey: Guid(c45fadfbb7a251f4abb86870f5b4e4fb) Importer(815301076,1909f56bfc062723c751e8b465ee728b)
Start importing Assets/Synty/PolygonApocalypse/Models/Convex/SM_Env_StormCanal_Divider_02_Convex.asset using Guid(c45fadfbb7a251f4abb86870f5b4e4fb) Importer(815301076,1909f56bfc062723c751e8b465ee728b) (PreviewImporter) -> (artifact id: '3a43a1c1ef9add3a7a4422e951b673cf') in 0.0169763 seconds
Number of updated asset objects reloaded before import = 0Number of asset objects unloaded after import = 2

========================================================================
Received Import Request.
  Time since last request: 0.000749 seconds.
  path: Assets/Synty/PolygonApocalypse/Models/Convex/SM_Env_Street_Divider_01_Convex.asset
  artifactKey: Guid(2142ff2cb52c98645a738a717c2acc82) Importer(815301076,1909f56bfc062723c751e8b465ee728b)
Start importing Assets/Synty/PolygonApocalypse/Models/Convex/SM_Env_Street_Divider_01_Convex.asset using Guid(2142ff2cb52c98645a738a717c2acc82) Importer(815301076,1909f56bfc062723c751e8b465ee728b) (PreviewImporter) -> (artifact id: 'da61b3e4e297b3c0628d2e975f7a3fa1') in 0.0175313 seconds
Number of updated asset objects reloaded before import = 0Number of asset objects unloaded after import = 2

========================================================================
Received Import Request.
  Time since last request: 0.245808 seconds.
  path: Assets/Synty/PolygonApocalypse/Models/SM_Env_Street_Divider_02.fbx
  artifactKey: Guid(ee0cf5dc5a2548447a7a68f327654705) Importer(815301076,1909f56bfc062723c751e8b465ee728b)
Start importing Assets/Synty/PolygonApocalypse/Models/SM_Env_Street_Divider_02.fbx using Guid(ee0cf5dc5a2548447a7a68f327654705) Importer(815301076,1909f56bfc062723c751e8b465ee728b) (PreviewImporter) -> (artifact id: 'a45168cea91b64c5872cde95767df5d5') in 0.0166923 seconds
Number of updated asset objects reloaded before import = 0Number of asset objects unloaded after import = 7

========================================================================
Received Import Request.
  Time since last request: 0.000022 seconds.
  path: Assets/Synty/PolygonApocalypse/Models/Convex/SM_Env_Street_Divider_02_Convex.asset
  artifactKey: Guid(3d0b7683543ee5244a2a8c4f421fa672) Importer(815301076,1909f56bfc062723c751e8b465ee728b)
Start importing Assets/Synty/PolygonApocalypse/Models/Convex/SM_Env_Street_Divider_02_Convex.asset using Guid(3d0b7683543ee5244a2a8c4f421fa672) Importer(815301076,1909f56bfc062723c751e8b465ee728b) (PreviewImporter) -> (artifact id: 'be7efbb2e22f51ab48ecccfad6839d4e') in 0.0174034 seconds
Number of updated asset objects reloaded before import = 0Number of asset objects unloaded after import = 2

========================================================================
Received Import Request.
  Time since last request: 0.311752 seconds.
  path: Assets/Synty/PolygonShops/Models/Collision/Convex/SM_Prop_Cafe_Divider_01_Convex.asset
  artifactKey: Guid(a818386b93b66964985b33c8a0783f46) Importer(815301076,1909f56bfc062723c751e8b465ee728b)
Start importing Assets/Synty/PolygonShops/Models/Collision/Convex/SM_Prop_Cafe_Divider_01_Convex.asset using Guid(a818386b93b66964985b33c8a0783f46) Importer(815301076,1909f56bfc062723c751e8b465ee728b) (PreviewImporter) -> (artifact id: 'a9f326e72bab8de37ad7cd23cc0108cc') in 0.0136252 seconds
Number of updated asset objects reloaded before import = 0Number of asset objects unloaded after import = 2

========================================================================
Received Import Request.
  Time since last request: 0.000021 seconds.
  path: Assets/Synty/PolygonShops/Prefabs/Props/SM_Prop_Market_Checkout_Divider.prefab
  artifactKey: Guid(cbe9a86931952ef419b8fd177b4d88b9) Importer(815301076,1909f56bfc062723c751e8b465ee728b)
Start importing Assets/Synty/PolygonShops/Prefabs/Props/SM_Prop_Market_Checkout_Divider.prefab using Guid(cbe9a86931952ef419b8fd177b4d88b9) Importer(815301076,1909f56bfc062723c751e8b465ee728b) (PreviewImporter) -> (artifact id: '560ad2c8eca4ee1f7e35582e857be06d') in 0.0171578 seconds
Number of updated asset objects reloaded before import = 0Number of asset objects unloaded after import = 17

========================================================================
Received Import Request.
  Time since last request: 7.233898 seconds.
  path: Assets/Synty/PolygonApocalypse/Prefabs/Characters/SM_Chr_Hazmat_Male_01.prefab
  artifactKey: Guid(d91ede30c57f9e64cb6e7ac51e28ff35) Importer(815301076,1909f56bfc062723c751e8b465ee728b)
Start importing Assets/Synty/PolygonApocalypse/Prefabs/Characters/SM_Chr_Hazmat_Male_01.prefab using Guid(d91ede30c57f9e64cb6e7ac51e28ff35) Importer(815301076,1909f56bfc062723c751e8b465ee728b) (PreviewImporter) -> (artifact id: '2bbe0ce7061ebfd60ab142e0e0cc12a4') in 0.0558523 seconds
Number of updated asset objects reloaded before import = 0Number of asset objects unloaded after import = 240

========================================================================
Received Import Request.
  Time since last request: 1.341526 seconds.
  path: Assets/Synty/PolygonApocalypse/Prefabs/Buildings/SM_Bld_Bunker_Concrete_Floor_01.prefab
  artifactKey: Guid(c2418ccb7814aa64d8e64256f6a7c25e) Importer(815301076,1909f56bfc062723c751e8b465ee728b)
Start importing Assets/Synty/PolygonApocalypse/Prefabs/Buildings/SM_Bld_Bunker_Concrete_Floor_01.prefab using Guid(c2418ccb7814aa64d8e64256f6a7c25e) Importer(815301076,1909f56bfc062723c751e8b465ee728b) (PreviewImporter) -> (artifact id: 'c4f96ed52842cf52b75b785b5e825d73') in 0.0442834 seconds
Number of updated asset objects reloaded before import = 0Number of asset objects unloaded after import = 17

========================================================================
Received Import Request.
  Time since last request: 0.000022 seconds.
  path: Assets/Synty/PolygonApocalypse/Prefabs/Buildings/SM_Bld_Bunker_Floor_Pallet_02.prefab
  artifactKey: Guid(84bddd3fa28955840889d72912f728ae) Importer(815301076,1909f56bfc062723c751e8b465ee728b)
Start importing Assets/Synty/PolygonApocalypse/Prefabs/Buildings/SM_Bld_Bunker_Floor_Pallet_02.prefab using Guid(84bddd3fa28955840889d72912f728ae) Importer(815301076,1909f56bfc062723c751e8b465ee728b) (PreviewImporter) -> (artifact id: '8743a5ec3b8adceb3a2b45ee23a31a20') in 0.0516722 seconds
Number of updated asset objects reloaded before import = 0Number of asset objects unloaded after import = 17

========================================================================
Received Import Request.
  Time since last request: 0.000037 seconds.
  path: Assets/Synty/PolygonApocalypse/Prefabs/Buildings/SM_Bld_Bunker_Floor_Pallet_01.prefab
  artifactKey: Guid(252f18ecde3679f45b660f84c88bdf80) Importer(815301076,1909f56bfc062723c751e8b465ee728b)
Start importing Assets/Synty/PolygonApocalypse/Prefabs/Buildings/SM_Bld_Bunker_Floor_Pallet_01.prefab using Guid(252f18ecde3679f45b660f84c88bdf80) Importer(815301076,1909f56bfc062723c751e8b465ee728b) (PreviewImporter) -> (artifact id: '22ba9e8ebaee81d43176c088f92e2826') in 0.0533698 seconds
Number of updated asset objects reloaded before import = 0Number of asset objects unloaded after import = 17

========================================================================
Received Import Request.
  Time since last request: 0.000035 seconds.
  path: Assets/Synty/PolygonApocalypse/Prefabs/Buildings/SM_Bld_Bunker_Floor_Container_x2_01.prefab
  artifactKey: Guid(56bc3a4e99434fc4685f7732cbba97b8) Importer(815301076,1909f56bfc062723c751e8b465ee728b)
Start importing Assets/Synty/PolygonApocalypse/Prefabs/Buildings/SM_Bld_Bunker_Floor_Container_x2_01.prefab using Guid(56bc3a4e99434fc4685f7732cbba97b8) Importer(815301076,1909f56bfc062723c751e8b465ee728b) (PreviewImporter) -> (artifact id: 'ef9eac55df237ec88172a99597539b3f') in 0.0444199 seconds
Number of updated asset objects reloaded before import = 0Number of asset objects unloaded after import = 17

========================================================================
Received Import Request.
  Time since last request: 18.413643 seconds.
  path: Assets/Synty/PolygonApocalypse/Prefabs/Buildings/SM_Bld_Bunker_Hatch_01.prefab
  artifactKey: Guid(187fd8939ae640d41b4dc79db2d84048) Importer(815301076,1909f56bfc062723c751e8b465ee728b)
Start importing Assets/Synty/PolygonApocalypse/Prefabs/Buildings/SM_Bld_Bunker_Hatch_01.prefab using Guid(187fd8939ae640d41b4dc79db2d84048) Importer(815301076,1909f56bfc062723c751e8b465ee728b) (PreviewImporter) -> (artifact id: 'ca3ac4a3e0199ad3ebbeb7cd2f5f7e88') in 0.0295371 seconds
Number of updated asset objects reloaded before import = 0Number of asset objects unloaded after import = 29

========================================================================
Received Import Request.
  Time since last request: 0.000036 seconds.
  path: Assets/Synty/PolygonApocalypse/Prefabs/Buildings/SM_Bld_Bunker_Hatch_Round_01.prefab
  artifactKey: Guid(11b6c5bc2c4fcbe499cfba9100a87524) Importer(815301076,1909f56bfc062723c751e8b465ee728b)
Start importing Assets/Synty/PolygonApocalypse/Prefabs/Buildings/SM_Bld_Bunker_Hatch_Round_01.prefab using Guid(11b6c5bc2c4fcbe499cfba9100a87524) Importer(815301076,1909f56bfc062723c751e8b465ee728b) (PreviewImporter) -> (artifact id: '1b3f7f323196002f5253a48ec4b8b055') in 0.0299722 seconds
Number of updated asset objects reloaded before import = 0Number of asset objects unloaded after import = 18

========================================================================
Received Import Request.
  Time since last request: 0.275359 seconds.
  path: Assets/Synty/PolygonApocalypse/Prefabs/Buildings/SM_Bld_Bunker_Ladder_End_01.prefab
  artifactKey: Guid(426b075a7f762fa4b9ceff6651105eaa) Importer(815301076,1909f56bfc062723c751e8b465ee728b)
Start importing Assets/Synty/PolygonApocalypse/Prefabs/Buildings/SM_Bld_Bunker_Ladder_End_01.prefab using Guid(426b075a7f762fa4b9ceff6651105eaa) Importer(815301076,1909f56bfc062723c751e8b465ee728b) (PreviewImporter) -> (artifact id: '6fe817ed051359ca6703fa53cb76d48c') in 0.0327378 seconds
Number of updated asset objects reloaded before import = 0Number of asset objects unloaded after import = 16

========================================================================
Received Import Request.
  Time since last request: 0.000030 seconds.
  path: Assets/Synty/PolygonApocalypse/Prefabs/Buildings/SM_Bld_Bunker_Ladder_Rust_01.prefab
  artifactKey: Guid(102907a72e1abd841be7f7cc54a76a60) Importer(815301076,1909f56bfc062723c751e8b465ee728b)
Start importing Assets/Synty/PolygonApocalypse/Prefabs/Buildings/SM_Bld_Bunker_Ladder_Rust_01.prefab using Guid(102907a72e1abd841be7f7cc54a76a60) Importer(815301076,1909f56bfc062723c751e8b465ee728b) (PreviewImporter) -> (artifact id: 'ae3515abfce44e020eeb81d0f0cf55e0') in 0.0310427 seconds
Number of updated asset objects reloaded before import = 0Number of asset objects unloaded after import = 18

========================================================================
Received Import Request.
  Time since last request: 2.282011 seconds.
  path: Assets/Synty/PolygonApocalypse/Prefabs/Buildings/SM_Bld_Bunker_Stairs_Double_01.prefab
  artifactKey: Guid(f0506d9df0b01704c9f190d477946c34) Importer(815301076,1909f56bfc062723c751e8b465ee728b)
Start importing Assets/Synty/PolygonApocalypse/Prefabs/Buildings/SM_Bld_Bunker_Stairs_Double_01.prefab using Guid(f0506d9df0b01704c9f190d477946c34) Importer(815301076,1909f56bfc062723c751e8b465ee728b) (PreviewImporter) -> (artifact id: 'a62b4c7bcb84d6b9452bffae7043897f') in 0.0590762 seconds
Number of updated asset objects reloaded before import = 0Number of asset objects unloaded after import = 32

========================================================================
Received Import Request.
  Time since last request: 0.000023 seconds.
  path: Assets/Synty/PolygonApocalypse/Prefabs/Buildings/SM_Bld_Bunker_Wall_Concrete_x1_01.prefab
  artifactKey: Guid(5f0025e958817e446aaed10a1ff0902f) Importer(815301076,1909f56bfc062723c751e8b465ee728b)
Start importing Assets/Synty/PolygonApocalypse/Prefabs/Buildings/SM_Bld_Bunker_Wall_Concrete_x1_01.prefab using Guid(5f0025e958817e446aaed10a1ff0902f) Importer(815301076,1909f56bfc062723c751e8b465ee728b) (PreviewImporter) -> (artifact id: '678075dda58cd706d44b52e4ffa56982') in 0.0490486 seconds
Number of updated asset objects reloaded before import = 0Number of asset objects unloaded after import = 17

========================================================================
Received Import Request.
  Time since last request: 0.000033 seconds.
  path: Assets/Synty/PolygonApocalypse/Prefabs/Buildings/SM_Bld_Bunker_Wall_Concrete_x2_01.prefab
  artifactKey: Guid(ec2a27f3d025009419d833762d3255c9) Importer(815301076,1909f56bfc062723c751e8b465ee728b)
Start importing Assets/Synty/PolygonApocalypse/Prefabs/Buildings/SM_Bld_Bunker_Wall_Concrete_x2_01.prefab using Guid(ec2a27f3d025009419d833762d3255c9) Importer(815301076,1909f56bfc062723c751e8b465ee728b) (PreviewImporter) -> (artifact id: '1a808f6baad0001f63538c23aef08dab') in 0.0539733 seconds
Number of updated asset objects reloaded before import = 0Number of asset objects unloaded after import = 17

========================================================================
Received Import Request.
  Time since last request: 3.073479 seconds.
  path: Assets/Synty/PolygonApocalypse/Prefabs/Buildings/SM_Bld_Bunker_Wall_Container_Door_01.prefab
  artifactKey: Guid(a8f5d14c08824204c97edaa7cf1ef854) Importer(815301076,1909f56bfc062723c751e8b465ee728b)
Start importing Assets/Synty/PolygonApocalypse/Prefabs/Buildings/SM_Bld_Bunker_Wall_Container_Door_01.prefab using Guid(a8f5d14c08824204c97edaa7cf1ef854) Importer(815301076,1909f56bfc062723c751e8b465ee728b) (PreviewImporter) -> (artifact id: '3715bc187c6ac1ad7ad7596a835569ee') in 0.0497956 seconds
Number of updated asset objects reloaded before import = 0Number of asset objects unloaded after import = 27

========================================================================
Received Import Request.
  Time since last request: 0.009549 seconds.
  path: Assets/Synty/PolygonApocalypse/Prefabs/Buildings/SM_Bld_Bunker_Wall_Container_x2_02.prefab
  artifactKey: Guid(b88fb61f5826e62418486e36db0e4f90) Importer(815301076,1909f56bfc062723c751e8b465ee728b)
Start importing Assets/Synty/PolygonApocalypse/Prefabs/Buildings/SM_Bld_Bunker_Wall_Container_x2_02.prefab using Guid(b88fb61f5826e62418486e36db0e4f90) Importer(815301076,1909f56bfc062723c751e8b465ee728b) (PreviewImporter) -> (artifact id: 'd37cb2bc16e0cd2fca4f70fe4fbc835a') in 0.0535618 seconds
Number of updated asset objects reloaded before import = 0Number of asset objects unloaded after import = 19

========================================================================
Received Import Request.
  Time since last request: 1.869086 seconds.
  path: Assets/Synty/PolygonApocalypse/Prefabs/Buildings/SM_Bld_Bunker_Wall_Curved_End_Concrete_01.prefab
  artifactKey: Guid(7ed563e5242414b4cae2489c07d08277) Importer(815301076,1909f56bfc062723c751e8b465ee728b)
Start importing Assets/Synty/PolygonApocalypse/Prefabs/Buildings/SM_Bld_Bunker_Wall_Curved_End_Concrete_01.prefab using Guid(7ed563e5242414b4cae2489c07d08277) Importer(815301076,1909f56bfc062723c751e8b465ee728b) (PreviewImporter) -> (artifact id: '947ccd6bd2cd7074e7f3c67530346e0d') in 0.0317399 seconds
Number of updated asset objects reloaded before import = 0Number of asset objects unloaded after import = 18

========================================================================
Received Import Request.
  Time since last request: 0.054813 seconds.
  path: Assets/Synty/PolygonApocalypse/Prefabs/Buildings/SM_Bld_Bunker_Wall_Slab_x1_01.prefab
  artifactKey: Guid(78c3f73ed790607479ab45a5f5f0d4e9) Importer(815301076,1909f56bfc062723c751e8b465ee728b)
Start importing Assets/Synty/PolygonApocalypse/Prefabs/Buildings/SM_Bld_Bunker_Wall_Slab_x1_01.prefab using Guid(78c3f73ed790607479ab45a5f5f0d4e9) Importer(815301076,1909f56bfc062723c751e8b465ee728b) (PreviewImporter) -> (artifact id: '16ee5dd938da50836cf3af809991a651') in 0.0302739 seconds
Number of updated asset objects reloaded before import = 0Number of asset objects unloaded after import = 17

========================================================================
Received Import Request.
  Time since last request: 0.000026 seconds.
  path: Assets/Synty/PolygonApocalypse/Prefabs/Buildings/SM_Bld_Bunker_Wall_Slab_x1_02.prefab
  artifactKey: Guid(633a1ece618a55a4f9a3782705e15f2a) Importer(815301076,1909f56bfc062723c751e8b465ee728b)
Start importing Assets/Synty/PolygonApocalypse/Prefabs/Buildings/SM_Bld_Bunker_Wall_Slab_x1_02.prefab using Guid(633a1ece618a55a4f9a3782705e15f2a) Importer(815301076,1909f56bfc062723c751e8b465ee728b) (PreviewImporter) -> (artifact id: 'c4f547684f0ce307f2fada8b333c99b0') in 0.0302639 seconds
Number of updated asset objects reloaded before import = 0Number of asset objects unloaded after import = 17

========================================================================
Received Import Request.
  Time since last request: 0.085891 seconds.
  path: Assets/Synty/PolygonApocalypse/Prefabs/Buildings/SM_Bld_Bunker_Wall_Slab_x1_04.prefab
  artifactKey: Guid(6a10ba6d1354d9349a70f88e65e0c6a3) Importer(815301076,1909f56bfc062723c751e8b465ee728b)
Start importing Assets/Synty/PolygonApocalypse/Prefabs/Buildings/SM_Bld_Bunker_Wall_Slab_x1_04.prefab using Guid(6a10ba6d1354d9349a70f88e65e0c6a3) Importer(815301076,1909f56bfc062723c751e8b465ee728b) (PreviewImporter) -> (artifact id: '7328ff2e53165e95abaf67925a778875') in 0.0297402 seconds
Number of updated asset objects reloaded before import = 0Number of asset objects unloaded after import = 17

========================================================================
Received Import Request.
  Time since last request: 0.000021 seconds.
  path: Assets/Synty/PolygonApocalypse/Prefabs/Buildings/SM_Bld_Bunker_Wall_Slab_x2_02.prefab
  artifactKey: Guid(289cb3b982d624b4ca65512b29f56138) Importer(815301076,1909f56bfc062723c751e8b465ee728b)
Start importing Assets/Synty/PolygonApocalypse/Prefabs/Buildings/SM_Bld_Bunker_Wall_Slab_x2_02.prefab using Guid(289cb3b982d624b4ca65512b29f56138) Importer(815301076,1909f56bfc062723c751e8b465ee728b) (PreviewImporter) -> (artifact id: '5125051703b6cbee3ed74f8ed568a06b') in 0.0282376 seconds
Number of updated asset objects reloaded before import = 0Number of asset objects unloaded after import = 17

========================================================================
Received Import Request.
  Time since last request: 0.358035 seconds.
  path: Assets/Synty/PolygonApocalypse/Prefabs/Buildings/SM_Bld_Church_01.prefab
  artifactKey: Guid(77ed7643232f89a46ae0392e423b47ab) Importer(815301076,1909f56bfc062723c751e8b465ee728b)
Start importing Assets/Synty/PolygonApocalypse/Prefabs/Buildings/SM_Bld_Church_01.prefab using Guid(77ed7643232f89a46ae0392e423b47ab) Importer(815301076,1909f56bfc062723c751e8b465ee728b) (PreviewImporter) -> (artifact id: 'a4c9e29788eb19264f8537c239a32a8e') in 0.0332507 seconds
Number of updated asset objects reloaded before import = 0Number of asset objects unloaded after import = 18

========================================================================
Received Import Request.
  Time since last request: 0.000034 seconds.
  path: Assets/Synty/PolygonApocalypse/Prefabs/Buildings/SM_Bld_ContainerBridge_01.prefab
  artifactKey: Guid(f3e7bf9260fa7fe409686a43a335d6d8) Importer(815301076,1909f56bfc062723c751e8b465ee728b)
Start importing Assets/Synty/PolygonApocalypse/Prefabs/Buildings/SM_Bld_ContainerBridge_01.prefab using Guid(f3e7bf9260fa7fe409686a43a335d6d8) Importer(815301076,1909f56bfc062723c751e8b465ee728b) (PreviewImporter) -> (artifact id: '9d1132de53b133a0cd9557613be3fb08') in 0.029777 seconds
Number of updated asset objects reloaded before import = 0Number of asset objects unloaded after import = 26

========================================================================
Received Import Request.
  Time since last request: 0.000062 seconds.
  path: Assets/Synty/PolygonApocalypse/Prefabs/Buildings/SM_Bld_Decoration_01.prefab
  artifactKey: Guid(0b4692b6f40657f46beeb8f332178526) Importer(815301076,1909f56bfc062723c751e8b465ee728b)
Start importing Assets/Synty/PolygonApocalypse/Prefabs/Buildings/SM_Bld_Decoration_01.prefab using Guid(0b4692b6f40657f46beeb8f332178526) Importer(815301076,1909f56bfc062723c751e8b465ee728b) (PreviewImporter) -> (artifact id: 'c88c3255d52a68a39d81c3e4d4c02b12') in 0.0305839 seconds
Number of updated asset objects reloaded before import = 0Number of asset objects unloaded after import = 16

========================================================================
Received Import Request.
  Time since last request: 0.040424 seconds.
  path: Assets/Synty/PolygonApocalypse/Prefabs/Buildings/SM_Bld_Door_01.prefab
  artifactKey: Guid(b748999e7fef70f4fb5ad92a4cf64237) Importer(815301076,1909f56bfc062723c751e8b465ee728b)
Start importing Assets/Synty/PolygonApocalypse/Prefabs/Buildings/SM_Bld_Door_01.prefab using Guid(b748999e7fef70f4fb5ad92a4cf64237) Importer(815301076,1909f56bfc062723c751e8b465ee728b) (PreviewImporter) -> (artifact id: 'efa379bdb96726751bfe8f481fff8dab') in 0.0309055 seconds
Number of updated asset objects reloaded before import = 0Number of asset objects unloaded after import = 18

========================================================================
Received Import Request.
  Time since last request: 8.211819 seconds.
  path: Assets/Synty/PolygonApocalypse/Prefabs/Buildings/SM_Bld_Door_04.prefab
  artifactKey: Guid(5842af18862fc044cbfd7b4d3b8983cb) Importer(815301076,1909f56bfc062723c751e8b465ee728b)
Start importing Assets/Synty/PolygonApocalypse/Prefabs/Buildings/SM_Bld_Door_04.prefab using Guid(5842af18862fc044cbfd7b4d3b8983cb) Importer(815301076,1909f56bfc062723c751e8b465ee728b) (PreviewImporter) -> (artifact id: '1c853b975c406f5f2897942d034feb1a') in 0.055683 seconds
Number of updated asset objects reloaded before import = 0Number of asset objects unloaded after import = 18

========================================================================
Received Import Request.
  Time since last request: 0.000024 seconds.
  path: Assets/Synty/PolygonApocalypse/Prefabs/Buildings/SM_Bld_Door_08.prefab
  artifactKey: Guid(17f9e58af425e8045aaa9db31f0f1435) Importer(815301076,1909f56bfc062723c751e8b465ee728b)
Start importing Assets/Synty/PolygonApocalypse/Prefabs/Buildings/SM_Bld_Door_08.prefab using Guid(17f9e58af425e8045aaa9db31f0f1435) Importer(815301076,1909f56bfc062723c751e8b465ee728b) (PreviewImporter) -> (artifact id: '6fc9dfa8c433a7df12518dbe60dbf094') in 0.0559518 seconds
Number of updated asset objects reloaded before import = 0Number of asset objects unloaded after import = 18

========================================================================
Received Import Request.
  Time since last request: 0.892716 seconds.
  path: Assets/Synty/PolygonApocalypse/Prefabs/Buildings/SM_Bld_HeliPad_01.prefab
  artifactKey: Guid(4062aa7c12477534480ccf067a179916) Importer(815301076,1909f56bfc062723c751e8b465ee728b)
Start importing Assets/Synty/PolygonApocalypse/Prefabs/Buildings/SM_Bld_HeliPad_01.prefab using Guid(4062aa7c12477534480ccf067a179916) Importer(815301076,1909f56bfc062723c751e8b465ee728b) (PreviewImporter) -> (artifact id: '5d00b46ae15b4f58b385e44316db701c') in 0.0368807 seconds
Number of updated asset objects reloaded before import = 0Number of asset objects unloaded after import = 22

========================================================================
Received Import Request.
  Time since last request: 12.937960 seconds.
  path: Assets/Synty/PolygonShops/Textures/PolygonShops_Signs_01.png
  artifactKey: Guid(f9018dafa9958244588486dd6b61928b) Importer(815301076,1909f56bfc062723c751e8b465ee728b)
Start importing Assets/Synty/PolygonShops/Textures/PolygonShops_Signs_01.png using Guid(f9018dafa9958244588486dd6b61928b) Importer(815301076,1909f56bfc062723c751e8b465ee728b) (PreviewImporter) -> (artifact id: '4039bfc0309907546c3381d55e216ba0') in 0.0134067 seconds
Number of updated asset objects reloaded before import = 0Number of asset objects unloaded after import = 2

========================================================================
Received Import Request.
  Time since last request: 0.000021 seconds.
  path: Assets/Synty/PolygonApocalypse/Models/Collision/SM_Bld_Motel_01_Sign_01_Collision.fbx
  artifactKey: Guid(c76040816ca95364b9bb5778e577ce10) Importer(815301076,1909f56bfc062723c751e8b465ee728b)
Start importing Assets/Synty/PolygonApocalypse/Models/Collision/SM_Bld_Motel_01_Sign_01_Collision.fbx using Guid(c76040816ca95364b9bb5778e577ce10) Importer(815301076,1909f56bfc062723c751e8b465ee728b) (PreviewImporter) -> (artifact id: '53f29a9b33f547684eb9335530a22231') in 0.0147621 seconds
Number of updated asset objects reloaded before import = 0Number of asset objects unloaded after import = 7

========================================================================
Received Import Request.
  Time since last request: 0.000023 seconds.
  path: Assets/Synty/PolygonApocalypse/Models/SM_Bld_Motel_Sign_02.fbx
  artifactKey: Guid(7db0c6c17bbf6b144abaf68583b9b56d) Importer(815301076,1909f56bfc062723c751e8b465ee728b)
Start importing Assets/Synty/PolygonApocalypse/Models/SM_Bld_Motel_Sign_02.fbx using Guid(7db0c6c17bbf6b144abaf68583b9b56d) Importer(815301076,1909f56bfc062723c751e8b465ee728b) (PreviewImporter) -> (artifact id: 'f3ff427d5f1ffa54bd3446cb1e683ebc') in 0.0164804 seconds
Number of updated asset objects reloaded before import = 0Number of asset objects unloaded after import = 7

========================================================================
Received Import Request.
  Time since last request: 2.576512 seconds.
  path: Assets/Synty/PolygonApocalypse/Models/Convex/SM_Bld_Motel_Sign_02_Convex.asset
  artifactKey: Guid(fb4a4d669e59c4847b2bf470ca21a7f1) Importer(815301076,1909f56bfc062723c751e8b465ee728b)
Start importing Assets/Synty/PolygonApocalypse/Models/Convex/SM_Bld_Motel_Sign_02_Convex.asset using Guid(fb4a4d669e59c4847b2bf470ca21a7f1) Importer(815301076,1909f56bfc062723c751e8b465ee728b) (PreviewImporter) -> (artifact id: 'fe8935fa944e389f3cd2e7533f1745bd') in 0.0155965 seconds
Number of updated asset objects reloaded before import = 0Number of asset objects unloaded after import = 2

========================================================================
Received Import Request.
  Time since last request: 0.008888 seconds.
  path: Assets/Synty/PolygonApocalypse/Models/SM_Bld_Motel_Sign_03.fbx
  artifactKey: Guid(ccc05ed96428f6446a08519c0334389b) Importer(815301076,1909f56bfc062723c751e8b465ee728b)
Start importing Assets/Synty/PolygonApocalypse/Models/SM_Bld_Motel_Sign_03.fbx using Guid(ccc05ed96428f6446a08519c0334389b) Importer(815301076,1909f56bfc062723c751e8b465ee728b) (PreviewImporter) -> (artifact id: '15d3254ce98c377e890c1fa8cd679a78') in 0.019544 seconds
Number of updated asset objects reloaded before import = 0Number of asset objects unloaded after import = 7

========================================================================
Received Import Request.
  Time since last request: 0.010297 seconds.
  path: Assets/Synty/PolygonApocalypse/Prefabs/Buildings/SM_Bld_Motel_Sign_03.prefab
  artifactKey: Guid(5953ae96f8a62ff4e96eb426592cf14b) Importer(815301076,1909f56bfc062723c751e8b465ee728b)
Start importing Assets/Synty/PolygonApocalypse/Prefabs/Buildings/SM_Bld_Motel_Sign_03.prefab using Guid(5953ae96f8a62ff4e96eb426592cf14b) Importer(815301076,1909f56bfc062723c751e8b465ee728b) (PreviewImporter) -> (artifact id: '44e91d590ca616cf7a851c3d874918c6') in 0.0343273 seconds
Number of updated asset objects reloaded before import = 0Number of asset objects unloaded after import = 18

========================================================================
Received Import Request.
  Time since last request: 6.785760 seconds.
  path: Assets/Synty/PolygonApocalypse/Models/Convex/SM_Bld_Motel_Sign_03_Convex.asset
  artifactKey: Guid(c24a79d39b2474e4bb2cf5f2d2155cb5) Importer(815301076,1909f56bfc062723c751e8b465ee728b)
Start importing Assets/Synty/PolygonApocalypse/Models/Convex/SM_Bld_Motel_Sign_03_Convex.asset using Guid(c24a79d39b2474e4bb2cf5f2d2155cb5) Importer(815301076,1909f56bfc062723c751e8b465ee728b) (PreviewImporter) -> (artifact id: 'c2de0da6e1266b4462c7d87cc12fd9bc') in 0.0149466 seconds
Number of updated asset objects reloaded before import = 0Number of asset objects unloaded after import = 2

========================================================================
Received Import Request.
  Time since last request: 0.000022 seconds.
  path: Assets/Synty/PolygonApocalypse/Prefabs/Props/SM_Prop_Billboard_Sign_01.prefab
  artifactKey: Guid(9ff1382a89dbf2e458095fdd4294af51) Importer(815301076,1909f56bfc062723c751e8b465ee728b)
Start importing Assets/Synty/PolygonApocalypse/Prefabs/Props/SM_Prop_Billboard_Sign_01.prefab using Guid(9ff1382a89dbf2e458095fdd4294af51) Importer(815301076,1909f56bfc062723c751e8b465ee728b) (PreviewImporter) -> (artifact id: 'd40e8ab0500ab399902cf5d44c2b7203') in 0.0188417 seconds
Number of updated asset objects reloaded before import = 0Number of asset objects unloaded after import = 15

========================================================================
Received Import Request.
  Time since last request: 0.311190 seconds.
  path: Assets/Synty/PolygonApocalypse/Models/SM_Prop_Billboard_Sign_02.fbx
  artifactKey: Guid(c829950fa369e0a45a32c59166f712d7) Importer(815301076,1909f56bfc062723c751e8b465ee728b)
Start importing Assets/Synty/PolygonApocalypse/Models/SM_Prop_Billboard_Sign_02.fbx using Guid(c829950fa369e0a45a32c59166f712d7) Importer(815301076,1909f56bfc062723c751e8b465ee728b) (PreviewImporter) -> (artifact id: '0410292ce93139d454229b28ffbbddc0') in 0.0138027 seconds
Number of updated asset objects reloaded before import = 0Number of asset objects unloaded after import = 7

========================================================================
Received Import Request.
  Time since last request: 49.705908 seconds.
  path: Assets/Synty/PolygonApocalypse/Models/SM_Prop_Sign_Tomato_01.fbx
  artifactKey: Guid(dcd28bca53d8f2d458cd07f4d2599df7) Importer(815301076,1909f56bfc062723c751e8b465ee728b)
Start importing Assets/Synty/PolygonApocalypse/Models/SM_Prop_Sign_Tomato_01.fbx using Guid(dcd28bca53d8f2d458cd07f4d2599df7) Importer(815301076,1909f56bfc062723c751e8b465ee728b) (PreviewImporter) -> (artifact id: '061338659f5a5473afe371b2a925de55') in 0.0157653 seconds
Number of updated asset objects reloaded before import = 0Number of asset objects unloaded after import = 7

========================================================================
Received Import Request.
  Time since last request: 0.000045 seconds.
  path: Assets/Synty/PolygonApocalypse/Models/Convex/SM_Prop_Sign_Tomato_01_Convex.asset
  artifactKey: Guid(f30502ebf38d6444dadfd938f2ebe07b) Importer(815301076,1909f56bfc062723c751e8b465ee728b)
Start importing Assets/Synty/PolygonApocalypse/Models/Convex/SM_Prop_Sign_Tomato_01_Convex.asset using Guid(f30502ebf38d6444dadfd938f2ebe07b) Importer(815301076,1909f56bfc062723c751e8b465ee728b) (PreviewImporter) -> (artifact id: '8e436d1cc59e7a0dd7110f3e1118fc25') in 0.0164343 seconds
Number of updated asset objects reloaded before import = 0Number of asset objects unloaded after import = 2

========================================================================
Received Import Request.
  Time since last request: 0.000021 seconds.
  path: Assets/Synty/PolygonShops/Models/Collision/Convex/SM_Prop_Sign_WarningSymbol_01_Convex.asset
  artifactKey: Guid(a330bb9a472332e49aff43b73b5fa52e) Importer(815301076,1909f56bfc062723c751e8b465ee728b)
Start importing Assets/Synty/PolygonShops/Models/Collision/Convex/SM_Prop_Sign_WarningSymbol_01_Convex.asset using Guid(a330bb9a472332e49aff43b73b5fa52e) Importer(815301076,1909f56bfc062723c751e8b465ee728b) (PreviewImporter) -> (artifact id: '0a9497d3ada634f67d84518eae4408a0') in 0.0186326 seconds
Number of updated asset objects reloaded before import = 0Number of asset objects unloaded after import = 2

========================================================================
Received Import Request.
  Time since last request: 0.000031 seconds.
  path: Assets/Synty/PolygonShops/Prefabs/Props/SM_Prop_Sign_WarningSymbol_03.prefab
  artifactKey: Guid(2bcc7b2646d14be4d9a381dbd3ba2ed3) Importer(815301076,1909f56bfc062723c751e8b465ee728b)
Start importing Assets/Synty/PolygonShops/Prefabs/Props/SM_Prop_Sign_WarningSymbol_03.prefab using Guid(2bcc7b2646d14be4d9a381dbd3ba2ed3) Importer(815301076,1909f56bfc062723c751e8b465ee728b) (PreviewImporter) -> (artifact id: 'd896e3a479c66c6bbc0a406cf6a42fc3') in 0.0148412 seconds
Number of updated asset objects reloaded before import = 0Number of asset objects unloaded after import = 17

========================================================================
Received Import Request.
  Time since last request: 0.000022 seconds.
  path: Assets/Synty/PolygonShops/Models/Collision/Convex/SM_Prop_Sign_WarningSymbol_03_Convex.asset
  artifactKey: Guid(12e442e21f5700943b9a6fe75841b305) Importer(815301076,1909f56bfc062723c751e8b465ee728b)
Start importing Assets/Synty/PolygonShops/Models/Collision/Convex/SM_Prop_Sign_WarningSymbol_03_Convex.asset using Guid(12e442e21f5700943b9a6fe75841b305) Importer(815301076,1909f56bfc062723c751e8b465ee728b) (PreviewImporter) -> (artifact id: 'a21b4dac28f14ea8948964678d59e004') in 0.0149473 seconds
Number of updated asset objects reloaded before import = 0Number of asset objects unloaded after import = 2

========================================================================
Received Import Request.
  Time since last request: 0.000020 seconds.
  path: Assets/Synty/PolygonShops/Models/SM_Prop_Sign_Win_Me_01.fbx
  artifactKey: Guid(b0c4256290ac7a24190bc376df0558bd) Importer(815301076,1909f56bfc062723c751e8b465ee728b)
Start importing Assets/Synty/PolygonShops/Models/SM_Prop_Sign_Win_Me_01.fbx using Guid(b0c4256290ac7a24190bc376df0558bd) Importer(815301076,1909f56bfc062723c751e8b465ee728b) (PreviewImporter) -> (artifact id: '3d95bafbabb68b543fd532d3f221be52') in 0.0128087 seconds
Number of updated asset objects reloaded before import = 0Number of asset objects unloaded after import = 7

========================================================================
Received Import Request.
  Time since last request: 0.000039 seconds.
  path: Assets/Synty/PolygonShops/Prefabs/Props/SM_Prop_Sign_Win_Me_01.prefab
  artifactKey: Guid(65bbc5583e90e6444a90cc044371e758) Importer(815301076,1909f56bfc062723c751e8b465ee728b)
Start importing Assets/Synty/PolygonShops/Prefabs/Props/SM_Prop_Sign_Win_Me_01.prefab using Guid(65bbc5583e90e6444a90cc044371e758) Importer(815301076,1909f56bfc062723c751e8b465ee728b) (PreviewImporter) -> (artifact id: '8155c92131addd8f3753c20742ef76f0') in 0.0162794 seconds
Number of updated asset objects reloaded before import = 0Number of asset objects unloaded after import = 17

========================================================================
Received Import Request.
  Time since last request: 0.000026 seconds.
  path: Assets/Synty/PolygonShops/Prefabs/Signs/SM_Sign_3dText_Bargain_01.prefab
  artifactKey: Guid(249e317f15ca4b54d984a60d4b60c8e7) Importer(815301076,1909f56bfc062723c751e8b465ee728b)
Start importing Assets/Synty/PolygonShops/Prefabs/Signs/SM_Sign_3dText_Bargain_01.prefab using Guid(249e317f15ca4b54d984a60d4b60c8e7) Importer(815301076,1909f56bfc062723c751e8b465ee728b) (PreviewImporter) -> (artifact id: 'b74b48656e7ea3569e19864c9622307a') in 0.019065 seconds
Number of updated asset objects reloaded before import = 0Number of asset objects unloaded after import = 16

========================================================================
Received Import Request.
  Time since last request: 0.000025 seconds.
  path: Assets/Synty/PolygonShops/Models/SM_Sign_3dText_Burger_01.fbx
  artifactKey: Guid(82245f995fce1e84caf2fc5513a3bffb) Importer(815301076,1909f56bfc062723c751e8b465ee728b)
Start importing Assets/Synty/PolygonShops/Models/SM_Sign_3dText_Burger_01.fbx using Guid(82245f995fce1e84caf2fc5513a3bffb) Importer(815301076,1909f56bfc062723c751e8b465ee728b) (PreviewImporter) -> (artifact id: 'b5237f25941e18e602a7e642b2310035') in 0.0183142 seconds
Number of updated asset objects reloaded before import = 0Number of asset objects unloaded after import = 7

========================================================================
Received Import Request.
  Time since last request: 0.000019 seconds.
  path: Assets/Synty/PolygonShops/Models/SM_Sign_3dText_And_01.fbx
  artifactKey: Guid(88a49d7e6d81c3e4da3c71f1c935b052) Importer(815301076,1909f56bfc062723c751e8b465ee728b)
Start importing Assets/Synty/PolygonShops/Models/SM_Sign_3dText_And_01.fbx using Guid(88a49d7e6d81c3e4da3c71f1c935b052) Importer(815301076,1909f56bfc062723c751e8b465ee728b) (PreviewImporter) -> (artifact id: '4bfdec7f95d0585cdd8855dff474e5a4') in 0.0147081 seconds
Number of updated asset objects reloaded before import = 0Number of asset objects unloaded after import = 7

========================================================================
Received Import Request.
  Time since last request: 0.000025 seconds.
  path: Assets/Synty/PolygonApocalypse/Models/Convex/SM_Prop_Sign_Wheel_01_Convex.asset
  artifactKey: Guid(5f94f763b1dd08e4b9b0fcd367004b41) Importer(815301076,1909f56bfc062723c751e8b465ee728b)
Start importing Assets/Synty/PolygonApocalypse/Models/Convex/SM_Prop_Sign_Wheel_01_Convex.asset using Guid(5f94f763b1dd08e4b9b0fcd367004b41) Importer(815301076,1909f56bfc062723c751e8b465ee728b) (PreviewImporter) -> (artifact id: '1f0702f07b6a42c0c7c045963c92884c') in 0.0182968 seconds
Number of updated asset objects reloaded before import = 0Number of asset objects unloaded after import = 2

========================================================================
Received Import Request.
  Time since last request: 0.264553 seconds.
  path: Assets/Synty/PolygonShops/Prefabs/Signs/SM_Sign_3dText_Burger_01.prefab
  artifactKey: Guid(40b709372cd1c4448a758580c5385cee) Importer(815301076,1909f56bfc062723c751e8b465ee728b)
Start importing Assets/Synty/PolygonShops/Prefabs/Signs/SM_Sign_3dText_Burger_01.prefab using Guid(40b709372cd1c4448a758580c5385cee) Importer(815301076,1909f56bfc062723c751e8b465ee728b) (PreviewImporter) -> (artifact id: 'ac6c1820aa9d14abfe4af2a301204c44') in 0.0138864 seconds
Number of updated asset objects reloaded before import = 0Number of asset objects unloaded after import = 16

========================================================================
Received Import Request.
  Time since last request: 0.000023 seconds.
  path: Assets/Synty/PolygonShops/Prefabs/Signs/SM_Sign_3dText_Cafe_01.prefab
  artifactKey: Guid(1edb6ecc4657add4c84af1d4a0d49fe4) Importer(815301076,1909f56bfc062723c751e8b465ee728b)
Start importing Assets/Synty/PolygonShops/Prefabs/Signs/SM_Sign_3dText_Cafe_01.prefab using Guid(1edb6ecc4657add4c84af1d4a0d49fe4) Importer(815301076,1909f56bfc062723c751e8b465ee728b) (PreviewImporter) -> (artifact id: '7655663bf9e9f2be0f848ab739315fb1') in 0.016946 seconds
Number of updated asset objects reloaded before import = 0Number of asset objects unloaded after import = 16

========================================================================
Received Import Request.
  Time since last request: 0.000019 seconds.
  path: Assets/Synty/PolygonShops/Models/SM_Sign_3dText_Deal_01.fbx
  artifactKey: Guid(59b43caf4092ad54e8f49c214ce37b3a) Importer(815301076,1909f56bfc062723c751e8b465ee728b)
Start importing Assets/Synty/PolygonShops/Models/SM_Sign_3dText_Deal_01.fbx using Guid(59b43caf4092ad54e8f49c214ce37b3a) Importer(815301076,1909f56bfc062723c751e8b465ee728b) (PreviewImporter) -> (artifact id: 'ac04b1e24a948797aa0fad72310fa58e') in 0.0142007 seconds
Number of updated asset objects reloaded before import = 0Number of asset objects unloaded after import = 7

========================================================================
Received Import Request.
  Time since last request: 0.000022 seconds.
  path: Assets/Synty/PolygonShops/Prefabs/Signs/SM_Sign_3dText_Fishing_01.prefab
  artifactKey: Guid(243047881aeabf34ea6579bc817ab121) Importer(815301076,1909f56bfc062723c751e8b465ee728b)
Start importing Assets/Synty/PolygonShops/Prefabs/Signs/SM_Sign_3dText_Fishing_01.prefab using Guid(243047881aeabf34ea6579bc817ab121) Importer(815301076,1909f56bfc062723c751e8b465ee728b) (PreviewImporter) -> (artifact id: '3fdc5a4e730e1a9afab33c2d1f57ce34') in 0.0162491 seconds
Number of updated asset objects reloaded before import = 0Number of asset objects unloaded after import = 16

========================================================================
Received Import Request.
  Time since last request: 0.000025 seconds.
  path: Assets/Synty/PolygonShops/Models/SM_Sign_3dText_Fruit_01.fbx
  artifactKey: Guid(89322215c1e4c9a4d9064ea191f2afb9) Importer(815301076,1909f56bfc062723c751e8b465ee728b)
Start importing Assets/Synty/PolygonShops/Models/SM_Sign_3dText_Fruit_01.fbx using Guid(89322215c1e4c9a4d9064ea191f2afb9) Importer(815301076,1909f56bfc062723c751e8b465ee728b) (PreviewImporter) -> (artifact id: '114ece6e622272336bd62ec2bdadbaef') in 0.0158122 seconds
Number of updated asset objects reloaded before import = 0Number of asset objects unloaded after import = 7

========================================================================
Received Import Request.
  Time since last request: 0.000027 seconds.
  path: Assets/Synty/PolygonShops/Models/SM_Sign_3dText_Joint_01.fbx
  artifactKey: Guid(9ec8cd5564b303542883fa57f1850a70) Importer(815301076,1909f56bfc062723c751e8b465ee728b)
Start importing Assets/Synty/PolygonShops/Models/SM_Sign_3dText_Joint_01.fbx using Guid(9ec8cd5564b303542883fa57f1850a70) Importer(815301076,1909f56bfc062723c751e8b465ee728b) (PreviewImporter) -> (artifact id: '93f08b9080bd41c9d12d9f9a2504d14e') in 0.0156174 seconds
Number of updated asset objects reloaded before import = 0Number of asset objects unloaded after import = 7

========================================================================
Received Import Request.
  Time since last request: 1.033796 seconds.
  path: Assets/Synty/PolygonShops/Prefabs/Signs/SM_Sign_3dText_Letter_A.prefab
  artifactKey: Guid(26682f2a791861b4aa98d7293d0bcba5) Importer(815301076,1909f56bfc062723c751e8b465ee728b)
Start importing Assets/Synty/PolygonShops/Prefabs/Signs/SM_Sign_3dText_Letter_A.prefab using Guid(26682f2a791861b4aa98d7293d0bcba5) Importer(815301076,1909f56bfc062723c751e8b465ee728b) (PreviewImporter) -> (artifact id: 'c284ee6282d7c345f42931bdcd3ff5dd') in 0.0150534 seconds
Number of updated asset objects reloaded before import = 0Number of asset objects unloaded after import = 16

========================================================================
Received Import Request.
  Time since last request: 0.000018 seconds.
  path: Assets/Synty/PolygonShops/Prefabs/Signs/SM_Sign_3dText_Letter_B.prefab
  artifactKey: Guid(990ef446df8913144bb5de4dec515895) Importer(815301076,1909f56bfc062723c751e8b465ee728b)
Start importing Assets/Synty/PolygonShops/Prefabs/Signs/SM_Sign_3dText_Letter_B.prefab using Guid(990ef446df8913144bb5de4dec515895) Importer(815301076,1909f56bfc062723c751e8b465ee728b) (PreviewImporter) -> (artifact id: '2421fddba6a4fef5b187c7460d118563') in 0.0153897 seconds
Number of updated asset objects reloaded before import = 0Number of asset objects unloaded after import = 16

========================================================================
Received Import Request.
  Time since last request: 0.000025 seconds.
  path: Assets/Synty/PolygonShops/Models/SM_Sign_3dText_Letter_D.fbx
  artifactKey: Guid(720ba67b9e21e33488eaadf129106424) Importer(815301076,1909f56bfc062723c751e8b465ee728b)
Start importing Assets/Synty/PolygonShops/Models/SM_Sign_3dText_Letter_D.fbx using Guid(720ba67b9e21e33488eaadf129106424) Importer(815301076,1909f56bfc062723c751e8b465ee728b) (PreviewImporter) -> (artifact id: '04e6e9b4fea6fdff55d062578ff5799a') in 0.0154729 seconds
Number of updated asset objects reloaded before import = 0Number of asset objects unloaded after import = 7

========================================================================
Received Import Request.
  Time since last request: 0.000023 seconds.
  path: Assets/Synty/PolygonShops/Prefabs/Signs/SM_Sign_3dText_Letter_F.prefab
  artifactKey: Guid(730fbac6bf9f8ca4eb66dfd948f8466e) Importer(815301076,1909f56bfc062723c751e8b465ee728b)
Start importing Assets/Synty/PolygonShops/Prefabs/Signs/SM_Sign_3dText_Letter_F.prefab using Guid(730fbac6bf9f8ca4eb66dfd948f8466e) Importer(815301076,1909f56bfc062723c751e8b465ee728b) (PreviewImporter) -> (artifact id: '36a579758414faebfa68564c8b30dce5') in 0.02034 seconds
Number of updated asset objects reloaded before import = 0Number of asset objects unloaded after import = 16

========================================================================
Received Import Request.
  Time since last request: 0.000032 seconds.
  path: Assets/Synty/PolygonShops/Prefabs/Signs/SM_Sign_3dText_Letter_I.prefab
  artifactKey: Guid(928b006fd17c7ef41b8803a7b9cda29e) Importer(815301076,1909f56bfc062723c751e8b465ee728b)
Start importing Assets/Synty/PolygonShops/Prefabs/Signs/SM_Sign_3dText_Letter_I.prefab using Guid(928b006fd17c7ef41b8803a7b9cda29e) Importer(815301076,1909f56bfc062723c751e8b465ee728b) (PreviewImporter) -> (artifact id: 'c0b4fe00aa73d81a837801f7763972d2') in 0.017627 seconds
Number of updated asset objects reloaded before import = 0Number of asset objects unloaded after import = 16

========================================================================
Received Import Request.
  Time since last request: 7.171021 seconds.
  path: Assets/Synty/PolygonShops/Models/SM_Sign_3dText_Letter_J.fbx
  artifactKey: Guid(ebcd7a42e0a788c49b244d239bb80d66) Importer(815301076,1909f56bfc062723c751e8b465ee728b)
Start importing Assets/Synty/PolygonShops/Models/SM_Sign_3dText_Letter_J.fbx using Guid(ebcd7a42e0a788c49b244d239bb80d66) Importer(815301076,1909f56bfc062723c751e8b465ee728b) (PreviewImporter) -> (artifact id: 'e1a1023b1fd48daa61d03a68277ed9be') in 0.0141956 seconds
Number of updated asset objects reloaded before import = 0Number of asset objects unloaded after import = 7

========================================================================
Received Import Request.
  Time since last request: 0.000018 seconds.
  path: Assets/Synty/PolygonShops/Prefabs/Signs/SM_Sign_3dText_Letter_J.prefab
  artifactKey: Guid(15d1885230d225f44bdef789ff44267f) Importer(815301076,1909f56bfc062723c751e8b465ee728b)
Start importing Assets/Synty/PolygonShops/Prefabs/Signs/SM_Sign_3dText_Letter_J.prefab using Guid(15d1885230d225f44bdef789ff44267f) Importer(815301076,1909f56bfc062723c751e8b465ee728b) (PreviewImporter) -> (artifact id: '4f58bf0eaabcea516f8baa0885098cc0') in 0.0196137 seconds
Number of updated asset objects reloaded before import = 0Number of asset objects unloaded after import = 16

========================================================================
Received Import Request.
  Time since last request: 14.612689 seconds.
  path: Assets/Synty/PolygonShops/Prefabs/Signs/SM_Sign_3dText_Letter_L.prefab
  artifactKey: Guid(0c1e90a7d6c52b646bb2ed225bcb3b67) Importer(815301076,1909f56bfc062723c751e8b465ee728b)
Start importing Assets/Synty/PolygonShops/Prefabs/Signs/SM_Sign_3dText_Letter_L.prefab using Guid(0c1e90a7d6c52b646bb2ed225bcb3b67) Importer(815301076,1909f56bfc062723c751e8b465ee728b) (PreviewImporter) -> (artifact id: 'efcbaf7f4363c010841c2cf1d366c1fb') in 0.0211679 seconds
Number of updated asset objects reloaded before import = 0Number of asset objects unloaded after import = 16

========================================================================
Received Import Request.
  Time since last request: 0.000023 seconds.
  path: Assets/Synty/PolygonShops/Models/SM_Sign_3dText_Letter_L.fbx
  artifactKey: Guid(475a77fd657cd57449f608ce0d20e362) Importer(815301076,1909f56bfc062723c751e8b465ee728b)
Start importing Assets/Synty/PolygonShops/Models/SM_Sign_3dText_Letter_L.fbx using Guid(475a77fd657cd57449f608ce0d20e362) Importer(815301076,1909f56bfc062723c751e8b465ee728b) (PreviewImporter) -> (artifact id: '1d41c6216ba5731180145873e80aaf67') in 0.0137207 seconds
Number of updated asset objects reloaded before import = 0Number of asset objects unloaded after import = 7

========================================================================
Received Import Request.
  Time since last request: 2.565870 seconds.
  path: Assets/Synty/PolygonShops/Prefabs/Signs/SM_Sign_3dText_Letter_M.prefab
  artifactKey: Guid(176693bde976f814da51a3af4a21dd08) Importer(815301076,1909f56bfc062723c751e8b465ee728b)
Start importing Assets/Synty/PolygonShops/Prefabs/Signs/SM_Sign_3dText_Letter_M.prefab using Guid(176693bde976f814da51a3af4a21dd08) Importer(815301076,1909f56bfc062723c751e8b465ee728b) (PreviewImporter) -> (artifact id: '2e179313e75b5f2aa88b2f1de053aa00') in 0.053783 seconds
Number of updated asset objects reloaded before import = 0Number of asset objects unloaded after import = 16

========================================================================
Received Import Request.
  Time since last request: 0.000025 seconds.
  path: Assets/Synty/PolygonShops/Prefabs/Signs/SM_Sign_3dText_Letter_N.prefab
  artifactKey: Guid(be95eef7f1f649c4cafd793e924101cb) Importer(815301076,1909f56bfc062723c751e8b465ee728b)
Start importing Assets/Synty/PolygonShops/Prefabs/Signs/SM_Sign_3dText_Letter_N.prefab using Guid(be95eef7f1f649c4cafd793e924101cb) Importer(815301076,1909f56bfc062723c751e8b465ee728b) (PreviewImporter) -> (artifact id: '543852ddff8206b52dfeaabf78e150dd') in 0.0290876 seconds
Number of updated asset objects reloaded before import = 0Number of asset objects unloaded after import = 16

========================================================================
Received Import Request.
  Time since last request: 0.241051 seconds.
  path: Assets/Synty/PolygonShops/Models/SM_Sign_3dText_Letter_O.fbx
  artifactKey: Guid(3def1b944e25af54dbf9a2584dce1044) Importer(815301076,1909f56bfc062723c751e8b465ee728b)
Start importing Assets/Synty/PolygonShops/Models/SM_Sign_3dText_Letter_O.fbx using Guid(3def1b944e25af54dbf9a2584dce1044) Importer(815301076,1909f56bfc062723c751e8b465ee728b) (PreviewImporter) -> (artifact id: 'eae7914859ceec2c9c27c4b8bc6bd8b9') in 0.0144221 seconds
Number of updated asset objects reloaded before import = 0Number of asset objects unloaded after import = 7

========================================================================
Received Import Request.
  Time since last request: 0.000022 seconds.
  path: Assets/Synty/PolygonShops/Prefabs/Signs/SM_Sign_3dText_Letter_P.prefab
  artifactKey: Guid(24bc9a56422fd9d43ac3058fb7943da1) Importer(815301076,1909f56bfc062723c751e8b465ee728b)
Start importing Assets/Synty/PolygonShops/Prefabs/Signs/SM_Sign_3dText_Letter_P.prefab using Guid(24bc9a56422fd9d43ac3058fb7943da1) Importer(815301076,1909f56bfc062723c751e8b465ee728b) (PreviewImporter) -> (artifact id: '2679189a630d643d7125286b60d3d550') in 0.0175329 seconds
Number of updated asset objects reloaded before import = 0Number of asset objects unloaded after import = 16

========================================================================
Received Import Request.
  Time since last request: 0.641590 seconds.
  path: Assets/Synty/PolygonShops/Prefabs/Signs/SM_Sign_3dText_Letter_Q.prefab
  artifactKey: Guid(80e0af031a8985245a2beca2be74172b) Importer(815301076,1909f56bfc062723c751e8b465ee728b)
Start importing Assets/Synty/PolygonShops/Prefabs/Signs/SM_Sign_3dText_Letter_Q.prefab using Guid(80e0af031a8985245a2beca2be74172b) Importer(815301076,1909f56bfc062723c751e8b465ee728b) (PreviewImporter) -> (artifact id: '1f62f45e47db7d5b9c89d97b43a186df') in 0.0204986 seconds
Number of updated asset objects reloaded before import = 0Number of asset objects unloaded after import = 16

========================================================================
Received Import Request.
  Time since last request: 0.021501 seconds.
  path: Assets/Synty/PolygonShops/Prefabs/Signs/SM_Sign_3dText_Letter_S.prefab
  artifactKey: Guid(2fd8413a03a8ae7458943f5fd495c8e7) Importer(815301076,1909f56bfc062723c751e8b465ee728b)
Start importing Assets/Synty/PolygonShops/Prefabs/Signs/SM_Sign_3dText_Letter_S.prefab using Guid(2fd8413a03a8ae7458943f5fd495c8e7) Importer(815301076,1909f56bfc062723c751e8b465ee728b) (PreviewImporter) -> (artifact id: '8e5dad05ce6e1c2637320f8450f0d71a') in 0.0205295 seconds
Number of updated asset objects reloaded before import = 0Number of asset objects unloaded after import = 16

========================================================================
Received Import Request.
  Time since last request: 2.633657 seconds.
  path: Assets/Synty/PolygonShops/Models/SM_Sign_3dText_Letter_T.fbx
  artifactKey: Guid(8408c1ec031783f44bdc7a18bbac6dc9) Importer(815301076,1909f56bfc062723c751e8b465ee728b)
Start importing Assets/Synty/PolygonShops/Models/SM_Sign_3dText_Letter_T.fbx using Guid(8408c1ec031783f44bdc7a18bbac6dc9) Importer(815301076,1909f56bfc062723c751e8b465ee728b) (PreviewImporter) -> (artifact id: '5ad5e03ab6d818ed40268bb6d8aa9468') in 0.013794 seconds
Number of updated asset objects reloaded before import = 0Number of asset objects unloaded after import = 7

========================================================================
Received Import Request.
  Time since last request: 0.008667 seconds.
  path: Assets/Synty/PolygonShops/Prefabs/Signs/SM_Sign_3dText_Letter_T.prefab
  artifactKey: Guid(c84a1ff7f1b93cc4e8abd9032f15eedd) Importer(815301076,1909f56bfc062723c751e8b465ee728b)
Start importing Assets/Synty/PolygonShops/Prefabs/Signs/SM_Sign_3dText_Letter_T.prefab using Guid(c84a1ff7f1b93cc4e8abd9032f15eedd) Importer(815301076,1909f56bfc062723c751e8b465ee728b) (PreviewImporter) -> (artifact id: 'f542c566b75b16fcc76247dd00b3dee8') in 0.0178701 seconds
Number of updated asset objects reloaded before import = 0Number of asset objects unloaded after import = 16

========================================================================
Received Import Request.
  Time since last request: 48.959053 seconds.
  path: Assets/Scenes/SampleScene.unity
  artifactKey: Guid(99c9720ab356a0642a771bea13969a05) Importer(2089858483,b0f066a214c2f5e87bad3c948f4d605d)
Start importing Assets/Scenes/SampleScene.unity using Guid(99c9720ab356a0642a771bea13969a05) Importer(2089858483,b0f066a214c2f5e87bad3c948f4d605d) (ScriptedImporter) -> (artifact id: '5deb8673bb46513eba84a2a5f3dab886') in 0.0164167 seconds
Number of updated asset objects reloaded before import = 0Number of asset objects unloaded after import = 1

========================================================================
Received Import Request.
  Time since last request: 10.423822 seconds.
  path: Assets/Scenes/SampleScene.unity
  artifactKey: Guid(99c9720ab356a0642a771bea13969a05) Importer(2089858483,b0f066a214c2f5e87bad3c948f4d605d)
Start importing Assets/Scenes/SampleScene.unity using Guid(99c9720ab356a0642a771bea13969a05) Importer(2089858483,b0f066a214c2f5e87bad3c948f4d605d) (ScriptedImporter) -> (artifact id: 'dbeaed7fb6643c0cf1bd6767b90c05a6') in 0.0169149 seconds
Number of updated asset objects reloaded before import = 0Number of asset objects unloaded after import = 1

