[Licensing::Module] Trying to connect to existing licensing client channel...
Built from '6000.3/staging' branch; Version is '6000.3.13f1 (8c4f11e4fb20) revision 9195281'; Using compiler version '194234433'; Build Type 'Release'
OS: 'Windows 11  (10.0.26200) Core' Language: 'en' Physical Memory: 32347 MB
[Licensing::IpcConnector] Successfully connected to: "LicenseClient-zieli" at "2026-04-21T22:03:57.8492111Z"
BatchMode: 1, IsHumanControllingUs: 0, StartBugReporterOnCrash: 0, Is64bit: 1
System  architecture: x64
Process architecture: x64
Date: 2026-04-21T22:03:57Z

COMMAND LINE ARGUMENTS:
C:\Program Files\Unity\Hub\Editor\6000.3.13f1\Editor\Unity.exe
-adb2
-batchMode
-noUpm
-name
AssetImportWorker12
-projectPath
C:/Game Development/DisasterDiner
-logFile
Logs/AssetImportWorker12.log
-srvPort
60058
-licensingIpc
LicenseClient-zieli
-job-worker-count
7
-background-job-worker-count
8
-gc-helper-count
1
-name
AssetImport
Successfully changed project path to: C:/Game Development/DisasterDiner
C:/Game Development/DisasterDiner
[UnityMemory] Configuration Parameters - Can be set up in boot.config
    "memorysetup-temp-allocator-size-nav-mesh-worker=65536"
    "memorysetup-temp-allocator-size-audio-worker=65536"
    "memorysetup-temp-allocator-size-gfx=262144"
    "memorysetup-allocator-temp-initial-block-size-main=262144"
    "memorysetup-allocator-temp-initial-block-size-worker=262144"
    "memorysetup-temp-allocator-size-background-worker=32768"
    "memorysetup-temp-allocator-size-job-worker=262144"
    "memorysetup-temp-allocator-size-preload-manager=33554432"
    "memorysetup-temp-allocator-size-gi-baking-worker=262144"
    "memorysetup-temp-allocator-size-gi-baking-worker=262144"
    "memorysetup-temp-allocator-size-gi-baking-worker=262144"
    "memorysetup-temp-allocator-size-gi-baking-worker=262144"
    "memorysetup-temp-allocator-size-gi-baking-worker=262144"
    "memorysetup-bucket-allocator-granularity=16"
    "memorysetup-bucket-allocator-bucket-count=8"
    "memorysetup-bucket-allocator-block-size=33554432"
    "memorysetup-bucket-allocator-block-count=8"
    "memorysetup-main-allocator-block-size=16777216"
    "memorysetup-thread-allocator-block-size=16777216"
    "memorysetup-gfx-main-allocator-block-size=16777216"
    "memorysetup-gfx-thread-allocator-block-size=16777216"
    "memorysetup-cache-allocator-block-size=4194304"
    "memorysetup-typetree-allocator-block-size=2097152"
    "memorysetup-profiler-bucket-allocator-granularity=16"
    "memorysetup-profiler-bucket-allocator-bucket-count=8"
    "memorysetup-profiler-bucket-allocator-block-size=33554432"
    "memorysetup-profiler-bucket-allocator-block-count=8"
    "memorysetup-profiler-allocator-block-size=16777216"
    "memorysetup-profiler-editor-allocator-block-size=1048576"
    "memorysetup-temp-allocator-size-main=16777216"
    "memorysetup-job-temp-allocator-block-size=2097152"
    "memorysetup-job-temp-allocator-block-size-background=1048576"
    "memorysetup-job-temp-allocator-reduction-small-platforms=262144"
    "memorysetup-temp-allocator-size-cloud-worker=32768"
Player connection [25100]  Target information:

Player connection [25100]  * "[IP] 192.168.86.22 [Port] 0 [Flags] 2 [Guid] 3375152743 [EditorId] 3375152743 [Version] 1048832 [Id] WindowsEditor(7,Johns_PC) [Debug] 1 [PackageName] WindowsEditor [ProjectName] Editor" 

Player connection [25100] Host joined multi-casting on [225.0.0.222:54997]...
Player connection [25100] Host joined alternative multi-casting on [225.0.0.222:34997]...
JobSystem: Creating JobQueue using job-worker-count value 7
Input System module state changed to: Initialized.
[Physics::Module] Initialized fallback backend.
[Physics::Module] Id: 0xdecafbad
Library Redirect Path: Library/
[Physics::Module] Selected backend.
[Physics::Module] Name: PhysX
[Physics::Module] Id: 0xf2b8ea05
[Physics::Module] SDK Version: 4.1.2
[Physics::Module] Integration Version: 1.0.0
[Physics::Module] Threading Mode: Multi-Threaded
Refreshing native plugins compatible for Editor in 2.92 ms, found 4 plugins.
Preloading 0 native plugins for Editor in 0.00 ms.
Initialize engine version: 6000.3.13f1 (8c4f11e4fb20)
[Subsystems] Discovering subsystems at path C:/Program Files/Unity/Hub/Editor/6000.3.13f1/Editor/Data/Resources/UnitySubsystems
[Subsystems] Discovering subsystems at path C:/Game Development/DisasterDiner/Assets
GfxDevice: creating device client; kGfxThreadingModeNonThreaded
Direct3D:
    Version:  Direct3D 11.0 [level 11.1]
    Renderer: NVIDIA GeForce RTX 4070 SUPER (ID=0x2783)
    Vendor:   NVIDIA
    VRAM:     11999 MB
    Driver:   32.0.15.8157
Initialize mono
Mono path[0] = 'C:/Program Files/Unity/Hub/Editor/6000.3.13f1/Editor/Data/Managed'
Mono path[1] = 'C:/Program Files/Unity/Hub/Editor/6000.3.13f1/Editor/Data/MonoBleedingEdge/lib/mono/unityjit-win32'
Mono config path = 'C:/Program Files/Unity/Hub/Editor/6000.3.13f1/Editor/Data/MonoBleedingEdge/etc'
Using monoOptions --debugger-agent=transport=dt_socket,embedding=1,server=y,suspend=n,address=127.0.0.1:56244
Begin MonoManager ReloadAssembly
Registering precompiled unity dll's ...
Register platform support module: C:/Program Files/Unity/Hub/Editor/6000.3.13f1/Editor/Data/PlaybackEngines/WindowsStandaloneSupport/UnityEditor.WindowsStandalone.Extensions.dll
Registered in 0.002061 seconds.
- Loaded All Assemblies, in  0.349 seconds
[Licensing::Client] Error: HandshakeResponse reported an error:
	ResponseCode: 505
	ResponseStatus: Unsupported protocol version '1.18.1'.
[Licensing::Module] Error: Failed to handshake to channel: "LicenseClient-zieli"
[Licensing::IpcConnector] LicenseClient-zieli channel disconnected successfully.
[Licensing::IpcConnector] Successfully connected to: "LicenseClient-zieli-6000.3.13" at "2026-04-21T22:03:58.796496Z"
Native extension for WindowsStandalone target not found
Package Manager log level set to [2]
[Package Manager] Failed to launch server process. Reason: Unity was launched with the -noUpm command-line argument
[Package Manager] Unable to send message (not connected to server process).
[Package Manager] Cannot connect to Unity Package Manager local server
ScheduleIndexationOnStartup MainProcess:False IndexOnStartup:True
Mono: successfully reloaded assembly
- Finished resetting the current domain, in  0.335 seconds
Domain Reload Profiling: 682ms
	BeginReloadAssembly (113ms)
		ExecutionOrderSort (0ms)
		DisableScriptedObjects (0ms)
		BackupInstance (0ms)
		ReleaseScriptingObjects (0ms)
		CreateAndSetChildDomain (1ms)
	RebuildCommonClasses (38ms)
	RebuildNativeTypeToScriptingClass (14ms)
	initialDomainReloadingComplete (47ms)
	LoadAllAssembliesAndSetupDomain (135ms)
		LoadAssemblies (110ms)
		RebuildTransferFunctionScriptingTraits (0ms)
		AnalyzeDomain (132ms)
			TypeCache.Refresh (130ms)
				TypeCache.ScanAssembly (120ms)
			BuildScriptInfoCaches (0ms)
			ResolveRequiredComponents (0ms)
	FinalizeReload (336ms)
		ReleaseScriptCaches (0ms)
		RebuildScriptCaches (0ms)
		SetupLoadedEditorAssemblies (291ms)
			LogAssemblyErrors (0ms)
			InitializePlatformSupportModulesInManaged (42ms)
			SetLoadedEditorAssemblies (4ms)
			BeforeProcessingInitializeOnLoad (67ms)
			ProcessInitializeOnLoadAttributes (109ms)
			ProcessInitializeOnLoadMethodAttributes (69ms)
			AfterProcessingInitializeOnLoad (0ms)
			EditorAssembliesLoaded (0ms)
		ExecutionOrderSort2 (0ms)
		AwakeInstancesAfterBackupRestoration (0ms)
========================================================================
Worker process is ready to serve import requests
Import Worker Mode flag is 0x00
Begin MonoManager ReloadAssembly
[Licensing::Module] Licensing is not yet initialized.
[Licensing::Client] Handshaking with LicensingClient:
  Version:                 1.18.1+9fbee8e
  Session Id:              585c86d5e6bc4acf895055283661bc4b
  Correlation Id:          2b999b7551c4f1abd27547e4a7907d59
  External correlation Id: 3381392896920737827
  Machine Id:              a0OP954qVZmt5azPS5PrvPW5hTY=
[Licensing::Module] Successfully connected to LicensingClient on channel: "LicenseClient-zieli-6000.3.13" (connect: 0.00s, validation: 0.00s, handshake: 0.80s)
[Licensing::IpcConnector] Successfully connected to: "LicenseClient-zieli-6000.3.13-notifications" at "2026-04-21T22:03:59.5936539Z"
[Licensing::Module] Licensing Background thread has ended after 1.74s
[Licensing::Module] Licensing is initialized (took 0.26s).
[Licensing::Client] Successfully resolved entitlement details
[Licensing::Module] License group:
  Id: 2475483376267-UnityPersXXXX
  Product: Unity Personal
  Type: Assigned
  Expiration: Unlimited
- Loaded All Assemblies, in  0.942 seconds
Refreshing native plugins compatible for Editor in 1.10 ms, found 4 plugins.
Native extension for WindowsStandalone target not found
[Package Manager] Failed to launch server process. Reason: Unity was launched with the -noUpm command-line argument
[Package Manager] Unable to send message (not connected to server process).
[Package Manager] Cannot connect to Unity Package Manager local server
Refreshing native plugins compatible for Editor in 1.68 ms, found 4 plugins.
[Package Manager] Failed to launch server process. Reason: Unity was launched with the -noUpm command-line argument
[Package Manager] Unable to send message (not connected to server process).
[Package Manager] Cannot connect to Unity Package Manager local server
ScheduleIndexationOnStartup MainProcess:False IndexOnStartup:True
Mono: successfully reloaded assembly
- Finished resetting the current domain, in  0.571 seconds
Domain Reload Profiling: 1510ms
	BeginReloadAssembly (420ms)
		ExecutionOrderSort (0ms)
		DisableScriptedObjects (5ms)
		BackupInstance (0ms)
		ReleaseScriptingObjects (0ms)
		CreateAndSetChildDomain (28ms)
	RebuildCommonClasses (28ms)
	RebuildNativeTypeToScriptingClass (10ms)
	initialDomainReloadingComplete (30ms)
	LoadAllAssembliesAndSetupDomain (450ms)
		LoadAssemblies (302ms)
		RebuildTransferFunctionScriptingTraits (0ms)
		AnalyzeDomain (233ms)
			TypeCache.Refresh (172ms)
				TypeCache.ScanAssembly (160ms)
			BuildScriptInfoCaches (51ms)
			ResolveRequiredComponents (7ms)
	FinalizeReload (572ms)
		ReleaseScriptCaches (0ms)
		RebuildScriptCaches (0ms)
		SetupLoadedEditorAssemblies (409ms)
			LogAssemblyErrors (0ms)
			InitializePlatformSupportModulesInManaged (1ms)
			SetLoadedEditorAssemblies (2ms)
			BeforeProcessingInitializeOnLoad (98ms)
			ProcessInitializeOnLoadAttributes (258ms)
			ProcessInitializeOnLoadMethodAttributes (45ms)
			AfterProcessingInitializeOnLoad (5ms)
			EditorAssembliesLoaded (0ms)
		ExecutionOrderSort2 (0ms)
		AwakeInstancesAfterBackupRestoration (7ms)
Launched and connected shader compiler UnityShaderCompiler.exe after 0.01 seconds
Refreshing native plugins compatible for Editor in 1.78 ms, found 4 plugins.
Preloading 0 native plugins for Editor in 0.00 ms.
Unloading 16 Unused Serialized files (Serialized files now loaded: 0)
Unloading 6447 unused Assets / (5.3 MB). Loaded Objects now: 7244.
Memory consumption went from 156.7 MB to 151.4 MB.
Total: 8.704400 ms (FindLiveObjects: 0.929400 ms CreateObjectMapping: 0.652700 ms MarkObjects: 4.664600 ms  DeleteObjects: 2.456400 ms)

========================================================================
Received Import Request.
  Time since last request: 2083.557829 seconds.
  path: Assets/Synty/PolygonApocalypse/Textures/Misc/Road_01.png
  artifactKey: Guid(f467cf2c4c0f7e24c98893124117b833) Importer(815301076,1909f56bfc062723c751e8b465ee728b)
Start importing Assets/Synty/PolygonApocalypse/Textures/Misc/Road_01.png using Guid(f467cf2c4c0f7e24c98893124117b833) Importer(815301076,1909f56bfc062723c751e8b465ee728b) (PreviewImporter) -> (artifact id: '6d4ed7f06a4d5c2f7d76128bfd188631') in 0.0772093 seconds
Number of updated asset objects reloaded before import = 0Number of asset objects unloaded after import = 2

========================================================================
Received Import Request.
  Time since last request: 0.000021 seconds.
  path: Assets/Synty/PolygonApocalypse/Prefabs/Environment/SM_Env_Road_04.prefab
  artifactKey: Guid(cab42ffeac4dd5a4d87e025f3968f7f4) Importer(815301076,1909f56bfc062723c751e8b465ee728b)
Start importing Assets/Synty/PolygonApocalypse/Prefabs/Environment/SM_Env_Road_04.prefab using Guid(cab42ffeac4dd5a4d87e025f3968f7f4) Importer(815301076,1909f56bfc062723c751e8b465ee728b) (PreviewImporter) -> (artifact id: 'ef0a793f8112ee62f1fd0bce5e8a6268') in 0.387392 seconds
Number of updated asset objects reloaded before import = 0Number of asset objects unloaded after import = 15

========================================================================
Received Import Request.
  Time since last request: 0.000030 seconds.
  path: Assets/Synty/PolygonApocalypse/Materials/Misc/Road_Standard_01.mat
  artifactKey: Guid(21c1e0845fe50de4bacf0970b304729c) Importer(815301076,1909f56bfc062723c751e8b465ee728b)
Start importing Assets/Synty/PolygonApocalypse/Materials/Misc/Road_Standard_01.mat using Guid(21c1e0845fe50de4bacf0970b304729c) Importer(815301076,1909f56bfc062723c751e8b465ee728b) (PreviewImporter) -> (artifact id: '54b46869964c285e2c9f858f9b9d3d05') in 0.0468548 seconds
Number of updated asset objects reloaded before import = 0Number of asset objects unloaded after import = 7

========================================================================
Received Import Request.
  Time since last request: 96.382759 seconds.
  path: Assets/Synty/PolygonGeneric/Materials/Generic_SimpleSky.mat
  artifactKey: Guid(9d4401b9160cb414f8ca60cfc844a46d) Importer(2089858483,b0f066a214c2f5e87bad3c948f4d605d)
Start importing Assets/Synty/PolygonGeneric/Materials/Generic_SimpleSky.mat using Guid(9d4401b9160cb414f8ca60cfc844a46d) Importer(2089858483,b0f066a214c2f5e87bad3c948f4d605d) (ScriptedImporter) -> (artifact id: '4b7e3b8d8647353c000e5bccb3e86c6a') in 0.0582047 seconds
Number of updated asset objects reloaded before import = 0Number of asset objects unloaded after import = 7

========================================================================
Received Import Request.
  Time since last request: 200.396203 seconds.
  path: Assets/Synty/PolygonApocalypse/Models/SM_Env_RoadPiece_Damaged_13.fbx
  artifactKey: Guid(d5b0d06885664bd49aace869a7edebc5) Importer(815301076,1909f56bfc062723c751e8b465ee728b)
Start importing Assets/Synty/PolygonApocalypse/Models/SM_Env_RoadPiece_Damaged_13.fbx using Guid(d5b0d06885664bd49aace869a7edebc5) Importer(815301076,1909f56bfc062723c751e8b465ee728b) (PreviewImporter) -> (artifact id: '812c6c14fd277981c5b72f50f9eac5a6') in 0.0305463 seconds
Number of updated asset objects reloaded before import = 0Number of asset objects unloaded after import = 7

========================================================================
Received Import Request.
  Time since last request: 0.277211 seconds.
  path: Assets/Synty/PolygonApocalypse/Models/Convex/SM_Env_RoadPiece_Damaged_13_Convex.asset
  artifactKey: Guid(b6f38ee91ea2b4a448e9abf0051d8e88) Importer(815301076,1909f56bfc062723c751e8b465ee728b)
Start importing Assets/Synty/PolygonApocalypse/Models/Convex/SM_Env_RoadPiece_Damaged_13_Convex.asset using Guid(b6f38ee91ea2b4a448e9abf0051d8e88) Importer(815301076,1909f56bfc062723c751e8b465ee728b) (PreviewImporter) -> (artifact id: 'a19991324e5eb8412a33c7eaba738436') in 0.0150912 seconds
Number of updated asset objects reloaded before import = 0Number of asset objects unloaded after import = 2

========================================================================
Received Import Request.
  Time since last request: 0.000017 seconds.
  path: Assets/Synty/PolygonGeneric/Models/SM_Gen_Env_Road_Crossing_01.fbx
  artifactKey: Guid(b5b58988d5397a64794825bfecddee94) Importer(815301076,1909f56bfc062723c751e8b465ee728b)
Start importing Assets/Synty/PolygonGeneric/Models/SM_Gen_Env_Road_Crossing_01.fbx using Guid(b5b58988d5397a64794825bfecddee94) Importer(815301076,1909f56bfc062723c751e8b465ee728b) (PreviewImporter) -> (artifact id: 'fcb2326ecad5e7a8f9af6553ec78531e') in 0.0124909 seconds
Number of updated asset objects reloaded before import = 0Number of asset objects unloaded after import = 7

========================================================================
Received Import Request.
  Time since last request: 58.147244 seconds.
  path: Assets/Synty/PolygonApocalypse/Materials/Misc/Billboard_01.mat
  artifactKey: Guid(0352299dc9b53254fbcf64f2f3af3985) Importer(815301076,1909f56bfc062723c751e8b465ee728b)
Start importing Assets/Synty/PolygonApocalypse/Materials/Misc/Billboard_01.mat using Guid(0352299dc9b53254fbcf64f2f3af3985) Importer(815301076,1909f56bfc062723c751e8b465ee728b) (PreviewImporter) -> (artifact id: '15034f5a1611643388be9eeaf3570e30') in 0.0166883 seconds
Number of updated asset objects reloaded before import = 0Number of asset objects unloaded after import = 7

========================================================================
Received Import Request.
  Time since last request: 0.000023 seconds.
  path: Assets/Synty/PolygonApocalypse/Textures/FX/Circle_01.png
  artifactKey: Guid(def60b433588493aa808d81179f904f0) Importer(815301076,1909f56bfc062723c751e8b465ee728b)
Start importing Assets/Synty/PolygonApocalypse/Textures/FX/Circle_01.png using Guid(def60b433588493aa808d81179f904f0) Importer(815301076,1909f56bfc062723c751e8b465ee728b) (PreviewImporter) -> (artifact id: '021291089af0b986af12fd776209cfda') in 0.0095379 seconds
Number of updated asset objects reloaded before import = 0Number of asset objects unloaded after import = 2

========================================================================
Received Import Request.
  Time since last request: 0.000029 seconds.
  path: Assets/Synty/PolygonApocalypse/Models/Characters.fbx
  artifactKey: Guid(ffdfcb810f2918b4f8fe9f917f07bc78) Importer(815301076,1909f56bfc062723c751e8b465ee728b)
Start importing Assets/Synty/PolygonApocalypse/Models/Characters.fbx using Guid(ffdfcb810f2918b4f8fe9f917f07bc78) Importer(815301076,1909f56bfc062723c751e8b465ee728b) (PreviewImporter) -> (artifact id: 'acce54ee52943b903e5c9fa9d9cd62ee') in 0.3182729 seconds
Number of updated asset objects reloaded before import = 0Number of asset objects unloaded after import = 230

========================================================================
Received Import Request.
  Time since last request: 207.281298 seconds.
  path: Assets/Scenes/SampleScene.unity
  artifactKey: Guid(99c9720ab356a0642a771bea13969a05) Importer(2089858483,b0f066a214c2f5e87bad3c948f4d605d)
Start importing Assets/Scenes/SampleScene.unity using Guid(99c9720ab356a0642a771bea13969a05) Importer(2089858483,b0f066a214c2f5e87bad3c948f4d605d) (ScriptedImporter) -> (artifact id: '39172245e422498c1bd82d49bd60738f') in 0.0106951 seconds
Number of updated asset objects reloaded before import = 0Number of asset objects unloaded after import = 1

========================================================================
Received Import Request.
  Time since last request: 22.494346 seconds.
  path: Assets/Synty/PolygonApocalypse/Prefabs/FX/FX_Smoke_Small_01.prefab
  artifactKey: Guid(89dbe51693b84a119555e942e23085d1) Importer(815301076,1909f56bfc062723c751e8b465ee728b)
Start importing Assets/Synty/PolygonApocalypse/Prefabs/FX/FX_Smoke_Small_01.prefab using Guid(89dbe51693b84a119555e942e23085d1) Importer(815301076,1909f56bfc062723c751e8b465ee728b) (PreviewImporter) -> (artifact id: 'bbab44dae3295d4e21ddf998b1139bcf') in 0.0134471 seconds
Number of updated asset objects reloaded before import = 0Number of asset objects unloaded after import = 7

========================================================================
Received Import Request.
  Time since last request: 0.000025 seconds.
  path: Assets/Synty/PolygonApocalypse/Models/FX_Sphere_Pivot.fbx
  artifactKey: Guid(9acbb705ad0a4306ac4ab70d057d438f) Importer(815301076,1909f56bfc062723c751e8b465ee728b)
Start importing Assets/Synty/PolygonApocalypse/Models/FX_Sphere_Pivot.fbx using Guid(9acbb705ad0a4306ac4ab70d057d438f) Importer(815301076,1909f56bfc062723c751e8b465ee728b) (PreviewImporter) -> (artifact id: 'fe3b17db36b74827a692ddfbad12699f') in 0.0182794 seconds
Number of updated asset objects reloaded before import = 0Number of asset objects unloaded after import = 9

========================================================================
Received Import Request.
  Time since last request: 0.000037 seconds.
  path: Assets/Synty/PolygonGeneric/Materials/FX/Generic_Circle_Soft_01.mat
  artifactKey: Guid(9c84568368024efab7b00592aa729409) Importer(815301076,1909f56bfc062723c751e8b465ee728b)
Start importing Assets/Synty/PolygonGeneric/Materials/FX/Generic_Circle_Soft_01.mat using Guid(9c84568368024efab7b00592aa729409) Importer(815301076,1909f56bfc062723c751e8b465ee728b) (PreviewImporter) -> (artifact id: 'dcc9ae5616b3e91d5174578c79d39a24') in 0.0168894 seconds
Number of updated asset objects reloaded before import = 0Number of asset objects unloaded after import = 7

========================================================================
Received Import Request.
  Time since last request: 0.000020 seconds.
  path: Assets/Synty/PolygonGeneric/Textures/Emissive/Generic_Emissive_01_C.png
  artifactKey: Guid(2a63dc048e5217b4888574401b2781e8) Importer(815301076,1909f56bfc062723c751e8b465ee728b)
Start importing Assets/Synty/PolygonGeneric/Textures/Emissive/Generic_Emissive_01_C.png using Guid(2a63dc048e5217b4888574401b2781e8) Importer(815301076,1909f56bfc062723c751e8b465ee728b) (PreviewImporter) -> (artifact id: 'ba33bd1961da1181ee53c7efd42728fa') in 0.1163206 seconds
Number of updated asset objects reloaded before import = 0Number of asset objects unloaded after import = 2

========================================================================
Received Import Request.
  Time since last request: 0.000027 seconds.
  path: Assets/Synty/PolygonGeneric/Shaders/Generic_Basic_Specular_Bloody.shadergraph
  artifactKey: Guid(7e152165942817942a0ce6f06a871016) Importer(815301076,1909f56bfc062723c751e8b465ee728b)
Start importing Assets/Synty/PolygonGeneric/Shaders/Generic_Basic_Specular_Bloody.shadergraph using Guid(7e152165942817942a0ce6f06a871016) Importer(815301076,1909f56bfc062723c751e8b465ee728b) (PreviewImporter) -> (artifact id: '46fea8b966b7de4c3775bb26549b78b9') in 2.4974663 seconds
Number of updated asset objects reloaded before import = 0Number of asset objects unloaded after import = 6

========================================================================
Received Import Request.
  Time since last request: 0.000103 seconds.
  path: Assets/Synty/PolygonApocalypse/Models/SM_Env_Sidewalk_Merger_01.fbx
  artifactKey: Guid(8fc92d3fa9cca4447bee7648fbb7cc5e) Importer(815301076,1909f56bfc062723c751e8b465ee728b)
Start importing Assets/Synty/PolygonApocalypse/Models/SM_Env_Sidewalk_Merger_01.fbx using Guid(8fc92d3fa9cca4447bee7648fbb7cc5e) Importer(815301076,1909f56bfc062723c751e8b465ee728b) (PreviewImporter) -> (artifact id: '3cef6f079fa039fc76c64d558751bae2') in 0.0181498 seconds
Number of updated asset objects reloaded before import = 0Number of asset objects unloaded after import = 7

========================================================================
Received Import Request.
  Time since last request: 0.000020 seconds.
  path: Assets/Synty/PolygonApocalypse/Models/Convex/SM_Env_Sidewalk_Overgrown_02_Convex.asset
  artifactKey: Guid(490b1b431c019f644be321fe3f3961f8) Importer(815301076,1909f56bfc062723c751e8b465ee728b)
Start importing Assets/Synty/PolygonApocalypse/Models/Convex/SM_Env_Sidewalk_Overgrown_02_Convex.asset using Guid(490b1b431c019f644be321fe3f3961f8) Importer(815301076,1909f56bfc062723c751e8b465ee728b) (PreviewImporter) -> (artifact id: '63ad610d45f1f3a50ed9b5b23e1106be') in 0.0179061 seconds
Number of updated asset objects reloaded before import = 0Number of asset objects unloaded after import = 2

========================================================================
Received Import Request.
  Time since last request: 0.000024 seconds.
  path: Assets/Synty/PolygonApocalypse/Models/Convex/SM_Env_Sidewalk_Overgrown_03_Convex.asset
  artifactKey: Guid(0de5418b958332d4a9a68b16ac7f22cb) Importer(815301076,1909f56bfc062723c751e8b465ee728b)
Start importing Assets/Synty/PolygonApocalypse/Models/Convex/SM_Env_Sidewalk_Overgrown_03_Convex.asset using Guid(0de5418b958332d4a9a68b16ac7f22cb) Importer(815301076,1909f56bfc062723c751e8b465ee728b) (PreviewImporter) -> (artifact id: '02d824f6a85a4b74155a4b2fc66e73f4') in 0.0184148 seconds
Number of updated asset objects reloaded before import = 0Number of asset objects unloaded after import = 2

========================================================================
Received Import Request.
  Time since last request: 0.000018 seconds.
  path: Assets/Synty/PolygonApocalypse/Models/SM_Env_Sidewalk_Straight_03.fbx
  artifactKey: Guid(d22b2b6f073c8a9479138c1711efb45c) Importer(815301076,1909f56bfc062723c751e8b465ee728b)
Start importing Assets/Synty/PolygonApocalypse/Models/SM_Env_Sidewalk_Straight_03.fbx using Guid(d22b2b6f073c8a9479138c1711efb45c) Importer(815301076,1909f56bfc062723c751e8b465ee728b) (PreviewImporter) -> (artifact id: 'b27be34e59a094c3d0331a957b8517f9') in 0.0155559 seconds
Number of updated asset objects reloaded before import = 0Number of asset objects unloaded after import = 7

========================================================================
Received Import Request.
  Time since last request: 0.000024 seconds.
  path: Assets/Synty/PolygonApocalypse/Prefabs/Environment/SM_Env_Sidewalk_Overgrown_03.prefab
  artifactKey: Guid(fa1ca2c19c0ff0f4a87f244dfab560a4) Importer(815301076,1909f56bfc062723c751e8b465ee728b)
Start importing Assets/Synty/PolygonApocalypse/Prefabs/Environment/SM_Env_Sidewalk_Overgrown_03.prefab using Guid(fa1ca2c19c0ff0f4a87f244dfab560a4) Importer(815301076,1909f56bfc062723c751e8b465ee728b) (PreviewImporter) -> (artifact id: '58893ad202136c73b7deb951c2da9ece') in 0.0266429 seconds
Number of updated asset objects reloaded before import = 0Number of asset objects unloaded after import = 18

========================================================================
Received Import Request.
  Time since last request: 0.000038 seconds.
  path: Assets/Synty/PolygonApocalypse/Models/SM_Env_Sidewalk_Straight_04.fbx
  artifactKey: Guid(1c42b773b3926184ba9d55f6044b5dbb) Importer(815301076,1909f56bfc062723c751e8b465ee728b)
Start importing Assets/Synty/PolygonApocalypse/Models/SM_Env_Sidewalk_Straight_04.fbx using Guid(1c42b773b3926184ba9d55f6044b5dbb) Importer(815301076,1909f56bfc062723c751e8b465ee728b) (PreviewImporter) -> (artifact id: 'aef44912bceaa5cbeaad5486a9b8607d') in 0.0141419 seconds
Number of updated asset objects reloaded before import = 0Number of asset objects unloaded after import = 7

========================================================================
Received Import Request.
  Time since last request: 0.000020 seconds.
  path: Assets/Synty/PolygonApocalypse/Models/SM_Env_Sidewalk_Panel_01.fbx
  artifactKey: Guid(a0e6810dd890a3a4592334d109b09453) Importer(815301076,1909f56bfc062723c751e8b465ee728b)
Start importing Assets/Synty/PolygonApocalypse/Models/SM_Env_Sidewalk_Panel_01.fbx using Guid(a0e6810dd890a3a4592334d109b09453) Importer(815301076,1909f56bfc062723c751e8b465ee728b) (PreviewImporter) -> (artifact id: 'd3acd36a33951769dd41ff78d1391c64') in 0.0136812 seconds
Number of updated asset objects reloaded before import = 0Number of asset objects unloaded after import = 7

========================================================================
Received Import Request.
  Time since last request: 0.000020 seconds.
  path: Assets/Synty/PolygonApocalypse/Models/SM_Env_Sidewalk_Overgrown_02.fbx
  artifactKey: Guid(ac9b447cb6226ac4ca31c5468866fa9c) Importer(815301076,1909f56bfc062723c751e8b465ee728b)
Start importing Assets/Synty/PolygonApocalypse/Models/SM_Env_Sidewalk_Overgrown_02.fbx using Guid(ac9b447cb6226ac4ca31c5468866fa9c) Importer(815301076,1909f56bfc062723c751e8b465ee728b) (PreviewImporter) -> (artifact id: 'fa16db36cb1550fa5f8117b93cd0088d') in 0.0129924 seconds
Number of updated asset objects reloaded before import = 0Number of asset objects unloaded after import = 7

========================================================================
Received Import Request.
  Time since last request: 0.000020 seconds.
  path: Assets/Synty/PolygonGeneric/Textures/Emissive/Generic_Emissive_02_C.png
  artifactKey: Guid(4336ec78b77562e49b3589f6de0bea8e) Importer(815301076,1909f56bfc062723c751e8b465ee728b)
Start importing Assets/Synty/PolygonGeneric/Textures/Emissive/Generic_Emissive_02_C.png using Guid(4336ec78b77562e49b3589f6de0bea8e) Importer(815301076,1909f56bfc062723c751e8b465ee728b) (PreviewImporter) -> (artifact id: '5b2b2c7c04263e8fe3744bbc4382b929') in 0.0221721 seconds
Number of updated asset objects reloaded before import = 0Number of asset objects unloaded after import = 2

========================================================================
Received Import Request.
  Time since last request: 0.000028 seconds.
  path: Assets/Synty/PolygonGeneric/Textures/Emissive/Generic_Emissive_03_C.png
  artifactKey: Guid(874b5b25d4d43bd4287bc77fb25bf620) Importer(815301076,1909f56bfc062723c751e8b465ee728b)
Start importing Assets/Synty/PolygonGeneric/Textures/Emissive/Generic_Emissive_03_C.png using Guid(874b5b25d4d43bd4287bc77fb25bf620) Importer(815301076,1909f56bfc062723c751e8b465ee728b) (PreviewImporter) -> (artifact id: 'e75d91d915b6d74bc61a67d5bb7ea916') in 0.0234088 seconds
Number of updated asset objects reloaded before import = 0Number of asset objects unloaded after import = 2

========================================================================
Received Import Request.
  Time since last request: 0.000036 seconds.
  path: Assets/Synty/PolygonApocalypse/Models/SM_Env_Sidewalk_Straight_02.fbx
  artifactKey: Guid(44a4d77b0215b9b48bf2d6f5926565a6) Importer(815301076,1909f56bfc062723c751e8b465ee728b)
Start importing Assets/Synty/PolygonApocalypse/Models/SM_Env_Sidewalk_Straight_02.fbx using Guid(44a4d77b0215b9b48bf2d6f5926565a6) Importer(815301076,1909f56bfc062723c751e8b465ee728b) (PreviewImporter) -> (artifact id: '1f3b2e94a3616af7cc442c058529955e') in 0.016052 seconds
Number of updated asset objects reloaded before import = 0Number of asset objects unloaded after import = 7

========================================================================
Received Import Request.
  Time since last request: 0.000018 seconds.
  path: Assets/Synty/PolygonGeneric/Textures/Emissive/Generic_Emissive_04_C.png
  artifactKey: Guid(e619aafe71403784c8236baf03c82bc8) Importer(815301076,1909f56bfc062723c751e8b465ee728b)
Start importing Assets/Synty/PolygonGeneric/Textures/Emissive/Generic_Emissive_04_C.png using Guid(e619aafe71403784c8236baf03c82bc8) Importer(815301076,1909f56bfc062723c751e8b465ee728b) (PreviewImporter) -> (artifact id: '90ddd960ee1463c6d724653efe9b5ab4') in 0.0241409 seconds
Number of updated asset objects reloaded before import = 0Number of asset objects unloaded after import = 2

========================================================================
Received Import Request.
  Time since last request: 0.000024 seconds.
  path: Assets/Synty/PolygonApocalypse/Prefabs/Environment/SM_Env_Sidewalk_Straight_01.prefab
  artifactKey: Guid(9db275ca2727d514f8375f1139bbd35c) Importer(815301076,1909f56bfc062723c751e8b465ee728b)
Start importing Assets/Synty/PolygonApocalypse/Prefabs/Environment/SM_Env_Sidewalk_Straight_01.prefab using Guid(9db275ca2727d514f8375f1139bbd35c) Importer(815301076,1909f56bfc062723c751e8b465ee728b) (PreviewImporter) -> (artifact id: '56cb10e49bdfcc5d74ec59c3fefea290') in 0.0239599 seconds
Number of updated asset objects reloaded before import = 0Number of asset objects unloaded after import = 17

========================================================================
Received Import Request.
  Time since last request: 0.000023 seconds.
  path: Assets/Synty/PolygonApocalypse/Prefabs/Environment/SM_Env_Sidewalk_Panel_02.prefab
  artifactKey: Guid(e86e88fca00be7746b65675ec2bdd622) Importer(815301076,1909f56bfc062723c751e8b465ee728b)
Start importing Assets/Synty/PolygonApocalypse/Prefabs/Environment/SM_Env_Sidewalk_Panel_02.prefab using Guid(e86e88fca00be7746b65675ec2bdd622) Importer(815301076,1909f56bfc062723c751e8b465ee728b) (PreviewImporter) -> (artifact id: '665fa4b391fe1ca0d5372ad120b3285a') in 0.0234853 seconds
Number of updated asset objects reloaded before import = 0Number of asset objects unloaded after import = 17

========================================================================
Received Import Request.
  Time since last request: 0.000029 seconds.
  path: Assets/Synty/PolygonApocalypse/Prefabs/Environment/SM_Env_Sidewalk_Straight_Path_01.prefab
  artifactKey: Guid(61529b23ccdb0f74499fb448c38ed0e8) Importer(815301076,1909f56bfc062723c751e8b465ee728b)
Start importing Assets/Synty/PolygonApocalypse/Prefabs/Environment/SM_Env_Sidewalk_Straight_Path_01.prefab using Guid(61529b23ccdb0f74499fb448c38ed0e8) Importer(815301076,1909f56bfc062723c751e8b465ee728b) (PreviewImporter) -> (artifact id: '2c45a9d9b0017c8cf06cd5a54599767c') in 0.0226203 seconds
Number of updated asset objects reloaded before import = 0Number of asset objects unloaded after import = 17

========================================================================
Received Import Request.
  Time since last request: 0.000031 seconds.
  path: Assets/Synty/PolygonApocalypse/Prefabs/Environment/SM_Env_Sidewalk_Merger_01.prefab
  artifactKey: Guid(ee8c123782bc78b41bbf1211d731eb70) Importer(815301076,1909f56bfc062723c751e8b465ee728b)
Start importing Assets/Synty/PolygonApocalypse/Prefabs/Environment/SM_Env_Sidewalk_Merger_01.prefab using Guid(ee8c123782bc78b41bbf1211d731eb70) Importer(815301076,1909f56bfc062723c751e8b465ee728b) (PreviewImporter) -> (artifact id: 'f1ed2ffe9b278848997777453f156fd7') in 0.0333949 seconds
Number of updated asset objects reloaded before import = 0Number of asset objects unloaded after import = 19

========================================================================
Received Import Request.
  Time since last request: 0.000029 seconds.
  path: Assets/Synty/PolygonApocalypse/Prefabs/Environment/SM_Env_Sidewalk_Straight_03.prefab
  artifactKey: Guid(07494230ffc58054b9cd54258fbc8558) Importer(815301076,1909f56bfc062723c751e8b465ee728b)
Start importing Assets/Synty/PolygonApocalypse/Prefabs/Environment/SM_Env_Sidewalk_Straight_03.prefab using Guid(07494230ffc58054b9cd54258fbc8558) Importer(815301076,1909f56bfc062723c751e8b465ee728b) (PreviewImporter) -> (artifact id: 'b136c050bc404d44482c5fa4937af4d4') in 0.0285594 seconds
Number of updated asset objects reloaded before import = 0Number of asset objects unloaded after import = 17

========================================================================
Received Import Request.
  Time since last request: 0.000026 seconds.
  path: Assets/Synty/PolygonGeneric/Textures/FX/Generic_Circle_Soft_01.png
  artifactKey: Guid(755db930d56d488e91cdff3d4c2205d9) Importer(815301076,1909f56bfc062723c751e8b465ee728b)
Start importing Assets/Synty/PolygonGeneric/Textures/FX/Generic_Circle_Soft_01.png using Guid(755db930d56d488e91cdff3d4c2205d9) Importer(815301076,1909f56bfc062723c751e8b465ee728b) (PreviewImporter) -> (artifact id: 'a4b4968768a34115722e9fe8da8d65c3') in 0.0114434 seconds
Number of updated asset objects reloaded before import = 0Number of asset objects unloaded after import = 2

========================================================================
Received Import Request.
  Time since last request: 0.000026 seconds.
  path: Assets/Synty/PolygonApocalypse/Models/SM_Env_Sidewalk_Straight_01.fbx
  artifactKey: Guid(cb923b0b37dc3ca4d8cb439856c028ea) Importer(815301076,1909f56bfc062723c751e8b465ee728b)
Start importing Assets/Synty/PolygonApocalypse/Models/SM_Env_Sidewalk_Straight_01.fbx using Guid(cb923b0b37dc3ca4d8cb439856c028ea) Importer(815301076,1909f56bfc062723c751e8b465ee728b) (PreviewImporter) -> (artifact id: '2c5a2171cf98f2e8ecfdc06b65271dca') in 0.0154454 seconds
Number of updated asset objects reloaded before import = 0Number of asset objects unloaded after import = 7

========================================================================
Received Import Request.
  Time since last request: 0.000030 seconds.
  path: Assets/Synty/PolygonApocalypse/Prefabs/Environment/SM_Env_Sidewalk_Straight_04.prefab
  artifactKey: Guid(fe8014c094290504ab0a0c047ca1d93c) Importer(815301076,1909f56bfc062723c751e8b465ee728b)
Start importing Assets/Synty/PolygonApocalypse/Prefabs/Environment/SM_Env_Sidewalk_Straight_04.prefab using Guid(fe8014c094290504ab0a0c047ca1d93c) Importer(815301076,1909f56bfc062723c751e8b465ee728b) (PreviewImporter) -> (artifact id: 'a44702aff3d343067fc28c9f5766a922') in 0.0248821 seconds
Number of updated asset objects reloaded before import = 0Number of asset objects unloaded after import = 17

========================================================================
Received Import Request.
  Time since last request: 0.000028 seconds.
  path: Assets/Synty/PolygonApocalypse/Prefabs/Environment/SM_Env_Sidewalk_Overgrown_01.prefab
  artifactKey: Guid(5e3d96dabfde5f84ea0fc0622ac5dc4e) Importer(815301076,1909f56bfc062723c751e8b465ee728b)
Start importing Assets/Synty/PolygonApocalypse/Prefabs/Environment/SM_Env_Sidewalk_Overgrown_01.prefab using Guid(5e3d96dabfde5f84ea0fc0622ac5dc4e) Importer(815301076,1909f56bfc062723c751e8b465ee728b) (PreviewImporter) -> (artifact id: '024b427ae6e94d9b963c4a0ca43be7bc') in 0.0308764 seconds
Number of updated asset objects reloaded before import = 0Number of asset objects unloaded after import = 18

========================================================================
Received Import Request.
  Time since last request: 0.000026 seconds.
  path: Assets/Synty/PolygonApocalypse/Models/SM_Env_Sidewalk_Straight_Path_01.fbx
  artifactKey: Guid(55b48789ddc842f46a097076396cd556) Importer(815301076,1909f56bfc062723c751e8b465ee728b)
Start importing Assets/Synty/PolygonApocalypse/Models/SM_Env_Sidewalk_Straight_Path_01.fbx using Guid(55b48789ddc842f46a097076396cd556) Importer(815301076,1909f56bfc062723c751e8b465ee728b) (PreviewImporter) -> (artifact id: 'ea5ed7deded96908a1a49f4bdda24e87') in 0.0137009 seconds
Number of updated asset objects reloaded before import = 0Number of asset objects unloaded after import = 7

========================================================================
Received Import Request.
  Time since last request: 0.000026 seconds.
  path: Assets/Synty/PolygonApocalypse/Models/Convex/SM_Env_Sidewalk_Overgrown_01_Convex.asset
  artifactKey: Guid(44a578c6033a7c347967774f5bd9ecb9) Importer(815301076,1909f56bfc062723c751e8b465ee728b)
Start importing Assets/Synty/PolygonApocalypse/Models/Convex/SM_Env_Sidewalk_Overgrown_01_Convex.asset using Guid(44a578c6033a7c347967774f5bd9ecb9) Importer(815301076,1909f56bfc062723c751e8b465ee728b) (PreviewImporter) -> (artifact id: '1ed359451c37f0695b5749510797ef10') in 0.0187905 seconds
Number of updated asset objects reloaded before import = 0Number of asset objects unloaded after import = 2

========================================================================
Received Import Request.
  Time since last request: 2.913042 seconds.
  path: Assets/Synty/PolygonApocalypse/Prefabs/Environment/SM_Env_Sidewalk_Gutter_01.prefab
  artifactKey: Guid(374fd195de6c7734c8abe31949209f6f) Importer(815301076,1909f56bfc062723c751e8b465ee728b)
Start importing Assets/Synty/PolygonApocalypse/Prefabs/Environment/SM_Env_Sidewalk_Gutter_01.prefab using Guid(374fd195de6c7734c8abe31949209f6f) Importer(815301076,1909f56bfc062723c751e8b465ee728b) (PreviewImporter) -> (artifact id: '20d62fad752a7c91d1edab3197c01111') in 0.0359135 seconds
Number of updated asset objects reloaded before import = 0Number of asset objects unloaded after import = 17

========================================================================
Received Import Request.
  Time since last request: 13.600977 seconds.
  path: Assets/Synty/PolygonApocalypse/Models/SM_Env_Sidewalk_Edge_01.fbx
  artifactKey: Guid(e968c4af7c162e342a8c5697c86921d0) Importer(815301076,1909f56bfc062723c751e8b465ee728b)
Start importing Assets/Synty/PolygonApocalypse/Models/SM_Env_Sidewalk_Edge_01.fbx using Guid(e968c4af7c162e342a8c5697c86921d0) Importer(815301076,1909f56bfc062723c751e8b465ee728b) (PreviewImporter) -> (artifact id: '2548b054a4d6b8b5cda0496b9c79f6e0') in 0.0126428 seconds
Number of updated asset objects reloaded before import = 0Number of asset objects unloaded after import = 7

========================================================================
Received Import Request.
  Time since last request: 0.000024 seconds.
  path: Assets/Synty/PolygonApocalypse/Prefabs/Environment/SM_Env_Sidewalk_Grate_01.prefab
  artifactKey: Guid(21c8f0c80dcd44346adb948dc6f9bbb2) Importer(815301076,1909f56bfc062723c751e8b465ee728b)
Start importing Assets/Synty/PolygonApocalypse/Prefabs/Environment/SM_Env_Sidewalk_Grate_01.prefab using Guid(21c8f0c80dcd44346adb948dc6f9bbb2) Importer(815301076,1909f56bfc062723c751e8b465ee728b) (PreviewImporter) -> (artifact id: '70bd786f3f1d926cd9ef4a076cd36a40') in 0.0664571 seconds
Number of updated asset objects reloaded before import = 0Number of asset objects unloaded after import = 17

========================================================================
Received Import Request.
  Time since last request: 0.973707 seconds.
  path: Assets/Synty/PolygonApocalypse/Prefabs/Environment/SM_Env_Sidewalk_Driveway_01.prefab
  artifactKey: Guid(cf7233a30aeb19a4ba3651949ab4bc78) Importer(815301076,1909f56bfc062723c751e8b465ee728b)
Start importing Assets/Synty/PolygonApocalypse/Prefabs/Environment/SM_Env_Sidewalk_Driveway_01.prefab using Guid(cf7233a30aeb19a4ba3651949ab4bc78) Importer(815301076,1909f56bfc062723c751e8b465ee728b) (PreviewImporter) -> (artifact id: '13b06c361e5d941778386e7378577b49') in 0.0375243 seconds
Number of updated asset objects reloaded before import = 0Number of asset objects unloaded after import = 17

========================================================================
Received Import Request.
  Time since last request: 1.297405 seconds.
  path: Assets/Synty/PolygonApocalypse/Prefabs/Environment/SM_Env_Sidewalk_Dip_01.prefab
  artifactKey: Guid(ee7ff23dfbcf4bd46b450f46821df396) Importer(815301076,1909f56bfc062723c751e8b465ee728b)
Start importing Assets/Synty/PolygonApocalypse/Prefabs/Environment/SM_Env_Sidewalk_Dip_01.prefab using Guid(ee7ff23dfbcf4bd46b450f46821df396) Importer(815301076,1909f56bfc062723c751e8b465ee728b) (PreviewImporter) -> (artifact id: 'da94f97fbaa63dc69d3b4cc670694016') in 0.0477056 seconds
Number of updated asset objects reloaded before import = 0Number of asset objects unloaded after import = 17

========================================================================
Received Import Request.
  Time since last request: 0.000021 seconds.
  path: Assets/Synty/PolygonApocalypse/Models/SM_Env_Sidewalk_Crossing_02.fbx
  artifactKey: Guid(2b093e0b196b02a43a53379580b8672a) Importer(815301076,1909f56bfc062723c751e8b465ee728b)
Start importing Assets/Synty/PolygonApocalypse/Models/SM_Env_Sidewalk_Crossing_02.fbx using Guid(2b093e0b196b02a43a53379580b8672a) Importer(815301076,1909f56bfc062723c751e8b465ee728b) (PreviewImporter) -> (artifact id: '8dd952a353e0c666d634ecbcedd4ac8d') in 0.018031 seconds
Number of updated asset objects reloaded before import = 0Number of asset objects unloaded after import = 7

========================================================================
Received Import Request.
  Time since last request: 0.000024 seconds.
  path: Assets/Synty/PolygonApocalypse/Models/Convex/SM_Env_Sidewalk_Corner_End_02_Convex 2.asset
  artifactKey: Guid(a295e8c76d64da346a9639083b409ff5) Importer(815301076,1909f56bfc062723c751e8b465ee728b)
Start importing Assets/Synty/PolygonApocalypse/Models/Convex/SM_Env_Sidewalk_Corner_End_02_Convex 2.asset using Guid(a295e8c76d64da346a9639083b409ff5) Importer(815301076,1909f56bfc062723c751e8b465ee728b) (PreviewImporter) -> (artifact id: 'fc854536fac517b2e3ac58ce11c2fbf4') in 0.0293671 seconds
Number of updated asset objects reloaded before import = 0Number of asset objects unloaded after import = 3

========================================================================
Received Import Request.
  Time since last request: 0.130102 seconds.
  path: Assets/Synty/PolygonApocalypse/Models/SM_Env_Sidewalk_Corner_End_02.fbx
  artifactKey: Guid(cf49727d7e3def14a87f073708e1012d) Importer(815301076,1909f56bfc062723c751e8b465ee728b)
Start importing Assets/Synty/PolygonApocalypse/Models/SM_Env_Sidewalk_Corner_End_02.fbx using Guid(cf49727d7e3def14a87f073708e1012d) Importer(815301076,1909f56bfc062723c751e8b465ee728b) (PreviewImporter) -> (artifact id: '7c10515651ff18dcf66bb53d0dd24096') in 0.0151443 seconds
Number of updated asset objects reloaded before import = 0Number of asset objects unloaded after import = 7

========================================================================
Received Import Request.
  Time since last request: 0.000017 seconds.
  path: Assets/Synty/PolygonApocalypse/Models/SM_Env_Sidewalk_Corner_End_01.fbx
  artifactKey: Guid(4d5d91abcaa679547a3b3fe165725087) Importer(815301076,1909f56bfc062723c751e8b465ee728b)
Start importing Assets/Synty/PolygonApocalypse/Models/SM_Env_Sidewalk_Corner_End_01.fbx using Guid(4d5d91abcaa679547a3b3fe165725087) Importer(815301076,1909f56bfc062723c751e8b465ee728b) (PreviewImporter) -> (artifact id: '4981c6f6afb776b5fcba3307dc473df2') in 0.0165588 seconds
Number of updated asset objects reloaded before import = 0Number of asset objects unloaded after import = 7

Editor requested this worker to shutdown with reason: Scaling down because of idle timeout
AssetImportWorker is now disconnected from the server
Process exiting
Exiting without the bug reporter. Application will terminate with return code 0