[Licensing::Module] Trying to connect to existing licensing client channel...
Built from '6000.3/staging' branch; Version is '6000.3.13f1 (8c4f11e4fb20) revision 9195281'; Using compiler version '194234433'; Build Type 'Release'
[Licensing::IpcConnector] Successfully connected to: "LicenseClient-zieli" at "2026-04-22T01:47:36.2549028Z"
OS: 'Windows 11  (10.0.26200) Core' Language: 'en' Physical Memory: 32347 MB
BatchMode: 1, IsHumanControllingUs: 0, StartBugReporterOnCrash: 0, Is64bit: 1
System  architecture: x64
Process architecture: x64
Date: 2026-04-22T01:47:36Z

COMMAND LINE ARGUMENTS:
C:\Program Files\Unity\Hub\Editor\6000.3.13f1\Editor\Unity.exe
-adb2
-batchMode
-noUpm
-name
AssetImportWorker45
-projectPath
C:/Game Development/DisasterDiner
-logFile
Logs/AssetImportWorker45.log
-srvPort
60058
-licensingIpc
LicenseClient-zieli
-job-worker-count
7
-background-job-worker-count
8
-gc-helper-count
1
-name
AssetImport
Successfully changed project path to: C:/Game Development/DisasterDiner
C:/Game Development/DisasterDiner
[UnityMemory] Configuration Parameters - Can be set up in boot.config
    "memorysetup-temp-allocator-size-nav-mesh-worker=65536"
    "memorysetup-temp-allocator-size-audio-worker=65536"
    "memorysetup-temp-allocator-size-gfx=262144"
    "memorysetup-allocator-temp-initial-block-size-main=262144"
    "memorysetup-allocator-temp-initial-block-size-worker=262144"
    "memorysetup-temp-allocator-size-background-worker=32768"
    "memorysetup-temp-allocator-size-job-worker=262144"
    "memorysetup-temp-allocator-size-preload-manager=33554432"
    "memorysetup-temp-allocator-size-gi-baking-worker=262144"
    "memorysetup-temp-allocator-size-gi-baking-worker=262144"
    "memorysetup-temp-allocator-size-gi-baking-worker=262144"
    "memorysetup-temp-allocator-size-gi-baking-worker=262144"
    "memorysetup-temp-allocator-size-gi-baking-worker=262144"
    "memorysetup-bucket-allocator-granularity=16"
    "memorysetup-bucket-allocator-bucket-count=8"
    "memorysetup-bucket-allocator-block-size=33554432"
    "memorysetup-bucket-allocator-block-count=8"
    "memorysetup-main-allocator-block-size=16777216"
    "memorysetup-thread-allocator-block-size=16777216"
    "memorysetup-gfx-main-allocator-block-size=16777216"
    "memorysetup-gfx-thread-allocator-block-size=16777216"
    "memorysetup-cache-allocator-block-size=4194304"
    "memorysetup-typetree-allocator-block-size=2097152"
    "memorysetup-profiler-bucket-allocator-granularity=16"
    "memorysetup-profiler-bucket-allocator-bucket-count=8"
    "memorysetup-profiler-bucket-allocator-block-size=33554432"
    "memorysetup-profiler-bucket-allocator-block-count=8"
    "memorysetup-profiler-allocator-block-size=16777216"
    "memorysetup-profiler-editor-allocator-block-size=1048576"
    "memorysetup-temp-allocator-size-main=16777216"
    "memorysetup-job-temp-allocator-block-size=2097152"
    "memorysetup-job-temp-allocator-block-size-background=1048576"
    "memorysetup-job-temp-allocator-reduction-small-platforms=262144"
    "memorysetup-temp-allocator-size-cloud-worker=32768"
Player connection [40636]  Target information:

Player connection [40636]  * "[IP] 192.168.86.22 [Port] 0 [Flags] 2 [Guid] 4174793749 [EditorId] 4174793749 [Version] 1048832 [Id] WindowsEditor(7,Johns_PC) [Debug] 1 [PackageName] WindowsEditor [ProjectName] Editor" 

Player connection [40636] Host joined multi-casting on [225.0.0.222:54997]...
Player connection [40636] Host joined alternative multi-casting on [225.0.0.222:34997]...
JobSystem: Creating JobQueue using job-worker-count value 7
Input System module state changed to: Initialized.
[Physics::Module] Initialized fallback backend.
[Physics::Module] Id: 0xdecafbad
Library Redirect Path: Library/
[Physics::Module] Selected backend.
[Physics::Module] Name: PhysX
[Physics::Module] Id: 0xf2b8ea05
[Physics::Module] SDK Version: 4.1.2
[Physics::Module] Integration Version: 1.0.0
[Physics::Module] Threading Mode: Multi-Threaded
Refreshing native plugins compatible for Editor in 4.63 ms, found 4 plugins.
Preloading 0 native plugins for Editor in 0.00 ms.
Initialize engine version: 6000.3.13f1 (8c4f11e4fb20)
[Subsystems] Discovering subsystems at path C:/Program Files/Unity/Hub/Editor/6000.3.13f1/Editor/Data/Resources/UnitySubsystems
[Subsystems] Discovering subsystems at path C:/Game Development/DisasterDiner/Assets
GfxDevice: creating device client; kGfxThreadingModeNonThreaded
Direct3D:
    Version:  Direct3D 11.0 [level 11.1]
    Renderer: NVIDIA GeForce RTX 4070 SUPER (ID=0x2783)
    Vendor:   NVIDIA
    VRAM:     11999 MB
    Driver:   32.0.15.8157
Initialize mono
Mono path[0] = 'C:/Program Files/Unity/Hub/Editor/6000.3.13f1/Editor/Data/Managed'
Mono path[1] = 'C:/Program Files/Unity/Hub/Editor/6000.3.13f1/Editor/Data/MonoBleedingEdge/lib/mono/unityjit-win32'
Mono config path = 'C:/Program Files/Unity/Hub/Editor/6000.3.13f1/Editor/Data/MonoBleedingEdge/etc'
Using monoOptions --debugger-agent=transport=dt_socket,embedding=1,server=y,suspend=n,address=127.0.0.1:56944
Begin MonoManager ReloadAssembly
Registering precompiled unity dll's ...
Register platform support module: C:/Program Files/Unity/Hub/Editor/6000.3.13f1/Editor/Data/PlaybackEngines/WindowsStandaloneSupport/UnityEditor.WindowsStandalone.Extensions.dll
Registered in 0.002076 seconds.
- Loaded All Assemblies, in  0.357 seconds
[Licensing::Client] Error: HandshakeResponse reported an error:
	ResponseCode: 505
	ResponseStatus: Unsupported protocol version '1.18.1'.
[Licensing::Module] Error: Failed to handshake to channel: "LicenseClient-zieli"
[Licensing::IpcConnector] LicenseClient-zieli channel disconnected successfully.
[Licensing::IpcConnector] Successfully connected to: "LicenseClient-zieli-6000.3.13" at "2026-04-22T01:47:37.2401943Z"
Native extension for WindowsStandalone target not found
Package Manager log level set to [2]
[Package Manager] Failed to launch server process. Reason: Unity was launched with the -noUpm command-line argument
[Package Manager] Unable to send message (not connected to server process).
[Package Manager] Cannot connect to Unity Package Manager local server
ScheduleIndexationOnStartup MainProcess:False IndexOnStartup:True
Mono: successfully reloaded assembly
- Finished resetting the current domain, in  0.413 seconds
Domain Reload Profiling: 767ms
	BeginReloadAssembly (109ms)
		ExecutionOrderSort (0ms)
		DisableScriptedObjects (0ms)
		BackupInstance (0ms)
		ReleaseScriptingObjects (0ms)
		CreateAndSetChildDomain (1ms)
	RebuildCommonClasses (32ms)
	RebuildNativeTypeToScriptingClass (11ms)
	initialDomainReloadingComplete (44ms)
	LoadAllAssembliesAndSetupDomain (158ms)
		LoadAssemblies (106ms)
		RebuildTransferFunctionScriptingTraits (0ms)
		AnalyzeDomain (156ms)
			TypeCache.Refresh (154ms)
				TypeCache.ScanAssembly (141ms)
			BuildScriptInfoCaches (0ms)
			ResolveRequiredComponents (0ms)
	FinalizeReload (413ms)
		ReleaseScriptCaches (0ms)
		RebuildScriptCaches (0ms)
		SetupLoadedEditorAssemblies (362ms)
			LogAssemblyErrors (0ms)
			InitializePlatformSupportModulesInManaged (51ms)
			SetLoadedEditorAssemblies (3ms)
			BeforeProcessingInitializeOnLoad (95ms)
			ProcessInitializeOnLoadAttributes (147ms)
			ProcessInitializeOnLoadMethodAttributes (66ms)
			AfterProcessingInitializeOnLoad (0ms)
			EditorAssembliesLoaded (0ms)
		ExecutionOrderSort2 (0ms)
		AwakeInstancesAfterBackupRestoration (0ms)
========================================================================
Worker process is ready to serve import requests
Import Worker Mode flag is 0x00
Begin MonoManager ReloadAssembly
[Licensing::Module] Licensing is not yet initialized.
[Licensing::Client] Handshaking with LicensingClient:
  Version:                 1.18.1+9fbee8e
  Session Id:              78bd56fea0174b4cafc286e43a31454f
  Correlation Id:          2b999b7551c4f1abd27547e4a7907d59
  External correlation Id: 6894877010827903621
  Machine Id:              a0OP954qVZmt5azPS5PrvPW5hTY=
[Licensing::Module] Successfully connected to LicensingClient on channel: "LicenseClient-zieli-6000.3.13" (connect: 0.00s, validation: 0.00s, handshake: 0.94s)
[Licensing::IpcConnector] Successfully connected to: "LicenseClient-zieli-6000.3.13-notifications" at "2026-04-22T01:47:38.183327Z"
[Licensing::Module] Licensing Background thread has ended after 1.93s
[Licensing::Module] Licensing is initialized (took 0.26s).
[Licensing::Client] Successfully resolved entitlement details
[Licensing::Module] License group:
  Id: 2475483376267-UnityPersXXXX
  Product: Unity Personal
  Type: Assigned
  Expiration: Unlimited
- Loaded All Assemblies, in  0.976 seconds
Refreshing native plugins compatible for Editor in 1.57 ms, found 4 plugins.
Native extension for WindowsStandalone target not found
[Package Manager] Failed to launch server process. Reason: Unity was launched with the -noUpm command-line argument
[Package Manager] Unable to send message (not connected to server process).
[Package Manager] Cannot connect to Unity Package Manager local server
Refreshing native plugins compatible for Editor in 1.44 ms, found 4 plugins.
[Package Manager] Failed to launch server process. Reason: Unity was launched with the -noUpm command-line argument
[Package Manager] Unable to send message (not connected to server process).
[Package Manager] Cannot connect to Unity Package Manager local server
ScheduleIndexationOnStartup MainProcess:False IndexOnStartup:True
Mono: successfully reloaded assembly
- Finished resetting the current domain, in  0.660 seconds
Domain Reload Profiling: 1631ms
	BeginReloadAssembly (407ms)
		ExecutionOrderSort (0ms)
		DisableScriptedObjects (4ms)
		BackupInstance (0ms)
		ReleaseScriptingObjects (0ms)
		CreateAndSetChildDomain (27ms)
	RebuildCommonClasses (31ms)
	RebuildNativeTypeToScriptingClass (12ms)
	initialDomainReloadingComplete (36ms)
	LoadAllAssembliesAndSetupDomain (485ms)
		LoadAssemblies (327ms)
		RebuildTransferFunctionScriptingTraits (0ms)
		AnalyzeDomain (238ms)
			TypeCache.Refresh (175ms)
				TypeCache.ScanAssembly (162ms)
			BuildScriptInfoCaches (50ms)
			ResolveRequiredComponents (9ms)
	FinalizeReload (660ms)
		ReleaseScriptCaches (0ms)
		RebuildScriptCaches (0ms)
		SetupLoadedEditorAssemblies (476ms)
			LogAssemblyErrors (0ms)
			InitializePlatformSupportModulesInManaged (2ms)
			SetLoadedEditorAssemblies (3ms)
			BeforeProcessingInitializeOnLoad (115ms)
			ProcessInitializeOnLoadAttributes (290ms)
			ProcessInitializeOnLoadMethodAttributes (59ms)
			AfterProcessingInitializeOnLoad (8ms)
			EditorAssembliesLoaded (0ms)
		ExecutionOrderSort2 (0ms)
		AwakeInstancesAfterBackupRestoration (7ms)
Launched and connected shader compiler UnityShaderCompiler.exe after 0.01 seconds
Refreshing native plugins compatible for Editor in 1.68 ms, found 4 plugins.
Preloading 0 native plugins for Editor in 0.00 ms.
Unloading 16 Unused Serialized files (Serialized files now loaded: 0)
Unloading 6447 unused Assets / (5.2 MB). Loaded Objects now: 7248.
Memory consumption went from 162.7 MB to 157.5 MB.
Total: 8.434900 ms (FindLiveObjects: 0.555600 ms CreateObjectMapping: 0.381400 ms MarkObjects: 4.424900 ms  DeleteObjects: 3.071700 ms)

========================================================================
Received Import Request.
  Time since last request: 15503.068013 seconds.
  path: Assets/Synty/PolygonShops/Textures/Emissive_01.png
  artifactKey: Guid(87cd0cbd5cc9a8f419248bf76b790607) Importer(815301076,1909f56bfc062723c751e8b465ee728b)
Start importing Assets/Synty/PolygonShops/Textures/Emissive_01.png using Guid(87cd0cbd5cc9a8f419248bf76b790607) Importer(815301076,1909f56bfc062723c751e8b465ee728b) (PreviewImporter) -> (artifact id: 'ed7a8911a957e1bc12752127312d5328') in 0.0519287 seconds
Number of updated asset objects reloaded before import = 0Number of asset objects unloaded after import = 2

========================================================================
Received Import Request.
  Time since last request: 2.512769 seconds.
  path: Assets/Synty/PolygonShops/Prefabs/Props/SM_Prop_Cafe_Counter_Outdoor_01.prefab
  artifactKey: Guid(4866be2947a55e94fa99710bea90e92d) Importer(815301076,1909f56bfc062723c751e8b465ee728b)
Start importing Assets/Synty/PolygonShops/Prefabs/Props/SM_Prop_Cafe_Counter_Outdoor_01.prefab using Guid(4866be2947a55e94fa99710bea90e92d) Importer(815301076,1909f56bfc062723c751e8b465ee728b) (PreviewImporter) -> (artifact id: '10caa040b2fc0ad3fdf8b347a17bfcc8') in 0.4237421 seconds
Number of updated asset objects reloaded before import = 0Number of asset objects unloaded after import = 17

========================================================================
Received Import Request.
  Time since last request: 17.472773 seconds.
  path: Assets/Synty/PolygonShops/Models/SM_Prop_Kitchen_Counter_Food_Insert_Large_01.fbx
  artifactKey: Guid(557a67fb1fbbaa04394d49e1257b262a) Importer(815301076,1909f56bfc062723c751e8b465ee728b)
Start importing Assets/Synty/PolygonShops/Models/SM_Prop_Kitchen_Counter_Food_Insert_Large_01.fbx using Guid(557a67fb1fbbaa04394d49e1257b262a) Importer(815301076,1909f56bfc062723c751e8b465ee728b) (PreviewImporter) -> (artifact id: '134552abf06cac4c8a70f36fec7331c1') in 0.0353268 seconds
Number of updated asset objects reloaded before import = 0Number of asset objects unloaded after import = 7

========================================================================
Received Import Request.
  Time since last request: 0.000025 seconds.
  path: Assets/Synty/PolygonShops/Models/SM_Prop_Kitchen_Counter_Food_Insert_Large_02.fbx
  artifactKey: Guid(b42b07853cc24f14abd814fde110e5bc) Importer(815301076,1909f56bfc062723c751e8b465ee728b)
Start importing Assets/Synty/PolygonShops/Models/SM_Prop_Kitchen_Counter_Food_Insert_Large_02.fbx using Guid(b42b07853cc24f14abd814fde110e5bc) Importer(815301076,1909f56bfc062723c751e8b465ee728b) (PreviewImporter) -> (artifact id: '284e2f38fcd54730ad937c4b77a60382') in 0.0166106 seconds
Number of updated asset objects reloaded before import = 0Number of asset objects unloaded after import = 7

========================================================================
Received Import Request.
  Time since last request: 0.334037 seconds.
  path: Assets/Synty/PolygonShops/Prefabs/Props/SM_Prop_Kitchen_Counter_Food_Insert_Large_03.prefab
  artifactKey: Guid(2cfc67c0d10461c4e9e653c4ac0b8dfb) Importer(815301076,1909f56bfc062723c751e8b465ee728b)
Start importing Assets/Synty/PolygonShops/Prefabs/Props/SM_Prop_Kitchen_Counter_Food_Insert_Large_03.prefab using Guid(2cfc67c0d10461c4e9e653c4ac0b8dfb) Importer(815301076,1909f56bfc062723c751e8b465ee728b) (PreviewImporter) -> (artifact id: 'fdb26ca5fa7dfb154050931e1a3ac18a') in 0.0264035 seconds
Number of updated asset objects reloaded before import = 0Number of asset objects unloaded after import = 17

========================================================================
Received Import Request.
  Time since last request: 0.000023 seconds.
  path: Assets/Synty/PolygonShops/Models/SM_Prop_Kitchen_Counter_Food_Insert_Large_04.fbx
  artifactKey: Guid(aa9c52692bbd08c40afa4c33776dc11b) Importer(815301076,1909f56bfc062723c751e8b465ee728b)
Start importing Assets/Synty/PolygonShops/Models/SM_Prop_Kitchen_Counter_Food_Insert_Large_04.fbx using Guid(aa9c52692bbd08c40afa4c33776dc11b) Importer(815301076,1909f56bfc062723c751e8b465ee728b) (PreviewImporter) -> (artifact id: 'a4024271e3f399e6169bda87812e2732') in 0.0155791 seconds
Number of updated asset objects reloaded before import = 0Number of asset objects unloaded after import = 7

========================================================================
Received Import Request.
  Time since last request: 0.567532 seconds.
  path: Assets/Synty/PolygonShops/Models/SM_Prop_Kitchen_Counter_Food_Insert_Large_06.fbx
  artifactKey: Guid(383b65375c383d24aa38fcdc01c37cab) Importer(815301076,1909f56bfc062723c751e8b465ee728b)
Start importing Assets/Synty/PolygonShops/Models/SM_Prop_Kitchen_Counter_Food_Insert_Large_06.fbx using Guid(383b65375c383d24aa38fcdc01c37cab) Importer(815301076,1909f56bfc062723c751e8b465ee728b) (PreviewImporter) -> (artifact id: '1c1d254a35a62ebaf3d332e1fc60ecf5') in 0.0134589 seconds
Number of updated asset objects reloaded before import = 0Number of asset objects unloaded after import = 7

========================================================================
Received Import Request.
  Time since last request: 0.000131 seconds.
  path: Assets/Synty/PolygonShops/Prefabs/Props/SM_Prop_Kitchen_Counter_Food_Insert_Large_07.prefab
  artifactKey: Guid(925b9ea1ee5638443b0e63ab7ac7815d) Importer(815301076,1909f56bfc062723c751e8b465ee728b)
Start importing Assets/Synty/PolygonShops/Prefabs/Props/SM_Prop_Kitchen_Counter_Food_Insert_Large_07.prefab using Guid(925b9ea1ee5638443b0e63ab7ac7815d) Importer(815301076,1909f56bfc062723c751e8b465ee728b) (PreviewImporter) -> (artifact id: 'a61de61bc06a7c27fc71a94bed09eed1') in 0.0191321 seconds
Number of updated asset objects reloaded before import = 0Number of asset objects unloaded after import = 17

========================================================================
Received Import Request.
  Time since last request: 0.335517 seconds.
  path: Assets/Synty/PolygonShops/Prefabs/Props/SM_Prop_Kitchen_Counter_Food_Insert_Small_01.prefab
  artifactKey: Guid(16d2bf22b10bd7644939c62440a2fcea) Importer(815301076,1909f56bfc062723c751e8b465ee728b)
Start importing Assets/Synty/PolygonShops/Prefabs/Props/SM_Prop_Kitchen_Counter_Food_Insert_Small_01.prefab using Guid(16d2bf22b10bd7644939c62440a2fcea) Importer(815301076,1909f56bfc062723c751e8b465ee728b) (PreviewImporter) -> (artifact id: 'ff25d3f80f9ea6a246cd36628c154dad') in 0.0184771 seconds
Number of updated asset objects reloaded before import = 0Number of asset objects unloaded after import = 17

========================================================================
Received Import Request.
  Time since last request: 0.018727 seconds.
  path: Assets/Synty/PolygonShops/Models/Collision/Convex/SM_Prop_Kitchen_Counter_Food_Insert_Small_01_Convex.asset
  artifactKey: Guid(aadd3eaa6dbca1e45956cdab9b65e4aa) Importer(815301076,1909f56bfc062723c751e8b465ee728b)
Start importing Assets/Synty/PolygonShops/Models/Collision/Convex/SM_Prop_Kitchen_Counter_Food_Insert_Small_01_Convex.asset using Guid(aadd3eaa6dbca1e45956cdab9b65e4aa) Importer(815301076,1909f56bfc062723c751e8b465ee728b) (PreviewImporter) -> (artifact id: '3bef32427505e0a3a830c3acf2d3b033') in 0.0114438 seconds
Number of updated asset objects reloaded before import = 0Number of asset objects unloaded after import = 2

========================================================================
Received Import Request.
  Time since last request: 0.563253 seconds.
  path: Assets/Synty/PolygonShops/Prefabs/Props/SM_Prop_Kitchen_Counter_Food_Insert_Small_03.prefab
  artifactKey: Guid(8307f5e189d1c3b46ac408bd6e2e0a9b) Importer(815301076,1909f56bfc062723c751e8b465ee728b)
Start importing Assets/Synty/PolygonShops/Prefabs/Props/SM_Prop_Kitchen_Counter_Food_Insert_Small_03.prefab using Guid(8307f5e189d1c3b46ac408bd6e2e0a9b) Importer(815301076,1909f56bfc062723c751e8b465ee728b) (PreviewImporter) -> (artifact id: 'bf50eb79f88e6cb97e0b87f30fc13181') in 0.0177817 seconds
Number of updated asset objects reloaded before import = 0Number of asset objects unloaded after import = 17

========================================================================
Received Import Request.
  Time since last request: 0.000024 seconds.
  path: Assets/Synty/PolygonShops/Prefabs/Props/SM_Prop_Kitchen_Counter_Food_Insert_Small_04.prefab
  artifactKey: Guid(0cba1d17890a1b34087778ccea1e4e31) Importer(815301076,1909f56bfc062723c751e8b465ee728b)
Start importing Assets/Synty/PolygonShops/Prefabs/Props/SM_Prop_Kitchen_Counter_Food_Insert_Small_04.prefab using Guid(0cba1d17890a1b34087778ccea1e4e31) Importer(815301076,1909f56bfc062723c751e8b465ee728b) (PreviewImporter) -> (artifact id: '24cb4da14918aa5a450328c73cd114fa') in 0.01839 seconds
Number of updated asset objects reloaded before import = 0Number of asset objects unloaded after import = 17

========================================================================
Received Import Request.
  Time since last request: 0.295532 seconds.
  path: Assets/Synty/PolygonShops/Models/SM_Prop_Kitchen_Counter_Food_Insert_Small_06.fbx
  artifactKey: Guid(cd075f0178b567944986b334f9de6ebf) Importer(815301076,1909f56bfc062723c751e8b465ee728b)
Start importing Assets/Synty/PolygonShops/Models/SM_Prop_Kitchen_Counter_Food_Insert_Small_06.fbx using Guid(cd075f0178b567944986b334f9de6ebf) Importer(815301076,1909f56bfc062723c751e8b465ee728b) (PreviewImporter) -> (artifact id: '7d51c7a13b43c84bf1dabe6dbb707da1') in 0.0188065 seconds
Number of updated asset objects reloaded before import = 0Number of asset objects unloaded after import = 7

========================================================================
Received Import Request.
  Time since last request: 0.000022 seconds.
  path: Assets/Synty/PolygonShops/Models/SM_Prop_Kitchen_Counter_Food_Insert_Small_07.fbx
  artifactKey: Guid(5356f429dc7e7754e8348e7c94d81ff6) Importer(815301076,1909f56bfc062723c751e8b465ee728b)
Start importing Assets/Synty/PolygonShops/Models/SM_Prop_Kitchen_Counter_Food_Insert_Small_07.fbx using Guid(5356f429dc7e7754e8348e7c94d81ff6) Importer(815301076,1909f56bfc062723c751e8b465ee728b) (PreviewImporter) -> (artifact id: '3e75aad22ca6dd21eb08b6f2daa239cb') in 0.0103683 seconds
Number of updated asset objects reloaded before import = 0Number of asset objects unloaded after import = 7

========================================================================
Received Import Request.
  Time since last request: 0.000021 seconds.
  path: Assets/Synty/PolygonShops/Models/SM_Prop_Kitchen_Counter_Section_01.fbx
  artifactKey: Guid(b30f786a4eac74c469746b689df1d877) Importer(815301076,1909f56bfc062723c751e8b465ee728b)
Start importing Assets/Synty/PolygonShops/Models/SM_Prop_Kitchen_Counter_Section_01.fbx using Guid(b30f786a4eac74c469746b689df1d877) Importer(815301076,1909f56bfc062723c751e8b465ee728b) (PreviewImporter) -> (artifact id: 'ed4fd6356897db39bd18e807a9264fb4') in 0.0138338 seconds
Number of updated asset objects reloaded before import = 0Number of asset objects unloaded after import = 7

========================================================================
Received Import Request.
  Time since last request: 197.613688 seconds.
  path: Assets/Synty/PolygonApocalypse/Prefabs/Buildings/SM_Bld_Junk_Shelter_01.prefab
  artifactKey: Guid(c808dd7672f316d4b95e2d0f05d6da22) Importer(815301076,1909f56bfc062723c751e8b465ee728b)
Start importing Assets/Synty/PolygonApocalypse/Prefabs/Buildings/SM_Bld_Junk_Shelter_01.prefab using Guid(c808dd7672f316d4b95e2d0f05d6da22) Importer(815301076,1909f56bfc062723c751e8b465ee728b) (PreviewImporter) -> (artifact id: '4981d2b22c4e10e2c0ffd1df0bef3368') in 0.0310614 seconds
Number of updated asset objects reloaded before import = 0Number of asset objects unloaded after import = 18

========================================================================
Received Import Request.
  Time since last request: 0.000026 seconds.
  path: Assets/Synty/PolygonApocalypse/Prefabs/Buildings/SM_Bld_Junk_Shelter_02.prefab
  artifactKey: Guid(c3734c33154735c4abbbc836ff7e9b4b) Importer(815301076,1909f56bfc062723c751e8b465ee728b)
Start importing Assets/Synty/PolygonApocalypse/Prefabs/Buildings/SM_Bld_Junk_Shelter_02.prefab using Guid(c3734c33154735c4abbbc836ff7e9b4b) Importer(815301076,1909f56bfc062723c751e8b465ee728b) (PreviewImporter) -> (artifact id: 'b0db0336d22ee0d4d7f195f88745fb8a') in 0.0295423 seconds
Number of updated asset objects reloaded before import = 0Number of asset objects unloaded after import = 18

========================================================================
Received Import Request.
  Time since last request: 0.000041 seconds.
  path: Assets/Synty/PolygonApocalypse/Models/SM_Bld_Junk_Shelter_03.fbx
  artifactKey: Guid(704fe8395a913654b9c28adbb9e0ac19) Importer(815301076,1909f56bfc062723c751e8b465ee728b)
Start importing Assets/Synty/PolygonApocalypse/Models/SM_Bld_Junk_Shelter_03.fbx using Guid(704fe8395a913654b9c28adbb9e0ac19) Importer(815301076,1909f56bfc062723c751e8b465ee728b) (PreviewImporter) -> (artifact id: '8b4e9fe9786b8397b1746e314e48e38c') in 0.0176644 seconds
Number of updated asset objects reloaded before import = 0Number of asset objects unloaded after import = 7

========================================================================
Received Import Request.
  Time since last request: 0.000026 seconds.
  path: Assets/Synty/PolygonApocalypse/Prefabs/Buildings/SM_Bld_Junk_Shelter_05_Tarp.prefab
  artifactKey: Guid(83b12d4107cf8be408186b26436b34aa) Importer(815301076,1909f56bfc062723c751e8b465ee728b)
Start importing Assets/Synty/PolygonApocalypse/Prefabs/Buildings/SM_Bld_Junk_Shelter_05_Tarp.prefab using Guid(83b12d4107cf8be408186b26436b34aa) Importer(815301076,1909f56bfc062723c751e8b465ee728b) (PreviewImporter) -> (artifact id: '24cd4c77086f11ab627936721551ad89') in 0.0282638 seconds
Number of updated asset objects reloaded before import = 0Number of asset objects unloaded after import = 16

========================================================================
Received Import Request.
  Time since last request: 0.000030 seconds.
  path: Assets/Synty/PolygonApocalypse/Prefabs/Buildings/SM_Bld_Junk_Shelter_04_Tarp.prefab
  artifactKey: Guid(4d8a72a2c2e121b45ac318170ce7d031) Importer(815301076,1909f56bfc062723c751e8b465ee728b)
Start importing Assets/Synty/PolygonApocalypse/Prefabs/Buildings/SM_Bld_Junk_Shelter_04_Tarp.prefab using Guid(4d8a72a2c2e121b45ac318170ce7d031) Importer(815301076,1909f56bfc062723c751e8b465ee728b) (PreviewImporter) -> (artifact id: 'a9a6750a08d74d18069b6d49d0c85c67') in 0.0295072 seconds
Number of updated asset objects reloaded before import = 0Number of asset objects unloaded after import = 16

========================================================================
Received Import Request.
  Time since last request: 0.000029 seconds.
  path: Assets/Synty/PolygonApocalypse/Models/SM_Bld_Junk_Shelter_05.fbx
  artifactKey: Guid(88bf0e2155e8b5c4b893bc5360f81a07) Importer(815301076,1909f56bfc062723c751e8b465ee728b)
Start importing Assets/Synty/PolygonApocalypse/Models/SM_Bld_Junk_Shelter_05.fbx using Guid(88bf0e2155e8b5c4b893bc5360f81a07) Importer(815301076,1909f56bfc062723c751e8b465ee728b) (PreviewImporter) -> (artifact id: '4794b8dfff28e3d92911761aa0b0e98b') in 0.0167443 seconds
Number of updated asset objects reloaded before import = 0Number of asset objects unloaded after import = 7

========================================================================
Received Import Request.
  Time since last request: 0.000030 seconds.
  path: Assets/Synty/PolygonApocalypse/Prefabs/Buildings/SM_Bld_Junk_Shelter_04.prefab
  artifactKey: Guid(e4e0bcd2daa26844092ab3231558aa6b) Importer(815301076,1909f56bfc062723c751e8b465ee728b)
Start importing Assets/Synty/PolygonApocalypse/Prefabs/Buildings/SM_Bld_Junk_Shelter_04.prefab using Guid(e4e0bcd2daa26844092ab3231558aa6b) Importer(815301076,1909f56bfc062723c751e8b465ee728b) (PreviewImporter) -> (artifact id: '1b2311eee99d0699f752acf386f0a091') in 0.0275596 seconds
Number of updated asset objects reloaded before import = 0Number of asset objects unloaded after import = 18

========================================================================
Received Import Request.
  Time since last request: 0.000038 seconds.
  path: Assets/Synty/PolygonApocalypse/Models/SM_Bld_Junk_Shelter_01_Tarp.fbx
  artifactKey: Guid(752cad4a6dad36a4fb88b13b23554456) Importer(815301076,1909f56bfc062723c751e8b465ee728b)
Start importing Assets/Synty/PolygonApocalypse/Models/SM_Bld_Junk_Shelter_01_Tarp.fbx using Guid(752cad4a6dad36a4fb88b13b23554456) Importer(815301076,1909f56bfc062723c751e8b465ee728b) (PreviewImporter) -> (artifact id: '76a8f6efa02fd8934d066afa9d50b8d2') in 0.0160592 seconds
Number of updated asset objects reloaded before import = 0Number of asset objects unloaded after import = 9

========================================================================
Received Import Request.
  Time since last request: 0.000019 seconds.
  path: Assets/Synty/PolygonApocalypse/Prefabs/Buildings/SM_Bld_Junk_Shelter_02_Tarp.prefab
  artifactKey: Guid(cc8dd3d9b9c68df43ab820bf993a3549) Importer(815301076,1909f56bfc062723c751e8b465ee728b)
Start importing Assets/Synty/PolygonApocalypse/Prefabs/Buildings/SM_Bld_Junk_Shelter_02_Tarp.prefab using Guid(cc8dd3d9b9c68df43ab820bf993a3549) Importer(815301076,1909f56bfc062723c751e8b465ee728b) (PreviewImporter) -> (artifact id: '6943308bff85f11cd253039ff3b654b2') in 0.0295249 seconds
Number of updated asset objects reloaded before import = 0Number of asset objects unloaded after import = 16

========================================================================
Received Import Request.
  Time since last request: 0.000053 seconds.
  path: Assets/Synty/PolygonApocalypse/Prefabs/Buildings/SM_Bld_Junk_Shelter_01_Tarp.prefab
  artifactKey: Guid(fa62a919626d9f042a32c11f89889ea7) Importer(815301076,1909f56bfc062723c751e8b465ee728b)
Start importing Assets/Synty/PolygonApocalypse/Prefabs/Buildings/SM_Bld_Junk_Shelter_01_Tarp.prefab using Guid(fa62a919626d9f042a32c11f89889ea7) Importer(815301076,1909f56bfc062723c751e8b465ee728b) (PreviewImporter) -> (artifact id: 'a52b504415cc6eb7d1bf5e0ea8c9c33d') in 0.0318351 seconds
Number of updated asset objects reloaded before import = 0Number of asset objects unloaded after import = 16

========================================================================
Received Import Request.
  Time since last request: 0.000040 seconds.
  path: Assets/Synty/PolygonApocalypse/Models/Collision/SM_Bld_Junk_Shelter_03_Collision.fbx
  artifactKey: Guid(951ac991c4136844fbb7c6410ddbcb39) Importer(815301076,1909f56bfc062723c751e8b465ee728b)
Start importing Assets/Synty/PolygonApocalypse/Models/Collision/SM_Bld_Junk_Shelter_03_Collision.fbx using Guid(951ac991c4136844fbb7c6410ddbcb39) Importer(815301076,1909f56bfc062723c751e8b465ee728b) (PreviewImporter) -> (artifact id: '87e20f776d8541265c34917bc0923e27') in 0.0242069 seconds
Number of updated asset objects reloaded before import = 0Number of asset objects unloaded after import = 7

========================================================================
Received Import Request.
  Time since last request: 0.000025 seconds.
  path: Assets/Synty/PolygonApocalypse/Models/SM_Bld_Junk_Shelter_04_Tarp.fbx
  artifactKey: Guid(e808749ab243d7b4fbf3b3ee5cdcd7a5) Importer(815301076,1909f56bfc062723c751e8b465ee728b)
Start importing Assets/Synty/PolygonApocalypse/Models/SM_Bld_Junk_Shelter_04_Tarp.fbx using Guid(e808749ab243d7b4fbf3b3ee5cdcd7a5) Importer(815301076,1909f56bfc062723c751e8b465ee728b) (PreviewImporter) -> (artifact id: '324921dcb07644dbe62e3f305ad55e15') in 0.0208188 seconds
Number of updated asset objects reloaded before import = 0Number of asset objects unloaded after import = 9

========================================================================
Received Import Request.
  Time since last request: 0.833329 seconds.
  path: Assets/Synty/PolygonGeneric/Models/SM_Gen_Prop_Shelf_01.fbx
  artifactKey: Guid(11808410918b5834a96b9f079e424195) Importer(815301076,1909f56bfc062723c751e8b465ee728b)
Start importing Assets/Synty/PolygonGeneric/Models/SM_Gen_Prop_Shelf_01.fbx using Guid(11808410918b5834a96b9f079e424195) Importer(815301076,1909f56bfc062723c751e8b465ee728b) (PreviewImporter) -> (artifact id: '2aea71f83f47bde8b8cbb7bbec28f219') in 0.0155575 seconds
Number of updated asset objects reloaded before import = 0Number of asset objects unloaded after import = 7

========================================================================
Received Import Request.
  Time since last request: 0.000021 seconds.
  path: Assets/Synty/PolygonGeneric/Models/SM_Gen_Prop_Shelf_02.fbx
  artifactKey: Guid(4738f19dd27cba949bf1627ab0a7baa1) Importer(815301076,1909f56bfc062723c751e8b465ee728b)
Start importing Assets/Synty/PolygonGeneric/Models/SM_Gen_Prop_Shelf_02.fbx using Guid(4738f19dd27cba949bf1627ab0a7baa1) Importer(815301076,1909f56bfc062723c751e8b465ee728b) (PreviewImporter) -> (artifact id: 'd011607a3c52fd01c72d16df306d6aa9') in 0.016234 seconds
Number of updated asset objects reloaded before import = 0Number of asset objects unloaded after import = 7

========================================================================
Received Import Request.
  Time since last request: 0.000034 seconds.
  path: Assets/Synty/PolygonShops/Models/Collision/Convex/SM_Prop_Clothes_Clothes_Shelf_Open_01_Convex.asset
  artifactKey: Guid(b956dba5c2a16894a9c8749ffba2ceb0) Importer(815301076,1909f56bfc062723c751e8b465ee728b)
Start importing Assets/Synty/PolygonShops/Models/Collision/Convex/SM_Prop_Clothes_Clothes_Shelf_Open_01_Convex.asset using Guid(b956dba5c2a16894a9c8749ffba2ceb0) Importer(815301076,1909f56bfc062723c751e8b465ee728b) (PreviewImporter) -> (artifact id: 'c5f0b1a39aaa9def21a92b9353e6ac48') in 0.0098697 seconds
Number of updated asset objects reloaded before import = 0Number of asset objects unloaded after import = 2

========================================================================
Received Import Request.
  Time since last request: 0.000022 seconds.
  path: Assets/Synty/PolygonShops/Prefabs/Props/SM_Prop_Bar_Shelf_01.prefab
  artifactKey: Guid(21f710812edf08a45b53f351e2d39cdd) Importer(815301076,1909f56bfc062723c751e8b465ee728b)
Start importing Assets/Synty/PolygonShops/Prefabs/Props/SM_Prop_Bar_Shelf_01.prefab using Guid(21f710812edf08a45b53f351e2d39cdd) Importer(815301076,1909f56bfc062723c751e8b465ee728b) (PreviewImporter) -> (artifact id: '818c79c75ed8a7b77f6f0a8949690290') in 0.0205374 seconds
Number of updated asset objects reloaded before import = 0Number of asset objects unloaded after import = 22

========================================================================
Received Import Request.
  Time since last request: 0.000029 seconds.
  path: Assets/Synty/PolygonShops/Prefabs/Props/SM_Prop_Clothes_Display_Shelf_Green_01.prefab
  artifactKey: Guid(eac19983a78fdfe469fc9ebcd146bd8a) Importer(815301076,1909f56bfc062723c751e8b465ee728b)
Start importing Assets/Synty/PolygonShops/Prefabs/Props/SM_Prop_Clothes_Display_Shelf_Green_01.prefab using Guid(eac19983a78fdfe469fc9ebcd146bd8a) Importer(815301076,1909f56bfc062723c751e8b465ee728b) (PreviewImporter) -> (artifact id: 'e416a85336452ff281de297e3b39de0b') in 0.0201952 seconds
Number of updated asset objects reloaded before import = 0Number of asset objects unloaded after import = 17

========================================================================
Received Import Request.
  Time since last request: 0.000027 seconds.
  path: Assets/Synty/PolygonShops/Models/SM_Prop_Clothes_Clothes_Shelf_Open_01.fbx
  artifactKey: Guid(d500a503355d3c246aaaae7751b55b9a) Importer(815301076,1909f56bfc062723c751e8b465ee728b)
Start importing Assets/Synty/PolygonShops/Models/SM_Prop_Clothes_Clothes_Shelf_Open_01.fbx using Guid(d500a503355d3c246aaaae7751b55b9a) Importer(815301076,1909f56bfc062723c751e8b465ee728b) (PreviewImporter) -> (artifact id: 'ffafd4502cabf4c14a47d6b8fdd1b6e5') in 0.0161151 seconds
Number of updated asset objects reloaded before import = 0Number of asset objects unloaded after import = 7

========================================================================
Received Import Request.
  Time since last request: 0.000023 seconds.
  path: Assets/Synty/PolygonShops/Models/SM_Prop_Clothes_Clothes_Shelf_Open_02.fbx
  artifactKey: Guid(c5e22fa946fd1d246a8e4722e2aac5a0) Importer(815301076,1909f56bfc062723c751e8b465ee728b)
Start importing Assets/Synty/PolygonShops/Models/SM_Prop_Clothes_Clothes_Shelf_Open_02.fbx using Guid(c5e22fa946fd1d246a8e4722e2aac5a0) Importer(815301076,1909f56bfc062723c751e8b465ee728b) (PreviewImporter) -> (artifact id: '361291c17bf72b33b291a960fddcaeb8') in 0.015119 seconds
Number of updated asset objects reloaded before import = 0Number of asset objects unloaded after import = 7

========================================================================
Received Import Request.
  Time since last request: 0.000029 seconds.
  path: Assets/Synty/PolygonShops/Models/Collision/Convex/SM_Prop_Clothes_Display_Shelf_Green_01_Convex.asset
  artifactKey: Guid(1bf37c0499e0acb45824328b38abc790) Importer(815301076,1909f56bfc062723c751e8b465ee728b)
Start importing Assets/Synty/PolygonShops/Models/Collision/Convex/SM_Prop_Clothes_Display_Shelf_Green_01_Convex.asset using Guid(1bf37c0499e0acb45824328b38abc790) Importer(815301076,1909f56bfc062723c751e8b465ee728b) (PreviewImporter) -> (artifact id: '83606d6f6cebd28b1998344d53e8be2f') in 0.010643 seconds
Number of updated asset objects reloaded before import = 0Number of asset objects unloaded after import = 2

========================================================================
Received Import Request.
  Time since last request: 0.000026 seconds.
  path: Assets/Synty/PolygonShops/Models/SM_Prop_Clothes_Shelf_DoubleSide_01.fbx
  artifactKey: Guid(2467543e20143764a91096755ec5adee) Importer(815301076,1909f56bfc062723c751e8b465ee728b)
Start importing Assets/Synty/PolygonShops/Models/SM_Prop_Clothes_Shelf_DoubleSide_01.fbx using Guid(2467543e20143764a91096755ec5adee) Importer(815301076,1909f56bfc062723c751e8b465ee728b) (PreviewImporter) -> (artifact id: 'ee0407311ab0b598718a68dae7e69cf5') in 0.0150713 seconds
Number of updated asset objects reloaded before import = 0Number of asset objects unloaded after import = 7

========================================================================
Received Import Request.
  Time since last request: 0.000022 seconds.
  path: Assets/Synty/PolygonShops/Models/SM_Prop_Clothes_Shelf_Large_01.fbx
  artifactKey: Guid(26080e81786ec22408dfeaca621f215b) Importer(815301076,1909f56bfc062723c751e8b465ee728b)
Start importing Assets/Synty/PolygonShops/Models/SM_Prop_Clothes_Shelf_Large_01.fbx using Guid(26080e81786ec22408dfeaca621f215b) Importer(815301076,1909f56bfc062723c751e8b465ee728b) (PreviewImporter) -> (artifact id: '714ab61d31ddc1f11a81c92dcccf67fe') in 0.0163307 seconds
Number of updated asset objects reloaded before import = 0Number of asset objects unloaded after import = 7

========================================================================
Received Import Request.
  Time since last request: 0.000018 seconds.
  path: Assets/Synty/PolygonShops/Models/Collision/Convex/SM_Prop_Clothes_Clothes_Shelf_Open_02_Convex.asset
  artifactKey: Guid(a804cc5ccfb6cfa4988a14a8df9a9972) Importer(815301076,1909f56bfc062723c751e8b465ee728b)
Start importing Assets/Synty/PolygonShops/Models/Collision/Convex/SM_Prop_Clothes_Clothes_Shelf_Open_02_Convex.asset using Guid(a804cc5ccfb6cfa4988a14a8df9a9972) Importer(815301076,1909f56bfc062723c751e8b465ee728b) (PreviewImporter) -> (artifact id: '09bde33f855021f040c4e1a6279a345f') in 0.011613 seconds
Number of updated asset objects reloaded before import = 0Number of asset objects unloaded after import = 2

========================================================================
Received Import Request.
  Time since last request: 0.000021 seconds.
  path: Assets/Synty/PolygonShops/Prefabs/Props/SM_Prop_Clothes_Shelf_DoubleSide_01.prefab
  artifactKey: Guid(bb29c78a375c2104d867205fa7cfaba1) Importer(815301076,1909f56bfc062723c751e8b465ee728b)
Start importing Assets/Synty/PolygonShops/Prefabs/Props/SM_Prop_Clothes_Shelf_DoubleSide_01.prefab using Guid(bb29c78a375c2104d867205fa7cfaba1) Importer(815301076,1909f56bfc062723c751e8b465ee728b) (PreviewImporter) -> (artifact id: '2962cb1079266e51ed5c949852d282ef') in 0.0183083 seconds
Number of updated asset objects reloaded before import = 0Number of asset objects unloaded after import = 17

========================================================================
Received Import Request.
  Time since last request: 0.000047 seconds.
  path: Assets/Synty/PolygonShops/Prefabs/Props/SM_Prop_Clothes_Clothes_Shelf_Open_02.prefab
  artifactKey: Guid(6cda49a1d1b9b3048b4c3f27fcbf5c17) Importer(815301076,1909f56bfc062723c751e8b465ee728b)
Start importing Assets/Synty/PolygonShops/Prefabs/Props/SM_Prop_Clothes_Clothes_Shelf_Open_02.prefab using Guid(6cda49a1d1b9b3048b4c3f27fcbf5c17) Importer(815301076,1909f56bfc062723c751e8b465ee728b) (PreviewImporter) -> (artifact id: '03f2a47fe6697ab2a24d9ba5fb3e0d64') in 0.0219723 seconds
Number of updated asset objects reloaded before import = 0Number of asset objects unloaded after import = 17

========================================================================
Received Import Request.
  Time since last request: 0.000023 seconds.
  path: Assets/Synty/PolygonShops/Models/Collision/Convex/SM_Prop_Barber_Shelf_01_Convex.asset
  artifactKey: Guid(0e04cccf5500ff24e9dba47fccc2901e) Importer(815301076,1909f56bfc062723c751e8b465ee728b)
Start importing Assets/Synty/PolygonShops/Models/Collision/Convex/SM_Prop_Barber_Shelf_01_Convex.asset using Guid(0e04cccf5500ff24e9dba47fccc2901e) Importer(815301076,1909f56bfc062723c751e8b465ee728b) (PreviewImporter) -> (artifact id: '6b91f66c64663cf83bd6b8053ffe19e7') in 0.0105727 seconds
Number of updated asset objects reloaded before import = 0Number of asset objects unloaded after import = 2

========================================================================
Received Import Request.
  Time since last request: 0.000029 seconds.
  path: Assets/Synty/PolygonShops/Models/Collision/Convex/SM_Prop_Clothes_Shelf_01_Convex.asset
  artifactKey: Guid(30726b7adf0d4d743bf27dcb5075580e) Importer(815301076,1909f56bfc062723c751e8b465ee728b)
Start importing Assets/Synty/PolygonShops/Models/Collision/Convex/SM_Prop_Clothes_Shelf_01_Convex.asset using Guid(30726b7adf0d4d743bf27dcb5075580e) Importer(815301076,1909f56bfc062723c751e8b465ee728b) (PreviewImporter) -> (artifact id: '2adea7f78e82eab0b8e2655cd675f98a') in 0.0140335 seconds
Number of updated asset objects reloaded before import = 0Number of asset objects unloaded after import = 2

========================================================================
Received Import Request.
  Time since last request: 0.000032 seconds.
  path: Assets/Synty/PolygonShops/Models/Collision/Convex/SM_Prop_Clothes_Shelf_Large_01_Convex.asset
  artifactKey: Guid(88787e17a99a3154d943400a779d3369) Importer(815301076,1909f56bfc062723c751e8b465ee728b)
Start importing Assets/Synty/PolygonShops/Models/Collision/Convex/SM_Prop_Clothes_Shelf_Large_01_Convex.asset using Guid(88787e17a99a3154d943400a779d3369) Importer(815301076,1909f56bfc062723c751e8b465ee728b) (PreviewImporter) -> (artifact id: '8e9d9526a8b62a554aaa8dd9a3b6589b') in 0.0124505 seconds
Number of updated asset objects reloaded before import = 0Number of asset objects unloaded after import = 2

========================================================================
Received Import Request.
  Time since last request: 0.000029 seconds.
  path: Assets/Synty/PolygonShops/Models/SM_Prop_Barber_Shelf_01.fbx
  artifactKey: Guid(800b16db3efada0429df574ab2de8a8f) Importer(815301076,1909f56bfc062723c751e8b465ee728b)
Start importing Assets/Synty/PolygonShops/Models/SM_Prop_Barber_Shelf_01.fbx using Guid(800b16db3efada0429df574ab2de8a8f) Importer(815301076,1909f56bfc062723c751e8b465ee728b) (PreviewImporter) -> (artifact id: 'f7bb36b5c51ecef1295c10a7a18715b0') in 0.0152519 seconds
Number of updated asset objects reloaded before import = 0Number of asset objects unloaded after import = 7

========================================================================
Received Import Request.
  Time since last request: 2.373656 seconds.
  path: Assets/Synty/PolygonShops/Prefabs/Props/SM_Prop_Clothes_Shelf_Large_Alt_01.prefab
  artifactKey: Guid(ccb97dda63e779f49817c48001cc8589) Importer(815301076,1909f56bfc062723c751e8b465ee728b)
Start importing Assets/Synty/PolygonShops/Prefabs/Props/SM_Prop_Clothes_Shelf_Large_Alt_01.prefab using Guid(ccb97dda63e779f49817c48001cc8589) Importer(815301076,1909f56bfc062723c751e8b465ee728b) (PreviewImporter) -> (artifact id: 'fd9cac75efdf79812f10752ccb2a09cd') in 0.0192662 seconds
Number of updated asset objects reloaded before import = 0Number of asset objects unloaded after import = 17

========================================================================
Received Import Request.
  Time since last request: 0.056864 seconds.
  path: Assets/Synty/PolygonShops/Prefabs/Props/SM_Prop_Hunting_Shelf_01.prefab
  artifactKey: Guid(6e12d82e9f47fb94b8f53548d8ee39b9) Importer(815301076,1909f56bfc062723c751e8b465ee728b)
Start importing Assets/Synty/PolygonShops/Prefabs/Props/SM_Prop_Hunting_Shelf_01.prefab using Guid(6e12d82e9f47fb94b8f53548d8ee39b9) Importer(815301076,1909f56bfc062723c751e8b465ee728b) (PreviewImporter) -> (artifact id: 'a88fb97a37582ba04079536016bbfa64') in 0.0184782 seconds
Number of updated asset objects reloaded before import = 0Number of asset objects unloaded after import = 17

========================================================================
Received Import Request.
  Time since last request: 0.000048 seconds.
  path: Assets/Synty/PolygonShops/Prefabs/Props/SM_Prop_Hunting_Shelf_01_Preset.prefab
  artifactKey: Guid(02d93f7fd2e4839498f7e28d5b9c5d25) Importer(815301076,1909f56bfc062723c751e8b465ee728b)
Start importing Assets/Synty/PolygonShops/Prefabs/Props/SM_Prop_Hunting_Shelf_01_Preset.prefab using Guid(02d93f7fd2e4839498f7e28d5b9c5d25) Importer(815301076,1909f56bfc062723c751e8b465ee728b) (PreviewImporter) -> (artifact id: 'dd0c2a10d9fbf2a7cd6dc362dc81cbc5') in 0.0191082 seconds
Number of updated asset objects reloaded before import = 0Number of asset objects unloaded after import = 17

========================================================================
Received Import Request.
  Time since last request: 0.000028 seconds.
  path: Assets/Synty/PolygonShops/Models/SM_Prop_Kitchen_ServingShelf_01.fbx
  artifactKey: Guid(0c9deffa08b0ad749a7de3c428a96153) Importer(815301076,1909f56bfc062723c751e8b465ee728b)
Start importing Assets/Synty/PolygonShops/Models/SM_Prop_Kitchen_ServingShelf_01.fbx using Guid(0c9deffa08b0ad749a7de3c428a96153) Importer(815301076,1909f56bfc062723c751e8b465ee728b) (PreviewImporter) -> (artifact id: '4d8e13fe3b3554c7dc83114da3c4a5cd') in 0.0171463 seconds
Number of updated asset objects reloaded before import = 0Number of asset objects unloaded after import = 7

========================================================================
Received Import Request.
  Time since last request: 0.000026 seconds.
  path: Assets/Synty/PolygonShops/Prefabs/Props/SM_Prop_Kitchen_ServingShelf_01.prefab
  artifactKey: Guid(a890abcfe97ff7e41a37d0304753b483) Importer(815301076,1909f56bfc062723c751e8b465ee728b)
Start importing Assets/Synty/PolygonShops/Prefabs/Props/SM_Prop_Kitchen_ServingShelf_01.prefab using Guid(a890abcfe97ff7e41a37d0304753b483) Importer(815301076,1909f56bfc062723c751e8b465ee728b) (PreviewImporter) -> (artifact id: 'd292d446afc019955fe549c9ef94423d') in 0.0231473 seconds
Number of updated asset objects reloaded before import = 0Number of asset objects unloaded after import = 17

========================================================================
Received Import Request.
  Time since last request: 0.303420 seconds.
  path: Assets/Synty/PolygonShops/Prefabs/Props/SM_Prop_Market_Checkout_Shelf_01.prefab
  artifactKey: Guid(6d823e723bf3a474ab28e973664e7bd0) Importer(815301076,1909f56bfc062723c751e8b465ee728b)
Start importing Assets/Synty/PolygonShops/Prefabs/Props/SM_Prop_Market_Checkout_Shelf_01.prefab using Guid(6d823e723bf3a474ab28e973664e7bd0) Importer(815301076,1909f56bfc062723c751e8b465ee728b) (PreviewImporter) -> (artifact id: 'ec3a032144bbc773159b39278b1c6727') in 0.0170311 seconds
Number of updated asset objects reloaded before import = 0Number of asset objects unloaded after import = 17

========================================================================
Received Import Request.
  Time since last request: 0.000017 seconds.
  path: Assets/Synty/PolygonShops/Models/SM_Prop_Market_Checkout_Shelf_02.fbx
  artifactKey: Guid(ca4bb8a26b02622409995e9a6b7e16af) Importer(815301076,1909f56bfc062723c751e8b465ee728b)
Start importing Assets/Synty/PolygonShops/Models/SM_Prop_Market_Checkout_Shelf_02.fbx using Guid(ca4bb8a26b02622409995e9a6b7e16af) Importer(815301076,1909f56bfc062723c751e8b465ee728b) (PreviewImporter) -> (artifact id: 'e000ce031a3ba27b66d5a6fb1758fba0') in 0.015783 seconds
Number of updated asset objects reloaded before import = 0Number of asset objects unloaded after import = 7

========================================================================
Received Import Request.
  Time since last request: 0.000021 seconds.
  path: Assets/Synty/PolygonShops/Models/SM_Prop_Market_Checkout_Shelf_03.fbx
  artifactKey: Guid(131e39cc23061ef4f81b57d2375db894) Importer(815301076,1909f56bfc062723c751e8b465ee728b)
Start importing Assets/Synty/PolygonShops/Models/SM_Prop_Market_Checkout_Shelf_03.fbx using Guid(131e39cc23061ef4f81b57d2375db894) Importer(815301076,1909f56bfc062723c751e8b465ee728b) (PreviewImporter) -> (artifact id: '93bbccde1cc0b00be45e85a2c6cbfa46') in 0.0181762 seconds
Number of updated asset objects reloaded before import = 0Number of asset objects unloaded after import = 7

========================================================================
Received Import Request.
  Time since last request: 1.097183 seconds.
  path: Assets/Synty/PolygonShops/Prefabs/Props/SM_Prop_Market_Checkout_Shelf_Large_01.prefab
  artifactKey: Guid(5466361744f64634a94caa6ea6c5b4e7) Importer(815301076,1909f56bfc062723c751e8b465ee728b)
Start importing Assets/Synty/PolygonShops/Prefabs/Props/SM_Prop_Market_Checkout_Shelf_Large_01.prefab using Guid(5466361744f64634a94caa6ea6c5b4e7) Importer(815301076,1909f56bfc062723c751e8b465ee728b) (PreviewImporter) -> (artifact id: '1b81f0aaa769c563e4e2c93dbeaad1e6') in 0.0176825 seconds
Number of updated asset objects reloaded before import = 0Number of asset objects unloaded after import = 17

========================================================================
Received Import Request.
  Time since last request: 0.128089 seconds.
  path: Assets/Synty/PolygonShops/Models/SM_Prop_Market_Checkout_Shelf_Large_02.fbx
  artifactKey: Guid(3ca1721f479f441489bca0951aaa969a) Importer(815301076,1909f56bfc062723c751e8b465ee728b)
Start importing Assets/Synty/PolygonShops/Models/SM_Prop_Market_Checkout_Shelf_Large_02.fbx using Guid(3ca1721f479f441489bca0951aaa969a) Importer(815301076,1909f56bfc062723c751e8b465ee728b) (PreviewImporter) -> (artifact id: '9a73fd00402ca987a77b85222b2c21e2') in 0.0151624 seconds
Number of updated asset objects reloaded before import = 0Number of asset objects unloaded after import = 7

========================================================================
Received Import Request.
  Time since last request: 22.243830 seconds.
  path: Assets/Synty/PolygonShops/Prefabs/Props/SM_Prop_Bar_Stool_01.prefab
  artifactKey: Guid(2897e116b1b051741bc6203fcc0ed04a) Importer(815301076,1909f56bfc062723c751e8b465ee728b)
Start importing Assets/Synty/PolygonShops/Prefabs/Props/SM_Prop_Bar_Stool_01.prefab using Guid(2897e116b1b051741bc6203fcc0ed04a) Importer(815301076,1909f56bfc062723c751e8b465ee728b) (PreviewImporter) -> (artifact id: '431efb7250739076d25d423000a3d158') in 0.0219675 seconds
Number of updated asset objects reloaded before import = 0Number of asset objects unloaded after import = 17

========================================================================
Received Import Request.
  Time since last request: 0.000022 seconds.
  path: Assets/Synty/PolygonShops/Models/SM_Prop_Bar_Stool_03.fbx
  artifactKey: Guid(1fcae8d86b20fb0458bf8b4d9d3aa330) Importer(815301076,1909f56bfc062723c751e8b465ee728b)
Start importing Assets/Synty/PolygonShops/Models/SM_Prop_Bar_Stool_03.fbx using Guid(1fcae8d86b20fb0458bf8b4d9d3aa330) Importer(815301076,1909f56bfc062723c751e8b465ee728b) (PreviewImporter) -> (artifact id: '56cfc3156b5dcaa91b33f3e1791c27e0') in 0.0182425 seconds
Number of updated asset objects reloaded before import = 0Number of asset objects unloaded after import = 7

========================================================================
Received Import Request.
  Time since last request: 0.000050 seconds.
  path: Assets/Synty/PolygonShops/Models/Collision/Convex/SM_Prop_Queue_Barrier_Post_01_Convex.asset
  artifactKey: Guid(b8c5d8bf5db46f541acce4c7429472e2) Importer(815301076,1909f56bfc062723c751e8b465ee728b)
Start importing Assets/Synty/PolygonShops/Models/Collision/Convex/SM_Prop_Queue_Barrier_Post_01_Convex.asset using Guid(b8c5d8bf5db46f541acce4c7429472e2) Importer(815301076,1909f56bfc062723c751e8b465ee728b) (PreviewImporter) -> (artifact id: 'f7d00b6917911dd5143addb892c1807e') in 0.0124244 seconds
Number of updated asset objects reloaded before import = 0Number of asset objects unloaded after import = 2

========================================================================
Received Import Request.
  Time since last request: 0.000021 seconds.
  path: Assets/Synty/PolygonShops/Models/SM_Prop_Queue_Barrier_Post_02.fbx
  artifactKey: Guid(dcaba62dcee90914da5293923b0bc461) Importer(815301076,1909f56bfc062723c751e8b465ee728b)
Start importing Assets/Synty/PolygonShops/Models/SM_Prop_Queue_Barrier_Post_02.fbx using Guid(dcaba62dcee90914da5293923b0bc461) Importer(815301076,1909f56bfc062723c751e8b465ee728b) (PreviewImporter) -> (artifact id: 'bc32d6264c0119a22b56b45ad24809a0') in 0.013718 seconds
Number of updated asset objects reloaded before import = 0Number of asset objects unloaded after import = 7

========================================================================
Received Import Request.
  Time since last request: 213.079986 seconds.
  path: Assets/Synty/PolygonApocalypse/Models/SM_Prop_Gramophone_01.fbx
  artifactKey: Guid(75f571be9dbba4c4ebf9eb7b38f65eea) Importer(815301076,1909f56bfc062723c751e8b465ee728b)
Start importing Assets/Synty/PolygonApocalypse/Models/SM_Prop_Gramophone_01.fbx using Guid(75f571be9dbba4c4ebf9eb7b38f65eea) Importer(815301076,1909f56bfc062723c751e8b465ee728b) (PreviewImporter) -> (artifact id: '980396f61321afa4d914c1caab1751d1') in 0.0167223 seconds
Number of updated asset objects reloaded before import = 0Number of asset objects unloaded after import = 7

========================================================================
Received Import Request.
  Time since last request: 0.000023 seconds.
  path: Assets/Synty/PolygonShops/Models/Collision/Convex/SM_Prop_Mop_01_Convex.asset
  artifactKey: Guid(689a409d35c135747a8bb99446eab1cf) Importer(815301076,1909f56bfc062723c751e8b465ee728b)
Start importing Assets/Synty/PolygonShops/Models/Collision/Convex/SM_Prop_Mop_01_Convex.asset using Guid(689a409d35c135747a8bb99446eab1cf) Importer(815301076,1909f56bfc062723c751e8b465ee728b) (PreviewImporter) -> (artifact id: '5702aa25f133c0c50e170c5e73bfc035') in 0.0125178 seconds
Number of updated asset objects reloaded before import = 0Number of asset objects unloaded after import = 2

========================================================================
Received Import Request.
  Time since last request: 0.000030 seconds.
  path: Assets/Synty/PolygonShops/Models/Collision/Convex/SM_Prop_Mop_Bucket_01_Convex.asset
  artifactKey: Guid(5877f3735a6831045ad9f74da8c6dad8) Importer(815301076,1909f56bfc062723c751e8b465ee728b)
Start importing Assets/Synty/PolygonShops/Models/Collision/Convex/SM_Prop_Mop_Bucket_01_Convex.asset using Guid(5877f3735a6831045ad9f74da8c6dad8) Importer(815301076,1909f56bfc062723c751e8b465ee728b) (PreviewImporter) -> (artifact id: 'b9d5b900e3a28114e667a1938e0f5884') in 0.0140169 seconds
Number of updated asset objects reloaded before import = 0Number of asset objects unloaded after import = 2

========================================================================
Received Import Request.
  Time since last request: 0.000038 seconds.
  path: Assets/Synty/PolygonShops/Models/SM_Prop_Mop_Bucket_01.fbx
  artifactKey: Guid(d3abf403a26d4614688fb4fbd297030b) Importer(815301076,1909f56bfc062723c751e8b465ee728b)
Start importing Assets/Synty/PolygonShops/Models/SM_Prop_Mop_Bucket_01.fbx using Guid(d3abf403a26d4614688fb4fbd297030b) Importer(815301076,1909f56bfc062723c751e8b465ee728b) (PreviewImporter) -> (artifact id: '2e5a5c8f3781bf9069eed854ac200b31') in 0.0188754 seconds
Number of updated asset objects reloaded before import = 0Number of asset objects unloaded after import = 7

========================================================================
Received Import Request.
  Time since last request: 0.000028 seconds.
  path: Assets/Synty/PolygonShops/Prefabs/Props/SM_Prop_Mop_Bucket_01.prefab
  artifactKey: Guid(7c15bcd6daec50d45afb1bab9fa94e0a) Importer(815301076,1909f56bfc062723c751e8b465ee728b)
Start importing Assets/Synty/PolygonShops/Prefabs/Props/SM_Prop_Mop_Bucket_01.prefab using Guid(7c15bcd6daec50d45afb1bab9fa94e0a) Importer(815301076,1909f56bfc062723c751e8b465ee728b) (PreviewImporter) -> (artifact id: 'a65d8d2e235787023657bd6ee6434f64') in 0.0225121 seconds
Number of updated asset objects reloaded before import = 0Number of asset objects unloaded after import = 17

========================================================================
Received Import Request.
  Time since last request: 0.000025 seconds.
  path: Assets/Synty/PolygonApocalypse/Models/Convex/SM_Prop_Gramophone_01_Convex.asset
  artifactKey: Guid(8f851a258cbc0b445a2c5d487b082f34) Importer(815301076,1909f56bfc062723c751e8b465ee728b)
Start importing Assets/Synty/PolygonApocalypse/Models/Convex/SM_Prop_Gramophone_01_Convex.asset using Guid(8f851a258cbc0b445a2c5d487b082f34) Importer(815301076,1909f56bfc062723c751e8b465ee728b) (PreviewImporter) -> (artifact id: '48acb6fd94a54b09f9c146e641a4f81b') in 0.0198291 seconds
Number of updated asset objects reloaded before import = 0Number of asset objects unloaded after import = 2

Editor requested this worker to shutdown with reason: Scaling down because of idle timeout
AssetImportWorker is now disconnected from the server
Process exiting
Exiting without the bug reporter. Application will terminate with return code 0