[Licensing::Module] Trying to connect to existing licensing client channel...
Built from '6000.3/staging' branch; Version is '6000.3.13f1 (8c4f11e4fb20) revision 9195281'; Using compiler version '194234433'; Build Type 'Release'
OS: 'Windows 11  (10.0.26200) Core' Language: 'en' Physical Memory: 32347 MB
[Licensing::IpcConnector] Successfully connected to: "LicenseClient-zieli" at "2026-04-22T14:16:30.6772203Z"
BatchMode: 1, IsHumanControllingUs: 0, StartBugReporterOnCrash: 0, Is64bit: 1
System  architecture: x64
Process architecture: x64
Date: 2026-04-22T14:16:30Z

COMMAND LINE ARGUMENTS:
C:\Program Files\Unity\Hub\Editor\6000.3.13f1\Editor\Unity.exe
-adb2
-batchMode
-noUpm
-name
AssetImportWorker3
-projectPath
C:/Game Development/DisasterDiner
-logFile
Logs/AssetImportWorker3.log
-srvPort
63826
-licensingIpc
LicenseClient-zieli
-job-worker-count
7
-background-job-worker-count
8
-gc-helper-count
1
-name
AssetImport
Successfully changed project path to: C:/Game Development/DisasterDiner
C:/Game Development/DisasterDiner
[UnityMemory] Configuration Parameters - Can be set up in boot.config
    "memorysetup-temp-allocator-size-nav-mesh-worker=65536"
    "memorysetup-temp-allocator-size-audio-worker=65536"
    "memorysetup-temp-allocator-size-gfx=262144"
    "memorysetup-allocator-temp-initial-block-size-main=262144"
    "memorysetup-allocator-temp-initial-block-size-worker=262144"
    "memorysetup-temp-allocator-size-background-worker=32768"
    "memorysetup-temp-allocator-size-job-worker=262144"
    "memorysetup-temp-allocator-size-preload-manager=33554432"
    "memorysetup-temp-allocator-size-gi-baking-worker=262144"
    "memorysetup-temp-allocator-size-gi-baking-worker=262144"
    "memorysetup-temp-allocator-size-gi-baking-worker=262144"
    "memorysetup-temp-allocator-size-gi-baking-worker=262144"
    "memorysetup-temp-allocator-size-gi-baking-worker=262144"
    "memorysetup-bucket-allocator-granularity=16"
    "memorysetup-bucket-allocator-bucket-count=8"
    "memorysetup-bucket-allocator-block-size=33554432"
    "memorysetup-bucket-allocator-block-count=8"
    "memorysetup-main-allocator-block-size=16777216"
    "memorysetup-thread-allocator-block-size=16777216"
    "memorysetup-gfx-main-allocator-block-size=16777216"
    "memorysetup-gfx-thread-allocator-block-size=16777216"
    "memorysetup-cache-allocator-block-size=4194304"
    "memorysetup-typetree-allocator-block-size=2097152"
    "memorysetup-profiler-bucket-allocator-granularity=16"
    "memorysetup-profiler-bucket-allocator-bucket-count=8"
    "memorysetup-profiler-bucket-allocator-block-size=33554432"
    "memorysetup-profiler-bucket-allocator-block-count=8"
    "memorysetup-profiler-allocator-block-size=16777216"
    "memorysetup-profiler-editor-allocator-block-size=1048576"
    "memorysetup-temp-allocator-size-main=16777216"
    "memorysetup-job-temp-allocator-block-size=2097152"
    "memorysetup-job-temp-allocator-block-size-background=1048576"
    "memorysetup-job-temp-allocator-reduction-small-platforms=262144"
    "memorysetup-temp-allocator-size-cloud-worker=32768"
Player connection [29784]  Target information:

Player connection [29784]  * "[IP] 192.168.86.22 [Port] 0 [Flags] 2 [Guid] 3006659543 [EditorId] 3006659543 [Version] 1048832 [Id] WindowsEditor(7,Johns_PC) [Debug] 1 [PackageName] WindowsEditor [ProjectName] Editor" 

Player connection [29784] Host joined multi-casting on [225.0.0.222:54997]...
Player connection [29784] Host joined alternative multi-casting on [225.0.0.222:34997]...
JobSystem: Creating JobQueue using job-worker-count value 7
Input System module state changed to: Initialized.
[Physics::Module] Initialized fallback backend.
[Physics::Module] Id: 0xdecafbad
Library Redirect Path: Library/
[Physics::Module] Selected backend.
[Physics::Module] Name: PhysX
[Physics::Module] Id: 0xf2b8ea05
[Physics::Module] SDK Version: 4.1.2
[Physics::Module] Integration Version: 1.0.0
[Physics::Module] Threading Mode: Multi-Threaded
Refreshing native plugins compatible for Editor in 4.47 ms, found 4 plugins.
Preloading 0 native plugins for Editor in 0.00 ms.
Initialize engine version: 6000.3.13f1 (8c4f11e4fb20)
[Subsystems] Discovering subsystems at path C:/Program Files/Unity/Hub/Editor/6000.3.13f1/Editor/Data/Resources/UnitySubsystems
[Subsystems] Discovering subsystems at path C:/Game Development/DisasterDiner/Assets
GfxDevice: creating device client; kGfxThreadingModeNonThreaded
Direct3D:
    Version:  Direct3D 11.0 [level 11.1]
    Renderer: NVIDIA GeForce RTX 4070 SUPER (ID=0x2783)
    Vendor:   NVIDIA
    VRAM:     11999 MB
    Driver:   32.0.15.8157
Initialize mono
Mono path[0] = 'C:/Program Files/Unity/Hub/Editor/6000.3.13f1/Editor/Data/Managed'
Mono path[1] = 'C:/Program Files/Unity/Hub/Editor/6000.3.13f1/Editor/Data/MonoBleedingEdge/lib/mono/unityjit-win32'
Mono config path = 'C:/Program Files/Unity/Hub/Editor/6000.3.13f1/Editor/Data/MonoBleedingEdge/etc'
Using monoOptions --debugger-agent=transport=dt_socket,embedding=1,server=y,suspend=n,address=127.0.0.1:56260
Begin MonoManager ReloadAssembly
Registering precompiled unity dll's ...
Register platform support module: C:/Program Files/Unity/Hub/Editor/6000.3.13f1/Editor/Data/PlaybackEngines/WindowsStandaloneSupport/UnityEditor.WindowsStandalone.Extensions.dll
Registered in 0.001606 seconds.
- Loaded All Assemblies, in  0.407 seconds
[Licensing::Client] Error: HandshakeResponse reported an error:
	ResponseCode: 505
	ResponseStatus: Unsupported protocol version '1.18.1'.
[Licensing::Module] Error: Failed to handshake to channel: "LicenseClient-zieli"
[Licensing::IpcConnector] LicenseClient-zieli channel disconnected successfully.
[Licensing::IpcConnector] Successfully connected to: "LicenseClient-zieli-6000.3.13" at "2026-04-22T14:16:31.7217342Z"
Native extension for WindowsStandalone target not found
Package Manager log level set to [2]
[Package Manager] Failed to launch server process. Reason: Unity was launched with the -noUpm command-line argument
[Package Manager] Unable to send message (not connected to server process).
[Package Manager] Cannot connect to Unity Package Manager local server
ScheduleIndexationOnStartup MainProcess:False IndexOnStartup:True
Mono: successfully reloaded assembly
- Finished resetting the current domain, in  0.390 seconds
Domain Reload Profiling: 794ms
	BeginReloadAssembly (142ms)
		ExecutionOrderSort (0ms)
		DisableScriptedObjects (0ms)
		BackupInstance (0ms)
		ReleaseScriptingObjects (0ms)
		CreateAndSetChildDomain (1ms)
	RebuildCommonClasses (35ms)
	RebuildNativeTypeToScriptingClass (14ms)
	initialDomainReloadingComplete (45ms)
	LoadAllAssembliesAndSetupDomain (168ms)
		LoadAssemblies (138ms)
		RebuildTransferFunctionScriptingTraits (0ms)
		AnalyzeDomain (165ms)
			TypeCache.Refresh (163ms)
				TypeCache.ScanAssembly (150ms)
			BuildScriptInfoCaches (0ms)
			ResolveRequiredComponents (0ms)
	FinalizeReload (391ms)
		ReleaseScriptCaches (0ms)
		RebuildScriptCaches (0ms)
		SetupLoadedEditorAssemblies (358ms)
			LogAssemblyErrors (0ms)
			InitializePlatformSupportModulesInManaged (47ms)
			SetLoadedEditorAssemblies (4ms)
			BeforeProcessingInitializeOnLoad (77ms)
			ProcessInitializeOnLoadAttributes (143ms)
			ProcessInitializeOnLoadMethodAttributes (87ms)
			AfterProcessingInitializeOnLoad (0ms)
			EditorAssembliesLoaded (0ms)
		ExecutionOrderSort2 (0ms)
		AwakeInstancesAfterBackupRestoration (0ms)
========================================================================
Worker process is ready to serve import requests
Import Worker Mode flag is 0x00
Begin MonoManager ReloadAssembly
[Licensing::Module] Licensing is not yet initialized.
[Licensing::Client] Handshaking with LicensingClient:
  Version:                 1.18.1+9fbee8e
  Session Id:              f8a3313ad8e64dfb866298fd8b42dda6
  Correlation Id:          0a93e7b546b02e57733dac467a30e5da
  External correlation Id: 3961980968941759760
  Machine Id:              a0OP954qVZmt5azPS5PrvPW5hTY=
[Licensing::Module] Successfully connected to LicensingClient on channel: "LicenseClient-zieli-6000.3.13" (connect: 0.00s, validation: 0.00s, handshake: 0.92s)
[Licensing::IpcConnector] Successfully connected to: "LicenseClient-zieli-6000.3.13-notifications" at "2026-04-22T14:16:32.6468373Z"
[Licensing::Module] Licensing Background thread has ended after 1.97s
[Licensing::Module] Licensing is initialized (took 0.28s).
[Licensing::Client] Successfully resolved entitlement details
[Licensing::Module] License group:
  Id: 2475483376267-UnityPersXXXX
  Product: Unity Personal
  Type: Assigned
  Expiration: Unlimited
- Loaded All Assemblies, in  0.970 seconds
Refreshing native plugins compatible for Editor in 1.32 ms, found 4 plugins.
Native extension for WindowsStandalone target not found
[Package Manager] Failed to launch server process. Reason: Unity was launched with the -noUpm command-line argument
[Package Manager] Unable to send message (not connected to server process).
[Package Manager] Cannot connect to Unity Package Manager local server
Refreshing native plugins compatible for Editor in 1.42 ms, found 4 plugins.
[Package Manager] Failed to launch server process. Reason: Unity was launched with the -noUpm command-line argument
[Package Manager] Unable to send message (not connected to server process).
[Package Manager] Cannot connect to Unity Package Manager local server
ScheduleIndexationOnStartup MainProcess:False IndexOnStartup:True
Mono: successfully reloaded assembly
- Finished resetting the current domain, in  0.693 seconds
Domain Reload Profiling: 1660ms
	BeginReloadAssembly (433ms)
		ExecutionOrderSort (0ms)
		DisableScriptedObjects (4ms)
		BackupInstance (0ms)
		ReleaseScriptingObjects (0ms)
		CreateAndSetChildDomain (28ms)
	RebuildCommonClasses (32ms)
	RebuildNativeTypeToScriptingClass (13ms)
	initialDomainReloadingComplete (31ms)
	LoadAllAssembliesAndSetupDomain (457ms)
		LoadAssemblies (317ms)
		RebuildTransferFunctionScriptingTraits (0ms)
		AnalyzeDomain (229ms)
			TypeCache.Refresh (175ms)
				TypeCache.ScanAssembly (162ms)
			BuildScriptInfoCaches (44ms)
			ResolveRequiredComponents (8ms)
	FinalizeReload (693ms)
		ReleaseScriptCaches (0ms)
		RebuildScriptCaches (0ms)
		SetupLoadedEditorAssemblies (484ms)
			LogAssemblyErrors (0ms)
			InitializePlatformSupportModulesInManaged (2ms)
			SetLoadedEditorAssemblies (3ms)
			BeforeProcessingInitializeOnLoad (114ms)
			ProcessInitializeOnLoadAttributes (304ms)
			ProcessInitializeOnLoadMethodAttributes (57ms)
			AfterProcessingInitializeOnLoad (5ms)
			EditorAssembliesLoaded (0ms)
		ExecutionOrderSort2 (0ms)
		AwakeInstancesAfterBackupRestoration (6ms)
Launched and connected shader compiler UnityShaderCompiler.exe after 0.02 seconds
Refreshing native plugins compatible for Editor in 1.86 ms, found 4 plugins.
Preloading 0 native plugins for Editor in 0.00 ms.
Unloading 16 Unused Serialized files (Serialized files now loaded: 0)
Unloading 6447 unused Assets / (5.2 MB). Loaded Objects now: 7249.
Memory consumption went from 162.4 MB to 157.3 MB.
Total: 7.337700 ms (FindLiveObjects: 0.568900 ms CreateObjectMapping: 0.361400 ms MarkObjects: 3.869800 ms  DeleteObjects: 2.536300 ms)

========================================================================
Received Import Request.
  Time since last request: 60388.653268 seconds.
  path: Assets/Synty/PolygonShops/Models/Collision/Convex/SM_Prop_Lighting_Wall_01_Convex.asset
  artifactKey: Guid(9a2ff0f015fcd464da2bb610deb3eeef) Importer(815301076,1909f56bfc062723c751e8b465ee728b)
Start importing Assets/Synty/PolygonShops/Models/Collision/Convex/SM_Prop_Lighting_Wall_01_Convex.asset using Guid(9a2ff0f015fcd464da2bb610deb3eeef) Importer(815301076,1909f56bfc062723c751e8b465ee728b) (PreviewImporter) -> (artifact id: '5cfebfe16d26495473b8b22483efae0d') in 0.0823277 seconds
Number of updated asset objects reloaded before import = 0Number of asset objects unloaded after import = 2

========================================================================
Received Import Request.
  Time since last request: 0.000022 seconds.
  path: Assets/Synty/PolygonShops/Prefabs/Props/SM_Prop_Lighting_Ceiling_Shaded_02.prefab
  artifactKey: Guid(da0a140f49b8aa94e99f18a15bd52519) Importer(815301076,1909f56bfc062723c751e8b465ee728b)
Start importing Assets/Synty/PolygonShops/Prefabs/Props/SM_Prop_Lighting_Ceiling_Shaded_02.prefab using Guid(da0a140f49b8aa94e99f18a15bd52519) Importer(815301076,1909f56bfc062723c751e8b465ee728b) (PreviewImporter) -> (artifact id: '4fae4740863fa05e41f1475da6842337') in 0.3661528 seconds
Number of updated asset objects reloaded before import = 0Number of asset objects unloaded after import = 17

========================================================================
Received Import Request.
  Time since last request: 0.000031 seconds.
  path: Assets/Synty/PolygonShops/Prefabs/Props/SM_Prop_Lighting_Ceiling_Bar_02.prefab
  artifactKey: Guid(7dfc051aa6546874194f92c48378e68a) Importer(815301076,1909f56bfc062723c751e8b465ee728b)
Start importing Assets/Synty/PolygonShops/Prefabs/Props/SM_Prop_Lighting_Ceiling_Bar_02.prefab using Guid(7dfc051aa6546874194f92c48378e68a) Importer(815301076,1909f56bfc062723c751e8b465ee728b) (PreviewImporter) -> (artifact id: 'af885bb84d779b49dc00646d07bddbb9') in 0.0253673 seconds
Number of updated asset objects reloaded before import = 0Number of asset objects unloaded after import = 17

========================================================================
Received Import Request.
  Time since last request: 0.000034 seconds.
  path: Assets/Synty/PolygonApocalypse/Models/Convex/SM_Prop_Light_Industrial_Wall_01_Convex.asset
  artifactKey: Guid(e289b8aadb3b0354e82397580c75f42c) Importer(815301076,1909f56bfc062723c751e8b465ee728b)
Start importing Assets/Synty/PolygonApocalypse/Models/Convex/SM_Prop_Light_Industrial_Wall_01_Convex.asset using Guid(e289b8aadb3b0354e82397580c75f42c) Importer(815301076,1909f56bfc062723c751e8b465ee728b) (PreviewImporter) -> (artifact id: 'e57f126df16907ac120a7f4ee4197e63') in 0.01505 seconds
Number of updated asset objects reloaded before import = 0Number of asset objects unloaded after import = 2

========================================================================
Received Import Request.
  Time since last request: 0.000025 seconds.
  path: Assets/Synty/PolygonShops/Prefabs/Props/SM_Prop_Lighting_Ceiling_Industrial_01.prefab
  artifactKey: Guid(54b56ef7f6832664985c774b5bfa472a) Importer(815301076,1909f56bfc062723c751e8b465ee728b)
Start importing Assets/Synty/PolygonShops/Prefabs/Props/SM_Prop_Lighting_Ceiling_Industrial_01.prefab using Guid(54b56ef7f6832664985c774b5bfa472a) Importer(815301076,1909f56bfc062723c751e8b465ee728b) (PreviewImporter) -> (artifact id: '20593a880c0ac912132f8bf77a99e3f4') in 0.0203038 seconds
Number of updated asset objects reloaded before import = 0Number of asset objects unloaded after import = 23

========================================================================
Received Import Request.
  Time since last request: 0.000024 seconds.
  path: Assets/Synty/PolygonApocalypse/Prefabs/Props/SM_Prop_Light_Flurecent_01.prefab
  artifactKey: Guid(dcf139750140ed645bc672374ec389f1) Importer(815301076,1909f56bfc062723c751e8b465ee728b)
Start importing Assets/Synty/PolygonApocalypse/Prefabs/Props/SM_Prop_Light_Flurecent_01.prefab using Guid(dcf139750140ed645bc672374ec389f1) Importer(815301076,1909f56bfc062723c751e8b465ee728b) (PreviewImporter) -> (artifact id: '7ce2cfb3f5443daeb8606a20eeb448e5') in 0.0459245 seconds
Number of updated asset objects reloaded before import = 0Number of asset objects unloaded after import = 18

========================================================================
Received Import Request.
  Time since last request: 0.000037 seconds.
  path: Assets/Synty/PolygonShops/Prefabs/Props/SM_Prop_Lighting_Ceiling_Shaded_01.prefab
  artifactKey: Guid(f1aade93e23ba9d4cae0491c5ad7d3ea) Importer(815301076,1909f56bfc062723c751e8b465ee728b)
Start importing Assets/Synty/PolygonShops/Prefabs/Props/SM_Prop_Lighting_Ceiling_Shaded_01.prefab using Guid(f1aade93e23ba9d4cae0491c5ad7d3ea) Importer(815301076,1909f56bfc062723c751e8b465ee728b) (PreviewImporter) -> (artifact id: 'fd9bed7825029446cdbc3c3d0493eacd') in 0.02112 seconds
Number of updated asset objects reloaded before import = 0Number of asset objects unloaded after import = 17

========================================================================
Received Import Request.
  Time since last request: 0.000062 seconds.
  path: Assets/Synty/PolygonApocalypse/Models/SM_Prop_LightPole_Arm_01.fbx
  artifactKey: Guid(0679dc10dc312804cb063f1920f3c35a) Importer(815301076,1909f56bfc062723c751e8b465ee728b)
Start importing Assets/Synty/PolygonApocalypse/Models/SM_Prop_LightPole_Arm_01.fbx using Guid(0679dc10dc312804cb063f1920f3c35a) Importer(815301076,1909f56bfc062723c751e8b465ee728b) (PreviewImporter) -> (artifact id: '13a4ff8e2917782054d9986e39d22a68') in 0.0367305 seconds
Number of updated asset objects reloaded before import = 0Number of asset objects unloaded after import = 7

========================================================================
Received Import Request.
  Time since last request: 0.000022 seconds.
  path: Assets/Synty/PolygonShops/Models/SM_Prop_Lighting_Ceiling_Bar_12.fbx
  artifactKey: Guid(3f0b42029ee5a50429ab8d0a40ed5d87) Importer(815301076,1909f56bfc062723c751e8b465ee728b)
Start importing Assets/Synty/PolygonShops/Models/SM_Prop_Lighting_Ceiling_Bar_12.fbx using Guid(3f0b42029ee5a50429ab8d0a40ed5d87) Importer(815301076,1909f56bfc062723c751e8b465ee728b) (PreviewImporter) -> (artifact id: '01c91c9fc0b41f8f6a444a1d6e2a8ed7') in 0.0156882 seconds
Number of updated asset objects reloaded before import = 0Number of asset objects unloaded after import = 7

========================================================================
Received Import Request.
  Time since last request: 0.000031 seconds.
  path: Assets/Synty/PolygonShops/Prefabs/Props/SM_Prop_Lighting_Ceiling_Bulb_01.prefab
  artifactKey: Guid(cd5aa5147e2203f4fb2dac2b765962b0) Importer(815301076,1909f56bfc062723c751e8b465ee728b)
Start importing Assets/Synty/PolygonShops/Prefabs/Props/SM_Prop_Lighting_Ceiling_Bulb_01.prefab using Guid(cd5aa5147e2203f4fb2dac2b765962b0) Importer(815301076,1909f56bfc062723c751e8b465ee728b) (PreviewImporter) -> (artifact id: 'f0f041801650c245d3493fb51e921bf4') in 0.0520686 seconds
Number of updated asset objects reloaded before import = 0Number of asset objects unloaded after import = 17

========================================================================
Received Import Request.
  Time since last request: 0.000024 seconds.
  path: Assets/Synty/PolygonShops/Models/Collision/Convex/SM_Prop_Lighting_Ceiling_Cage_01_Convex.asset
  artifactKey: Guid(f8523d50f141fc84aabf90872ad34f57) Importer(815301076,1909f56bfc062723c751e8b465ee728b)
Start importing Assets/Synty/PolygonShops/Models/Collision/Convex/SM_Prop_Lighting_Ceiling_Cage_01_Convex.asset using Guid(f8523d50f141fc84aabf90872ad34f57) Importer(815301076,1909f56bfc062723c751e8b465ee728b) (PreviewImporter) -> (artifact id: '2ef8b1ec572496d665ed85b1069900f7') in 0.0200559 seconds
Number of updated asset objects reloaded before import = 0Number of asset objects unloaded after import = 2

========================================================================
Received Import Request.
  Time since last request: 0.000028 seconds.
  path: Assets/Synty/PolygonShops/Models/Collision/Convex/SM_Prop_Lighting_Ceiling_Industrial_01_Convex.asset
  artifactKey: Guid(71f18971d5cecbc489d548fb8d21e951) Importer(815301076,1909f56bfc062723c751e8b465ee728b)
Start importing Assets/Synty/PolygonShops/Models/Collision/Convex/SM_Prop_Lighting_Ceiling_Industrial_01_Convex.asset using Guid(71f18971d5cecbc489d548fb8d21e951) Importer(815301076,1909f56bfc062723c751e8b465ee728b) (PreviewImporter) -> (artifact id: 'f8ca7841a2556a6696c05b6201453787') in 0.0174464 seconds
Number of updated asset objects reloaded before import = 0Number of asset objects unloaded after import = 2

========================================================================
Received Import Request.
  Time since last request: 0.000019 seconds.
  path: Assets/Synty/PolygonShops/Models/SM_Prop_Lighting_Ceiling_Shaded_04.fbx
  artifactKey: Guid(bd6601178a085cc4a81af7b05e254965) Importer(815301076,1909f56bfc062723c751e8b465ee728b)
Start importing Assets/Synty/PolygonShops/Models/SM_Prop_Lighting_Ceiling_Shaded_04.fbx using Guid(bd6601178a085cc4a81af7b05e254965) Importer(815301076,1909f56bfc062723c751e8b465ee728b) (PreviewImporter) -> (artifact id: '77647ad083741330f2648da2f4a28712') in 0.0136085 seconds
Number of updated asset objects reloaded before import = 0Number of asset objects unloaded after import = 7

========================================================================
Received Import Request.
  Time since last request: 0.000053 seconds.
  path: Assets/Synty/PolygonShops/Models/Collision/Convex/SM_Prop_Lighting_Wall_02_Convex.asset
  artifactKey: Guid(875a8c2edf2e1f84198b6b0726a25e3b) Importer(815301076,1909f56bfc062723c751e8b465ee728b)
Start importing Assets/Synty/PolygonShops/Models/Collision/Convex/SM_Prop_Lighting_Wall_02_Convex.asset using Guid(875a8c2edf2e1f84198b6b0726a25e3b) Importer(815301076,1909f56bfc062723c751e8b465ee728b) (PreviewImporter) -> (artifact id: 'a3331526b4b08f456f665a9c0f73cfa8') in 0.0246343 seconds
Number of updated asset objects reloaded before import = 0Number of asset objects unloaded after import = 2

========================================================================
Received Import Request.
  Time since last request: 0.000025 seconds.
  path: Assets/Synty/PolygonShops/Models/Collision/Convex/SM_Prop_Lighting_Wall_03_Convex.asset
  artifactKey: Guid(ce96fe304826e754d893d5dab6cf84e7) Importer(815301076,1909f56bfc062723c751e8b465ee728b)
Start importing Assets/Synty/PolygonShops/Models/Collision/Convex/SM_Prop_Lighting_Wall_03_Convex.asset using Guid(ce96fe304826e754d893d5dab6cf84e7) Importer(815301076,1909f56bfc062723c751e8b465ee728b) (PreviewImporter) -> (artifact id: '15acd9801174a64dc2849fb7b03d842e') in 0.0173499 seconds
Number of updated asset objects reloaded before import = 0Number of asset objects unloaded after import = 2

========================================================================
Received Import Request.
  Time since last request: 0.000024 seconds.
  path: Assets/Synty/PolygonShops/Models/SM_Prop_Lighting_Ceiling_Shaded_06.fbx
  artifactKey: Guid(52f618cf28314a84c9b8f1cf6f3a04b3) Importer(815301076,1909f56bfc062723c751e8b465ee728b)
Start importing Assets/Synty/PolygonShops/Models/SM_Prop_Lighting_Ceiling_Shaded_06.fbx using Guid(52f618cf28314a84c9b8f1cf6f3a04b3) Importer(815301076,1909f56bfc062723c751e8b465ee728b) (PreviewImporter) -> (artifact id: '28857c8e4f2f0918dae4843ac542c1f0') in 0.0338102 seconds
Number of updated asset objects reloaded before import = 0Number of asset objects unloaded after import = 7

========================================================================
Received Import Request.
  Time since last request: 0.000033 seconds.
  path: Assets/Synty/PolygonShops/Models/SM_Prop_Lighting_Ceiling_Bar_05.fbx
  artifactKey: Guid(19e7e9072a7169b4a99850fccc20a98b) Importer(815301076,1909f56bfc062723c751e8b465ee728b)
Start importing Assets/Synty/PolygonShops/Models/SM_Prop_Lighting_Ceiling_Bar_05.fbx using Guid(19e7e9072a7169b4a99850fccc20a98b) Importer(815301076,1909f56bfc062723c751e8b465ee728b) (PreviewImporter) -> (artifact id: 'f81524ab0fe9626a2aee4fdf1eb52686') in 0.0167727 seconds
Number of updated asset objects reloaded before import = 0Number of asset objects unloaded after import = 7

========================================================================
Received Import Request.
  Time since last request: 0.000020 seconds.
  path: Assets/Synty/PolygonShops/Prefabs/Props/SM_Prop_Lighting_Ceiling_Bar_08.prefab
  artifactKey: Guid(d0b08df97dbbaef47a2d87fb2025ae98) Importer(815301076,1909f56bfc062723c751e8b465ee728b)
Start importing Assets/Synty/PolygonShops/Prefabs/Props/SM_Prop_Lighting_Ceiling_Bar_08.prefab using Guid(d0b08df97dbbaef47a2d87fb2025ae98) Importer(815301076,1909f56bfc062723c751e8b465ee728b) (PreviewImporter) -> (artifact id: '43287e54527d3289e37850760453b1c3') in 0.0171868 seconds
Number of updated asset objects reloaded before import = 0Number of asset objects unloaded after import = 17

========================================================================
Received Import Request.
  Time since last request: 0.000026 seconds.
  path: Assets/Synty/PolygonApocalypse/Models/SM_Bld_HighRise_Medium_01_Stack_01.fbx
  artifactKey: Guid(20296e7e6acfb7444b86f55907e53892) Importer(815301076,1909f56bfc062723c751e8b465ee728b)
Start importing Assets/Synty/PolygonApocalypse/Models/SM_Bld_HighRise_Medium_01_Stack_01.fbx using Guid(20296e7e6acfb7444b86f55907e53892) Importer(815301076,1909f56bfc062723c751e8b465ee728b) (PreviewImporter) -> (artifact id: '39e94b86ecfac057d885ea42cbff011f') in 0.0157122 seconds
Number of updated asset objects reloaded before import = 0Number of asset objects unloaded after import = 7

========================================================================
Received Import Request.
  Time since last request: 0.000024 seconds.
  path: Assets/Synty/PolygonShops/Models/SM_Prop_Lighting_Wall_05.fbx
  artifactKey: Guid(ccd4c26f8810ccf4f801fddccc9d86e9) Importer(815301076,1909f56bfc062723c751e8b465ee728b)
Start importing Assets/Synty/PolygonShops/Models/SM_Prop_Lighting_Wall_05.fbx using Guid(ccd4c26f8810ccf4f801fddccc9d86e9) Importer(815301076,1909f56bfc062723c751e8b465ee728b) (PreviewImporter) -> (artifact id: '26130cd743dfd6a7066d2e3324421455') in 0.0212038 seconds
Number of updated asset objects reloaded before import = 0Number of asset objects unloaded after import = 12

========================================================================
Received Import Request.
  Time since last request: 0.000021 seconds.
  path: Assets/Synty/PolygonShops/Models/SM_Prop_Lighting_Ceiling_Bulb_01.fbx
  artifactKey: Guid(df8c96c6715745342ab2a876a1285bbf) Importer(815301076,1909f56bfc062723c751e8b465ee728b)
Start importing Assets/Synty/PolygonShops/Models/SM_Prop_Lighting_Ceiling_Bulb_01.fbx using Guid(df8c96c6715745342ab2a876a1285bbf) Importer(815301076,1909f56bfc062723c751e8b465ee728b) (PreviewImporter) -> (artifact id: '265d3d4547cb4ba1c5333adf389edd02') in 0.0306652 seconds
Number of updated asset objects reloaded before import = 0Number of asset objects unloaded after import = 7

========================================================================
Received Import Request.
  Time since last request: 0.000032 seconds.
  path: Assets/Synty/PolygonShops/Prefabs/Props/SM_Prop_Lighting_Ceiling_Bar_03.prefab
  artifactKey: Guid(072ed79cf61f5404caefbc7b2a380b4f) Importer(815301076,1909f56bfc062723c751e8b465ee728b)
Start importing Assets/Synty/PolygonShops/Prefabs/Props/SM_Prop_Lighting_Ceiling_Bar_03.prefab using Guid(072ed79cf61f5404caefbc7b2a380b4f) Importer(815301076,1909f56bfc062723c751e8b465ee728b) (PreviewImporter) -> (artifact id: 'f5a5c0d771da58f30f1b41abe38b6855') in 0.0165624 seconds
Number of updated asset objects reloaded before import = 0Number of asset objects unloaded after import = 17

========================================================================
Received Import Request.
  Time since last request: 0.000021 seconds.
  path: Assets/Synty/PolygonShops/Models/SM_Prop_Lighting_Ceiling_Shaded_02.fbx
  artifactKey: Guid(23bb1b15cf3f6594c8e937b89c121814) Importer(815301076,1909f56bfc062723c751e8b465ee728b)
Start importing Assets/Synty/PolygonShops/Models/SM_Prop_Lighting_Ceiling_Shaded_02.fbx using Guid(23bb1b15cf3f6594c8e937b89c121814) Importer(815301076,1909f56bfc062723c751e8b465ee728b) (PreviewImporter) -> (artifact id: '3f611e4a092b7bde4f3d55e1f1614044') in 0.0373106 seconds
Number of updated asset objects reloaded before import = 0Number of asset objects unloaded after import = 7

========================================================================
Received Import Request.
  Time since last request: 0.000024 seconds.
  path: Assets/Synty/PolygonShops/Models/Collision/Convex/SM_Prop_Lighting_Ceiling_Bar_05_Convex.asset
  artifactKey: Guid(4709633f950ab3245a80bb88a5c26866) Importer(815301076,1909f56bfc062723c751e8b465ee728b)
Start importing Assets/Synty/PolygonShops/Models/Collision/Convex/SM_Prop_Lighting_Ceiling_Bar_05_Convex.asset using Guid(4709633f950ab3245a80bb88a5c26866) Importer(815301076,1909f56bfc062723c751e8b465ee728b) (PreviewImporter) -> (artifact id: '69c7efb7a845c429264afd4a0c955369') in 0.0165516 seconds
Number of updated asset objects reloaded before import = 0Number of asset objects unloaded after import = 2

========================================================================
Received Import Request.
  Time since last request: 0.000027 seconds.
  path: Assets/Synty/PolygonShops/Prefabs/Props/SM_Prop_Lighting_Ceiling_Shaded_05.prefab
  artifactKey: Guid(222855cc3cfd2824b8f0cfed9f372b31) Importer(815301076,1909f56bfc062723c751e8b465ee728b)
Start importing Assets/Synty/PolygonShops/Prefabs/Props/SM_Prop_Lighting_Ceiling_Shaded_05.prefab using Guid(222855cc3cfd2824b8f0cfed9f372b31) Importer(815301076,1909f56bfc062723c751e8b465ee728b) (PreviewImporter) -> (artifact id: '8b0ae4fb1afbf62edd72e0fca8c1f392') in 0.0171775 seconds
Number of updated asset objects reloaded before import = 0Number of asset objects unloaded after import = 17

========================================================================
Received Import Request.
  Time since last request: 0.000028 seconds.
  path: Assets/Synty/PolygonShops/Models/SM_Prop_Lighting_Ceiling_Bar_01.fbx
  artifactKey: Guid(45df0c0fb6de2c248b83eb7a90badd60) Importer(815301076,1909f56bfc062723c751e8b465ee728b)
Start importing Assets/Synty/PolygonShops/Models/SM_Prop_Lighting_Ceiling_Bar_01.fbx using Guid(45df0c0fb6de2c248b83eb7a90badd60) Importer(815301076,1909f56bfc062723c751e8b465ee728b) (PreviewImporter) -> (artifact id: '83d4468385c74c75340866bbf8311189') in 0.0155245 seconds
Number of updated asset objects reloaded before import = 0Number of asset objects unloaded after import = 7

========================================================================
Received Import Request.
  Time since last request: 0.000030 seconds.
  path: Assets/Synty/PolygonApocalypse/Models/Convex/SM_Prop_Flashlight_05_Convex.asset
  artifactKey: Guid(0d0be4adcd6f4f64d87148abbb99f0b9) Importer(815301076,1909f56bfc062723c751e8b465ee728b)
Start importing Assets/Synty/PolygonApocalypse/Models/Convex/SM_Prop_Flashlight_05_Convex.asset using Guid(0d0be4adcd6f4f64d87148abbb99f0b9) Importer(815301076,1909f56bfc062723c751e8b465ee728b) (PreviewImporter) -> (artifact id: '65ab9a7802a68cc67fa3f728c39ea916') in 0.01737 seconds
Number of updated asset objects reloaded before import = 0Number of asset objects unloaded after import = 2

========================================================================
Received Import Request.
  Time since last request: 0.000020 seconds.
  path: Assets/Synty/PolygonApocalypse/Models/Convex/SM_Prop_Flashlight_03_Convex.asset
  artifactKey: Guid(13e55969a918a304b800274198056639) Importer(815301076,1909f56bfc062723c751e8b465ee728b)
Start importing Assets/Synty/PolygonApocalypse/Models/Convex/SM_Prop_Flashlight_03_Convex.asset using Guid(13e55969a918a304b800274198056639) Importer(815301076,1909f56bfc062723c751e8b465ee728b) (PreviewImporter) -> (artifact id: '2a4f5667a292649b318b2f049fb63df5') in 0.0156633 seconds
Number of updated asset objects reloaded before import = 0Number of asset objects unloaded after import = 2

========================================================================
Received Import Request.
  Time since last request: 0.000022 seconds.
  path: Assets/Synty/PolygonApocalypse/Models/SM_Prop_Flashlight_04.fbx
  artifactKey: Guid(b04874d93d5fe5542b8c84151b88a8e9) Importer(815301076,1909f56bfc062723c751e8b465ee728b)
Start importing Assets/Synty/PolygonApocalypse/Models/SM_Prop_Flashlight_04.fbx using Guid(b04874d93d5fe5542b8c84151b88a8e9) Importer(815301076,1909f56bfc062723c751e8b465ee728b) (PreviewImporter) -> (artifact id: 'c0aeeee7df6b11ab36dd3e60309c52a1') in 0.0128185 seconds
Number of updated asset objects reloaded before import = 0Number of asset objects unloaded after import = 7

========================================================================
Received Import Request.
  Time since last request: 0.000021 seconds.
  path: Assets/Synty/PolygonApocalypse/Models/Convex/SM_Prop_Bunker_Light_01_Convex.asset
  artifactKey: Guid(fce3472a9a208924596fca9cf156783d) Importer(815301076,1909f56bfc062723c751e8b465ee728b)
Start importing Assets/Synty/PolygonApocalypse/Models/Convex/SM_Prop_Bunker_Light_01_Convex.asset using Guid(fce3472a9a208924596fca9cf156783d) Importer(815301076,1909f56bfc062723c751e8b465ee728b) (PreviewImporter) -> (artifact id: '91f000a5cd9851b6bb4ba023ba7f6d26') in 0.0183987 seconds
Number of updated asset objects reloaded before import = 0Number of asset objects unloaded after import = 2

========================================================================
Received Import Request.
  Time since last request: 0.000028 seconds.
  path: Assets/Synty/PolygonApocalypse/Prefabs/Props/SM_Prop_Flashlight_01.prefab
  artifactKey: Guid(a3b4062f3add96c499756ba97fb24966) Importer(815301076,1909f56bfc062723c751e8b465ee728b)
Start importing Assets/Synty/PolygonApocalypse/Prefabs/Props/SM_Prop_Flashlight_01.prefab using Guid(a3b4062f3add96c499756ba97fb24966) Importer(815301076,1909f56bfc062723c751e8b465ee728b) (PreviewImporter) -> (artifact id: '0469f586e835dd997bf358c780634712') in 0.0297845 seconds
Number of updated asset objects reloaded before import = 0Number of asset objects unloaded after import = 18

========================================================================
Received Import Request.
  Time since last request: 0.000042 seconds.
  path: Assets/Synty/PolygonShops/Models/Collision/Convex/SM_Prop_Lighting_Ceiling_Bulb_01_Convex.asset
  artifactKey: Guid(ed99a1fb579830c4ba7d041497901d4b) Importer(815301076,1909f56bfc062723c751e8b465ee728b)
Start importing Assets/Synty/PolygonShops/Models/Collision/Convex/SM_Prop_Lighting_Ceiling_Bulb_01_Convex.asset using Guid(ed99a1fb579830c4ba7d041497901d4b) Importer(815301076,1909f56bfc062723c751e8b465ee728b) (PreviewImporter) -> (artifact id: 'c972ee34033d68c19075524abd0b48fc') in 0.037803 seconds
Number of updated asset objects reloaded before import = 0Number of asset objects unloaded after import = 2

========================================================================
Received Import Request.
  Time since last request: 0.000021 seconds.
  path: Assets/Synty/PolygonApocalypse/Models/SM_Prop_Floodlights_01.fbx
  artifactKey: Guid(e44939c0b0393f146a78ac1160576b54) Importer(815301076,1909f56bfc062723c751e8b465ee728b)
Start importing Assets/Synty/PolygonApocalypse/Models/SM_Prop_Floodlights_01.fbx using Guid(e44939c0b0393f146a78ac1160576b54) Importer(815301076,1909f56bfc062723c751e8b465ee728b) (PreviewImporter) -> (artifact id: 'c76ddadae8451b91de1c3549f09dc22f') in 0.0155081 seconds
Number of updated asset objects reloaded before import = 0Number of asset objects unloaded after import = 7

========================================================================
Received Import Request.
  Time since last request: 0.000019 seconds.
  path: Assets/Synty/PolygonShops/Models/SM_Prop_Market_Checkout_Light_02.fbx
  artifactKey: Guid(ad1673992c22f844f8d79d80f8448c3e) Importer(815301076,1909f56bfc062723c751e8b465ee728b)
Start importing Assets/Synty/PolygonShops/Models/SM_Prop_Market_Checkout_Light_02.fbx using Guid(ad1673992c22f844f8d79d80f8448c3e) Importer(815301076,1909f56bfc062723c751e8b465ee728b) (PreviewImporter) -> (artifact id: '1faadfbf8b03062336e6bdffa896a412') in 0.0153686 seconds
Number of updated asset objects reloaded before import = 0Number of asset objects unloaded after import = 7

========================================================================
Received Import Request.
  Time since last request: 0.000017 seconds.
  path: Assets/Synty/PolygonApocalypse/Prefabs/Props/SM_Prop_Flashlight_03.prefab
  artifactKey: Guid(290100e372c925c4d8a33d12424f9c28) Importer(815301076,1909f56bfc062723c751e8b465ee728b)
Start importing Assets/Synty/PolygonApocalypse/Prefabs/Props/SM_Prop_Flashlight_03.prefab using Guid(290100e372c925c4d8a33d12424f9c28) Importer(815301076,1909f56bfc062723c751e8b465ee728b) (PreviewImporter) -> (artifact id: 'ff5af59da0e8c8a8894d5c74d9ebeb76') in 0.0301365 seconds
Number of updated asset objects reloaded before import = 0Number of asset objects unloaded after import = 18

========================================================================
Received Import Request.
  Time since last request: 0.000035 seconds.
  path: Assets/Synty/PolygonShops/Models/Collision/Convex/SM_Prop_Lighting_Cable_01_Convex.asset
  artifactKey: Guid(a131712a9811cd44f99636f1f545f64f) Importer(815301076,1909f56bfc062723c751e8b465ee728b)
Start importing Assets/Synty/PolygonShops/Models/Collision/Convex/SM_Prop_Lighting_Cable_01_Convex.asset using Guid(a131712a9811cd44f99636f1f545f64f) Importer(815301076,1909f56bfc062723c751e8b465ee728b) (PreviewImporter) -> (artifact id: 'c3d8cad51dde93ed90f41acdffde5cec') in 0.0438734 seconds
Number of updated asset objects reloaded before import = 0Number of asset objects unloaded after import = 2

========================================================================
Received Import Request.
  Time since last request: 0.000055 seconds.
  path: Assets/Synty/PolygonShops/Models/SM_Prop_Bollard_Light_01.fbx
  artifactKey: Guid(b329eaab0954c7140be8e1c1c7205300) Importer(815301076,1909f56bfc062723c751e8b465ee728b)
Start importing Assets/Synty/PolygonShops/Models/SM_Prop_Bollard_Light_01.fbx using Guid(b329eaab0954c7140be8e1c1c7205300) Importer(815301076,1909f56bfc062723c751e8b465ee728b) (PreviewImporter) -> (artifact id: '24f6427e8c4fb143c1fd9c1d6bfdffa2') in 0.0131426 seconds
Number of updated asset objects reloaded before import = 0Number of asset objects unloaded after import = 7

========================================================================
Received Import Request.
  Time since last request: 0.000021 seconds.
  path: Assets/Synty/PolygonShops/Prefabs/Props/SM_Prop_Bathroom_Light_01.prefab
  artifactKey: Guid(96b0ab6db94b82549bc5ddf2df15d246) Importer(815301076,1909f56bfc062723c751e8b465ee728b)
Start importing Assets/Synty/PolygonShops/Prefabs/Props/SM_Prop_Bathroom_Light_01.prefab using Guid(96b0ab6db94b82549bc5ddf2df15d246) Importer(815301076,1909f56bfc062723c751e8b465ee728b) (PreviewImporter) -> (artifact id: '8ce2f127e5501491b2fde806b9739f66') in 0.015138 seconds
Number of updated asset objects reloaded before import = 0Number of asset objects unloaded after import = 18

========================================================================
Received Import Request.
  Time since last request: 0.000024 seconds.
  path: Assets/Synty/PolygonApocalypse/Models/Convex/SM_Item_Lighter_Flip_01_Convex.asset
  artifactKey: Guid(fda496d9765e66a41b158103953fea2e) Importer(815301076,1909f56bfc062723c751e8b465ee728b)
Start importing Assets/Synty/PolygonApocalypse/Models/Convex/SM_Item_Lighter_Flip_01_Convex.asset using Guid(fda496d9765e66a41b158103953fea2e) Importer(815301076,1909f56bfc062723c751e8b465ee728b) (PreviewImporter) -> (artifact id: '763e38f54d8733713c6ea8fcb2f61494') in 0.0152131 seconds
Number of updated asset objects reloaded before import = 0Number of asset objects unloaded after import = 2

========================================================================
Received Import Request.
  Time since last request: 0.000020 seconds.
  path: Assets/Synty/PolygonGeneric/Models/SM_Gen_Prop_Light_Wall_01.fbx
  artifactKey: Guid(8b89d0af22b30374c959171ff4902a3a) Importer(815301076,1909f56bfc062723c751e8b465ee728b)
Start importing Assets/Synty/PolygonGeneric/Models/SM_Gen_Prop_Light_Wall_01.fbx using Guid(8b89d0af22b30374c959171ff4902a3a) Importer(815301076,1909f56bfc062723c751e8b465ee728b) (PreviewImporter) -> (artifact id: '4bb33b392b71f5f639cdf7a8b0732c95') in 0.0143705 seconds
Number of updated asset objects reloaded before import = 0Number of asset objects unloaded after import = 7

========================================================================
Received Import Request.
  Time since last request: 0.000026 seconds.
  path: Assets/Synty/PolygonGeneric/Prefabs/Props/SM_Gen_Prop_Light_Roof_02.prefab
  artifactKey: Guid(48678e7353c71554aa77f0ae8229d625) Importer(815301076,1909f56bfc062723c751e8b465ee728b)
Start importing Assets/Synty/PolygonGeneric/Prefabs/Props/SM_Gen_Prop_Light_Roof_02.prefab using Guid(48678e7353c71554aa77f0ae8229d625) Importer(815301076,1909f56bfc062723c751e8b465ee728b) (PreviewImporter) -> (artifact id: '06490aca2c9fa7afe77fa25daeca76f3') in 0.0341265 seconds
Number of updated asset objects reloaded before import = 0Number of asset objects unloaded after import = 17

========================================================================
Received Import Request.
  Time since last request: 0.000041 seconds.
  path: Assets/Synty/PolygonShops/Models/Collision/Convex/SM_Bld_Skylight_Side_01_Convex.asset
  artifactKey: Guid(d5b5270b7d9cf6244b93b2481c96dcd8) Importer(815301076,1909f56bfc062723c751e8b465ee728b)
Start importing Assets/Synty/PolygonShops/Models/Collision/Convex/SM_Bld_Skylight_Side_01_Convex.asset using Guid(d5b5270b7d9cf6244b93b2481c96dcd8) Importer(815301076,1909f56bfc062723c751e8b465ee728b) (PreviewImporter) -> (artifact id: 'cd65a1a15c6b752c63b5110b10b475c8') in 0.0159554 seconds
Number of updated asset objects reloaded before import = 0Number of asset objects unloaded after import = 2

========================================================================
Received Import Request.
  Time since last request: 0.000026 seconds.
  path: Assets/Synty/PolygonGeneric/Models/SM_Gen_Prop_Light_Roof_01.fbx
  artifactKey: Guid(62e836387ef26db48ab8b5d4083f77ac) Importer(815301076,1909f56bfc062723c751e8b465ee728b)
Start importing Assets/Synty/PolygonGeneric/Models/SM_Gen_Prop_Light_Roof_01.fbx using Guid(62e836387ef26db48ab8b5d4083f77ac) Importer(815301076,1909f56bfc062723c751e8b465ee728b) (PreviewImporter) -> (artifact id: '34d8611c833d0c95efac51c1c2665938') in 0.0142427 seconds
Number of updated asset objects reloaded before import = 0Number of asset objects unloaded after import = 7

========================================================================
Received Import Request.
  Time since last request: 0.000026 seconds.
  path: Assets/Synty/PolygonApocalypse/Models/SM_Prop_Flashlight_06.fbx
  artifactKey: Guid(3b92cd22c93889048874bec946e2cc13) Importer(815301076,1909f56bfc062723c751e8b465ee728b)
Start importing Assets/Synty/PolygonApocalypse/Models/SM_Prop_Flashlight_06.fbx using Guid(3b92cd22c93889048874bec946e2cc13) Importer(815301076,1909f56bfc062723c751e8b465ee728b) (PreviewImporter) -> (artifact id: 'b612b653abaadb93aa54d03c2c8b522f') in 0.0150617 seconds
Number of updated asset objects reloaded before import = 0Number of asset objects unloaded after import = 7

========================================================================
Received Import Request.
  Time since last request: 0.000023 seconds.
  path: Assets/Synty/PolygonShops/Prefabs/Props/SM_Prop_Lighting_Spotlight_05.prefab
  artifactKey: Guid(5bdd4be16495e4548a3aeed919372598) Importer(815301076,1909f56bfc062723c751e8b465ee728b)
Start importing Assets/Synty/PolygonShops/Prefabs/Props/SM_Prop_Lighting_Spotlight_05.prefab using Guid(5bdd4be16495e4548a3aeed919372598) Importer(815301076,1909f56bfc062723c751e8b465ee728b) (PreviewImporter) -> (artifact id: 'c4a3dec055e421aac331e552e9242b02') in 0.017152 seconds
Number of updated asset objects reloaded before import = 0Number of asset objects unloaded after import = 17

========================================================================
Received Import Request.
  Time since last request: 0.000028 seconds.
  path: Assets/Synty/PolygonShops/Prefabs/Props/SM_Prop_Streetlight_02.prefab
  artifactKey: Guid(fee3cc0ff24be604b9c87f62b769c87b) Importer(815301076,1909f56bfc062723c751e8b465ee728b)
Start importing Assets/Synty/PolygonShops/Prefabs/Props/SM_Prop_Streetlight_02.prefab using Guid(fee3cc0ff24be604b9c87f62b769c87b) Importer(815301076,1909f56bfc062723c751e8b465ee728b) (PreviewImporter) -> (artifact id: '92412a75db5d529d149ff5e2ab5e5094') in 0.0167725 seconds
Number of updated asset objects reloaded before import = 0Number of asset objects unloaded after import = 21

========================================================================
Received Import Request.
  Time since last request: 0.000049 seconds.
  path: Assets/Synty/PolygonShops/Models/Collision/Convex/SM_Prop_Lighting_Spotlight_05_Convex.asset
  artifactKey: Guid(471d09a34e016b24ca7ea40632c9ada2) Importer(815301076,1909f56bfc062723c751e8b465ee728b)
Start importing Assets/Synty/PolygonShops/Models/Collision/Convex/SM_Prop_Lighting_Spotlight_05_Convex.asset using Guid(471d09a34e016b24ca7ea40632c9ada2) Importer(815301076,1909f56bfc062723c751e8b465ee728b) (PreviewImporter) -> (artifact id: '5321ea34de82fa009aa546db6360a821') in 0.0116726 seconds
Number of updated asset objects reloaded before import = 0Number of asset objects unloaded after import = 2

========================================================================
Received Import Request.
  Time since last request: 0.000021 seconds.
  path: Assets/Synty/PolygonApocalypse/Models/Convex/SM_Prop_LightPole_Base_02_Convex.asset
  artifactKey: Guid(e460395e0a62a9049ba1af1ca67d437e) Importer(815301076,1909f56bfc062723c751e8b465ee728b)
Start importing Assets/Synty/PolygonApocalypse/Models/Convex/SM_Prop_LightPole_Base_02_Convex.asset using Guid(e460395e0a62a9049ba1af1ca67d437e) Importer(815301076,1909f56bfc062723c751e8b465ee728b) (PreviewImporter) -> (artifact id: '7df63378cdb377abdd6256934ae51e8d') in 0.017321 seconds
Number of updated asset objects reloaded before import = 0Number of asset objects unloaded after import = 2

========================================================================
Received Import Request.
  Time since last request: 0.360801 seconds.
  path: Assets/Synty/PolygonShops/Prefabs/Buildings/SM_Bld_Skylight_Beam_End_01.prefab
  artifactKey: Guid(17fa17313f1f2594881a88082eeda0c7) Importer(815301076,1909f56bfc062723c751e8b465ee728b)
Start importing Assets/Synty/PolygonShops/Prefabs/Buildings/SM_Bld_Skylight_Beam_End_01.prefab using Guid(17fa17313f1f2594881a88082eeda0c7) Importer(815301076,1909f56bfc062723c751e8b465ee728b) (PreviewImporter) -> (artifact id: '985c91b01b3a4b201805e0c4dc32d8b8') in 0.0163482 seconds
Number of updated asset objects reloaded before import = 0Number of asset objects unloaded after import = 15

========================================================================
Received Import Request.
  Time since last request: 16.196531 seconds.
  path: Assets/Synty/PolygonApocalypse/Models/SM_Prop_TrafficLight_02.fbx
  artifactKey: Guid(5850e1406aba075468637cd64a7964fe) Importer(815301076,1909f56bfc062723c751e8b465ee728b)
Start importing Assets/Synty/PolygonApocalypse/Models/SM_Prop_TrafficLight_02.fbx using Guid(5850e1406aba075468637cd64a7964fe) Importer(815301076,1909f56bfc062723c751e8b465ee728b) (PreviewImporter) -> (artifact id: '436ba8c80a9859d6fdf012b6962d4dc4') in 0.0210508 seconds
Number of updated asset objects reloaded before import = 0Number of asset objects unloaded after import = 7

========================================================================
Received Import Request.
  Time since last request: 0.007247 seconds.
  path: Assets/Synty/PolygonApocalypse/Models/SM_Prop_TrafficLight_03.fbx
  artifactKey: Guid(12ca80743e74de64cacd24ab117d4a63) Importer(815301076,1909f56bfc062723c751e8b465ee728b)
Start importing Assets/Synty/PolygonApocalypse/Models/SM_Prop_TrafficLight_03.fbx using Guid(12ca80743e74de64cacd24ab117d4a63) Importer(815301076,1909f56bfc062723c751e8b465ee728b) (PreviewImporter) -> (artifact id: 'ccfa5f5d92b14411b948c8adb0e11374') in 0.0255713 seconds
Number of updated asset objects reloaded before import = 0Number of asset objects unloaded after import = 7

========================================================================
Received Import Request.
  Time since last request: 0.000034 seconds.
  path: Assets/Synty/PolygonApocalypse/Prefabs/Props/SM_Prop_TrafficLight_04.prefab
  artifactKey: Guid(c2cae353881152f4f9a549e24135fc5e) Importer(815301076,1909f56bfc062723c751e8b465ee728b)
Start importing Assets/Synty/PolygonApocalypse/Prefabs/Props/SM_Prop_TrafficLight_04.prefab using Guid(c2cae353881152f4f9a549e24135fc5e) Importer(815301076,1909f56bfc062723c751e8b465ee728b) (PreviewImporter) -> (artifact id: '663281c4ab5428a8d0baf1d806759d8f') in 0.037583 seconds
Number of updated asset objects reloaded before import = 0Number of asset objects unloaded after import = 18

Editor requested this worker to shutdown with reason: Scaling down because of idle timeout
AssetImportWorker is now disconnected from the server
Process exiting
Exiting without the bug reporter. Application will terminate with return code 0