[Licensing::Module] Trying to connect to existing licensing client channel...
Built from '6000.3/staging' branch; Version is '6000.3.13f1 (8c4f11e4fb20) revision 9195281'; Using compiler version '194234433'; Build Type 'Release'
[Licensing::IpcConnector] Successfully connected to: "LicenseClient-zieli" at "2026-04-22T03:52:24.2383061Z"
OS: 'Windows 11  (10.0.26200) Core' Language: 'en' Physical Memory: 32347 MB
BatchMode: 1, IsHumanControllingUs: 0, StartBugReporterOnCrash: 0, Is64bit: 1
System  architecture: x64
Process architecture: x64
Date: 2026-04-22T03:52:24Z

COMMAND LINE ARGUMENTS:
C:\Program Files\Unity\Hub\Editor\6000.3.13f1\Editor\Unity.exe
-adb2
-batchMode
-noUpm
-name
AssetImportWorker73
-projectPath
C:/Game Development/DisasterDiner
-logFile
Logs/AssetImportWorker73.log
-srvPort
60058
-licensingIpc
LicenseClient-zieli
-job-worker-count
7
-background-job-worker-count
8
-gc-helper-count
1
-name
AssetImport
Successfully changed project path to: C:/Game Development/DisasterDiner
C:/Game Development/DisasterDiner
[UnityMemory] Configuration Parameters - Can be set up in boot.config
    "memorysetup-temp-allocator-size-nav-mesh-worker=65536"
    "memorysetup-temp-allocator-size-audio-worker=65536"
    "memorysetup-temp-allocator-size-gfx=262144"
    "memorysetup-allocator-temp-initial-block-size-main=262144"
    "memorysetup-allocator-temp-initial-block-size-worker=262144"
    "memorysetup-temp-allocator-size-background-worker=32768"
    "memorysetup-temp-allocator-size-job-worker=262144"
    "memorysetup-temp-allocator-size-preload-manager=33554432"
    "memorysetup-temp-allocator-size-gi-baking-worker=262144"
    "memorysetup-temp-allocator-size-gi-baking-worker=262144"
    "memorysetup-temp-allocator-size-gi-baking-worker=262144"
    "memorysetup-temp-allocator-size-gi-baking-worker=262144"
    "memorysetup-temp-allocator-size-gi-baking-worker=262144"
    "memorysetup-bucket-allocator-granularity=16"
    "memorysetup-bucket-allocator-bucket-count=8"
    "memorysetup-bucket-allocator-block-size=33554432"
    "memorysetup-bucket-allocator-block-count=8"
    "memorysetup-main-allocator-block-size=16777216"
    "memorysetup-thread-allocator-block-size=16777216"
    "memorysetup-gfx-main-allocator-block-size=16777216"
    "memorysetup-gfx-thread-allocator-block-size=16777216"
    "memorysetup-cache-allocator-block-size=4194304"
    "memorysetup-typetree-allocator-block-size=2097152"
    "memorysetup-profiler-bucket-allocator-granularity=16"
    "memorysetup-profiler-bucket-allocator-bucket-count=8"
    "memorysetup-profiler-bucket-allocator-block-size=33554432"
    "memorysetup-profiler-bucket-allocator-block-count=8"
    "memorysetup-profiler-allocator-block-size=16777216"
    "memorysetup-profiler-editor-allocator-block-size=1048576"
    "memorysetup-temp-allocator-size-main=16777216"
    "memorysetup-job-temp-allocator-block-size=2097152"
    "memorysetup-job-temp-allocator-block-size-background=1048576"
    "memorysetup-job-temp-allocator-reduction-small-platforms=262144"
    "memorysetup-temp-allocator-size-cloud-worker=32768"
Player connection [36660]  Target information:

Player connection [36660]  * "[IP] 192.168.86.22 [Port] 0 [Flags] 2 [Guid] 1363832410 [EditorId] 1363832410 [Version] 1048832 [Id] WindowsEditor(7,Johns_PC) [Debug] 1 [PackageName] WindowsEditor [ProjectName] Editor" 

Player connection [36660] Host joined multi-casting on [225.0.0.222:54997]...
Player connection [36660] Host joined alternative multi-casting on [225.0.0.222:34997]...
JobSystem: Creating JobQueue using job-worker-count value 7
Input System module state changed to: Initialized.
[Physics::Module] Initialized fallback backend.
[Physics::Module] Id: 0xdecafbad
Library Redirect Path: Library/
[Physics::Module] Selected backend.
[Physics::Module] Name: PhysX
[Physics::Module] Id: 0xf2b8ea05
[Physics::Module] SDK Version: 4.1.2
[Physics::Module] Integration Version: 1.0.0
[Physics::Module] Threading Mode: Multi-Threaded
Refreshing native plugins compatible for Editor in 2.74 ms, found 4 plugins.
Preloading 0 native plugins for Editor in 0.00 ms.
Initialize engine version: 6000.3.13f1 (8c4f11e4fb20)
[Subsystems] Discovering subsystems at path C:/Program Files/Unity/Hub/Editor/6000.3.13f1/Editor/Data/Resources/UnitySubsystems
[Subsystems] Discovering subsystems at path C:/Game Development/DisasterDiner/Assets
GfxDevice: creating device client; kGfxThreadingModeNonThreaded
Direct3D:
    Version:  Direct3D 11.0 [level 11.1]
    Renderer: NVIDIA GeForce RTX 4070 SUPER (ID=0x2783)
    Vendor:   NVIDIA
    VRAM:     11999 MB
    Driver:   32.0.15.8157
Initialize mono
Mono path[0] = 'C:/Program Files/Unity/Hub/Editor/6000.3.13f1/Editor/Data/Managed'
Mono path[1] = 'C:/Program Files/Unity/Hub/Editor/6000.3.13f1/Editor/Data/MonoBleedingEdge/lib/mono/unityjit-win32'
Mono config path = 'C:/Program Files/Unity/Hub/Editor/6000.3.13f1/Editor/Data/MonoBleedingEdge/etc'
Using monoOptions --debugger-agent=transport=dt_socket,embedding=1,server=y,suspend=n,address=127.0.0.1:56252
Begin MonoManager ReloadAssembly
Registering precompiled unity dll's ...
Register platform support module: C:/Program Files/Unity/Hub/Editor/6000.3.13f1/Editor/Data/PlaybackEngines/WindowsStandaloneSupport/UnityEditor.WindowsStandalone.Extensions.dll
Registered in 0.001485 seconds.
- Loaded All Assemblies, in  0.321 seconds
[Licensing::Client] Error: HandshakeResponse reported an error:
	ResponseCode: 505
	ResponseStatus: Unsupported protocol version '1.18.1'.
[Licensing::Module] Error: Failed to handshake to channel: "LicenseClient-zieli"
[Licensing::IpcConnector] LicenseClient-zieli channel disconnected successfully.
[Licensing::IpcConnector] Successfully connected to: "LicenseClient-zieli-6000.3.13" at "2026-04-22T03:52:25.1213393Z"
Native extension for WindowsStandalone target not found
Package Manager log level set to [2]
[Package Manager] Failed to launch server process. Reason: Unity was launched with the -noUpm command-line argument
[Package Manager] Unable to send message (not connected to server process).
[Package Manager] Cannot connect to Unity Package Manager local server
ScheduleIndexationOnStartup MainProcess:False IndexOnStartup:True
Mono: successfully reloaded assembly
- Finished resetting the current domain, in  0.309 seconds
Domain Reload Profiling: 628ms
	BeginReloadAssembly (112ms)
		ExecutionOrderSort (0ms)
		DisableScriptedObjects (0ms)
		BackupInstance (0ms)
		ReleaseScriptingObjects (0ms)
		CreateAndSetChildDomain (1ms)
	RebuildCommonClasses (29ms)
	RebuildNativeTypeToScriptingClass (10ms)
	initialDomainReloadingComplete (37ms)
	LoadAllAssembliesAndSetupDomain (132ms)
		LoadAssemblies (109ms)
		RebuildTransferFunctionScriptingTraits (0ms)
		AnalyzeDomain (129ms)
			TypeCache.Refresh (128ms)
				TypeCache.ScanAssembly (118ms)
			BuildScriptInfoCaches (0ms)
			ResolveRequiredComponents (0ms)
	FinalizeReload (309ms)
		ReleaseScriptCaches (0ms)
		RebuildScriptCaches (0ms)
		SetupLoadedEditorAssemblies (267ms)
			LogAssemblyErrors (0ms)
			InitializePlatformSupportModulesInManaged (37ms)
			SetLoadedEditorAssemblies (3ms)
			BeforeProcessingInitializeOnLoad (60ms)
			ProcessInitializeOnLoadAttributes (105ms)
			ProcessInitializeOnLoadMethodAttributes (62ms)
			AfterProcessingInitializeOnLoad (0ms)
			EditorAssembliesLoaded (0ms)
		ExecutionOrderSort2 (0ms)
		AwakeInstancesAfterBackupRestoration (0ms)
========================================================================
Worker process is ready to serve import requests
Import Worker Mode flag is 0x00
Begin MonoManager ReloadAssembly
[Licensing::Module] Licensing is not yet initialized.
[Licensing::Client] Handshaking with LicensingClient:
  Version:                 1.18.1+9fbee8e
  Session Id:              e436536a62ef46ba80a3fa0c46f66489
  Correlation Id:          2b999b7551c4f1abd27547e4a7907d59
  External correlation Id: 5472367712268818467
  Machine Id:              a0OP954qVZmt5azPS5PrvPW5hTY=
[Licensing::Module] Successfully connected to LicensingClient on channel: "LicenseClient-zieli-6000.3.13" (connect: 0.00s, validation: 0.00s, handshake: 0.79s)
[Licensing::IpcConnector] Successfully connected to: "LicenseClient-zieli-6000.3.13-notifications" at "2026-04-22T03:52:25.9126515Z"
[Licensing::Module] Licensing Background thread has ended after 1.67s
[Licensing::Module] Licensing is initialized (took 0.23s).
[Licensing::Client] Successfully resolved entitlement details
[Licensing::Module] License group:
  Id: 2475483376267-UnityPersXXXX
  Product: Unity Personal
  Type: Assigned
  Expiration: Unlimited
- Loaded All Assemblies, in  0.808 seconds
Refreshing native plugins compatible for Editor in 1.45 ms, found 4 plugins.
Native extension for WindowsStandalone target not found
[Package Manager] Failed to launch server process. Reason: Unity was launched with the -noUpm command-line argument
[Package Manager] Unable to send message (not connected to server process).
[Package Manager] Cannot connect to Unity Package Manager local server
Refreshing native plugins compatible for Editor in 1.40 ms, found 4 plugins.
[Package Manager] Failed to launch server process. Reason: Unity was launched with the -noUpm command-line argument
[Package Manager] Unable to send message (not connected to server process).
[Package Manager] Cannot connect to Unity Package Manager local server
ScheduleIndexationOnStartup MainProcess:False IndexOnStartup:True
Mono: successfully reloaded assembly
- Finished resetting the current domain, in  0.584 seconds
Domain Reload Profiling: 1389ms
	BeginReloadAssembly (357ms)
		ExecutionOrderSort (0ms)
		DisableScriptedObjects (5ms)
		BackupInstance (0ms)
		ReleaseScriptingObjects (0ms)
		CreateAndSetChildDomain (24ms)
	RebuildCommonClasses (34ms)
	RebuildNativeTypeToScriptingClass (9ms)
	initialDomainReloadingComplete (31ms)
	LoadAllAssembliesAndSetupDomain (373ms)
		LoadAssemblies (255ms)
		RebuildTransferFunctionScriptingTraits (0ms)
		AnalyzeDomain (188ms)
			TypeCache.Refresh (133ms)
				TypeCache.ScanAssembly (123ms)
			BuildScriptInfoCaches (45ms)
			ResolveRequiredComponents (7ms)
	FinalizeReload (585ms)
		ReleaseScriptCaches (0ms)
		RebuildScriptCaches (0ms)
		SetupLoadedEditorAssemblies (422ms)
			LogAssemblyErrors (0ms)
			InitializePlatformSupportModulesInManaged (1ms)
			SetLoadedEditorAssemblies (2ms)
			BeforeProcessingInitializeOnLoad (102ms)
			ProcessInitializeOnLoadAttributes (266ms)
			ProcessInitializeOnLoadMethodAttributes (46ms)
			AfterProcessingInitializeOnLoad (5ms)
			EditorAssembliesLoaded (0ms)
		ExecutionOrderSort2 (0ms)
		AwakeInstancesAfterBackupRestoration (7ms)
Launched and connected shader compiler UnityShaderCompiler.exe after 0.01 seconds
Refreshing native plugins compatible for Editor in 1.39 ms, found 4 plugins.
Preloading 0 native plugins for Editor in 0.00 ms.
Unloading 16 Unused Serialized files (Serialized files now loaded: 0)
Unloading 6447 unused Assets / (4.8 MB). Loaded Objects now: 7249.
Memory consumption went from 164.6 MB to 159.8 MB.
Total: 6.408000 ms (FindLiveObjects: 0.617800 ms CreateObjectMapping: 0.290900 ms MarkObjects: 3.889400 ms  DeleteObjects: 1.608900 ms)

========================================================================
Received Import Request.
  Time since last request: 22959.397790 seconds.
  path: Assets/Synty/PolygonApocalypse/Models/SM_Chr_Attach_Soldier_Male_Glass_01.fbx
  artifactKey: Guid(d16f473d6186b1b4fa3caa36d4a6e69e) Importer(815301076,1909f56bfc062723c751e8b465ee728b)
Start importing Assets/Synty/PolygonApocalypse/Models/SM_Chr_Attach_Soldier_Male_Glass_01.fbx using Guid(d16f473d6186b1b4fa3caa36d4a6e69e) Importer(815301076,1909f56bfc062723c751e8b465ee728b) (PreviewImporter) -> (artifact id: '9cd148a1834b174177a29dfb7ffe71e8') in 0.401142 seconds
Number of updated asset objects reloaded before import = 0Number of asset objects unloaded after import = 7

========================================================================
Received Import Request.
  Time since last request: 437.620471 seconds.
  path: Assets/Synty/PolygonShops/Models/Collision/Convex/SM_Env_Ground_Divider_01_Convex.asset
  artifactKey: Guid(e5cc9ff4cddde0e4f9144e1242abe0c7) Importer(815301076,1909f56bfc062723c751e8b465ee728b)
Start importing Assets/Synty/PolygonShops/Models/Collision/Convex/SM_Env_Ground_Divider_01_Convex.asset using Guid(e5cc9ff4cddde0e4f9144e1242abe0c7) Importer(815301076,1909f56bfc062723c751e8b465ee728b) (PreviewImporter) -> (artifact id: 'a08362a14b5fe4797f3a520505eefaad') in 0.0145469 seconds
Number of updated asset objects reloaded before import = 0Number of asset objects unloaded after import = 2

========================================================================
Received Import Request.
  Time since last request: 0.000030 seconds.
  path: Assets/Synty/PolygonShops/Prefabs/Environments/SM_Env_Ground_Divider_02.prefab
  artifactKey: Guid(f37112edf2059e742b6388d9b9a5a92b) Importer(815301076,1909f56bfc062723c751e8b465ee728b)
Start importing Assets/Synty/PolygonShops/Prefabs/Environments/SM_Env_Ground_Divider_02.prefab using Guid(f37112edf2059e742b6388d9b9a5a92b) Importer(815301076,1909f56bfc062723c751e8b465ee728b) (PreviewImporter) -> (artifact id: '6c2a47a21f9316788a89a74974ba753b') in 0.0336904 seconds
Number of updated asset objects reloaded before import = 0Number of asset objects unloaded after import = 17

========================================================================
Received Import Request.
  Time since last request: 0.000026 seconds.
  path: Assets/Synty/PolygonApocalypse/Models/SM_Env_StormCanal_Divider_02.fbx
  artifactKey: Guid(6c68e6161de437042bb1ac80a785e2fe) Importer(815301076,1909f56bfc062723c751e8b465ee728b)
Start importing Assets/Synty/PolygonApocalypse/Models/SM_Env_StormCanal_Divider_02.fbx using Guid(6c68e6161de437042bb1ac80a785e2fe) Importer(815301076,1909f56bfc062723c751e8b465ee728b) (PreviewImporter) -> (artifact id: '53b30640b36d463afbf266557cf21ee5') in 0.0217819 seconds
Number of updated asset objects reloaded before import = 0Number of asset objects unloaded after import = 7

========================================================================
Received Import Request.
  Time since last request: 0.000033 seconds.
  path: Assets/Synty/PolygonShops/Prefabs/Environments/SM_Env_Ground_Divider_04.prefab
  artifactKey: Guid(4cf15ebe212209a4da3678c1365bb08d) Importer(815301076,1909f56bfc062723c751e8b465ee728b)
Start importing Assets/Synty/PolygonShops/Prefabs/Environments/SM_Env_Ground_Divider_04.prefab using Guid(4cf15ebe212209a4da3678c1365bb08d) Importer(815301076,1909f56bfc062723c751e8b465ee728b) (PreviewImporter) -> (artifact id: '8f84baf7d3dae0df66cee59748e92818') in 0.0205859 seconds
Number of updated asset objects reloaded before import = 0Number of asset objects unloaded after import = 17

========================================================================
Received Import Request.
  Time since last request: 0.000025 seconds.
  path: Assets/Synty/PolygonApocalypse/Models/SM_Env_StormCanal_Divider_01.fbx
  artifactKey: Guid(3f4ffd7314d463b42b34f059205eddb6) Importer(815301076,1909f56bfc062723c751e8b465ee728b)
Start importing Assets/Synty/PolygonApocalypse/Models/SM_Env_StormCanal_Divider_01.fbx using Guid(3f4ffd7314d463b42b34f059205eddb6) Importer(815301076,1909f56bfc062723c751e8b465ee728b) (PreviewImporter) -> (artifact id: '5417b8beb37fcfd7f01ce55800197dea') in 0.0196881 seconds
Number of updated asset objects reloaded before import = 0Number of asset objects unloaded after import = 7

========================================================================
Received Import Request.
  Time since last request: 1.702623 seconds.
  path: Assets/Synty/PolygonApocalypse/Models/SM_Env_Street_Divider_01.fbx
  artifactKey: Guid(4aed2706396f47d4b8054a2fed4ea795) Importer(815301076,1909f56bfc062723c751e8b465ee728b)
Start importing Assets/Synty/PolygonApocalypse/Models/SM_Env_Street_Divider_01.fbx using Guid(4aed2706396f47d4b8054a2fed4ea795) Importer(815301076,1909f56bfc062723c751e8b465ee728b) (PreviewImporter) -> (artifact id: '031d6dcbfc427ea2e0f958fef6704e80') in 0.0184182 seconds
Number of updated asset objects reloaded before import = 0Number of asset objects unloaded after import = 7

========================================================================
Received Import Request.
  Time since last request: 0.328677 seconds.
  path: Assets/Synty/PolygonShops/Prefabs/Props/SM_Prop_Cafe_Divider_01.prefab
  artifactKey: Guid(5b51809ab2493154fb081aca6e7768ad) Importer(815301076,1909f56bfc062723c751e8b465ee728b)
Start importing Assets/Synty/PolygonShops/Prefabs/Props/SM_Prop_Cafe_Divider_01.prefab using Guid(5b51809ab2493154fb081aca6e7768ad) Importer(815301076,1909f56bfc062723c751e8b465ee728b) (PreviewImporter) -> (artifact id: '6707939d75a52c7fce0782740c942379') in 0.021407 seconds
Number of updated asset objects reloaded before import = 0Number of asset objects unloaded after import = 17

========================================================================
Received Import Request.
  Time since last request: 0.000021 seconds.
  path: Assets/Synty/PolygonShops/Models/SM_Prop_Cafe_Divider_01.fbx
  artifactKey: Guid(b19c679d51063bc40be9ffccfa28cb0c) Importer(815301076,1909f56bfc062723c751e8b465ee728b)
Start importing Assets/Synty/PolygonShops/Models/SM_Prop_Cafe_Divider_01.fbx using Guid(b19c679d51063bc40be9ffccfa28cb0c) Importer(815301076,1909f56bfc062723c751e8b465ee728b) (PreviewImporter) -> (artifact id: 'e3982a4a9156c17bfe77444c5a987c20') in 0.0146725 seconds
Number of updated asset objects reloaded before import = 0Number of asset objects unloaded after import = 7

========================================================================
Received Import Request.
  Time since last request: 0.278888 seconds.
  path: Assets/Synty/PolygonShops/Models/SM_Prop_Market_Checkout_Divider.fbx
  artifactKey: Guid(8b7610eb962f0c54bbde7b63ca68d480) Importer(815301076,1909f56bfc062723c751e8b465ee728b)
Start importing Assets/Synty/PolygonShops/Models/SM_Prop_Market_Checkout_Divider.fbx using Guid(8b7610eb962f0c54bbde7b63ca68d480) Importer(815301076,1909f56bfc062723c751e8b465ee728b) (PreviewImporter) -> (artifact id: '3b1ef3062bad06dbb7b1f44af841095b') in 0.0154655 seconds
Number of updated asset objects reloaded before import = 0Number of asset objects unloaded after import = 7

========================================================================
Received Import Request.
  Time since last request: 0.000028 seconds.
  path: Assets/Synty/PolygonShops/Models/Collision/Convex/SM_Prop_Market_Checkout_Divider_Convex.asset
  artifactKey: Guid(b3a9edb2dd63f434c84ac9098da0585d) Importer(815301076,1909f56bfc062723c751e8b465ee728b)
Start importing Assets/Synty/PolygonShops/Models/Collision/Convex/SM_Prop_Market_Checkout_Divider_Convex.asset using Guid(b3a9edb2dd63f434c84ac9098da0585d) Importer(815301076,1909f56bfc062723c751e8b465ee728b) (PreviewImporter) -> (artifact id: '701d1b1b8543af4ce7bc176c10979a02') in 0.016559 seconds
Number of updated asset objects reloaded before import = 0Number of asset objects unloaded after import = 2

========================================================================
Received Import Request.
  Time since last request: 8.677684 seconds.
  path: Assets/Synty/PolygonApocalypse/Prefabs/Buildings/SM_Bld_Bunker_Floor_Concrete_Open_01.prefab
  artifactKey: Guid(0144b4b5b5a2b49458564d9bb18a711d) Importer(815301076,1909f56bfc062723c751e8b465ee728b)
Start importing Assets/Synty/PolygonApocalypse/Prefabs/Buildings/SM_Bld_Bunker_Floor_Concrete_Open_01.prefab using Guid(0144b4b5b5a2b49458564d9bb18a711d) Importer(815301076,1909f56bfc062723c751e8b465ee728b) (PreviewImporter) -> (artifact id: '6c3b51c261fd00f8b8afdf5239fd5490') in 0.0532585 seconds
Number of updated asset objects reloaded before import = 0Number of asset objects unloaded after import = 20

========================================================================
Received Import Request.
  Time since last request: 0.000032 seconds.
  path: Assets/Synty/PolygonApocalypse/Prefabs/Buildings/SM_Bld_Bunker_Floor_Stone_01.prefab
  artifactKey: Guid(e26c904fc2ace3f478fb4b50f6340d53) Importer(815301076,1909f56bfc062723c751e8b465ee728b)
Start importing Assets/Synty/PolygonApocalypse/Prefabs/Buildings/SM_Bld_Bunker_Floor_Stone_01.prefab using Guid(e26c904fc2ace3f478fb4b50f6340d53) Importer(815301076,1909f56bfc062723c751e8b465ee728b) (PreviewImporter) -> (artifact id: 'df1713e883f85e0e6703edda2ddb992b') in 0.0491092 seconds
Number of updated asset objects reloaded before import = 0Number of asset objects unloaded after import = 17

========================================================================
Received Import Request.
  Time since last request: 0.000025 seconds.
  path: Assets/Synty/PolygonApocalypse/Prefabs/Buildings/SM_Bld_Bunker_Floor_Stone_x2_01.prefab
  artifactKey: Guid(09f6dcdf77c3c114e822909385b37310) Importer(815301076,1909f56bfc062723c751e8b465ee728b)
Start importing Assets/Synty/PolygonApocalypse/Prefabs/Buildings/SM_Bld_Bunker_Floor_Stone_x2_01.prefab using Guid(09f6dcdf77c3c114e822909385b37310) Importer(815301076,1909f56bfc062723c751e8b465ee728b) (PreviewImporter) -> (artifact id: 'bc2ace8c6211b80f1865224c554d4564') in 0.0473483 seconds
Number of updated asset objects reloaded before import = 0Number of asset objects unloaded after import = 17

========================================================================
Received Import Request.
  Time since last request: 18.550932 seconds.
  path: Assets/Synty/PolygonApocalypse/Prefabs/Buildings/SM_Bld_Bunker_Ladder_01.prefab
  artifactKey: Guid(5ab175780d70e8e45b3eea7e594620d4) Importer(815301076,1909f56bfc062723c751e8b465ee728b)
Start importing Assets/Synty/PolygonApocalypse/Prefabs/Buildings/SM_Bld_Bunker_Ladder_01.prefab using Guid(5ab175780d70e8e45b3eea7e594620d4) Importer(815301076,1909f56bfc062723c751e8b465ee728b) (PreviewImporter) -> (artifact id: 'fadb4988b348f0fce086326648eb59c7') in 0.0299837 seconds
Number of updated asset objects reloaded before import = 0Number of asset objects unloaded after import = 18

========================================================================
Received Import Request.
  Time since last request: 0.302124 seconds.
  path: Assets/Synty/PolygonApocalypse/Prefabs/Buildings/SM_Bld_Bunker_Ladder_End_Rust_01.prefab
  artifactKey: Guid(c5a83171eab137d4db44b53e8b5b4e96) Importer(815301076,1909f56bfc062723c751e8b465ee728b)
Start importing Assets/Synty/PolygonApocalypse/Prefabs/Buildings/SM_Bld_Bunker_Ladder_End_Rust_01.prefab using Guid(c5a83171eab137d4db44b53e8b5b4e96) Importer(815301076,1909f56bfc062723c751e8b465ee728b) (PreviewImporter) -> (artifact id: '5064c8fed775cc3fb69698a1bbd97d08') in 0.0326103 seconds
Number of updated asset objects reloaded before import = 0Number of asset objects unloaded after import = 16

========================================================================
Received Import Request.
  Time since last request: 0.000023 seconds.
  path: Assets/Synty/PolygonApocalypse/Prefabs/Buildings/SM_Bld_Bunker_PillarBlock_01.prefab
  artifactKey: Guid(345763650781a214c878bda48462957f) Importer(815301076,1909f56bfc062723c751e8b465ee728b)
Start importing Assets/Synty/PolygonApocalypse/Prefabs/Buildings/SM_Bld_Bunker_PillarBlock_01.prefab using Guid(345763650781a214c878bda48462957f) Importer(815301076,1909f56bfc062723c751e8b465ee728b) (PreviewImporter) -> (artifact id: '3a618e5e1d3522fd42942a1dedbe463c') in 0.0329118 seconds
Number of updated asset objects reloaded before import = 0Number of asset objects unloaded after import = 16

========================================================================
Received Import Request.
  Time since last request: 2.281718 seconds.
  path: Assets/Synty/PolygonApocalypse/Prefabs/Buildings/SM_Bld_Bunker_Stairs_Single_01.prefab
  artifactKey: Guid(3d9d3f8d49834d74a9a8ec1e806ef122) Importer(815301076,1909f56bfc062723c751e8b465ee728b)
Start importing Assets/Synty/PolygonApocalypse/Prefabs/Buildings/SM_Bld_Bunker_Stairs_Single_01.prefab using Guid(3d9d3f8d49834d74a9a8ec1e806ef122) Importer(815301076,1909f56bfc062723c751e8b465ee728b) (PreviewImporter) -> (artifact id: 'de9d815d40c773dee713641cc6320c29') in 0.0656012 seconds
Number of updated asset objects reloaded before import = 0Number of asset objects unloaded after import = 32

========================================================================
Received Import Request.
  Time since last request: 0.000023 seconds.
  path: Assets/Synty/PolygonApocalypse/Prefabs/Buildings/SM_Bld_Bunker_Wall_Concrete_x1_02.prefab
  artifactKey: Guid(73903ee6163682f4bb561c7b19894ac8) Importer(815301076,1909f56bfc062723c751e8b465ee728b)
Start importing Assets/Synty/PolygonApocalypse/Prefabs/Buildings/SM_Bld_Bunker_Wall_Concrete_x1_02.prefab using Guid(73903ee6163682f4bb561c7b19894ac8) Importer(815301076,1909f56bfc062723c751e8b465ee728b) (PreviewImporter) -> (artifact id: 'd5b923507cad6c36bf8f871294752fbe') in 0.0475727 seconds
Number of updated asset objects reloaded before import = 0Number of asset objects unloaded after import = 17

========================================================================
Received Import Request.
  Time since last request: 0.000033 seconds.
  path: Assets/Synty/PolygonApocalypse/Prefabs/Buildings/SM_Bld_Bunker_Wall_Concrete_x2_02.prefab
  artifactKey: Guid(344cc7583e3bff840bfa8ab0ee79aff9) Importer(815301076,1909f56bfc062723c751e8b465ee728b)
Start importing Assets/Synty/PolygonApocalypse/Prefabs/Buildings/SM_Bld_Bunker_Wall_Concrete_x2_02.prefab using Guid(344cc7583e3bff840bfa8ab0ee79aff9) Importer(815301076,1909f56bfc062723c751e8b465ee728b) (PreviewImporter) -> (artifact id: '21c204f5f30220566637f6d03aaeeea6') in 0.0522637 seconds
Number of updated asset objects reloaded before import = 0Number of asset objects unloaded after import = 17

========================================================================
Received Import Request.
  Time since last request: 3.079082 seconds.
  path: Assets/Synty/PolygonApocalypse/Prefabs/Buildings/SM_Bld_Bunker_Wall_Container_x1_01.prefab
  artifactKey: Guid(cc3900868c8fb4a448060c775d8c632a) Importer(815301076,1909f56bfc062723c751e8b465ee728b)
Start importing Assets/Synty/PolygonApocalypse/Prefabs/Buildings/SM_Bld_Bunker_Wall_Container_x1_01.prefab using Guid(cc3900868c8fb4a448060c775d8c632a) Importer(815301076,1909f56bfc062723c751e8b465ee728b) (PreviewImporter) -> (artifact id: '18c508612d1edd133fc2f2af20e6cc2d') in 0.0487435 seconds
Number of updated asset objects reloaded before import = 0Number of asset objects unloaded after import = 17

========================================================================
Received Import Request.
  Time since last request: 0.012401 seconds.
  path: Assets/Synty/PolygonApocalypse/Prefabs/Buildings/SM_Bld_Bunker_Wall_Curved_Concrete_01.prefab
  artifactKey: Guid(da9bc7b61c1564e47a6be9660adddee7) Importer(815301076,1909f56bfc062723c751e8b465ee728b)
Start importing Assets/Synty/PolygonApocalypse/Prefabs/Buildings/SM_Bld_Bunker_Wall_Curved_Concrete_01.prefab using Guid(da9bc7b61c1564e47a6be9660adddee7) Importer(815301076,1909f56bfc062723c751e8b465ee728b) (PreviewImporter) -> (artifact id: '76d43d17375faee1fbaf05d5f41e7803') in 0.0494314 seconds
Number of updated asset objects reloaded before import = 0Number of asset objects unloaded after import = 22

========================================================================
Received Import Request.
  Time since last request: 1.891103 seconds.
  path: Assets/Synty/PolygonApocalypse/Prefabs/Buildings/SM_Bld_Bunker_Wall_Curved_End_Concrete_Door_x2_01.prefab
  artifactKey: Guid(a1ccebf89cc809b4b9ed7df77a72aa1f) Importer(815301076,1909f56bfc062723c751e8b465ee728b)
Start importing Assets/Synty/PolygonApocalypse/Prefabs/Buildings/SM_Bld_Bunker_Wall_Curved_End_Concrete_Door_x2_01.prefab using Guid(a1ccebf89cc809b4b9ed7df77a72aa1f) Importer(815301076,1909f56bfc062723c751e8b465ee728b) (PreviewImporter) -> (artifact id: '5b9d71d02576a2eb0b4fee3c43fdf90b') in 0.0331032 seconds
Number of updated asset objects reloaded before import = 0Number of asset objects unloaded after import = 28

========================================================================
Received Import Request.
  Time since last request: 0.098257 seconds.
  path: Assets/Synty/PolygonApocalypse/Prefabs/Buildings/SM_Bld_Bunker_Wall_Slab_x1_03.prefab
  artifactKey: Guid(8481a2dc6b0db9f4ea8f2068bd9e9bbb) Importer(815301076,1909f56bfc062723c751e8b465ee728b)
Start importing Assets/Synty/PolygonApocalypse/Prefabs/Buildings/SM_Bld_Bunker_Wall_Slab_x1_03.prefab using Guid(8481a2dc6b0db9f4ea8f2068bd9e9bbb) Importer(815301076,1909f56bfc062723c751e8b465ee728b) (PreviewImporter) -> (artifact id: '2ce7cc585c4772b2e1a113d93423774b') in 0.0309873 seconds
Number of updated asset objects reloaded before import = 0Number of asset objects unloaded after import = 17

========================================================================
Received Import Request.
  Time since last request: 0.095298 seconds.
  path: Assets/Synty/PolygonApocalypse/Prefabs/Buildings/SM_Bld_Bunker_Wall_Slab_x2_01.prefab
  artifactKey: Guid(64fac78d375aa1a48a6d9a8221a30e54) Importer(815301076,1909f56bfc062723c751e8b465ee728b)
Start importing Assets/Synty/PolygonApocalypse/Prefabs/Buildings/SM_Bld_Bunker_Wall_Slab_x2_01.prefab using Guid(64fac78d375aa1a48a6d9a8221a30e54) Importer(815301076,1909f56bfc062723c751e8b465ee728b) (PreviewImporter) -> (artifact id: '7b7628cbf2f75c27c7d5e61906a346eb') in 0.0303407 seconds
Number of updated asset objects reloaded before import = 0Number of asset objects unloaded after import = 17

========================================================================
Received Import Request.
  Time since last request: 0.429015 seconds.
  path: Assets/Synty/PolygonApocalypse/Prefabs/Buildings/SM_Bld_Commercial_Large_01.prefab
  artifactKey: Guid(d5ccfc9c8d2f52848b43a7d00834a680) Importer(815301076,1909f56bfc062723c751e8b465ee728b)
Start importing Assets/Synty/PolygonApocalypse/Prefabs/Buildings/SM_Bld_Commercial_Large_01.prefab using Guid(d5ccfc9c8d2f52848b43a7d00834a680) Importer(815301076,1909f56bfc062723c751e8b465ee728b) (PreviewImporter) -> (artifact id: '252b1b6403e4b7701d6b780d18df2f0f') in 0.0471983 seconds
Number of updated asset objects reloaded before import = 0Number of asset objects unloaded after import = 38

========================================================================
Received Import Request.
  Time since last request: 0.000028 seconds.
  path: Assets/Synty/PolygonApocalypse/Prefabs/Buildings/SM_Bld_Cooling_Tower_01.prefab
  artifactKey: Guid(e2d219ddc38c65a41a2fc6b5b2334552) Importer(815301076,1909f56bfc062723c751e8b465ee728b)
Start importing Assets/Synty/PolygonApocalypse/Prefabs/Buildings/SM_Bld_Cooling_Tower_01.prefab using Guid(e2d219ddc38c65a41a2fc6b5b2334552) Importer(815301076,1909f56bfc062723c751e8b465ee728b) (PreviewImporter) -> (artifact id: '29da79be06bf62db3137a56c738723d5') in 0.0317839 seconds
Number of updated asset objects reloaded before import = 0Number of asset objects unloaded after import = 18

========================================================================
Received Import Request.
  Time since last request: 0.000031 seconds.
  path: Assets/Synty/PolygonApocalypse/Prefabs/Buildings/SM_Bld_Decoration_02.prefab
  artifactKey: Guid(745c51df13da99c4fbbb86ec6a53fb72) Importer(815301076,1909f56bfc062723c751e8b465ee728b)
Start importing Assets/Synty/PolygonApocalypse/Prefabs/Buildings/SM_Bld_Decoration_02.prefab using Guid(745c51df13da99c4fbbb86ec6a53fb72) Importer(815301076,1909f56bfc062723c751e8b465ee728b) (PreviewImporter) -> (artifact id: '7b1d1def2c92abe55aff76a914a92e78') in 0.031054 seconds
Number of updated asset objects reloaded before import = 0Number of asset objects unloaded after import = 16

========================================================================
Received Import Request.
  Time since last request: 0.040922 seconds.
  path: Assets/Synty/PolygonApocalypse/Prefabs/Buildings/SM_Bld_Door_02.prefab
  artifactKey: Guid(28afc49590a7ee0499953c4a32280398) Importer(815301076,1909f56bfc062723c751e8b465ee728b)
Start importing Assets/Synty/PolygonApocalypse/Prefabs/Buildings/SM_Bld_Door_02.prefab using Guid(28afc49590a7ee0499953c4a32280398) Importer(815301076,1909f56bfc062723c751e8b465ee728b) (PreviewImporter) -> (artifact id: '6f56d04a55d539d92574908fa5b8765b') in 0.0347275 seconds
Number of updated asset objects reloaded before import = 0Number of asset objects unloaded after import = 19

========================================================================
Received Import Request.
  Time since last request: 8.192426 seconds.
  path: Assets/Synty/PolygonApocalypse/Prefabs/Buildings/SM_Bld_Door_05.prefab
  artifactKey: Guid(d3e872565d3ae114195bdefc409ecf09) Importer(815301076,1909f56bfc062723c751e8b465ee728b)
Start importing Assets/Synty/PolygonApocalypse/Prefabs/Buildings/SM_Bld_Door_05.prefab using Guid(d3e872565d3ae114195bdefc409ecf09) Importer(815301076,1909f56bfc062723c751e8b465ee728b) (PreviewImporter) -> (artifact id: '5f45525a20816e329104ba64b363485c') in 0.0515737 seconds
Number of updated asset objects reloaded before import = 0Number of asset objects unloaded after import = 19

========================================================================
Received Import Request.
  Time since last request: 0.002293 seconds.
  path: Assets/Synty/PolygonApocalypse/Prefabs/Buildings/SM_Bld_Door_09.prefab
  artifactKey: Guid(65d740e41b9f89c45bdd47ea3c636b75) Importer(815301076,1909f56bfc062723c751e8b465ee728b)
Start importing Assets/Synty/PolygonApocalypse/Prefabs/Buildings/SM_Bld_Door_09.prefab using Guid(65d740e41b9f89c45bdd47ea3c636b75) Importer(815301076,1909f56bfc062723c751e8b465ee728b) (PreviewImporter) -> (artifact id: '4140e9d2572788fcfb6f5dde2aaa4739') in 0.0532874 seconds
Number of updated asset objects reloaded before import = 0Number of asset objects unloaded after import = 18

========================================================================
Received Import Request.
  Time since last request: 13.911359 seconds.
  path: Assets/Synty/PolygonShops/Materials/Misc/PolygonShops_Signs_01.mat
  artifactKey: Guid(390a7f17caad268468440556006170c8) Importer(815301076,1909f56bfc062723c751e8b465ee728b)
Start importing Assets/Synty/PolygonShops/Materials/Misc/PolygonShops_Signs_01.mat using Guid(390a7f17caad268468440556006170c8) Importer(815301076,1909f56bfc062723c751e8b465ee728b) (PreviewImporter) -> (artifact id: 'ca4a33ec72700ad1220242ba926a80de') in 0.0269034 seconds
Number of updated asset objects reloaded before import = 0Number of asset objects unloaded after import = 8

========================================================================
Received Import Request.
  Time since last request: 0.000024 seconds.
  path: Assets/Synty/PolygonApocalypse/Models/Convex/SM_Bld_Motel_Sign_01_Convex.asset
  artifactKey: Guid(5ca3ab8765396f9468b8df1a5a95edc6) Importer(815301076,1909f56bfc062723c751e8b465ee728b)
Start importing Assets/Synty/PolygonApocalypse/Models/Convex/SM_Bld_Motel_Sign_01_Convex.asset using Guid(5ca3ab8765396f9468b8df1a5a95edc6) Importer(815301076,1909f56bfc062723c751e8b465ee728b) (PreviewImporter) -> (artifact id: 'd5373ff26b3fbc5d48f197ac284426c1') in 0.0178053 seconds
Number of updated asset objects reloaded before import = 0Number of asset objects unloaded after import = 2

========================================================================
Received Import Request.
  Time since last request: 0.000035 seconds.
  path: Assets/Synty/PolygonApocalypse/Models/Convex/SM_Bld_Motel_Sign_01_Convex 1.asset
  artifactKey: Guid(fc677e55fc36f7442aeb70fff14949c5) Importer(815301076,1909f56bfc062723c751e8b465ee728b)
Start importing Assets/Synty/PolygonApocalypse/Models/Convex/SM_Bld_Motel_Sign_01_Convex 1.asset using Guid(fc677e55fc36f7442aeb70fff14949c5) Importer(815301076,1909f56bfc062723c751e8b465ee728b) (PreviewImporter) -> (artifact id: '65d9887920b01b48c71ab1bf5cab1160') in 0.0217093 seconds
Number of updated asset objects reloaded before import = 0Number of asset objects unloaded after import = 4

========================================================================
Received Import Request.
  Time since last request: 2.566741 seconds.
  path: Assets/Synty/PolygonApocalypse/Models/Convex/SM_Bld_Motel_Sign_02_Convex 1.asset
  artifactKey: Guid(3ddfa5fad14c0c84dbcb199d7460e652) Importer(815301076,1909f56bfc062723c751e8b465ee728b)
Start importing Assets/Synty/PolygonApocalypse/Models/Convex/SM_Bld_Motel_Sign_02_Convex 1.asset using Guid(3ddfa5fad14c0c84dbcb199d7460e652) Importer(815301076,1909f56bfc062723c751e8b465ee728b) (PreviewImporter) -> (artifact id: '7424d84c6eb47e71e8833ac958ffe109') in 0.0225694 seconds
Number of updated asset objects reloaded before import = 0Number of asset objects unloaded after import = 4

========================================================================
Received Import Request.
  Time since last request: 6.922844 seconds.
  path: Assets/Synty/PolygonApocalypse/Models/SM_Prop_Billboard_Roof_01.fbx
  artifactKey: Guid(b27d607763b826448ac23dc60524405f) Importer(815301076,1909f56bfc062723c751e8b465ee728b)
Start importing Assets/Synty/PolygonApocalypse/Models/SM_Prop_Billboard_Roof_01.fbx using Guid(b27d607763b826448ac23dc60524405f) Importer(815301076,1909f56bfc062723c751e8b465ee728b) (PreviewImporter) -> (artifact id: '2e359cb22a514fdceb5a641c607204eb') in 0.0208433 seconds
Number of updated asset objects reloaded before import = 0Number of asset objects unloaded after import = 12

========================================================================
Received Import Request.
  Time since last request: 0.016716 seconds.
  path: Assets/Synty/PolygonApocalypse/Models/Convex/SM_Prop_Billboard_Sign_01_Convex.asset
  artifactKey: Guid(d58c988a8b5ec964f841418b9bc3288c) Importer(815301076,1909f56bfc062723c751e8b465ee728b)
Start importing Assets/Synty/PolygonApocalypse/Models/Convex/SM_Prop_Billboard_Sign_01_Convex.asset using Guid(d58c988a8b5ec964f841418b9bc3288c) Importer(815301076,1909f56bfc062723c751e8b465ee728b) (PreviewImporter) -> (artifact id: 'ef10659f5febdbecebb23c716c5c663e') in 0.0148079 seconds
Number of updated asset objects reloaded before import = 0Number of asset objects unloaded after import = 2

========================================================================
Received Import Request.
  Time since last request: 0.290941 seconds.
  path: Assets/Synty/PolygonApocalypse/Prefabs/Props/SM_Prop_Billboard_Sign_02.prefab
  artifactKey: Guid(25e33459b516db3448f5c9d7b98d8dd2) Importer(815301076,1909f56bfc062723c751e8b465ee728b)
Start importing Assets/Synty/PolygonApocalypse/Prefabs/Props/SM_Prop_Billboard_Sign_02.prefab using Guid(25e33459b516db3448f5c9d7b98d8dd2) Importer(815301076,1909f56bfc062723c751e8b465ee728b) (PreviewImporter) -> (artifact id: 'a97ec4274807190ce9696fefd634e81e') in 0.0123539 seconds
Number of updated asset objects reloaded before import = 0Number of asset objects unloaded after import = 15

========================================================================
Received Import Request.
  Time since last request: 49.739654 seconds.
  path: Assets/Synty/PolygonShops/Models/SM_Prop_Sign_Warning_01.fbx
  artifactKey: Guid(dc689e880053ba94fb38675d704e90a7) Importer(815301076,1909f56bfc062723c751e8b465ee728b)
Start importing Assets/Synty/PolygonShops/Models/SM_Prop_Sign_Warning_01.fbx using Guid(dc689e880053ba94fb38675d704e90a7) Importer(815301076,1909f56bfc062723c751e8b465ee728b) (PreviewImporter) -> (artifact id: '57fcfa4bf32357f07bd6f2363b60ac7a') in 0.0098605 seconds
Number of updated asset objects reloaded before import = 0Number of asset objects unloaded after import = 7

========================================================================
Received Import Request.
  Time since last request: 0.000025 seconds.
  path: Assets/Synty/PolygonShops/Models/Collision/Convex/SM_Prop_Sign_Warning_01_Convex.asset
  artifactKey: Guid(69ed4b60017034843b754003c54aac66) Importer(815301076,1909f56bfc062723c751e8b465ee728b)
Start importing Assets/Synty/PolygonShops/Models/Collision/Convex/SM_Prop_Sign_Warning_01_Convex.asset using Guid(69ed4b60017034843b754003c54aac66) Importer(815301076,1909f56bfc062723c751e8b465ee728b) (PreviewImporter) -> (artifact id: '4fd0e3df43cf3ece17b651d7c896530b') in 0.0202698 seconds
Number of updated asset objects reloaded before import = 0Number of asset objects unloaded after import = 2

========================================================================
Received Import Request.
  Time since last request: 0.000024 seconds.
  path: Assets/Synty/PolygonShops/Prefabs/Props/SM_Prop_Sign_WarningSymbol_02.prefab
  artifactKey: Guid(e071ac7bd0760bb43a3cbec937bb4d8e) Importer(815301076,1909f56bfc062723c751e8b465ee728b)
Start importing Assets/Synty/PolygonShops/Prefabs/Props/SM_Prop_Sign_WarningSymbol_02.prefab using Guid(e071ac7bd0760bb43a3cbec937bb4d8e) Importer(815301076,1909f56bfc062723c751e8b465ee728b) (PreviewImporter) -> (artifact id: 'b58c9e5b811e8b2f023052d14b4323a0') in 0.0154736 seconds
Number of updated asset objects reloaded before import = 0Number of asset objects unloaded after import = 17

========================================================================
Received Import Request.
  Time since last request: 0.000027 seconds.
  path: Assets/Synty/PolygonShops/Models/SM_Prop_Sign_WarningSymbol_04.fbx
  artifactKey: Guid(51d90ce084cf30d46b7cfb12e4212d34) Importer(815301076,1909f56bfc062723c751e8b465ee728b)
Start importing Assets/Synty/PolygonShops/Models/SM_Prop_Sign_WarningSymbol_04.fbx using Guid(51d90ce084cf30d46b7cfb12e4212d34) Importer(815301076,1909f56bfc062723c751e8b465ee728b) (PreviewImporter) -> (artifact id: 'ab880be9b14e1e583ef77aa84234ebe0') in 0.0161536 seconds
Number of updated asset objects reloaded before import = 0Number of asset objects unloaded after import = 7

========================================================================
Received Import Request.
  Time since last request: 0.000019 seconds.
  path: Assets/Synty/PolygonShops/Models/SM_Prop_Sign_WarningSymbol_03.fbx
  artifactKey: Guid(ba4bbb2219267624fae20dfb7c9b458f) Importer(815301076,1909f56bfc062723c751e8b465ee728b)
Start importing Assets/Synty/PolygonShops/Models/SM_Prop_Sign_WarningSymbol_03.fbx using Guid(ba4bbb2219267624fae20dfb7c9b458f) Importer(815301076,1909f56bfc062723c751e8b465ee728b) (PreviewImporter) -> (artifact id: 'd28394d3692cfe7269e5d3b2272bbdd9') in 0.0168072 seconds
Number of updated asset objects reloaded before import = 0Number of asset objects unloaded after import = 7

========================================================================
Received Import Request.
  Time since last request: 0.000019 seconds.
  path: Assets/Synty/PolygonShops/Models/Collision/Convex/SM_Prop_Sign_Win_Me_01_Convex.asset
  artifactKey: Guid(26c6b8607c108f94590e357879c44cb1) Importer(815301076,1909f56bfc062723c751e8b465ee728b)
Start importing Assets/Synty/PolygonShops/Models/Collision/Convex/SM_Prop_Sign_Win_Me_01_Convex.asset using Guid(26c6b8607c108f94590e357879c44cb1) Importer(815301076,1909f56bfc062723c751e8b465ee728b) (PreviewImporter) -> (artifact id: '0a46657ecfa942745ed8bed0b7d63cf9') in 0.0135744 seconds
Number of updated asset objects reloaded before import = 0Number of asset objects unloaded after import = 2

========================================================================
Received Import Request.
  Time since last request: 0.000021 seconds.
  path: Assets/Synty/PolygonShops/Prefabs/Signs/SM_Sign_3dText_Bar_01.prefab
  artifactKey: Guid(d6d42515b6b857148bf5ee87ba7ba2bc) Importer(815301076,1909f56bfc062723c751e8b465ee728b)
Start importing Assets/Synty/PolygonShops/Prefabs/Signs/SM_Sign_3dText_Bar_01.prefab using Guid(d6d42515b6b857148bf5ee87ba7ba2bc) Importer(815301076,1909f56bfc062723c751e8b465ee728b) (PreviewImporter) -> (artifact id: '75791baf27c289c705e5ad01a0db23e9') in 0.0184772 seconds
Number of updated asset objects reloaded before import = 0Number of asset objects unloaded after import = 16

========================================================================
Received Import Request.
  Time since last request: 0.000032 seconds.
  path: Assets/Synty/PolygonShops/Models/SM_Sign_3dText_Best_01.fbx
  artifactKey: Guid(0c659fd739c5d4b4eb2616f9dbb5d2dc) Importer(815301076,1909f56bfc062723c751e8b465ee728b)
Start importing Assets/Synty/PolygonShops/Models/SM_Sign_3dText_Best_01.fbx using Guid(0c659fd739c5d4b4eb2616f9dbb5d2dc) Importer(815301076,1909f56bfc062723c751e8b465ee728b) (PreviewImporter) -> (artifact id: 'c39fd62b124e0f426c59efcf9189f6dd') in 0.0148989 seconds
Number of updated asset objects reloaded before import = 0Number of asset objects unloaded after import = 7

========================================================================
Received Import Request.
  Time since last request: 0.000027 seconds.
  path: Assets/Synty/PolygonShops/Models/Collision/Convex/SM_Prop_Sign_WarningSymbol_04_Convex.asset
  artifactKey: Guid(7bec31ab450f6b8498baed430d45060c) Importer(815301076,1909f56bfc062723c751e8b465ee728b)
Start importing Assets/Synty/PolygonShops/Models/Collision/Convex/SM_Prop_Sign_WarningSymbol_04_Convex.asset using Guid(7bec31ab450f6b8498baed430d45060c) Importer(815301076,1909f56bfc062723c751e8b465ee728b) (PreviewImporter) -> (artifact id: '6b343fa34e4031538c872df9087b670b') in 0.0175004 seconds
Number of updated asset objects reloaded before import = 0Number of asset objects unloaded after import = 2

========================================================================
Received Import Request.
  Time since last request: 0.000020 seconds.
  path: Assets/Synty/PolygonApocalypse/Prefabs/Props/SM_Prop_Sign_Wheel_01.prefab
  artifactKey: Guid(7cbd45eb4202e5849bf808dd713579bd) Importer(815301076,1909f56bfc062723c751e8b465ee728b)
Start importing Assets/Synty/PolygonApocalypse/Prefabs/Props/SM_Prop_Sign_Wheel_01.prefab using Guid(7cbd45eb4202e5849bf808dd713579bd) Importer(815301076,1909f56bfc062723c751e8b465ee728b) (PreviewImporter) -> (artifact id: '5f48b6abe12f3dafe20144841396b800') in 0.0325698 seconds
Number of updated asset objects reloaded before import = 0Number of asset objects unloaded after import = 18

========================================================================
Received Import Request.
  Time since last request: 0.283285 seconds.
  path: Assets/Synty/PolygonShops/Models/SM_Sign_3dText_Cafe_01.fbx
  artifactKey: Guid(5d31876cd039e8544a9294f14bd60dff) Importer(815301076,1909f56bfc062723c751e8b465ee728b)
Start importing Assets/Synty/PolygonShops/Models/SM_Sign_3dText_Cafe_01.fbx using Guid(5d31876cd039e8544a9294f14bd60dff) Importer(815301076,1909f56bfc062723c751e8b465ee728b) (PreviewImporter) -> (artifact id: '05830359abc1329d7817a1e563c411ff') in 0.0123015 seconds
Number of updated asset objects reloaded before import = 0Number of asset objects unloaded after import = 7

========================================================================
Received Import Request.
  Time since last request: 0.000022 seconds.
  path: Assets/Synty/PolygonShops/Models/SM_Sign_3dText_Cheap_01.fbx
  artifactKey: Guid(f8626a7aecabdb64682fd89961e382ec) Importer(815301076,1909f56bfc062723c751e8b465ee728b)
Start importing Assets/Synty/PolygonShops/Models/SM_Sign_3dText_Cheap_01.fbx using Guid(f8626a7aecabdb64682fd89961e382ec) Importer(815301076,1909f56bfc062723c751e8b465ee728b) (PreviewImporter) -> (artifact id: '90007795ff3da990c697f1e94edac526') in 0.0138674 seconds
Number of updated asset objects reloaded before import = 0Number of asset objects unloaded after import = 7

========================================================================
Received Import Request.
  Time since last request: 0.000025 seconds.
  path: Assets/Synty/PolygonShops/Prefabs/Signs/SM_Sign_3dText_Deal_01.prefab
  artifactKey: Guid(08b3d19907696404aafd876fb2f6637d) Importer(815301076,1909f56bfc062723c751e8b465ee728b)
Start importing Assets/Synty/PolygonShops/Prefabs/Signs/SM_Sign_3dText_Deal_01.prefab using Guid(08b3d19907696404aafd876fb2f6637d) Importer(815301076,1909f56bfc062723c751e8b465ee728b) (PreviewImporter) -> (artifact id: 'fcd949bdd5607154a0c39c88396ffc77') in 0.0146259 seconds
Number of updated asset objects reloaded before import = 0Number of asset objects unloaded after import = 16

========================================================================
Received Import Request.
  Time since last request: 0.000018 seconds.
  path: Assets/Synty/PolygonShops/Prefabs/Signs/SM_Sign_3dText_Florist_01.prefab
  artifactKey: Guid(7ee9475d6a3d8034d8f4c4b9e03887d1) Importer(815301076,1909f56bfc062723c751e8b465ee728b)
Start importing Assets/Synty/PolygonShops/Prefabs/Signs/SM_Sign_3dText_Florist_01.prefab using Guid(7ee9475d6a3d8034d8f4c4b9e03887d1) Importer(815301076,1909f56bfc062723c751e8b465ee728b) (PreviewImporter) -> (artifact id: 'bed570a1478e960b79dbb97c13aba4f2') in 0.0175743 seconds
Number of updated asset objects reloaded before import = 0Number of asset objects unloaded after import = 16

========================================================================
Received Import Request.
  Time since last request: 0.000030 seconds.
  path: Assets/Synty/PolygonShops/Prefabs/Signs/SM_Sign_3dText_Hunting_01.prefab
  artifactKey: Guid(c25caae1af279c84aa22c4493a0e73fb) Importer(815301076,1909f56bfc062723c751e8b465ee728b)
Start importing Assets/Synty/PolygonShops/Prefabs/Signs/SM_Sign_3dText_Hunting_01.prefab using Guid(c25caae1af279c84aa22c4493a0e73fb) Importer(815301076,1909f56bfc062723c751e8b465ee728b) (PreviewImporter) -> (artifact id: 'b42eb3eecd7afb376be93acd438dfeec') in 0.0171025 seconds
Number of updated asset objects reloaded before import = 0Number of asset objects unloaded after import = 16

========================================================================
Received Import Request.
  Time since last request: 0.000038 seconds.
  path: Assets/Synty/PolygonShops/Prefabs/Signs/SM_Sign_3dText_Joint_01.prefab
  artifactKey: Guid(9dba31394bb8b5e47ad10c19987ca06b) Importer(815301076,1909f56bfc062723c751e8b465ee728b)
Start importing Assets/Synty/PolygonShops/Prefabs/Signs/SM_Sign_3dText_Joint_01.prefab using Guid(9dba31394bb8b5e47ad10c19987ca06b) Importer(815301076,1909f56bfc062723c751e8b465ee728b) (PreviewImporter) -> (artifact id: 'bb6fcd27a878ddb1ce5d571a949de7c9') in 0.0165507 seconds
Number of updated asset objects reloaded before import = 0Number of asset objects unloaded after import = 16

========================================================================
Received Import Request.
  Time since last request: 1.012719 seconds.
  path: Assets/Synty/PolygonShops/Models/SM_Sign_3dText_Letter_A.fbx
  artifactKey: Guid(7340f0fabfb4137409c31a0a52a3ee5c) Importer(815301076,1909f56bfc062723c751e8b465ee728b)
Start importing Assets/Synty/PolygonShops/Models/SM_Sign_3dText_Letter_A.fbx using Guid(7340f0fabfb4137409c31a0a52a3ee5c) Importer(815301076,1909f56bfc062723c751e8b465ee728b) (PreviewImporter) -> (artifact id: '574c5d498bd14770e0413ba0c254b8eb') in 0.0121466 seconds
Number of updated asset objects reloaded before import = 0Number of asset objects unloaded after import = 7

========================================================================
Received Import Request.
  Time since last request: 0.000019 seconds.
  path: Assets/Synty/PolygonShops/Models/SM_Sign_3dText_Letter_C.fbx
  artifactKey: Guid(4e38f44d70bacad41b6d894bfb3bded9) Importer(815301076,1909f56bfc062723c751e8b465ee728b)
Start importing Assets/Synty/PolygonShops/Models/SM_Sign_3dText_Letter_C.fbx using Guid(4e38f44d70bacad41b6d894bfb3bded9) Importer(815301076,1909f56bfc062723c751e8b465ee728b) (PreviewImporter) -> (artifact id: 'ee641b3dbfd7e9b063611b1775cc299d') in 0.0152967 seconds
Number of updated asset objects reloaded before import = 0Number of asset objects unloaded after import = 7

========================================================================
Received Import Request.
  Time since last request: 0.000024 seconds.
  path: Assets/Synty/PolygonShops/Prefabs/Signs/SM_Sign_3dText_Letter_E.prefab
  artifactKey: Guid(d198b547d091d2642b9ebc0fdf78315d) Importer(815301076,1909f56bfc062723c751e8b465ee728b)
Start importing Assets/Synty/PolygonShops/Prefabs/Signs/SM_Sign_3dText_Letter_E.prefab using Guid(d198b547d091d2642b9ebc0fdf78315d) Importer(815301076,1909f56bfc062723c751e8b465ee728b) (PreviewImporter) -> (artifact id: 'ec600e118f45cc0bc44e5192fc93b086') in 0.0178781 seconds
Number of updated asset objects reloaded before import = 0Number of asset objects unloaded after import = 16

========================================================================
Received Import Request.
  Time since last request: 0.000022 seconds.
  path: Assets/Synty/PolygonShops/Prefabs/Signs/SM_Sign_3dText_Letter_G.prefab
  artifactKey: Guid(25f5c1fb56b53fe40a52664a74ebc0e3) Importer(815301076,1909f56bfc062723c751e8b465ee728b)
Start importing Assets/Synty/PolygonShops/Prefabs/Signs/SM_Sign_3dText_Letter_G.prefab using Guid(25f5c1fb56b53fe40a52664a74ebc0e3) Importer(815301076,1909f56bfc062723c751e8b465ee728b) (PreviewImporter) -> (artifact id: '16721e513ba9cb7ed31a1fd322489c9d') in 0.0189964 seconds
Number of updated asset objects reloaded before import = 0Number of asset objects unloaded after import = 16

========================================================================
Received Import Request.
  Time since last request: 0.000029 seconds.
  path: Assets/Synty/PolygonShops/Models/SM_Sign_3dText_Letter_I.fbx
  artifactKey: Guid(0719249e358c78641b1247ddeaa81d1e) Importer(815301076,1909f56bfc062723c751e8b465ee728b)
Start importing Assets/Synty/PolygonShops/Models/SM_Sign_3dText_Letter_I.fbx using Guid(0719249e358c78641b1247ddeaa81d1e) Importer(815301076,1909f56bfc062723c751e8b465ee728b) (PreviewImporter) -> (artifact id: '46bd81a9624b12d35ef41b115d768108') in 0.01471 seconds
Number of updated asset objects reloaded before import = 0Number of asset objects unloaded after import = 7

========================================================================
Received Import Request.
  Time since last request: 7.237444 seconds.
  path: Assets/Synty/PolygonShops/Prefabs/Signs/SM_Sign_3dText_Letter_K.prefab
  artifactKey: Guid(a298ea8305e4e224dadd1cc68f3788c4) Importer(815301076,1909f56bfc062723c751e8b465ee728b)
Start importing Assets/Synty/PolygonShops/Prefabs/Signs/SM_Sign_3dText_Letter_K.prefab using Guid(a298ea8305e4e224dadd1cc68f3788c4) Importer(815301076,1909f56bfc062723c751e8b465ee728b) (PreviewImporter) -> (artifact id: '9a76bed633a87b406de1fe53ee3be5bb') in 0.0221403 seconds
Number of updated asset objects reloaded before import = 0Number of asset objects unloaded after import = 16

========================================================================
Received Import Request.
  Time since last request: 17.279920 seconds.
  path: Assets/Synty/PolygonShops/Models/SM_Sign_3dText_Letter_M.fbx
  artifactKey: Guid(689f2047cccffed42ac182d9a7bdb74d) Importer(815301076,1909f56bfc062723c751e8b465ee728b)
Start importing Assets/Synty/PolygonShops/Models/SM_Sign_3dText_Letter_M.fbx using Guid(689f2047cccffed42ac182d9a7bdb74d) Importer(815301076,1909f56bfc062723c751e8b465ee728b) (PreviewImporter) -> (artifact id: '1a94c03820f29ac6936437b07ea2b4c8') in 0.0444995 seconds
Number of updated asset objects reloaded before import = 0Number of asset objects unloaded after import = 7

========================================================================
Received Import Request.
  Time since last request: 0.308783 seconds.
  path: Assets/Synty/PolygonShops/Prefabs/Signs/SM_Sign_3dText_Letter_O.prefab
  artifactKey: Guid(faf3a345206d01f498a92af2c6582e06) Importer(815301076,1909f56bfc062723c751e8b465ee728b)
Start importing Assets/Synty/PolygonShops/Prefabs/Signs/SM_Sign_3dText_Letter_O.prefab using Guid(faf3a345206d01f498a92af2c6582e06) Importer(815301076,1909f56bfc062723c751e8b465ee728b) (PreviewImporter) -> (artifact id: 'baae2fea153851340366a7dc5d82336d') in 0.0168671 seconds
Number of updated asset objects reloaded before import = 0Number of asset objects unloaded after import = 16

========================================================================
Received Import Request.
  Time since last request: 0.013544 seconds.
  path: Assets/Synty/PolygonShops/Models/SM_Sign_3dText_Letter_Q.fbx
  artifactKey: Guid(ae027f04065ae004bbeb1d6edcf9eb2b) Importer(815301076,1909f56bfc062723c751e8b465ee728b)
Start importing Assets/Synty/PolygonShops/Models/SM_Sign_3dText_Letter_Q.fbx using Guid(ae027f04065ae004bbeb1d6edcf9eb2b) Importer(815301076,1909f56bfc062723c751e8b465ee728b) (PreviewImporter) -> (artifact id: '584187af178a7e8d567ba3d68aa9377a') in 0.0133478 seconds
Number of updated asset objects reloaded before import = 0Number of asset objects unloaded after import = 7

========================================================================
Received Import Request.
  Time since last request: 0.633033 seconds.
  path: Assets/Synty/PolygonShops/Prefabs/Signs/SM_Sign_3dText_Letter_R.prefab
  artifactKey: Guid(5f36513ca7a7cb443bd1902866bd7e29) Importer(815301076,1909f56bfc062723c751e8b465ee728b)
Start importing Assets/Synty/PolygonShops/Prefabs/Signs/SM_Sign_3dText_Letter_R.prefab using Guid(5f36513ca7a7cb443bd1902866bd7e29) Importer(815301076,1909f56bfc062723c751e8b465ee728b) (PreviewImporter) -> (artifact id: 'ff09e01d505ba7d556a1ea95ae8e6e94') in 0.025824 seconds
Number of updated asset objects reloaded before import = 0Number of asset objects unloaded after import = 16

========================================================================
Received Import Request.
  Time since last request: 0.017207 seconds.
  path: Assets/Synty/PolygonShops/Models/SM_Sign_3dText_Letter_S.fbx
  artifactKey: Guid(485fd593bfbbdc74a9f06db845a34d79) Importer(815301076,1909f56bfc062723c751e8b465ee728b)
Start importing Assets/Synty/PolygonShops/Models/SM_Sign_3dText_Letter_S.fbx using Guid(485fd593bfbbdc74a9f06db845a34d79) Importer(815301076,1909f56bfc062723c751e8b465ee728b) (PreviewImporter) -> (artifact id: 'dfb6292af17a5b65bf37034de0a60d1d') in 0.0185036 seconds
Number of updated asset objects reloaded before import = 0Number of asset objects unloaded after import = 7

