[Licensing::Module] Trying to connect to existing licensing client channel...
Built from '6000.3/staging' branch; Version is '6000.3.13f1 (8c4f11e4fb20) revision 9195281'; Using compiler version '194234433'; Build Type 'Release'
OS: 'Windows 11  (10.0.26200) Core' Language: 'en' Physical Memory: 32347 MB
[Licensing::IpcConnector] Successfully connected to: "LicenseClient-zieli" at "2026-04-22T01:42:52.377448Z"
BatchMode: 1, IsHumanControllingUs: 0, StartBugReporterOnCrash: 0, Is64bit: 1
System  architecture: x64
Process architecture: x64
Date: 2026-04-22T01:42:52Z

COMMAND LINE ARGUMENTS:
C:\Program Files\Unity\Hub\Editor\6000.3.13f1\Editor\Unity.exe
-adb2
-batchMode
-noUpm
-name
AssetImportWorker44
-projectPath
C:/Game Development/DisasterDiner
-logFile
Logs/AssetImportWorker44.log
-srvPort
60058
-licensingIpc
LicenseClient-zieli
-job-worker-count
7
-background-job-worker-count
8
-gc-helper-count
1
-name
AssetImport
Successfully changed project path to: C:/Game Development/DisasterDiner
C:/Game Development/DisasterDiner
[UnityMemory] Configuration Parameters - Can be set up in boot.config
    "memorysetup-temp-allocator-size-nav-mesh-worker=65536"
    "memorysetup-temp-allocator-size-audio-worker=65536"
    "memorysetup-temp-allocator-size-gfx=262144"
    "memorysetup-allocator-temp-initial-block-size-main=262144"
    "memorysetup-allocator-temp-initial-block-size-worker=262144"
    "memorysetup-temp-allocator-size-background-worker=32768"
    "memorysetup-temp-allocator-size-job-worker=262144"
    "memorysetup-temp-allocator-size-preload-manager=33554432"
    "memorysetup-temp-allocator-size-gi-baking-worker=262144"
    "memorysetup-temp-allocator-size-gi-baking-worker=262144"
    "memorysetup-temp-allocator-size-gi-baking-worker=262144"
    "memorysetup-temp-allocator-size-gi-baking-worker=262144"
    "memorysetup-temp-allocator-size-gi-baking-worker=262144"
    "memorysetup-bucket-allocator-granularity=16"
    "memorysetup-bucket-allocator-bucket-count=8"
    "memorysetup-bucket-allocator-block-size=33554432"
    "memorysetup-bucket-allocator-block-count=8"
    "memorysetup-main-allocator-block-size=16777216"
    "memorysetup-thread-allocator-block-size=16777216"
    "memorysetup-gfx-main-allocator-block-size=16777216"
    "memorysetup-gfx-thread-allocator-block-size=16777216"
    "memorysetup-cache-allocator-block-size=4194304"
    "memorysetup-typetree-allocator-block-size=2097152"
    "memorysetup-profiler-bucket-allocator-granularity=16"
    "memorysetup-profiler-bucket-allocator-bucket-count=8"
    "memorysetup-profiler-bucket-allocator-block-size=33554432"
    "memorysetup-profiler-bucket-allocator-block-count=8"
    "memorysetup-profiler-allocator-block-size=16777216"
    "memorysetup-profiler-editor-allocator-block-size=1048576"
    "memorysetup-temp-allocator-size-main=16777216"
    "memorysetup-job-temp-allocator-block-size=2097152"
    "memorysetup-job-temp-allocator-block-size-background=1048576"
    "memorysetup-job-temp-allocator-reduction-small-platforms=262144"
    "memorysetup-temp-allocator-size-cloud-worker=32768"
Player connection [45024]  Target information:

Player connection [45024]  * "[IP] 192.168.86.22 [Port] 0 [Flags] 2 [Guid] 2224752146 [EditorId] 2224752146 [Version] 1048832 [Id] WindowsEditor(7,Johns_PC) [Debug] 1 [PackageName] WindowsEditor [ProjectName] Editor" 

Player connection [45024] Host joined multi-casting on [225.0.0.222:54997]...
Player connection [45024] Host joined alternative multi-casting on [225.0.0.222:34997]...
JobSystem: Creating JobQueue using job-worker-count value 7
Input System module state changed to: Initialized.
[Physics::Module] Initialized fallback backend.
[Physics::Module] Id: 0xdecafbad
Library Redirect Path: Library/
[Physics::Module] Selected backend.
[Physics::Module] Name: PhysX
[Physics::Module] Id: 0xf2b8ea05
[Physics::Module] SDK Version: 4.1.2
[Physics::Module] Integration Version: 1.0.0
[Physics::Module] Threading Mode: Multi-Threaded
Refreshing native plugins compatible for Editor in 3.32 ms, found 4 plugins.
Preloading 0 native plugins for Editor in 0.00 ms.
Initialize engine version: 6000.3.13f1 (8c4f11e4fb20)
[Subsystems] Discovering subsystems at path C:/Program Files/Unity/Hub/Editor/6000.3.13f1/Editor/Data/Resources/UnitySubsystems
[Subsystems] Discovering subsystems at path C:/Game Development/DisasterDiner/Assets
GfxDevice: creating device client; kGfxThreadingModeNonThreaded
Direct3D:
    Version:  Direct3D 11.0 [level 11.1]
    Renderer: NVIDIA GeForce RTX 4070 SUPER (ID=0x2783)
    Vendor:   NVIDIA
    VRAM:     11999 MB
    Driver:   32.0.15.8157
Initialize mono
Mono path[0] = 'C:/Program Files/Unity/Hub/Editor/6000.3.13f1/Editor/Data/Managed'
Mono path[1] = 'C:/Program Files/Unity/Hub/Editor/6000.3.13f1/Editor/Data/MonoBleedingEdge/lib/mono/unityjit-win32'
Mono config path = 'C:/Program Files/Unity/Hub/Editor/6000.3.13f1/Editor/Data/MonoBleedingEdge/etc'
Using monoOptions --debugger-agent=transport=dt_socket,embedding=1,server=y,suspend=n,address=127.0.0.1:56440
Begin MonoManager ReloadAssembly
Registering precompiled unity dll's ...
Register platform support module: C:/Program Files/Unity/Hub/Editor/6000.3.13f1/Editor/Data/PlaybackEngines/WindowsStandaloneSupport/UnityEditor.WindowsStandalone.Extensions.dll
Registered in 0.001353 seconds.
[Licensing::Client] Error: HandshakeResponse reported an error:
	ResponseCode: 505
	ResponseStatus: Unsupported protocol version '1.18.1'.
[Licensing::Module] Error: Failed to handshake to channel: "LicenseClient-zieli"
[Licensing::IpcConnector] LicenseClient-zieli channel disconnected successfully.
[Licensing::IpcConnector] Successfully connected to: "LicenseClient-zieli-6000.3.13" at "2026-04-22T01:42:53.3659881Z"
- Loaded All Assemblies, in  0.346 seconds
Native extension for WindowsStandalone target not found
Package Manager log level set to [2]
[Package Manager] Failed to launch server process. Reason: Unity was launched with the -noUpm command-line argument
[Package Manager] Unable to send message (not connected to server process).
[Package Manager] Cannot connect to Unity Package Manager local server
ScheduleIndexationOnStartup MainProcess:False IndexOnStartup:True
Mono: successfully reloaded assembly
- Finished resetting the current domain, in  0.357 seconds
Domain Reload Profiling: 701ms
	BeginReloadAssembly (110ms)
		ExecutionOrderSort (0ms)
		DisableScriptedObjects (0ms)
		BackupInstance (0ms)
		ReleaseScriptingObjects (0ms)
		CreateAndSetChildDomain (1ms)
	RebuildCommonClasses (33ms)
	RebuildNativeTypeToScriptingClass (12ms)
	initialDomainReloadingComplete (42ms)
	LoadAllAssembliesAndSetupDomain (147ms)
		LoadAssemblies (107ms)
		RebuildTransferFunctionScriptingTraits (0ms)
		AnalyzeDomain (144ms)
			TypeCache.Refresh (143ms)
				TypeCache.ScanAssembly (132ms)
			BuildScriptInfoCaches (0ms)
			ResolveRequiredComponents (0ms)
	FinalizeReload (357ms)
		ReleaseScriptCaches (0ms)
		RebuildScriptCaches (0ms)
		SetupLoadedEditorAssemblies (309ms)
			LogAssemblyErrors (0ms)
			InitializePlatformSupportModulesInManaged (43ms)
			SetLoadedEditorAssemblies (3ms)
			BeforeProcessingInitializeOnLoad (67ms)
			ProcessInitializeOnLoadAttributes (125ms)
			ProcessInitializeOnLoadMethodAttributes (70ms)
			AfterProcessingInitializeOnLoad (0ms)
			EditorAssembliesLoaded (0ms)
		ExecutionOrderSort2 (0ms)
		AwakeInstancesAfterBackupRestoration (0ms)
========================================================================
Worker process is ready to serve import requests
Import Worker Mode flag is 0x00
Begin MonoManager ReloadAssembly
[Licensing::Module] Licensing is not yet initialized.
[Licensing::Client] Handshaking with LicensingClient:
  Version:                 1.18.1+9fbee8e
  Session Id:              1ab7343ebebc43d5ae78c7769ca27036
  Correlation Id:          2b999b7551c4f1abd27547e4a7907d59
  External correlation Id: 195908872925757997
  Machine Id:              a0OP954qVZmt5azPS5PrvPW5hTY=
[Licensing::Module] Successfully connected to LicensingClient on channel: "LicenseClient-zieli-6000.3.13" (connect: 0.01s, validation: 0.00s, handshake: 0.91s)
[Licensing::IpcConnector] Successfully connected to: "LicenseClient-zieli-6000.3.13-notifications" at "2026-04-22T01:42:54.2763014Z"
[Licensing::Module] Licensing Background thread has ended after 1.90s
[Licensing::Module] Licensing is initialized (took 0.22s).
[Licensing::Client] Successfully resolved entitlement details
[Licensing::Module] License group:
  Id: 2475483376267-UnityPersXXXX
  Product: Unity Personal
  Type: Assigned
  Expiration: Unlimited
- Loaded All Assemblies, in  0.848 seconds
Refreshing native plugins compatible for Editor in 1.73 ms, found 4 plugins.
Native extension for WindowsStandalone target not found
[Package Manager] Failed to launch server process. Reason: Unity was launched with the -noUpm command-line argument
[Package Manager] Unable to send message (not connected to server process).
[Package Manager] Cannot connect to Unity Package Manager local server
Refreshing native plugins compatible for Editor in 1.35 ms, found 4 plugins.
[Package Manager] Failed to launch server process. Reason: Unity was launched with the -noUpm command-line argument
[Package Manager] Unable to send message (not connected to server process).
[Package Manager] Cannot connect to Unity Package Manager local server
ScheduleIndexationOnStartup MainProcess:False IndexOnStartup:True
Mono: successfully reloaded assembly
- Finished resetting the current domain, in  0.606 seconds
Domain Reload Profiling: 1450ms
	BeginReloadAssembly (363ms)
		ExecutionOrderSort (0ms)
		DisableScriptedObjects (6ms)
		BackupInstance (0ms)
		ReleaseScriptingObjects (0ms)
		CreateAndSetChildDomain (26ms)
	RebuildCommonClasses (31ms)
	RebuildNativeTypeToScriptingClass (11ms)
	initialDomainReloadingComplete (34ms)
	LoadAllAssembliesAndSetupDomain (404ms)
		LoadAssemblies (285ms)
		RebuildTransferFunctionScriptingTraits (0ms)
		AnalyzeDomain (197ms)
			TypeCache.Refresh (141ms)
				TypeCache.ScanAssembly (131ms)
			BuildScriptInfoCaches (45ms)
			ResolveRequiredComponents (7ms)
	FinalizeReload (606ms)
		ReleaseScriptCaches (0ms)
		RebuildScriptCaches (0ms)
		SetupLoadedEditorAssemblies (439ms)
			LogAssemblyErrors (0ms)
			InitializePlatformSupportModulesInManaged (1ms)
			SetLoadedEditorAssemblies (3ms)
			BeforeProcessingInitializeOnLoad (103ms)
			ProcessInitializeOnLoadAttributes (277ms)
			ProcessInitializeOnLoadMethodAttributes (50ms)
			AfterProcessingInitializeOnLoad (5ms)
			EditorAssembliesLoaded (0ms)
		ExecutionOrderSort2 (0ms)
		AwakeInstancesAfterBackupRestoration (7ms)
Launched and connected shader compiler UnityShaderCompiler.exe after 0.01 seconds
Refreshing native plugins compatible for Editor in 1.52 ms, found 4 plugins.
Preloading 0 native plugins for Editor in 0.00 ms.
Unloading 16 Unused Serialized files (Serialized files now loaded: 0)
Unloading 6447 unused Assets / (4.9 MB). Loaded Objects now: 7245.
Memory consumption went from 162.6 MB to 157.7 MB.
Total: 7.113600 ms (FindLiveObjects: 0.546700 ms CreateObjectMapping: 0.627100 ms MarkObjects: 4.062800 ms  DeleteObjects: 1.875800 ms)

========================================================================
Received Import Request.
  Time since last request: 15216.105222 seconds.
  path: Assets/Synty/PolygonShops/Models/SM_Prop_Food_Sugar_01.fbx
  artifactKey: Guid(ef65ce0638fe2c24386a67230435695b) Importer(815301076,1909f56bfc062723c751e8b465ee728b)
Start importing Assets/Synty/PolygonShops/Models/SM_Prop_Food_Sugar_01.fbx using Guid(ef65ce0638fe2c24386a67230435695b) Importer(815301076,1909f56bfc062723c751e8b465ee728b) (PreviewImporter) -> (artifact id: '02f76066b6c85834c829afb3e3f8aa19') in 0.4289649 seconds
Number of updated asset objects reloaded before import = 0Number of asset objects unloaded after import = 7

========================================================================
Received Import Request.
  Time since last request: 26.577153 seconds.
  path: Assets/Synty/PolygonGeneric/Models/Base/SM_Bld_Base_Roof_Straight_01.fbx
  artifactKey: Guid(10bc96dc5dcd10d44b14a5740b0d5e02) Importer(815301076,1909f56bfc062723c751e8b465ee728b)
Start importing Assets/Synty/PolygonGeneric/Models/Base/SM_Bld_Base_Roof_Straight_01.fbx using Guid(10bc96dc5dcd10d44b14a5740b0d5e02) Importer(815301076,1909f56bfc062723c751e8b465ee728b) (PreviewImporter) -> (artifact id: 'ed2b2c9409dfbdcbffd334c8b1db3f32') in 0.0164563 seconds
Number of updated asset objects reloaded before import = 0Number of asset objects unloaded after import = 7

========================================================================
Received Import Request.
  Time since last request: 0.000019 seconds.
  path: Assets/Synty/PolygonApocalypse/Prefabs/Buildings/SM_Bld_Bunker_Entrance_01.prefab
  artifactKey: Guid(1adaff2ae3c885544bd8e9bd7b670c92) Importer(815301076,1909f56bfc062723c751e8b465ee728b)
Start importing Assets/Synty/PolygonApocalypse/Prefabs/Buildings/SM_Bld_Bunker_Entrance_01.prefab using Guid(1adaff2ae3c885544bd8e9bd7b670c92) Importer(815301076,1909f56bfc062723c751e8b465ee728b) (PreviewImporter) -> (artifact id: 'ec65206d5b1235669b31d23e82877b9c') in 0.0526205 seconds
Number of updated asset objects reloaded before import = 0Number of asset objects unloaded after import = 18

========================================================================
Received Import Request.
  Time since last request: 0.000032 seconds.
  path: Assets/Synty/PolygonApocalypse/Models/Convex/SM_Bld_Entrance_Cover_01_Convex 2.asset
  artifactKey: Guid(99fc7bf2a40bd5f44942b0f04c5807a6) Importer(815301076,1909f56bfc062723c751e8b465ee728b)
Start importing Assets/Synty/PolygonApocalypse/Models/Convex/SM_Bld_Entrance_Cover_01_Convex 2.asset using Guid(99fc7bf2a40bd5f44942b0f04c5807a6) Importer(815301076,1909f56bfc062723c751e8b465ee728b) (PreviewImporter) -> (artifact id: '54ba1072dbbda772e01aaad12dc4ea5c') in 0.0374175 seconds
Number of updated asset objects reloaded before import = 0Number of asset objects unloaded after import = 8

========================================================================
Received Import Request.
  Time since last request: 0.736066 seconds.
  path: Assets/Synty/PolygonApocalypse/Models/SM_Prop_TrashPile_05.fbx
  artifactKey: Guid(2bd483d36e2c74140b28a85c40b131ff) Importer(815301076,1909f56bfc062723c751e8b465ee728b)
Start importing Assets/Synty/PolygonApocalypse/Models/SM_Prop_TrashPile_05.fbx using Guid(2bd483d36e2c74140b28a85c40b131ff) Importer(815301076,1909f56bfc062723c751e8b465ee728b) (PreviewImporter) -> (artifact id: '91a6fb2788bc4103977d47984b9592d0') in 0.034311 seconds
Number of updated asset objects reloaded before import = 0Number of asset objects unloaded after import = 17

========================================================================
Received Import Request.
  Time since last request: 0.000023 seconds.
  path: Assets/Synty/PolygonApocalypse/Models/SM_Prop_TrashPile_03.fbx
  artifactKey: Guid(beb42d8f7bc03f64ba7875c8a8d170f2) Importer(815301076,1909f56bfc062723c751e8b465ee728b)
Start importing Assets/Synty/PolygonApocalypse/Models/SM_Prop_TrashPile_03.fbx using Guid(beb42d8f7bc03f64ba7875c8a8d170f2) Importer(815301076,1909f56bfc062723c751e8b465ee728b) (PreviewImporter) -> (artifact id: '396d96542d658b07c6feea81892bf83b') in 0.030171 seconds
Number of updated asset objects reloaded before import = 0Number of asset objects unloaded after import = 17

========================================================================
Received Import Request.
  Time since last request: 0.000028 seconds.
  path: Assets/Synty/PolygonApocalypse/Models/SM_Prop_TrashBag_01.fbx
  artifactKey: Guid(f8ac9a3275193094387da94e296721e5) Importer(815301076,1909f56bfc062723c751e8b465ee728b)
Start importing Assets/Synty/PolygonApocalypse/Models/SM_Prop_TrashBag_01.fbx using Guid(f8ac9a3275193094387da94e296721e5) Importer(815301076,1909f56bfc062723c751e8b465ee728b) (PreviewImporter) -> (artifact id: '2fafb1a235d3c5262b4ec7933151e003') in 0.0152461 seconds
Number of updated asset objects reloaded before import = 0Number of asset objects unloaded after import = 7

========================================================================
Received Import Request.
  Time since last request: 0.000029 seconds.
  path: Assets/Synty/PolygonApocalypse/Models/SM_Prop_TrashBag_06.fbx
  artifactKey: Guid(2531bc6ccaedbf045ae7aa7b33aa70e2) Importer(815301076,1909f56bfc062723c751e8b465ee728b)
Start importing Assets/Synty/PolygonApocalypse/Models/SM_Prop_TrashBag_06.fbx using Guid(2531bc6ccaedbf045ae7aa7b33aa70e2) Importer(815301076,1909f56bfc062723c751e8b465ee728b) (PreviewImporter) -> (artifact id: 'e94486841802e5a9fac8b06f8ef8b621') in 0.0218605 seconds
Number of updated asset objects reloaded before import = 0Number of asset objects unloaded after import = 7

========================================================================
Received Import Request.
  Time since last request: 0.000027 seconds.
  path: Assets/Synty/PolygonApocalypse/Models/Convex/SM_Prop_TrashBag_07_Convex.asset
  artifactKey: Guid(c328358d5c72f80408623e758119a3e4) Importer(815301076,1909f56bfc062723c751e8b465ee728b)
Start importing Assets/Synty/PolygonApocalypse/Models/Convex/SM_Prop_TrashBag_07_Convex.asset using Guid(c328358d5c72f80408623e758119a3e4) Importer(815301076,1909f56bfc062723c751e8b465ee728b) (PreviewImporter) -> (artifact id: '814fac63ba6f24c9cc84270d5e69fa1f') in 0.0181697 seconds
Number of updated asset objects reloaded before import = 0Number of asset objects unloaded after import = 2

========================================================================
Received Import Request.
  Time since last request: 0.000025 seconds.
  path: Assets/Synty/PolygonApocalypse/Models/SM_Prop_TrashBag_03.fbx
  artifactKey: Guid(dea85d5c8b30dc94f84cf5a7e7502720) Importer(815301076,1909f56bfc062723c751e8b465ee728b)
Start importing Assets/Synty/PolygonApocalypse/Models/SM_Prop_TrashBag_03.fbx using Guid(dea85d5c8b30dc94f84cf5a7e7502720) Importer(815301076,1909f56bfc062723c751e8b465ee728b) (PreviewImporter) -> (artifact id: 'cf775fbca1251aeb68689f959c2efd4f') in 0.0140749 seconds
Number of updated asset objects reloaded before import = 0Number of asset objects unloaded after import = 7

========================================================================
Received Import Request.
  Time since last request: 0.000021 seconds.
  path: Assets/Synty/PolygonShops/Models/Collision/Convex/SM_Prop_Trash_Bags_01_Convex.asset
  artifactKey: Guid(2b5e80e8c250c3c43bb4b88cbbb29bf4) Importer(815301076,1909f56bfc062723c751e8b465ee728b)
Start importing Assets/Synty/PolygonShops/Models/Collision/Convex/SM_Prop_Trash_Bags_01_Convex.asset using Guid(2b5e80e8c250c3c43bb4b88cbbb29bf4) Importer(815301076,1909f56bfc062723c751e8b465ee728b) (PreviewImporter) -> (artifact id: '79bb4e43f08fe3695399ab0bedeb3218') in 0.011411 seconds
Number of updated asset objects reloaded before import = 0Number of asset objects unloaded after import = 2

========================================================================
Received Import Request.
  Time since last request: 0.000026 seconds.
  path: Assets/Synty/PolygonApocalypse/Models/SM_Prop_TrashBag_02.fbx
  artifactKey: Guid(205cc09aa18221b499b7c62c17cac6bd) Importer(815301076,1909f56bfc062723c751e8b465ee728b)
Start importing Assets/Synty/PolygonApocalypse/Models/SM_Prop_TrashBag_02.fbx using Guid(205cc09aa18221b499b7c62c17cac6bd) Importer(815301076,1909f56bfc062723c751e8b465ee728b) (PreviewImporter) -> (artifact id: 'f9c44acc8e43efddd5ee24099621794b') in 0.0187125 seconds
Number of updated asset objects reloaded before import = 0Number of asset objects unloaded after import = 7

========================================================================
Received Import Request.
  Time since last request: 0.000029 seconds.
  path: Assets/Synty/PolygonApocalypse/Models/SM_Prop_TrashPile_09.fbx
  artifactKey: Guid(585c84dfe11b7eb48959087ffbd38e1c) Importer(815301076,1909f56bfc062723c751e8b465ee728b)
Start importing Assets/Synty/PolygonApocalypse/Models/SM_Prop_TrashPile_09.fbx using Guid(585c84dfe11b7eb48959087ffbd38e1c) Importer(815301076,1909f56bfc062723c751e8b465ee728b) (PreviewImporter) -> (artifact id: '9a19211bc403032ad8fe6cfb7f05b3ae') in 0.0345132 seconds
Number of updated asset objects reloaded before import = 0Number of asset objects unloaded after import = 17

========================================================================
Received Import Request.
  Time since last request: 0.000041 seconds.
  path: Assets/Synty/PolygonApocalypse/Prefabs/Props/SM_Prop_TrashBag_08.prefab
  artifactKey: Guid(0fb292765400fe34091b6c948456cbab) Importer(815301076,1909f56bfc062723c751e8b465ee728b)
Start importing Assets/Synty/PolygonApocalypse/Prefabs/Props/SM_Prop_TrashBag_08.prefab using Guid(0fb292765400fe34091b6c948456cbab) Importer(815301076,1909f56bfc062723c751e8b465ee728b) (PreviewImporter) -> (artifact id: '8be44c11e5d4f09fd813bb5603432555') in 0.031955 seconds
Number of updated asset objects reloaded before import = 0Number of asset objects unloaded after import = 18

========================================================================
Received Import Request.
  Time since last request: 0.000039 seconds.
  path: Assets/Synty/PolygonApocalypse/Models/SM_Prop_TrashBag_07.fbx
  artifactKey: Guid(8e57e93a6da6138498da1c732e64edd3) Importer(815301076,1909f56bfc062723c751e8b465ee728b)
Start importing Assets/Synty/PolygonApocalypse/Models/SM_Prop_TrashBag_07.fbx using Guid(8e57e93a6da6138498da1c732e64edd3) Importer(815301076,1909f56bfc062723c751e8b465ee728b) (PreviewImporter) -> (artifact id: '5e645a01004a78b5c7da5c8f6843787d') in 0.0220896 seconds
Number of updated asset objects reloaded before import = 0Number of asset objects unloaded after import = 7

========================================================================
Received Import Request.
  Time since last request: 0.000025 seconds.
  path: Assets/Synty/PolygonApocalypse/Models/Convex/SM_Prop_TrashBag_05_Convex.asset
  artifactKey: Guid(b3fff6b45c857fe47b3c9f0767328f6e) Importer(815301076,1909f56bfc062723c751e8b465ee728b)
Start importing Assets/Synty/PolygonApocalypse/Models/Convex/SM_Prop_TrashBag_05_Convex.asset using Guid(b3fff6b45c857fe47b3c9f0767328f6e) Importer(815301076,1909f56bfc062723c751e8b465ee728b) (PreviewImporter) -> (artifact id: '89ccc3f495bd85377a501b98192b9007') in 0.0160242 seconds
Number of updated asset objects reloaded before import = 0Number of asset objects unloaded after import = 2

========================================================================
Received Import Request.
  Time since last request: 2.622406 seconds.
  path: Assets/Synty/PolygonApocalypse/Models/Convex/SM_Prop_TrashBag_09_Convex.asset
  artifactKey: Guid(c32d507567c2e844ba1e4a44062c16eb) Importer(815301076,1909f56bfc062723c751e8b465ee728b)
Start importing Assets/Synty/PolygonApocalypse/Models/Convex/SM_Prop_TrashBag_09_Convex.asset using Guid(c32d507567c2e844ba1e4a44062c16eb) Importer(815301076,1909f56bfc062723c751e8b465ee728b) (PreviewImporter) -> (artifact id: '554677386cd5a8e4329cee66fcc13209') in 0.0166974 seconds
Number of updated asset objects reloaded before import = 0Number of asset objects unloaded after import = 2

========================================================================
Received Import Request.
  Time since last request: 0.000023 seconds.
  path: Assets/Synty/PolygonApocalypse/Prefabs/Props/SM_Prop_TrashPile_01.prefab
  artifactKey: Guid(9b425efa126d5aa48aeda3fa09c70785) Importer(815301076,1909f56bfc062723c751e8b465ee728b)
Start importing Assets/Synty/PolygonApocalypse/Prefabs/Props/SM_Prop_TrashPile_01.prefab using Guid(9b425efa126d5aa48aeda3fa09c70785) Importer(815301076,1909f56bfc062723c751e8b465ee728b) (PreviewImporter) -> (artifact id: '1fe9a62728d16777e980ae88669e8709') in 0.0412194 seconds
Number of updated asset objects reloaded before import = 0Number of asset objects unloaded after import = 30

========================================================================
Received Import Request.
  Time since last request: 0.250795 seconds.
  path: Assets/Synty/PolygonApocalypse/Models/Convex/SM_Prop_TrashPile_03_Convex.asset
  artifactKey: Guid(6b3835074180c2b41828c8d7a92eb75f) Importer(815301076,1909f56bfc062723c751e8b465ee728b)
Start importing Assets/Synty/PolygonApocalypse/Models/Convex/SM_Prop_TrashPile_03_Convex.asset using Guid(6b3835074180c2b41828c8d7a92eb75f) Importer(815301076,1909f56bfc062723c751e8b465ee728b) (PreviewImporter) -> (artifact id: '2ebea69d98a8d456d0d89346dd045cbb') in 0.0176106 seconds
Number of updated asset objects reloaded before import = 0Number of asset objects unloaded after import = 2

========================================================================
Received Import Request.
  Time since last request: 0.323781 seconds.
  path: Assets/Synty/PolygonApocalypse/Prefabs/Props/SM_Prop_TrashPile_06.prefab
  artifactKey: Guid(b7f7c66f07df3db42a6a48cc4325ec7b) Importer(815301076,1909f56bfc062723c751e8b465ee728b)
Start importing Assets/Synty/PolygonApocalypse/Prefabs/Props/SM_Prop_TrashPile_06.prefab using Guid(b7f7c66f07df3db42a6a48cc4325ec7b) Importer(815301076,1909f56bfc062723c751e8b465ee728b) (PreviewImporter) -> (artifact id: 'cba150e6022383cbfb58208d3afb589f') in 0.02733 seconds
Number of updated asset objects reloaded before import = 0Number of asset objects unloaded after import = 30

========================================================================
Received Import Request.
  Time since last request: 0.716951 seconds.
  path: Assets/Synty/PolygonApocalypse/Prefabs/Props/SM_Prop_TrashPile_10.prefab
  artifactKey: Guid(29ee86b32d8ecfc46a77844a81b91021) Importer(815301076,1909f56bfc062723c751e8b465ee728b)
Start importing Assets/Synty/PolygonApocalypse/Prefabs/Props/SM_Prop_TrashPile_10.prefab using Guid(29ee86b32d8ecfc46a77844a81b91021) Importer(815301076,1909f56bfc062723c751e8b465ee728b) (PreviewImporter) -> (artifact id: 'efb53f300dc16ea199753cebc6ef74a9') in 0.0373495 seconds
Number of updated asset objects reloaded before import = 0Number of asset objects unloaded after import = 30

========================================================================
Received Import Request.
  Time since last request: 0.600494 seconds.
  path: Assets/Synty/PolygonApocalypse/Prefabs/Props/SM_Prop_TrashPile_12.prefab
  artifactKey: Guid(5f48264b068c28243aba8367fe5f34f9) Importer(815301076,1909f56bfc062723c751e8b465ee728b)
Start importing Assets/Synty/PolygonApocalypse/Prefabs/Props/SM_Prop_TrashPile_12.prefab using Guid(5f48264b068c28243aba8367fe5f34f9) Importer(815301076,1909f56bfc062723c751e8b465ee728b) (PreviewImporter) -> (artifact id: '7286e5f563f25ed4fbcc6ce9a69f861a') in 0.0170547 seconds
Number of updated asset objects reloaded before import = 0Number of asset objects unloaded after import = 15

========================================================================
Received Import Request.
  Time since last request: 0.000025 seconds.
  path: Assets/Synty/PolygonApocalypse/Models/Convex/SM_Prop_TrashPile_Wall_01_Convex.asset
  artifactKey: Guid(6deeb1aaed0b7d0488e9d5c32223cbaa) Importer(815301076,1909f56bfc062723c751e8b465ee728b)
Start importing Assets/Synty/PolygonApocalypse/Models/Convex/SM_Prop_TrashPile_Wall_01_Convex.asset using Guid(6deeb1aaed0b7d0488e9d5c32223cbaa) Importer(815301076,1909f56bfc062723c751e8b465ee728b) (PreviewImporter) -> (artifact id: '9bda80e83df31890aa3ef2fbe6ad1506') in 0.0176916 seconds
Number of updated asset objects reloaded before import = 0Number of asset objects unloaded after import = 2

========================================================================
Received Import Request.
  Time since last request: 0.296770 seconds.
  path: Assets/Synty/PolygonApocalypse/Models/SM_Prop_TrashSkip_01.fbx
  artifactKey: Guid(2f2070ee85da88d4cb2fac139650d589) Importer(815301076,1909f56bfc062723c751e8b465ee728b)
Start importing Assets/Synty/PolygonApocalypse/Models/SM_Prop_TrashSkip_01.fbx using Guid(2f2070ee85da88d4cb2fac139650d589) Importer(815301076,1909f56bfc062723c751e8b465ee728b) (PreviewImporter) -> (artifact id: '9391a7e0bf58dfab9349beaee66129bb') in 0.0265992 seconds
Number of updated asset objects reloaded before import = 0Number of asset objects unloaded after import = 12

========================================================================
Received Import Request.
  Time since last request: 197.627222 seconds.
  path: Assets/Synty/PolygonGeneric/Textures/Generic_Carpet.png
  artifactKey: Guid(6aed47bab38a0024c8d66c70794d02f5) Importer(815301076,1909f56bfc062723c751e8b465ee728b)
Start importing Assets/Synty/PolygonGeneric/Textures/Generic_Carpet.png using Guid(6aed47bab38a0024c8d66c70794d02f5) Importer(815301076,1909f56bfc062723c751e8b465ee728b) (PreviewImporter) -> (artifact id: '479e62394561807e830006b7b6c67f68') in 0.0204556 seconds
Number of updated asset objects reloaded before import = 0Number of asset objects unloaded after import = 2

========================================================================
Received Import Request.
  Time since last request: 0.000028 seconds.
  path: Assets/Synty/PolygonGeneric/Textures/SyntyLensDirt_02.png
  artifactKey: Guid(c1031a60a1e38c74b8dc72da43828163) Importer(815301076,1909f56bfc062723c751e8b465ee728b)
Start importing Assets/Synty/PolygonGeneric/Textures/SyntyLensDirt_02.png using Guid(c1031a60a1e38c74b8dc72da43828163) Importer(815301076,1909f56bfc062723c751e8b465ee728b) (PreviewImporter) -> (artifact id: 'c710fa612bfa02a9fa88e114aefcee6b') in 0.0157581 seconds
Number of updated asset objects reloaded before import = 0Number of asset objects unloaded after import = 2

========================================================================
Received Import Request.
  Time since last request: 0.000028 seconds.
  path: Assets/Synty/PolygonGeneric/Textures/SyntyLensDirt_01.png
  artifactKey: Guid(3ac700ae08144a1488a8bf107242739b) Importer(815301076,1909f56bfc062723c751e8b465ee728b)
Start importing Assets/Synty/PolygonGeneric/Textures/SyntyLensDirt_01.png using Guid(3ac700ae08144a1488a8bf107242739b) Importer(815301076,1909f56bfc062723c751e8b465ee728b) (PreviewImporter) -> (artifact id: '062ce2a2fa5ea0ded6f9873cb9275491') in 0.0187349 seconds
Number of updated asset objects reloaded before import = 0Number of asset objects unloaded after import = 2

========================================================================
Received Import Request.
  Time since last request: 0.000030 seconds.
  path: Assets/Synty/PolygonGeneric/Textures/WaterFallMask.png
  artifactKey: Guid(2dcae785fb2a4b74b41477c69cb6f85c) Importer(815301076,1909f56bfc062723c751e8b465ee728b)
Start importing Assets/Synty/PolygonGeneric/Textures/WaterFallMask.png using Guid(2dcae785fb2a4b74b41477c69cb6f85c) Importer(815301076,1909f56bfc062723c751e8b465ee728b) (PreviewImporter) -> (artifact id: '7689396b48ed0beef168a20dab6e85be') in 0.0116631 seconds
Number of updated asset objects reloaded before import = 0Number of asset objects unloaded after import = 2

========================================================================
Received Import Request.
  Time since last request: 57.473692 seconds.
  path: Assets/Synty/PolygonShops/Models/SM_Prop_Cafe_Counter_Outdoor_02.fbx
  artifactKey: Guid(a6075e0f353b40e43aaf6f090b4e4060) Importer(815301076,1909f56bfc062723c751e8b465ee728b)
Start importing Assets/Synty/PolygonShops/Models/SM_Prop_Cafe_Counter_Outdoor_02.fbx using Guid(a6075e0f353b40e43aaf6f090b4e4060) Importer(815301076,1909f56bfc062723c751e8b465ee728b) (PreviewImporter) -> (artifact id: 'f7c504f61b4364101fe7b444db85385d') in 0.0163269 seconds
Number of updated asset objects reloaded before import = 0Number of asset objects unloaded after import = 7

========================================================================
Received Import Request.
  Time since last request: 0.000021 seconds.
  path: Assets/Synty/PolygonShops/Models/Collision/Convex/SM_Prop_Kitchen_Counter_End_01_Convex.asset
  artifactKey: Guid(8b120199f9bd43743bfbdb1b09de1641) Importer(815301076,1909f56bfc062723c751e8b465ee728b)
Start importing Assets/Synty/PolygonShops/Models/Collision/Convex/SM_Prop_Kitchen_Counter_End_01_Convex.asset using Guid(8b120199f9bd43743bfbdb1b09de1641) Importer(815301076,1909f56bfc062723c751e8b465ee728b) (PreviewImporter) -> (artifact id: 'd1d299d9fbffa092ea0dd6c2aff0d960') in 0.011098 seconds
Number of updated asset objects reloaded before import = 0Number of asset objects unloaded after import = 2

========================================================================
Received Import Request.
  Time since last request: 0.000020 seconds.
  path: Assets/Synty/PolygonShops/Prefabs/Props/SM_Prop_Kitchen_Counter_End_01.prefab
  artifactKey: Guid(029f51b61a52f8f4d98ae45eead3b548) Importer(815301076,1909f56bfc062723c751e8b465ee728b)
Start importing Assets/Synty/PolygonShops/Prefabs/Props/SM_Prop_Kitchen_Counter_End_01.prefab using Guid(029f51b61a52f8f4d98ae45eead3b548) Importer(815301076,1909f56bfc062723c751e8b465ee728b) (PreviewImporter) -> (artifact id: '1d57b8ef650061348ee28cd129baf1db') in 0.0214403 seconds
Number of updated asset objects reloaded before import = 0Number of asset objects unloaded after import = 17

========================================================================
Received Import Request.
  Time since last request: 0.000021 seconds.
  path: Assets/Synty/PolygonShops/Prefabs/Props/SM_Prop_Kitchen_Counter_01.prefab
  artifactKey: Guid(4ea96cfc660d356468303387a7ab12f1) Importer(815301076,1909f56bfc062723c751e8b465ee728b)
Start importing Assets/Synty/PolygonShops/Prefabs/Props/SM_Prop_Kitchen_Counter_01.prefab using Guid(4ea96cfc660d356468303387a7ab12f1) Importer(815301076,1909f56bfc062723c751e8b465ee728b) (PreviewImporter) -> (artifact id: '84266c366ad6422ab14137de5b9e2245') in 0.0222386 seconds
Number of updated asset objects reloaded before import = 0Number of asset objects unloaded after import = 78

========================================================================
Received Import Request.
  Time since last request: 0.000034 seconds.
  path: Assets/Synty/PolygonShops/Prefabs/Props/SM_Prop_Kitchen_Counter_02.prefab
  artifactKey: Guid(736541d7755cbce469d4ab8138a0eea8) Importer(815301076,1909f56bfc062723c751e8b465ee728b)
Start importing Assets/Synty/PolygonShops/Prefabs/Props/SM_Prop_Kitchen_Counter_02.prefab using Guid(736541d7755cbce469d4ab8138a0eea8) Importer(815301076,1909f56bfc062723c751e8b465ee728b) (PreviewImporter) -> (artifact id: '9b1c8fc27a15e59a0a4dc2fb243bfb9c') in 0.0183218 seconds
Number of updated asset objects reloaded before import = 0Number of asset objects unloaded after import = 63

========================================================================
Received Import Request.
  Time since last request: 0.000024 seconds.
  path: Assets/Synty/PolygonShops/Prefabs/Props/SM_Prop_Kitchen_Counter_Corner_01.prefab
  artifactKey: Guid(3121769168ef13c42b35bfcff012f39f) Importer(815301076,1909f56bfc062723c751e8b465ee728b)
Start importing Assets/Synty/PolygonShops/Prefabs/Props/SM_Prop_Kitchen_Counter_Corner_01.prefab using Guid(3121769168ef13c42b35bfcff012f39f) Importer(815301076,1909f56bfc062723c751e8b465ee728b) (PreviewImporter) -> (artifact id: '220dc8790cc05feae736333ed0600800') in 0.0176313 seconds
Number of updated asset objects reloaded before import = 0Number of asset objects unloaded after import = 17

========================================================================
Received Import Request.
  Time since last request: 0.000021 seconds.
  path: Assets/Synty/PolygonShops/Models/SM_Prop_Kitchen_Counter_02.fbx
  artifactKey: Guid(f5ee6a85299d9b14bb5eaf91183c7afe) Importer(815301076,1909f56bfc062723c751e8b465ee728b)
Start importing Assets/Synty/PolygonShops/Models/SM_Prop_Kitchen_Counter_02.fbx using Guid(f5ee6a85299d9b14bb5eaf91183c7afe) Importer(815301076,1909f56bfc062723c751e8b465ee728b) (PreviewImporter) -> (artifact id: '6890c7f92bbac43c816737db761af2fe') in 0.0780373 seconds
Number of updated asset objects reloaded before import = 0Number of asset objects unloaded after import = 52

========================================================================
Received Import Request.
  Time since last request: 18.005658 seconds.
  path: Assets/Synty/PolygonShops/Prefabs/Props/SM_Prop_Kitchen_Counter_Food_Insert_Large_05.prefab
  artifactKey: Guid(0d5d0f249e29f8246ad6656238a31402) Importer(815301076,1909f56bfc062723c751e8b465ee728b)
Start importing Assets/Synty/PolygonShops/Prefabs/Props/SM_Prop_Kitchen_Counter_Food_Insert_Large_05.prefab using Guid(0d5d0f249e29f8246ad6656238a31402) Importer(815301076,1909f56bfc062723c751e8b465ee728b) (PreviewImporter) -> (artifact id: '3c77d577d0e85e9b4a88e2428c173ce0') in 0.0177348 seconds
Number of updated asset objects reloaded before import = 0Number of asset objects unloaded after import = 17

========================================================================
Received Import Request.
  Time since last request: 1.081907 seconds.
  path: Assets/Synty/PolygonShops/Models/Collision/Convex/SM_Prop_Kitchen_Counter_Food_Insert_Small_02_Convex.asset
  artifactKey: Guid(79ae3e17916aa674292ec7f87dc21ced) Importer(815301076,1909f56bfc062723c751e8b465ee728b)
Start importing Assets/Synty/PolygonShops/Models/Collision/Convex/SM_Prop_Kitchen_Counter_Food_Insert_Small_02_Convex.asset using Guid(79ae3e17916aa674292ec7f87dc21ced) Importer(815301076,1909f56bfc062723c751e8b465ee728b) (PreviewImporter) -> (artifact id: 'f23fd4e66e55fad8020a596eba27e130') in 0.0113072 seconds
Number of updated asset objects reloaded before import = 0Number of asset objects unloaded after import = 2

========================================================================
Received Import Request.
  Time since last request: 0.613808 seconds.
  path: Assets/Synty/PolygonShops/Models/SM_Prop_Kitchen_Counter_Food_Insert_Small_05.fbx
  artifactKey: Guid(8a70371c9973c5f4299ff957dfe0cb51) Importer(815301076,1909f56bfc062723c751e8b465ee728b)
Start importing Assets/Synty/PolygonShops/Models/SM_Prop_Kitchen_Counter_Food_Insert_Small_05.fbx using Guid(8a70371c9973c5f4299ff957dfe0cb51) Importer(815301076,1909f56bfc062723c751e8b465ee728b) (PreviewImporter) -> (artifact id: '1735f9da5e0fa70473922707d6a6d09a') in 0.01592 seconds
Number of updated asset objects reloaded before import = 0Number of asset objects unloaded after import = 7

========================================================================
Received Import Request.
  Time since last request: 0.359289 seconds.
  path: Assets/Synty/PolygonShops/Prefabs/Props/SM_Prop_Kitchen_Counter_Section_01.prefab
  artifactKey: Guid(ad4af6764f7d69348bcbc18793e83cc8) Importer(815301076,1909f56bfc062723c751e8b465ee728b)
Start importing Assets/Synty/PolygonShops/Prefabs/Props/SM_Prop_Kitchen_Counter_Section_01.prefab using Guid(ad4af6764f7d69348bcbc18793e83cc8) Importer(815301076,1909f56bfc062723c751e8b465ee728b) (PreviewImporter) -> (artifact id: 'ff204d0e81c0d46220e9e2f9e82964d1') in 0.0185635 seconds
Number of updated asset objects reloaded before import = 0Number of asset objects unloaded after import = 17

========================================================================
Received Import Request.
  Time since last request: 0.000017 seconds.
  path: Assets/Synty/PolygonShops/Models/Collision/Convex/SM_Prop_Kitchen_Counter_Section_01_Convex.asset
  artifactKey: Guid(01c73b3d0e9361e41b70f02752832a14) Importer(815301076,1909f56bfc062723c751e8b465ee728b)
Start importing Assets/Synty/PolygonShops/Models/Collision/Convex/SM_Prop_Kitchen_Counter_Section_01_Convex.asset using Guid(01c73b3d0e9361e41b70f02752832a14) Importer(815301076,1909f56bfc062723c751e8b465ee728b) (PreviewImporter) -> (artifact id: '389064a18c32370ac3e29c4219108721') in 0.0105616 seconds
Number of updated asset objects reloaded before import = 0Number of asset objects unloaded after import = 2

========================================================================
Received Import Request.
  Time since last request: 197.616952 seconds.
  path: Assets/Synty/PolygonApocalypse/Models/SM_Bld_Junk_Shelter_01.fbx
  artifactKey: Guid(829a9258155cf2448875eb0cc8921dfb) Importer(815301076,1909f56bfc062723c751e8b465ee728b)
Start importing Assets/Synty/PolygonApocalypse/Models/SM_Bld_Junk_Shelter_01.fbx using Guid(829a9258155cf2448875eb0cc8921dfb) Importer(815301076,1909f56bfc062723c751e8b465ee728b) (PreviewImporter) -> (artifact id: 'a0451bfd3e737830ea3d99cc01292705') in 0.0144792 seconds
Number of updated asset objects reloaded before import = 0Number of asset objects unloaded after import = 7

========================================================================
Received Import Request.
  Time since last request: 0.000031 seconds.
  path: Assets/Synty/PolygonApocalypse/Models/Collision/SM_Bld_Junk_Shelter_01_Collision.fbx
  artifactKey: Guid(6765fd06df1090d4287c456909bdc58f) Importer(815301076,1909f56bfc062723c751e8b465ee728b)
Start importing Assets/Synty/PolygonApocalypse/Models/Collision/SM_Bld_Junk_Shelter_01_Collision.fbx using Guid(6765fd06df1090d4287c456909bdc58f) Importer(815301076,1909f56bfc062723c751e8b465ee728b) (PreviewImporter) -> (artifact id: '7b87fbb89c7c091a34e78f4a229e03fe') in 0.0132017 seconds
Number of updated asset objects reloaded before import = 0Number of asset objects unloaded after import = 7

========================================================================
Received Import Request.
  Time since last request: 0.000029 seconds.
  path: Assets/Synty/PolygonApocalypse/Models/Collision/SM_Bld_Junk_Shelter_02_Collision.fbx
  artifactKey: Guid(a8275510e77a505429555ab104f28b99) Importer(815301076,1909f56bfc062723c751e8b465ee728b)
Start importing Assets/Synty/PolygonApocalypse/Models/Collision/SM_Bld_Junk_Shelter_02_Collision.fbx using Guid(a8275510e77a505429555ab104f28b99) Importer(815301076,1909f56bfc062723c751e8b465ee728b) (PreviewImporter) -> (artifact id: '07c8815834c5e09241593e2b96a57e06') in 0.0157389 seconds
Number of updated asset objects reloaded before import = 0Number of asset objects unloaded after import = 7

========================================================================
Received Import Request.
  Time since last request: 0.000026 seconds.
  path: Assets/Synty/PolygonApocalypse/Prefabs/Buildings/SM_Bld_Junk_Shelter_03_Tarp.prefab
  artifactKey: Guid(dccbcd8800495334c8c59520f7eed6ef) Importer(815301076,1909f56bfc062723c751e8b465ee728b)
Start importing Assets/Synty/PolygonApocalypse/Prefabs/Buildings/SM_Bld_Junk_Shelter_03_Tarp.prefab using Guid(dccbcd8800495334c8c59520f7eed6ef) Importer(815301076,1909f56bfc062723c751e8b465ee728b) (PreviewImporter) -> (artifact id: '3c461908a19970aaabc38419024ec5a2') in 0.0291403 seconds
Number of updated asset objects reloaded before import = 0Number of asset objects unloaded after import = 16

========================================================================
Received Import Request.
  Time since last request: 0.000026 seconds.
  path: Assets/Synty/PolygonApocalypse/Models/Collision/SM_Bld_Junk_Shelter_05_Collision.fbx
  artifactKey: Guid(7e48645bd743f4f4bb6888e22d9802ad) Importer(815301076,1909f56bfc062723c751e8b465ee728b)
Start importing Assets/Synty/PolygonApocalypse/Models/Collision/SM_Bld_Junk_Shelter_05_Collision.fbx using Guid(7e48645bd743f4f4bb6888e22d9802ad) Importer(815301076,1909f56bfc062723c751e8b465ee728b) (PreviewImporter) -> (artifact id: 'd0a8fe71f84977575c5440cd83095e68') in 0.0169815 seconds
Number of updated asset objects reloaded before import = 0Number of asset objects unloaded after import = 7

========================================================================
Received Import Request.
  Time since last request: 0.000024 seconds.
  path: Assets/Synty/PolygonApocalypse/Models/SM_Bld_Junk_Shelter_04.fbx
  artifactKey: Guid(e52d0b70802e74d41a291ae823d5cab0) Importer(815301076,1909f56bfc062723c751e8b465ee728b)
Start importing Assets/Synty/PolygonApocalypse/Models/SM_Bld_Junk_Shelter_04.fbx using Guid(e52d0b70802e74d41a291ae823d5cab0) Importer(815301076,1909f56bfc062723c751e8b465ee728b) (PreviewImporter) -> (artifact id: 'cbbb7d72f5fd85ab81f7d8bb6b1cf590') in 0.0200224 seconds
Number of updated asset objects reloaded before import = 0Number of asset objects unloaded after import = 7

========================================================================
Received Import Request.
  Time since last request: 0.000035 seconds.
  path: Assets/Synty/PolygonApocalypse/Models/SM_Bld_Junk_Shelter_02.fbx
  artifactKey: Guid(fcdd3ee144ff16a439fd7f75852e4e6d) Importer(815301076,1909f56bfc062723c751e8b465ee728b)
Start importing Assets/Synty/PolygonApocalypse/Models/SM_Bld_Junk_Shelter_02.fbx using Guid(fcdd3ee144ff16a439fd7f75852e4e6d) Importer(815301076,1909f56bfc062723c751e8b465ee728b) (PreviewImporter) -> (artifact id: 'ffd287892e0bde5dbce3ed2013b28ab5') in 0.018661 seconds
Number of updated asset objects reloaded before import = 0Number of asset objects unloaded after import = 7

========================================================================
Received Import Request.
  Time since last request: 0.000037 seconds.
  path: Assets/Synty/PolygonApocalypse/Prefabs/Buildings/SM_Bld_Junk_Shelter_05.prefab
  artifactKey: Guid(8886bbff886b61141a7efde0fddac4e7) Importer(815301076,1909f56bfc062723c751e8b465ee728b)
Start importing Assets/Synty/PolygonApocalypse/Prefabs/Buildings/SM_Bld_Junk_Shelter_05.prefab using Guid(8886bbff886b61141a7efde0fddac4e7) Importer(815301076,1909f56bfc062723c751e8b465ee728b) (PreviewImporter) -> (artifact id: 'b8c92985925361471c0bcef9106fd3b7') in 0.027519 seconds
Number of updated asset objects reloaded before import = 0Number of asset objects unloaded after import = 18

========================================================================
Received Import Request.
  Time since last request: 0.000028 seconds.
  path: Assets/Synty/PolygonApocalypse/Models/SM_Bld_Junk_Shelter_03_Tarp.fbx
  artifactKey: Guid(a72dc6cdcf62a314ca83738d32160785) Importer(815301076,1909f56bfc062723c751e8b465ee728b)
Start importing Assets/Synty/PolygonApocalypse/Models/SM_Bld_Junk_Shelter_03_Tarp.fbx using Guid(a72dc6cdcf62a314ca83738d32160785) Importer(815301076,1909f56bfc062723c751e8b465ee728b) (PreviewImporter) -> (artifact id: '2d081f4f5ecbc17a9dc3b439e80767a3') in 0.0157819 seconds
Number of updated asset objects reloaded before import = 0Number of asset objects unloaded after import = 9

========================================================================
Received Import Request.
  Time since last request: 0.000030 seconds.
  path: Assets/Synty/PolygonApocalypse/Models/Collision/SM_Bld_Junk_Shelter_04_Collision.fbx
  artifactKey: Guid(80fabbdb2078a22489ae808175ce1c78) Importer(815301076,1909f56bfc062723c751e8b465ee728b)
Start importing Assets/Synty/PolygonApocalypse/Models/Collision/SM_Bld_Junk_Shelter_04_Collision.fbx using Guid(80fabbdb2078a22489ae808175ce1c78) Importer(815301076,1909f56bfc062723c751e8b465ee728b) (PreviewImporter) -> (artifact id: '117aae16f26f6b742e34fc04308c271a') in 0.0166318 seconds
Number of updated asset objects reloaded before import = 0Number of asset objects unloaded after import = 7

========================================================================
Received Import Request.
  Time since last request: 0.000035 seconds.
  path: Assets/Synty/PolygonApocalypse/Models/SM_Bld_Junk_Shelter_05_Tarp.fbx
  artifactKey: Guid(4ec0dcde1cdac6a49a1e81919b1a3912) Importer(815301076,1909f56bfc062723c751e8b465ee728b)
Start importing Assets/Synty/PolygonApocalypse/Models/SM_Bld_Junk_Shelter_05_Tarp.fbx using Guid(4ec0dcde1cdac6a49a1e81919b1a3912) Importer(815301076,1909f56bfc062723c751e8b465ee728b) (PreviewImporter) -> (artifact id: '65d9235086f5577b162e8acce69e3273') in 0.0193906 seconds
Number of updated asset objects reloaded before import = 0Number of asset objects unloaded after import = 9

========================================================================
Received Import Request.
  Time since last request: 0.000025 seconds.
  path: Assets/Synty/PolygonApocalypse/Prefabs/Buildings/SM_Bld_Junk_Shelter_03.prefab
  artifactKey: Guid(5ecf398b4c66e474a97e3489a326bc37) Importer(815301076,1909f56bfc062723c751e8b465ee728b)
Start importing Assets/Synty/PolygonApocalypse/Prefabs/Buildings/SM_Bld_Junk_Shelter_03.prefab using Guid(5ecf398b4c66e474a97e3489a326bc37) Importer(815301076,1909f56bfc062723c751e8b465ee728b) (PreviewImporter) -> (artifact id: '23a5244830e1a162c0221d01400024fb') in 0.0327943 seconds
Number of updated asset objects reloaded before import = 0Number of asset objects unloaded after import = 18

========================================================================
Received Import Request.
  Time since last request: 0.000036 seconds.
  path: Assets/Synty/PolygonApocalypse/Models/SM_Bld_Junk_Shelter_02_Tarp.fbx
  artifactKey: Guid(07aa8fa18998d0f46a405a812bd71576) Importer(815301076,1909f56bfc062723c751e8b465ee728b)
Start importing Assets/Synty/PolygonApocalypse/Models/SM_Bld_Junk_Shelter_02_Tarp.fbx using Guid(07aa8fa18998d0f46a405a812bd71576) Importer(815301076,1909f56bfc062723c751e8b465ee728b) (PreviewImporter) -> (artifact id: '289ae54df3edebf17827695aa9a667fc') in 0.0206247 seconds
Number of updated asset objects reloaded before import = 0Number of asset objects unloaded after import = 9

========================================================================
Received Import Request.
  Time since last request: 0.835239 seconds.
  path: Assets/Synty/PolygonGeneric/Prefabs/Props/SM_Gen_Prop_Shelf_01.prefab
  artifactKey: Guid(1ae87c67129ef334bbf026ee4eadc50e) Importer(815301076,1909f56bfc062723c751e8b465ee728b)
Start importing Assets/Synty/PolygonGeneric/Prefabs/Props/SM_Gen_Prop_Shelf_01.prefab using Guid(1ae87c67129ef334bbf026ee4eadc50e) Importer(815301076,1909f56bfc062723c751e8b465ee728b) (PreviewImporter) -> (artifact id: 'bc83e8a1f90e7b08b90de178c4be7b28') in 0.0325754 seconds
Number of updated asset objects reloaded before import = 0Number of asset objects unloaded after import = 17

========================================================================
Received Import Request.
  Time since last request: 0.000032 seconds.
  path: Assets/Synty/PolygonShops/Models/Collision/Convex/SM_Prop_Bar_Shelf_01_Convex.asset
  artifactKey: Guid(61921ac5a83a87545859b9b0a154078a) Importer(815301076,1909f56bfc062723c751e8b465ee728b)
Start importing Assets/Synty/PolygonShops/Models/Collision/Convex/SM_Prop_Bar_Shelf_01_Convex.asset using Guid(61921ac5a83a87545859b9b0a154078a) Importer(815301076,1909f56bfc062723c751e8b465ee728b) (PreviewImporter) -> (artifact id: '5c01c41bdcecfd1a9421162a257b1a26') in 0.0123976 seconds
Number of updated asset objects reloaded before import = 0Number of asset objects unloaded after import = 2

========================================================================
Received Import Request.
  Time since last request: 0.000019 seconds.
  path: Assets/Synty/PolygonShops/Prefabs/Props/SM_Prop_Clothes_Shelf_Large_01.prefab
  artifactKey: Guid(19eca08c57b3e6f4180cdb0a29ae25ec) Importer(815301076,1909f56bfc062723c751e8b465ee728b)
Start importing Assets/Synty/PolygonShops/Prefabs/Props/SM_Prop_Clothes_Shelf_Large_01.prefab using Guid(19eca08c57b3e6f4180cdb0a29ae25ec) Importer(815301076,1909f56bfc062723c751e8b465ee728b) (PreviewImporter) -> (artifact id: 'a59ed6e2901749ffb345ac37764eec6b') in 0.0202468 seconds
Number of updated asset objects reloaded before import = 0Number of asset objects unloaded after import = 17

========================================================================
Received Import Request.
  Time since last request: 0.000027 seconds.
  path: Assets/Synty/PolygonShops/Prefabs/Props/SM_Prop_Barber_Shelf_01.prefab
  artifactKey: Guid(4f42dc1c81f3e23449d746437be8f4ad) Importer(815301076,1909f56bfc062723c751e8b465ee728b)
Start importing Assets/Synty/PolygonShops/Prefabs/Props/SM_Prop_Barber_Shelf_01.prefab using Guid(4f42dc1c81f3e23449d746437be8f4ad) Importer(815301076,1909f56bfc062723c751e8b465ee728b) (PreviewImporter) -> (artifact id: '67f32d51977f2b413c71688d74e673ce') in 0.0190061 seconds
Number of updated asset objects reloaded before import = 0Number of asset objects unloaded after import = 17

========================================================================
Received Import Request.
  Time since last request: 0.000042 seconds.
  path: Assets/Synty/PolygonShops/Models/Collision/Convex/SM_Prop_Clothes_Shelf_DoubleSide_01_Convex.asset
  artifactKey: Guid(15b4f93e184669841ae5fbda7db88886) Importer(815301076,1909f56bfc062723c751e8b465ee728b)
Start importing Assets/Synty/PolygonShops/Models/Collision/Convex/SM_Prop_Clothes_Shelf_DoubleSide_01_Convex.asset using Guid(15b4f93e184669841ae5fbda7db88886) Importer(815301076,1909f56bfc062723c751e8b465ee728b) (PreviewImporter) -> (artifact id: 'baa924f3e9dec55042e06c34afb87171') in 0.0123747 seconds
Number of updated asset objects reloaded before import = 0Number of asset objects unloaded after import = 2

========================================================================
Received Import Request.
  Time since last request: 0.000022 seconds.
  path: Assets/Synty/PolygonGeneric/Models/SM_Gen_Prop_Shelf_03.fbx
  artifactKey: Guid(a612466d86f40c84b9c347225c24bcf1) Importer(815301076,1909f56bfc062723c751e8b465ee728b)
Start importing Assets/Synty/PolygonGeneric/Models/SM_Gen_Prop_Shelf_03.fbx using Guid(a612466d86f40c84b9c347225c24bcf1) Importer(815301076,1909f56bfc062723c751e8b465ee728b) (PreviewImporter) -> (artifact id: 'a5f6b3071cf5e47821dd0eb4737232c3') in 0.0172034 seconds
Number of updated asset objects reloaded before import = 0Number of asset objects unloaded after import = 7

========================================================================
Received Import Request.
  Time since last request: 0.000020 seconds.
  path: Assets/Synty/PolygonApocalypse/Models/Convex/SM_Prop_Bookshelf_01_Convex.asset
  artifactKey: Guid(5184b5cb76ef2b349b338565bf890531) Importer(815301076,1909f56bfc062723c751e8b465ee728b)
Start importing Assets/Synty/PolygonApocalypse/Models/Convex/SM_Prop_Bookshelf_01_Convex.asset using Guid(5184b5cb76ef2b349b338565bf890531) Importer(815301076,1909f56bfc062723c751e8b465ee728b) (PreviewImporter) -> (artifact id: '38cb65bd59285fb4504aa332a4e9be13') in 0.018619 seconds
Number of updated asset objects reloaded before import = 0Number of asset objects unloaded after import = 2

========================================================================
Received Import Request.
  Time since last request: 0.000033 seconds.
  path: Assets/Synty/PolygonShops/Models/SM_Prop_Clothes_Shelf_01.fbx
  artifactKey: Guid(4462a7b75effe1c4883dd19989bf103a) Importer(815301076,1909f56bfc062723c751e8b465ee728b)
Start importing Assets/Synty/PolygonShops/Models/SM_Prop_Clothes_Shelf_01.fbx using Guid(4462a7b75effe1c4883dd19989bf103a) Importer(815301076,1909f56bfc062723c751e8b465ee728b) (PreviewImporter) -> (artifact id: '5c9f213cadaf7d69341b766805d6efdb') in 0.0136952 seconds
Number of updated asset objects reloaded before import = 0Number of asset objects unloaded after import = 7

========================================================================
Received Import Request.
  Time since last request: 0.000027 seconds.
  path: Assets/Synty/PolygonGeneric/Prefabs/Props/SM_Gen_Prop_Shelf_02.prefab
  artifactKey: Guid(ce2c6e4332e882c43ad3e727c0115f19) Importer(815301076,1909f56bfc062723c751e8b465ee728b)
Start importing Assets/Synty/PolygonGeneric/Prefabs/Props/SM_Gen_Prop_Shelf_02.prefab using Guid(ce2c6e4332e882c43ad3e727c0115f19) Importer(815301076,1909f56bfc062723c751e8b465ee728b) (PreviewImporter) -> (artifact id: 'f3f9e36079235f22bc074d9b62a88f0a') in 0.0299913 seconds
Number of updated asset objects reloaded before import = 0Number of asset objects unloaded after import = 17

========================================================================
Received Import Request.
  Time since last request: 0.000038 seconds.
  path: Assets/Synty/PolygonShops/Models/SM_Prop_Clothes_Display_Shelf_Green_01.fbx
  artifactKey: Guid(b6b8ce0d3db9884479ce40dd8ef443bd) Importer(815301076,1909f56bfc062723c751e8b465ee728b)
Start importing Assets/Synty/PolygonShops/Models/SM_Prop_Clothes_Display_Shelf_Green_01.fbx using Guid(b6b8ce0d3db9884479ce40dd8ef443bd) Importer(815301076,1909f56bfc062723c751e8b465ee728b) (PreviewImporter) -> (artifact id: '819a3b14c6c90b00fd7f99abba2b71b0') in 0.0173121 seconds
Number of updated asset objects reloaded before import = 0Number of asset objects unloaded after import = 7

========================================================================
Received Import Request.
  Time since last request: 0.000024 seconds.
  path: Assets/Synty/PolygonShops/Prefabs/Props/SM_Prop_Clothes_Shelf_01.prefab
  artifactKey: Guid(44dadef16fd047f4fa0068f75e84141e) Importer(815301076,1909f56bfc062723c751e8b465ee728b)
Start importing Assets/Synty/PolygonShops/Prefabs/Props/SM_Prop_Clothes_Shelf_01.prefab using Guid(44dadef16fd047f4fa0068f75e84141e) Importer(815301076,1909f56bfc062723c751e8b465ee728b) (PreviewImporter) -> (artifact id: '137b0ee62f36ef69516cd623b0e16d0f') in 0.0190055 seconds
Number of updated asset objects reloaded before import = 0Number of asset objects unloaded after import = 17

========================================================================
Received Import Request.
  Time since last request: 0.000028 seconds.
  path: Assets/Synty/PolygonGeneric/Prefabs/Props/SM_Gen_Prop_Shelf_03.prefab
  artifactKey: Guid(d58fb3e979a5d28488f2e9b6e398697d) Importer(815301076,1909f56bfc062723c751e8b465ee728b)
Start importing Assets/Synty/PolygonGeneric/Prefabs/Props/SM_Gen_Prop_Shelf_03.prefab using Guid(d58fb3e979a5d28488f2e9b6e398697d) Importer(815301076,1909f56bfc062723c751e8b465ee728b) (PreviewImporter) -> (artifact id: '4bcb800f6c674979ce2bda45cb5262ea') in 0.0320704 seconds
Number of updated asset objects reloaded before import = 0Number of asset objects unloaded after import = 17

========================================================================
Received Import Request.
  Time since last request: 0.000023 seconds.
  path: Assets/Synty/PolygonShops/Prefabs/Props/SM_Prop_Clothes_Clothes_Shelf_Open_01.prefab
  artifactKey: Guid(e3f158d5b072bac4fa55232d447a7a81) Importer(815301076,1909f56bfc062723c751e8b465ee728b)
Start importing Assets/Synty/PolygonShops/Prefabs/Props/SM_Prop_Clothes_Clothes_Shelf_Open_01.prefab using Guid(e3f158d5b072bac4fa55232d447a7a81) Importer(815301076,1909f56bfc062723c751e8b465ee728b) (PreviewImporter) -> (artifact id: '996d52ee290331839fcd0cdfcf0d8eb8') in 0.0156239 seconds
Number of updated asset objects reloaded before import = 0Number of asset objects unloaded after import = 17

========================================================================
Received Import Request.
  Time since last request: 0.000028 seconds.
  path: Assets/Synty/PolygonApocalypse/Models/SM_Prop_Bookshelf_01.fbx
  artifactKey: Guid(297e505b5ea131141bee4b920917379e) Importer(815301076,1909f56bfc062723c751e8b465ee728b)
Start importing Assets/Synty/PolygonApocalypse/Models/SM_Prop_Bookshelf_01.fbx using Guid(297e505b5ea131141bee4b920917379e) Importer(815301076,1909f56bfc062723c751e8b465ee728b) (PreviewImporter) -> (artifact id: '8f50ea72e4653386dc18059dc7e950c6') in 0.0185322 seconds
Number of updated asset objects reloaded before import = 0Number of asset objects unloaded after import = 7

========================================================================
Received Import Request.
  Time since last request: 0.000033 seconds.
  path: Assets/Synty/PolygonShops/Models/SM_Prop_Bar_Shelf_01.fbx
  artifactKey: Guid(26e03f5afb8e4804bb55d94c38490f3b) Importer(815301076,1909f56bfc062723c751e8b465ee728b)
Start importing Assets/Synty/PolygonShops/Models/SM_Prop_Bar_Shelf_01.fbx using Guid(26e03f5afb8e4804bb55d94c38490f3b) Importer(815301076,1909f56bfc062723c751e8b465ee728b) (PreviewImporter) -> (artifact id: 'e7769ebef311603339698aba214d5b03') in 0.0217095 seconds
Number of updated asset objects reloaded before import = 0Number of asset objects unloaded after import = 12

========================================================================
Received Import Request.
  Time since last request: 0.000018 seconds.
  path: Assets/Synty/PolygonApocalypse/Prefabs/Props/SM_Prop_Bookshelf_01.prefab
  artifactKey: Guid(193ece0069db35d4299e1a7c7ceb0b49) Importer(815301076,1909f56bfc062723c751e8b465ee728b)
Start importing Assets/Synty/PolygonApocalypse/Prefabs/Props/SM_Prop_Bookshelf_01.prefab using Guid(193ece0069db35d4299e1a7c7ceb0b49) Importer(815301076,1909f56bfc062723c751e8b465ee728b) (PreviewImporter) -> (artifact id: 'a6287ea31a850bf755ff820f9931032d') in 0.0273442 seconds
Number of updated asset objects reloaded before import = 0Number of asset objects unloaded after import = 18

========================================================================
Received Import Request.
  Time since last request: 2.474014 seconds.
  path: Assets/Synty/PolygonShops/Models/Collision/Convex/SM_Prop_Hunting_Shelf_01_Convex.asset
  artifactKey: Guid(31debdccd6890d34c8db92a39f5a982e) Importer(815301076,1909f56bfc062723c751e8b465ee728b)
Start importing Assets/Synty/PolygonShops/Models/Collision/Convex/SM_Prop_Hunting_Shelf_01_Convex.asset using Guid(31debdccd6890d34c8db92a39f5a982e) Importer(815301076,1909f56bfc062723c751e8b465ee728b) (PreviewImporter) -> (artifact id: '596f01d241a4c8e5d64f31d9eab42113') in 0.0122728 seconds
Number of updated asset objects reloaded before import = 0Number of asset objects unloaded after import = 2

========================================================================
Received Import Request.
  Time since last request: 0.000023 seconds.
  path: Assets/Synty/PolygonShops/Models/SM_Prop_Hunting_Shelf_01_Preset.fbx
  artifactKey: Guid(bf6d6750fd8570c4ebd92aba1e13c249) Importer(815301076,1909f56bfc062723c751e8b465ee728b)
Start importing Assets/Synty/PolygonShops/Models/SM_Prop_Hunting_Shelf_01_Preset.fbx using Guid(bf6d6750fd8570c4ebd92aba1e13c249) Importer(815301076,1909f56bfc062723c751e8b465ee728b) (PreviewImporter) -> (artifact id: '9c76d74dea37b3309f695b13796a5f03') in 0.016255 seconds
Number of updated asset objects reloaded before import = 0Number of asset objects unloaded after import = 7

========================================================================
Received Import Request.
  Time since last request: 0.000034 seconds.
  path: Assets/Synty/PolygonShops/Models/Collision/Convex/SM_Prop_Hunting_Shelf_01_Preset_Convex.asset
  artifactKey: Guid(72701843fda361043a8bd4bc86a1a499) Importer(815301076,1909f56bfc062723c751e8b465ee728b)
Start importing Assets/Synty/PolygonShops/Models/Collision/Convex/SM_Prop_Hunting_Shelf_01_Preset_Convex.asset using Guid(72701843fda361043a8bd4bc86a1a499) Importer(815301076,1909f56bfc062723c751e8b465ee728b) (PreviewImporter) -> (artifact id: '592206239b3028ee177a6f3d7e799a0d') in 0.012599 seconds
Number of updated asset objects reloaded before import = 0Number of asset objects unloaded after import = 2

========================================================================
Received Import Request.
  Time since last request: 0.000026 seconds.
  path: Assets/Synty/PolygonShops/Models/Collision/Convex/SM_Prop_Kitchen_ServingShelf_01_Convex.asset
  artifactKey: Guid(b7c179f9351cc2945ae35c5dc963b036) Importer(815301076,1909f56bfc062723c751e8b465ee728b)
Start importing Assets/Synty/PolygonShops/Models/Collision/Convex/SM_Prop_Kitchen_ServingShelf_01_Convex.asset using Guid(b7c179f9351cc2945ae35c5dc963b036) Importer(815301076,1909f56bfc062723c751e8b465ee728b) (PreviewImporter) -> (artifact id: 'f530a7d792f4d9bebb60e896f321ad61') in 0.0121244 seconds
Number of updated asset objects reloaded before import = 0Number of asset objects unloaded after import = 2

========================================================================
Received Import Request.
  Time since last request: 0.413481 seconds.
  path: Assets/Synty/PolygonShops/Models/Collision/Convex/SM_Prop_Market_Checkout_Shelf_03_Convex.asset
  artifactKey: Guid(4cbc94a76f8fb92409e0a2d14d7940b9) Importer(815301076,1909f56bfc062723c751e8b465ee728b)
Start importing Assets/Synty/PolygonShops/Models/Collision/Convex/SM_Prop_Market_Checkout_Shelf_03_Convex.asset using Guid(4cbc94a76f8fb92409e0a2d14d7940b9) Importer(815301076,1909f56bfc062723c751e8b465ee728b) (PreviewImporter) -> (artifact id: 'e1bd2a00f811e9526a7f40622d7acb33') in 0.0118996 seconds
Number of updated asset objects reloaded before import = 0Number of asset objects unloaded after import = 2

========================================================================
Received Import Request.
  Time since last request: 23.606653 seconds.
  path: Assets/Synty/PolygonShops/Prefabs/Props/SM_Prop_Bar_Stool_02.prefab
  artifactKey: Guid(aeac9e93debc0094e85bad63a0461c1b) Importer(815301076,1909f56bfc062723c751e8b465ee728b)
Start importing Assets/Synty/PolygonShops/Prefabs/Props/SM_Prop_Bar_Stool_02.prefab using Guid(aeac9e93debc0094e85bad63a0461c1b) Importer(815301076,1909f56bfc062723c751e8b465ee728b) (PreviewImporter) -> (artifact id: '0be7c262e01fea25c00d4b93c9fc1dd4') in 0.0226104 seconds
Number of updated asset objects reloaded before import = 0Number of asset objects unloaded after import = 17

========================================================================
Received Import Request.
  Time since last request: 0.000022 seconds.
  path: Assets/Synty/PolygonShops/Models/Collision/Convex/SM_Prop_Bar_Stool_03_Convex.asset
  artifactKey: Guid(25b81b8769746e44e90239a704325b42) Importer(815301076,1909f56bfc062723c751e8b465ee728b)
Start importing Assets/Synty/PolygonShops/Models/Collision/Convex/SM_Prop_Bar_Stool_03_Convex.asset using Guid(25b81b8769746e44e90239a704325b42) Importer(815301076,1909f56bfc062723c751e8b465ee728b) (PreviewImporter) -> (artifact id: '88cbed4a1c8c2da2d5fd12b3b5a66637') in 0.0121233 seconds
Number of updated asset objects reloaded before import = 0Number of asset objects unloaded after import = 2

========================================================================
Received Import Request.
  Time since last request: 0.000026 seconds.
  path: Assets/Synty/PolygonShops/Models/Collision/Convex/SM_Prop_Bar_Stool_02_Convex.asset
  artifactKey: Guid(c608fe187727ba843b223aa5f4819782) Importer(815301076,1909f56bfc062723c751e8b465ee728b)
Start importing Assets/Synty/PolygonShops/Models/Collision/Convex/SM_Prop_Bar_Stool_02_Convex.asset using Guid(c608fe187727ba843b223aa5f4819782) Importer(815301076,1909f56bfc062723c751e8b465ee728b) (PreviewImporter) -> (artifact id: '27b28ec31cf5bd438496412548d0a43e') in 0.0127482 seconds
Number of updated asset objects reloaded before import = 0Number of asset objects unloaded after import = 2

Editor requested this worker to shutdown with reason: Scaling down because of idle timeout
AssetImportWorker is now disconnected from the server
Process exiting
Exiting without the bug reporter. Application will terminate with return code 0